node.exe : npm warn Unknown env config "devdir". This will stop working in the next major version of npm. See `npm help
 npmrc` for supported config options.
At line:1 char:1
+ & "C:\Program Files\nodejs/node.exe" "C:\Program Files\nodejs/node_mo ...
+ ~~~~~~~~~~~~~~~~~~~~~~~~~~~~~~~~~~~~~~~~~~~~~~~~~~~~~~~~~~~~~~~~~~~~~
    + CategoryInfo          : NotSpecified: (npm warn Unknow...config options.:String) [], RemoteException
    + FullyQualifiedErrorId : NativeCommandError
 

> savdo-backend@0.1.0 test:ci
> vitest run

[33mThe CJS build of Vite's Node API is deprecated. See https://vite.dev/guide/troubleshooting.html#vite-cjs-node-api-
deprecated for more details.[39m

 RUN  v2.1.9 D:/SALEC — копия/backend

[22:43:06.035] DEBUG (14088): request_complete
    requestId: "req-1"
    method: "POST"
    path: "/api/auth/login"
    statusCode: 200
    responseTimeMs: 162.26
[22:43:06.118] DEBUG (14088): request_complete
    requestId: "req-2"
    method: "GET"
    path: "/api/test1/bonus-rules"
    statusCode: 200
    responseTimeMs: 78.3
    tenantId: 1
    actorUserId: 1
[22:43:06.221] DEBUG (14088): request_complete
    requestId: "req-3"
    method: "POST"
    path: "/api/auth/login"
    statusCode: 200
    responseTimeMs: 99.15
[22:43:06.233] DEBUG (14088): request_complete
    requestId: "req-4"
    method: "GET"
    path: "/api/test1/bonus-rules"
    statusCode: 200
    responseTimeMs: 9.6
    tenantId: 1
    actorUserId: 1
[22:43:06.250] DEBUG (14088): request_complete
    requestId: "req-5"
    method: "POST"
    path: "/api/test1/bonus-rules/1/preview-qty"
    statusCode: 200
    responseTimeMs: 14.46
    tenantId: 1
    actorUserId: 1
[22:43:06.326] DEBUG (14088): request_complete
    requestId: "req-6"
    method: "POST"
    path: "/api/auth/login"
    statusCode: 200
    responseTimeMs: 73.1
[22:43:06.347] DEBUG (14088): request_complete
    requestId: "req-7"
    method: "POST"
    path: "/api/test1/bonus-rules"
    statusCode: 201
    responseTimeMs: 17.84
    tenantId: 1
    actorUserId: 1
[22:43:06.354] DEBUG (14088): request_complete
    requestId: "req-8"
    method: "GET"
    path: "/api/test1/bonus-rules/208"
    statusCode: 200
    responseTimeMs: 4.95
    tenantId: 1
    actorUserId: 1
[22:43:06.369] DEBUG (14088): request_complete
    requestId: "req-9"
    method: "DELETE"
    path: "/api/test1/bonus-rules/208"
    statusCode: 200
    responseTimeMs: 12.77
    tenantId: 1
    actorUserId: 1
[22:43:06.446] DEBUG (14088): request_complete
    requestId: "req-a"
    method: "POST"
    path: "/api/auth/login"
    statusCode: 200
    responseTimeMs: 74.41
[22:43:06.466] DEBUG (14088): request_complete
    requestId: "req-b"
    method: "POST"
    path: "/api/test1/bonus-rules"
    statusCode: 201
    responseTimeMs: 18.07
    tenantId: 1
    actorUserId: 1
[22:43:06.489] DEBUG (14088): request_complete
    requestId: "req-c"
    method: "PUT"
    path: "/api/test1/bonus-rules/209"
    statusCode: 200
    responseTimeMs: 20.14
    tenantId: 1
    actorUserId: 1
[22:43:06.505] DEBUG (14088): request_complete
    requestId: "req-d"
    method: "DELETE"
    path: "/api/test1/bonus-rules/209"
    statusCode: 200
    responseTimeMs: 13.87
    tenantId: 1
    actorUserId: 1
[22:43:06.583] DEBUG (14088): request_complete
    requestId: "req-e"
    method: "POST"
    path: "/api/auth/login"
    statusCode: 200
    responseTimeMs: 75.83
[22:43:06.600] DEBUG (14088): request_complete
    requestId: "req-f"
    method: "POST"
    path: "/api/test1/bonus-rules"
    statusCode: 201
    responseTimeMs: 14.77
    tenantId: 1
    actorUserId: 1
[22:43:06.616] DEBUG (14088): request_complete
    requestId: "req-g"
    method: "DELETE"
    path: "/api/test1/bonus-rules/210"
    statusCode: 200
    responseTimeMs: 14.09
    tenantId: 1
    actorUserId: 1
[22:43:06.691] DEBUG (14088): request_complete
    requestId: "req-h"
    method: "POST"
    path: "/api/auth/login"
    statusCode: 200
    responseTimeMs: 72.32
[22:43:06.704] DEBUG (14088): request_complete
    requestId: "req-i"
    method: "GET"
    path: "/api/test1/products"
    statusCode: 200
    responseTimeMs: 11.02
    tenantId: 1
    actorUserId: 1
[22:43:06.729] DEBUG (14088): request_complete
    requestId: "req-j"
    method: "POST"
    path: "/api/test1/bonus-rules"
    statusCode: 201
    responseTimeMs: 22.04
    tenantId: 1
    actorUserId: 1
[22:43:06.737] DEBUG (14088): request_complete
    requestId: "req-k"
    method: "GET"
    path: "/api/test1/bonus-rules/211"
    statusCode: 200
    responseTimeMs: 5.29
    tenantId: 1
    actorUserId: 1
[22:43:06.759] DEBUG (14088): request_complete
    requestId: "req-l"
    method: "PUT"
    path: "/api/test1/bonus-rules/211"
    statusCode: 200
    responseTimeMs: 20.5
    tenantId: 1
    actorUserId: 1
[22:43:06.767] DEBUG (14088): request_complete
    requestId: "req-m"
    method: "GET"
    path: "/api/test1/bonus-rules/211"
    statusCode: 200
    responseTimeMs: 5.41
    tenantId: 1
    actorUserId: 1
[22:43:06.783] DEBUG (14088): request_complete
    requestId: "req-n"
    method: "DELETE"
    path: "/api/test1/bonus-rules/211"
    statusCode: 200
    responseTimeMs: 13.8
    tenantId: 1
    actorUserId: 1
[22:43:06.867] DEBUG (14088): request_complete
    requestId: "req-o"
    method: "POST"
    path: "/api/auth/login"
    statusCode: 200
    responseTimeMs: 82.14
[22:43:06.875] DEBUG (14088): request_complete
    requestId: "req-p"
    method: "GET"
    path: "/api/test1/products"
    statusCode: 200
    responseTimeMs: 3.79
    tenantId: 1
    actorUserId: 1
[22:43:06.891] DEBUG (14088): request_complete
    requestId: "req-q"
    method: "POST"
    path: "/api/test1/bonus-rules"
    statusCode: 201
    responseTimeMs: 14.07
    tenantId: 1
    actorUserId: 1
[22:43:06.903] DEBUG (14088): request_complete
    requestId: "req-r"
    method: "GET"
    path: "/api/test1/bonus-rules/212"
    statusCode: 200
    responseTimeMs: 4.12
    tenantId: 1
    actorUserId: 1
[22:43:06.908] DEBUG (14088): request_complete
    requestId: "req-s"
    method: "PUT"
    path: "/api/test1/bonus-rules/212"
    statusCode: 409
    responseTimeMs: 3.44
    tenantId: 1
    actorUserId: 1
[22:43:06.914] DEBUG (14088): request_complete
    requestId: "req-t"
    method: "PUT"
    path: "/api/test1/bonus-rules/212"
    statusCode: 409
    responseTimeMs: 4.14
    tenantId: 1
    actorUserId: 1
[22:43:06.930] DEBUG (14088): request_complete
    requestId: "req-u"
    method: "PUT"
    path: "/api/test1/bonus-rules/212"
    statusCode: 200
    responseTimeMs: 13.68
    tenantId: 1
    actorUserId: 1
[22:43:06.944] DEBUG (14088): request_complete
    requestId: "req-v"
    method: "PATCH"
    path: "/api/test1/bonus-rules/212/order-scope"
    statusCode: 200
    responseTimeMs: 12.96
    tenantId: 1
    actorUserId: 1
 ✓ tests/bonus-rules.integration.test.ts (7 tests) 1232ms
[22:43:06.966] DEBUG (14088): request_complete
    requestId: "req-w"
    method: "DELETE"
    path: "/api/test1/bonus-rules/212"
    statusCode: 200
    responseTimeMs: 15.45
    tenantId: 1
    actorUserId: 1
[22:43:09.455] DEBUG (8120): request_complete
    requestId: "req-1"
    method: "POST"
    path: "/api/auth/login"
    statusCode: 200
    responseTimeMs: 159.51
[22:43:09.533] DEBUG (8120): request_complete
    requestId: "req-2"
    method: "GET"
    path: "/api/test1/work-slots"
    statusCode: 200
    responseTimeMs: 73.56
    tenantId: 1
    actorUserId: 1
[22:43:09.632] DEBUG (8120): request_complete
    requestId: "req-3"
    method: "POST"
    path: "/api/auth/login"
    statusCode: 200
    responseTimeMs: 95.42
[22:43:09.643] DEBUG (8120): request_complete
    requestId: "req-4"
    method: "POST"
    path: "/api/test1/work-slots"
    statusCode: 201
    responseTimeMs: 8.43
    tenantId: 1
    actorUserId: 1
[22:43:09.855] DEBUG (8120): request_complete
    requestId: "req-5"
    method: "POST"
    path: "/api/test1/agents"
    statusCode: 201
    responseTimeMs: 210.19
    tenantId: 1
    actorUserId: 1
[22:43:09.891] DEBUG (8120): request_complete
    requestId: "req-6"
    method: "POST"
    path: "/api/test1/work-slots/166/assign"
    statusCode: 200
    responseTimeMs: 29.74
    tenantId: 1
    actorUserId: 1
[22:43:09.901] DEBUG (8120): request_complete
    requestId: "req-7"
    method: "GET"
    path: "/api/test1/work-slots/166/checklist"
    statusCode: 200
    responseTimeMs: 7.29
    tenantId: 1
    actorUserId: 1
[22:43:09.910] DEBUG (8120): request_complete
    requestId: "req-8"
    method: "GET"
    path: "/api/test1/work-slots/166/history"
    statusCode: 200
    responseTimeMs: 6.53
    tenantId: 1
    actorUserId: 1
[22:43:09.918] DEBUG (8120): request_complete
    requestId: "req-9"
    method: "GET"
    path: "/api/test1/work-slots/166"
    statusCode: 200
    responseTimeMs: 4.94
    tenantId: 1
    actorUserId: 1
[22:43:09.930] DEBUG (8120): request_complete
    requestId: "req-a"
    method: "POST"
    path: "/api/test1/work-slots/166/unassign"
    statusCode: 200
    responseTimeMs: 9.86
    tenantId: 1
    actorUserId: 1
[22:43:09.938] DEBUG (8120): request_complete
    requestId: "req-b"
    method: "GET"
    path: "/api/test1/work-slots/166/history"
    statusCode: 200
    responseTimeMs: 5.88
    tenantId: 1
    actorUserId: 1
[22:43:10.014] DEBUG (8120): request_complete
    requestId: "req-c"
    method: "POST"
    path: "/api/auth/login"
    statusCode: 200
    responseTimeMs: 73.5
[22:43:10.025] DEBUG (8120): request_complete
    requestId: "req-d"
    method: "POST"
    path: "/api/test1/work-slots"
    statusCode: 201
    responseTimeMs: 9.23
    tenantId: 1
    actorUserId: 1
stdout | tests/work-slots.integration.test.ts > work-slots API (database) > POST duplicate slot_code returns CodeTaken
prisma:error 
Invalid `prisma.workSlot.create()` invocation in
D:\SALEC — копия\backend\src\modules\work-slots\work-slots.service.ts:58:39

  55 }
  56 
  57 try {
→ 58   const row = await prisma.workSlot.create(
Unique constraint failed on the fields: (`tenant_id`,`slot_code`)

[22:43:10.043] DEBUG (8120): request_complete
    requestId: "req-e"
    method: "POST"
    path: "/api/test1/work-slots"
    statusCode: 409
    responseTimeMs: 16.12
    tenantId: 1
    actorUserId: 1
[22:43:10.135] DEBUG (8120): request_complete
    requestId: "req-f"
    method: "POST"
    path: "/api/auth/login"
    statusCode: 200
    responseTimeMs: 87.55
[22:43:10.143] DEBUG (8120): request_complete
    requestId: "req-g"
    method: "POST"
    path: "/api/test1/work-slots"
    statusCode: 201
    responseTimeMs: 6.36
    tenantId: 1
    actorUserId: 1
[22:43:10.266] DEBUG (8120): request_complete
    requestId: "req-h"
    method: "POST"
    path: "/api/test1/expeditors"
    statusCode: 201
    responseTimeMs: 120.3
    tenantId: 1
    actorUserId: 1
[22:43:10.274] DEBUG (8120): request_complete
    requestId: "req-i"
    method: "POST"
    path: "/api/test1/work-slots/169/assign"
    statusCode: 400
    responseTimeMs: 5.83
    tenantId: 1
    actorUserId: 1
[22:43:10.355] DEBUG (8120): request_complete
    requestId: "req-j"
    method: "POST"
    path: "/api/auth/login"
    statusCode: 200
    responseTimeMs: 79.1
[22:43:10.380] DEBUG (8120): request_complete
    requestId: "req-k"
    method: "PATCH"
    path: "/api/test1/client-agent-assignments/1/lock"
    statusCode: 200
    responseTimeMs: 10.87
    tenantId: 1
    actorUserId: 1
[22:43:10.401] DEBUG (8120): request_complete
    requestId: "req-l"
    method: "GET"
    path: "/api/test1/client-agent-assignments/pending"
    statusCode: 200
    responseTimeMs: 4.84
    tenantId: 1
    actorUserId: 1
[22:43:10.406] DEBUG (8120): request_complete
    requestId: "req-m"
    method: "GET"
    path: "/api/test1/work-slots/pending-count"
    statusCode: 200
    responseTimeMs: 3.12
    tenantId: 1
    actorUserId: 1
[22:43:10.423] DEBUG (8120): request_complete
    requestId: "req-n"
    method: "POST"
    path: "/api/test1/client-agent-assignments/1/resolve"
    statusCode: 200
    responseTimeMs: 10.72
    tenantId: 1
    actorUserId: 1
[22:43:10.499] DEBUG (8120): request_complete
    requestId: "req-o"
    method: "POST"
    path: "/api/auth/login"
    statusCode: 200
    responseTimeMs: 70.55
[22:43:10.523] DEBUG (8120): request_complete
    requestId: "req-p"
    method: "GET"
    path: "/api/test1/products"
    statusCode: 200
    responseTimeMs: 12.01
    tenantId: 1
    actorUserId: 1
[22:43:10.532] DEBUG (8120): request_complete
    requestId: "req-q"
    method: "POST"
    path: "/api/test1/orders"
    statusCode: 409
    responseTimeMs: 6.09
    tenantId: 1
    actorUserId: 1
[22:43:10.610] DEBUG (8120): request_complete
    requestId: "req-r"
    method: "POST"
    path: "/api/auth/login"
    statusCode: 200
    responseTimeMs: 68.02
 ✓ tests/work-slots.integration.test.ts (7 tests) 1527ms
   ✓ work-slots API (database) > POST create → assign agent → history → unassign flow 404ms
[22:43:10.616] DEBUG (8120): request_complete
    requestId: "req-s"
    method: "PATCH"
    path: "/api/test1/client-agent-assignments/86152/lock"
    statusCode: 400
    responseTimeMs: 1.65
    tenantId: 1
    actorUserId: 1
 ✓ tests/order-bonus-apply.pure.test.ts (34 tests) 7ms
[22:43:13.720] DEBUG (26044): request_complete
    requestId: "req-1"
    method: "POST"
    path: "/api/auth/login"
    statusCode: 200
    responseTimeMs: 198.38
[22:43:13.842] DEBUG (26044): request_complete
    requestId: "req-2"
    method: "GET"
    path: "/api/test1/reports/sales"
    statusCode: 200
    responseTimeMs: 117.25
    tenantId: 1
    actorUserId: 1
[22:43:14.084] DEBUG (26044): request_complete
    requestId: "req-3"
    method: "POST"
    path: "/api/auth/login"
    statusCode: 200
    responseTimeMs: 238.3
[22:43:14.098] DEBUG (26044): request_complete
    requestId: "req-4"
    method: "GET"
    path: "/api/test1/clients/references"
    statusCode: 200
    responseTimeMs: 11.73
    tenantId: 1
    actorUserId: 1
[22:43:14.176] DEBUG (26044): request_complete
    requestId: "req-5"
    method: "POST"
    path: "/api/auth/login"
    statusCode: 200
    responseTimeMs: 74.39
[22:43:14.234] DEBUG (26044): request_complete
    requestId: "req-6"
    method: "GET"
    path: "/api/test1/reports/order-debts"
    statusCode: 200
    responseTimeMs: 56.23
    tenantId: 1
    actorUserId: 1
[22:43:14.315] DEBUG (26044): request_complete
    requestId: "req-7"
    method: "POST"
    path: "/api/auth/login"
    statusCode: 200
    responseTimeMs: 78.04
[22:43:14.319] DEBUG (26044): request_complete
    requestId: "req-8"
    method: "GET"
    path: "/api/test1/reports/cash-flow"
    statusCode: 400
    responseTimeMs: 2.31
    tenantId: 1
    actorUserId: 1
[22:43:14.396] DEBUG (26044): request_complete
    requestId: "req-9"
    method: "POST"
    path: "/api/auth/login"
    statusCode: 200
    responseTimeMs: 73.08
[22:43:14.408] DEBUG (26044): request_complete
    requestId: "req-a"
    method: "POST"
    path: "/api/test1/reports/report-builder/dataset"
    statusCode: 400
    responseTimeMs: 2.3
    tenantId: 1
    actorUserId: 1
[22:43:14.488] DEBUG (26044): request_complete
    requestId: "req-b"
    method: "POST"
    path: "/api/auth/login"
    statusCode: 200
    responseTimeMs: 77.25
[22:43:14.493] DEBUG (26044): request_complete
    requestId: "req-c"
    method: "GET"
    path: "/api/test1/reports/income-report"
    statusCode: 400
    responseTimeMs: 2.37
    tenantId: 1
    actorUserId: 1
[22:43:14.578] DEBUG (26044): request_complete
    requestId: "req-d"
    method: "POST"
    path: "/api/auth/login"
    statusCode: 200
    responseTimeMs: 81.91
[22:43:14.603] DEBUG (26044): request_complete
    requestId: "req-e"
    method: "POST"
    path: "/api/test1/mobile/orders/enqueue"
    statusCode: 400
    responseTimeMs: 22.81
    tenantId: 1
    actorUserId: 5
[22:43:14.680] DEBUG (26044): request_complete
    requestId: "req-f"
    method: "POST"
    path: "/api/auth/login"
    statusCode: 403
    responseTimeMs: 74.72
[22:43:14.761] DEBUG (26044): request_complete
    requestId: "req-g"
    method: "POST"
    path: "/api/auth/login"
    statusCode: 403
    responseTimeMs: 74.72
[22:43:14.863] DEBUG (26044): request_complete
    requestId: "req-h"
    method: "POST"
    path: "/api/auth/login"
    statusCode: 200
    responseTimeMs: 99.1
[22:43:14.867] DEBUG (26044): request_complete
    requestId: "req-i"
    method: "PATCH"
    path: "/api/test1/settings/profile"
    statusCode: 400
    responseTimeMs: 2.56
    tenantId: 1
    actorUserId: 1
[22:43:14.941] DEBUG (26044): request_complete
    requestId: "req-j"
    method: "POST"
    path: "/api/auth/login"
    statusCode: 200
    responseTimeMs: 71.93
[22:43:14.948] DEBUG (26044): request_complete
    requestId: "req-k"
    method: "POST"
    path: "/api/test1/orders"
    statusCode: 400
    responseTimeMs: 3.33
    tenantId: 1
    actorUserId: 1
[22:43:15.034] DEBUG (26044): request_complete
    requestId: "req-l"
    method: "POST"
    path: "/api/auth/login"
    statusCode: 200
    responseTimeMs: 81.92
[22:43:15.125] DEBUG (26044): request_complete
    requestId: "req-m"
    method: "GET"
    path: "/api/test1/stock/balances"
    statusCode: 200
    responseTimeMs: 88.25
    tenantId: 1
    actorUserId: 1
[22:43:15.231] DEBUG (26044): request_complete
    requestId: "req-n"
    method: "POST"
    path: "/api/auth/login"
    statusCode: 200
    responseTimeMs: 103.99
[22:43:15.235] DEBUG (26044): request_complete
    requestId: "req-o"
    method: "POST"
    path: "/api/test1/products"
    statusCode: 400
    responseTimeMs: 2.02
    tenantId: 1
    actorUserId: 1
[22:43:15.312] DEBUG (26044): request_complete
    requestId: "req-p"
    method: "POST"
    path: "/api/auth/login"
    statusCode: 200
    responseTimeMs: 74.79
[22:43:15.317] DEBUG (26044): request_complete
    requestId: "req-q"
    method: "POST"
    path: "/api/test1/payments"
    statusCode: 400
    responseTimeMs: 2.66
    tenantId: 1
    actorUserId: 1
[22:43:15.393] DEBUG (26044): request_complete
    requestId: "req-r"
    method: "POST"
    path: "/api/auth/login"
    statusCode: 200
    responseTimeMs: 74.14
[22:43:15.398] DEBUG (26044): request_complete
    requestId: "req-s"
    method: "PATCH"
    path: "/api/test1/orders/1/status"
    statusCode: 400
    responseTimeMs: 2.34
    tenantId: 1
    actorUserId: 1
[22:43:15.472] DEBUG (26044): request_complete
    requestId: "req-t"
    method: "POST"
    path: "/api/auth/login"
    statusCode: 200
    responseTimeMs: 71.75
[22:43:15.475] DEBUG (26044): request_complete
    requestId: "req-u"
    method: "PATCH"
    path: "/api/test1/clients/1"
    statusCode: 400
    responseTimeMs: 1.87
    tenantId: 1
    actorUserId: 1
 ❯ tests/contract-smoke.integration.rbac.test.ts (17 tests | 2 failed) 2178ms
   ✓ contract smoke (RBAC) > RBAC regressiya smoke (P0 #3) > admin GET /reports/sales — ruxsat bor, 200 + header 331ms
   × contract smoke (RBAC) > RBAC regressiya smoke (P0 #3) > agent GET /orders/exchange-source-availability — rol cheklovi — 403 ForbiddenRole 80ms
     → expected 403 to be 200 // Object.is equality
   × contract smoke (RBAC) > RBAC regressiya smoke (P0 #3) > agent GET /access/users — access.manage yo‘q — 403 ForbiddenPermission 78ms
     → expected 403 to be 200 // Object.is equality
[22:43:15.555] DEBUG (26044): request_complete
    requestId: "req-v"
    method: "POST"
    path: "/api/auth/login"
    statusCode: 200
    responseTimeMs: 77.02
[22:43:15.558] DEBUG (26044): request_complete
    requestId: "req-w"
    method: "GET"
    path: "/api/demo/orders"
    statusCode: 403
    responseTimeMs: 1.62
    tenantId: 2
    actorUserId: 1
 ✓ tests/bonus-and-discount.pure.test.ts (19 tests) 7ms
[22:43:18.639] DEBUG (3052): request_complete
    requestId: "req-1"
    method: "POST"
    path: "/api/auth/login"
    statusCode: 200
    responseTimeMs: 88.72
[22:43:18.906] DEBUG (3052): request_complete
    requestId: "req-2"
    method: "GET"
    path: "/api/test1/clients"
    statusCode: 200
    responseTimeMs: 262.19
    tenantId: 1
    actorUserId: 1
[22:43:18.919] DEBUG (3052): request_complete
    requestId: "req-3"
    method: "GET"
    path: "/api/test1/products"
    statusCode: 200
    responseTimeMs: 11.3
    tenantId: 1
    actorUserId: 1
[22:43:18.926] DEBUG (3052): request_complete
    requestId: "req-4"
    method: "GET"
    path: "/api/test1/warehouses"
    statusCode: 200
    responseTimeMs: 4.73
    tenantId: 1
    actorUserId: 1
[22:43:19.214] DEBUG (3052): request_complete
    requestId: "req-5"
    method: "POST"
    path: "/api/test1/orders"
    statusCode: 201
    responseTimeMs: 284.42
    tenantId: 1
    actorUserId: 1
[22:43:19.297] DEBUG (3052): request_complete
    requestId: "req-6"
    method: "PATCH"
    path: "/api/test1/orders/416/status"
    statusCode: 200
    responseTimeMs: 80.7
    tenantId: 1
    actorUserId: 1
[22:43:19.371] DEBUG (3052): request_complete
    requestId: "req-7"
    method: "PATCH"
    path: "/api/test1/orders/416/status"
    statusCode: 200
    responseTimeMs: 70.98
    tenantId: 1
    actorUserId: 1
[22:43:19.475] DEBUG (3052): request_complete
    requestId: "req-8"
    method: "POST"
    path: "/api/auth/login"
    statusCode: 200
    responseTimeMs: 101.18
[22:43:19.520] DEBUG (3052): request_complete
    requestId: "req-9"
    method: "GET"
    path: "/api/test1/orders/416"
    statusCode: 200
    responseTimeMs: 42.06
    tenantId: 1
    actorUserId: 3
[22:43:19.571] DEBUG (3052): request_complete
    requestId: "req-a"
    method: "PATCH"
    path: "/api/test1/orders/416/status"
    statusCode: 200
    responseTimeMs: 48.24
    tenantId: 1
    actorUserId: 3
[22:43:19.651] DEBUG (3052): request_complete
    requestId: "req-b"
    method: "POST"
    path: "/api/auth/login"
    statusCode: 200
    responseTimeMs: 77.33
[22:43:19.760] DEBUG (3052): request_complete
    requestId: "req-c"
    method: "GET"
    path: "/api/test1/clients"
    statusCode: 200
    responseTimeMs: 105.54
    tenantId: 1
    actorUserId: 1
[22:43:19.768] DEBUG (3052): request_complete
    requestId: "req-d"
    method: "GET"
    path: "/api/test1/products"
    statusCode: 200
    responseTimeMs: 5.42
    tenantId: 1
    actorUserId: 1
[22:43:19.773] DEBUG (3052): request_complete
    requestId: "req-e"
    method: "GET"
    path: "/api/test1/warehouses"
    statusCode: 200
    responseTimeMs: 3.51
    tenantId: 1
    actorUserId: 1
[22:43:19.879] DEBUG (3052): request_complete
    requestId: "req-f"
    method: "POST"
    path: "/api/test1/orders"
    statusCode: 201
    responseTimeMs: 103.22
    tenantId: 1
    actorUserId: 1
[22:43:19.908] DEBUG (3052): request_complete
    requestId: "req-g"
    method: "PATCH"
    path: "/api/test1/orders/417/status"
    statusCode: 200
    responseTimeMs: 26.89
    tenantId: 1
    actorUserId: 1
[22:43:19.993] DEBUG (3052): request_complete
    requestId: "req-h"
    method: "POST"
    path: "/api/auth/login"
    statusCode: 403
    responseTimeMs: 82.78
[22:43:20.088] DEBUG (3052): request_complete
    requestId: "req-i"
    method: "POST"
    path: "/api/auth/login"
    statusCode: 200
    responseTimeMs: 88.23
[22:43:20.185] DEBUG (3052): request_complete
    requestId: "req-j"
    method: "GET"
    path: "/api/test1/clients"
    statusCode: 200
    responseTimeMs: 94.67
    tenantId: 1
    actorUserId: 1
[22:43:20.192] DEBUG (3052): request_complete
    requestId: "req-k"
    method: "GET"
    path: "/api/test1/products"
    statusCode: 200
    responseTimeMs: 4.42
    tenantId: 1
    actorUserId: 1
[22:43:20.197] DEBUG (3052): request_complete
    requestId: "req-l"
    method: "GET"
    path: "/api/test1/warehouses"
    statusCode: 200
    responseTimeMs: 3.66
    tenantId: 1
    actorUserId: 1
[22:43:20.412] DEBUG (3052): request_complete
    requestId: "req-m"
    method: "POST"
    path: "/api/test1/orders"
    statusCode: 201
    responseTimeMs: 212.92
    tenantId: 1
    actorUserId: 1
[22:43:20.484] DEBUG (3052): request_complete
    requestId: "req-n"
    method: "POST"
    path: "/api/auth/login"
    statusCode: 403
    responseTimeMs: 69.7
[22:43:20.563] DEBUG (3052): request_complete
    requestId: "req-o"
    method: "POST"
    path: "/api/auth/login"
    statusCode: 200
    responseTimeMs: 76.34
[22:43:20.658] DEBUG (3052): request_complete
    requestId: "req-p"
    method: "GET"
    path: "/api/test1/clients"
    statusCode: 200
    responseTimeMs: 92.67
    tenantId: 1
    actorUserId: 1
[22:43:20.665] DEBUG (3052): request_complete
    requestId: "req-q"
    method: "GET"
    path: "/api/test1/products"
    statusCode: 200
    responseTimeMs: 4.55
    tenantId: 1
    actorUserId: 1
[22:43:20.671] DEBUG (3052): request_complete
    requestId: "req-r"
    method: "GET"
    path: "/api/test1/warehouses"
    statusCode: 200
    responseTimeMs: 3.56
    tenantId: 1
    actorUserId: 1
[22:43:20.736] DEBUG (3052): request_complete
    requestId: "req-s"
    method: "POST"
    path: "/api/test1/orders"
    statusCode: 201
    responseTimeMs: 62.49
    tenantId: 1
    actorUserId: 1
[22:43:20.782] DEBUG (3052): request_complete
    requestId: "req-t"
    method: "PATCH"
    path: "/api/test1/orders/419/status"
    statusCode: 200
    responseTimeMs: 44.27
    tenantId: 1
    actorUserId: 1
[22:43:20.809] DEBUG (3052): request_complete
    requestId: "req-u"
    method: "PATCH"
    path: "/api/test1/orders/419/status"
    statusCode: 200
    responseTimeMs: 25.39
    tenantId: 1
    actorUserId: 1
 ❯ tests/orders.integration.rbac.test.ts (4 tests | 3 failed) 2578ms
   ✓ orders API (database) — RBAC status and lines > RBAC status and lines > operator can revert one step; invalid multi-step still forbidden 1031ms
   × orders API (database) — RBAC status and lines > RBAC status and lines > operator and admin can reopen cancelled order to new 426ms
     → expected 403 to be 200 // Object.is equality
   × orders API (database) — RBAC status and lines > RBAC status and lines > operator cannot PATCH order payment lines; admin can 487ms
     → expected 403 to be 200 // Object.is equality
   × orders API (database) — RBAC status and lines > RBAC status and lines > operator cannot cancel from picking/delivering; admin can 393ms
     → expected 403 to be 200 // Object.is equality
[22:43:20.877] DEBUG (3052): request_complete
    requestId: "req-v"
    method: "POST"
    path: "/api/auth/login"
    statusCode: 403
    responseTimeMs: 65.57
[22:43:23.546] DEBUG (15324): request_complete
    requestId: "req-1"
    method: "POST"
    path: "/api/auth/login"
    statusCode: 200
    responseTimeMs: 90.07
[22:43:23.775] DEBUG (15324): request_complete
    requestId: "req-2"
    method: "GET"
    path: "/api/test1/clients"
    statusCode: 200
    responseTimeMs: 223.58
    tenantId: 1
    actorUserId: 1
[22:43:23.790] DEBUG (15324): request_complete
    requestId: "req-3"
    method: "GET"
    path: "/api/test1/products"
    statusCode: 200
    responseTimeMs: 12.16
    tenantId: 1
    actorUserId: 1
[22:43:23.800] DEBUG (15324): request_complete
    requestId: "req-4"
    method: "GET"
    path: "/api/test1/warehouses"
    statusCode: 200
    responseTimeMs: 6.63
    tenantId: 1
    actorUserId: 1
[22:43:24.106] DEBUG (15324): request_complete
    requestId: "req-5"
    method: "POST"
    path: "/api/test1/orders"
    statusCode: 201
    responseTimeMs: 303.2
    tenantId: 1
    actorUserId: 1
[22:43:24.239] DEBUG (15324): request_complete
    requestId: "req-6"
    method: "PATCH"
    path: "/api/test1/orders/420/status"
    statusCode: 200
    responseTimeMs: 129.93
    tenantId: 1
    actorUserId: 1
[22:43:24.259] DEBUG (15324): request_complete
    requestId: "req-7"
    method: "GET"
    path: "/api/test1/orders/420"
    statusCode: 200
    responseTimeMs: 16.35
    tenantId: 1
    actorUserId: 1
[22:43:24.344] DEBUG (15324): request_complete
    requestId: "req-8"
    method: "PATCH"
    path: "/api/test1/orders/420/status"
    statusCode: 400
    responseTimeMs: 82.95
    tenantId: 1
    actorUserId: 1
[22:43:24.385] DEBUG (15324): request_complete
    requestId: "req-9"
    method: "GET"
    path: "/api/test1/orders"
    statusCode: 200
    responseTimeMs: 37.71
    tenantId: 1
    actorUserId: 1
[22:43:24.423] DEBUG (15324): request_complete
    requestId: "req-a"
    method: "GET"
    path: "/api/test1/orders"
    statusCode: 200
    responseTimeMs: 34.74
    tenantId: 1
    actorUserId: 1
[22:43:24.514] DEBUG (15324): request_complete
    requestId: "req-b"
    method: "POST"
    path: "/api/auth/login"
    statusCode: 200
    responseTimeMs: 88.21
[22:43:24.624] DEBUG (15324): request_complete
    requestId: "req-c"
    method: "GET"
    path: "/api/test1/clients"
    statusCode: 200
    responseTimeMs: 106.95
    tenantId: 1
    actorUserId: 1
[22:43:24.637] DEBUG (15324): request_complete
    requestId: "req-d"
    method: "GET"
    path: "/api/test1/products"
    statusCode: 200
    responseTimeMs: 10.73
    tenantId: 1
    actorUserId: 1
[22:43:24.644] DEBUG (15324): request_complete
    requestId: "req-e"
    method: "GET"
    path: "/api/test1/products"
    statusCode: 200
    responseTimeMs: 5.19
    tenantId: 1
    actorUserId: 1
[22:43:24.651] DEBUG (15324): request_complete
    requestId: "req-f"
    method: "GET"
    path: "/api/test1/warehouses"
    statusCode: 200
    responseTimeMs: 4.29
    tenantId: 1
    actorUserId: 1
[22:43:24.774] DEBUG (15324): request_complete
    requestId: "req-g"
    method: "POST"
    path: "/api/test1/orders"
    statusCode: 201
    responseTimeMs: 120.94
    tenantId: 1
    actorUserId: 1
[22:43:24.855] DEBUG (15324): request_complete
    requestId: "req-h"
    method: "POST"
    path: "/api/auth/login"
    statusCode: 200
    responseTimeMs: 78.31
[22:43:24.961] DEBUG (15324): request_complete
    requestId: "req-i"
    method: "GET"
    path: "/api/test1/clients"
    statusCode: 200
    responseTimeMs: 104.39
    tenantId: 1
    actorUserId: 1
[22:43:24.968] DEBUG (15324): request_complete
    requestId: "req-j"
    method: "GET"
    path: "/api/test1/products"
    statusCode: 200
    responseTimeMs: 4.5
    tenantId: 1
    actorUserId: 1
[22:43:24.973] DEBUG (15324): request_complete
    requestId: "req-k"
    method: "GET"
    path: "/api/test1/warehouses"
    statusCode: 200
    responseTimeMs: 2.64
    tenantId: 1
    actorUserId: 1
[22:43:25.051] DEBUG (15324): request_complete
    requestId: "req-l"
    method: "POST"
    path: "/api/test1/orders"
    statusCode: 201
    responseTimeMs: 76.19
    tenantId: 1
    actorUserId: 1
[22:43:25.124] DEBUG (15324): request_complete
    requestId: "req-m"
    method: "POST"
    path: "/api/auth/login"
    statusCode: 200
    responseTimeMs: 71.2
[22:43:25.240] DEBUG (15324): request_complete
    requestId: "req-n"
    method: "GET"
    path: "/api/test1/clients"
    statusCode: 200
    responseTimeMs: 114.1
    tenantId: 1
    actorUserId: 1
[22:43:25.247] DEBUG (15324): request_complete
    requestId: "req-o"
    method: "GET"
    path: "/api/test1/products"
    statusCode: 200
    responseTimeMs: 4.79
    tenantId: 1
    actorUserId: 1
[22:43:25.253] DEBUG (15324): request_complete
    requestId: "req-p"
    method: "GET"
    path: "/api/test1/warehouses"
    statusCode: 200
    responseTimeMs: 3.8
    tenantId: 1
    actorUserId: 1
[22:43:25.334] DEBUG (15324): request_complete
    requestId: "req-q"
    method: "POST"
    path: "/api/test1/orders"
    statusCode: 201
    responseTimeMs: 79.51
    tenantId: 1
    actorUserId: 1
[22:43:25.411] DEBUG (15324): request_complete
    requestId: "req-r"
    method: "POST"
    path: "/api/auth/login"
    statusCode: 200
    responseTimeMs: 74.69
[22:43:25.520] DEBUG (15324): request_complete
    requestId: "req-s"
    method: "GET"
    path: "/api/test1/clients"
    statusCode: 200
    responseTimeMs: 104.84
    tenantId: 1
    actorUserId: 1
[22:43:25.526] DEBUG (15324): request_complete
    requestId: "req-t"
    method: "GET"
    path: "/api/test1/products"
    statusCode: 200
    responseTimeMs: 4.15
    tenantId: 1
    actorUserId: 1
[22:43:25.531] DEBUG (15324): request_complete
    requestId: "req-u"
    method: "GET"
    path: "/api/test1/warehouses"
    statusCode: 200
    responseTimeMs: 3.45
    tenantId: 1
    actorUserId: 1
[22:43:25.776] DEBUG (15324): request_complete
    requestId: "req-v"
    method: "POST"
    path: "/api/test1/orders"
    statusCode: 201
    responseTimeMs: 242.81
    tenantId: 1
    actorUserId: 1
 ❯ tests/orders.integration.create.test.ts (5 tests | 1 failed) 2653ms
   ✓ orders API (database) — create and pricing > create and pricing > POST order uses retail price and GET list 977ms
   ✓ orders API (database) — create and pricing > create and pricing > POST order with two lines sums retail totals 350ms
   × orders API (database) — create and pricing > create and pricing > POST order sum bonus: 500k+ subtotal adds SKU-003 gift (seed) 446ms
     → expected '450000' to be '500000' // Object.is equality
[22:43:28.249] DEBUG (25120): request_complete
    requestId: "req-1"
    method: "GET"
    path: "/api/andijon/protected"
    statusCode: 401
    responseTimeMs: 3.15
    tenantId: 1
[22:43:28.259] DEBUG (25120): request_complete
    requestId: "req-2"
    method: "POST"
    path: "/auth/login"
    statusCode: 200
    responseTimeMs: 3.24
[22:43:28.263] DEBUG (25120): request_complete
    requestId: "req-3"
    method: "GET"
    path: "/api/andijon/protected"
    statusCode: 200
    responseTimeMs: 1.51
    tenantId: 1
    actorUserId: 10
[22:43:28.267] DEBUG (25120): request_complete
    requestId: "req-4"
    method: "POST"
    path: "/auth/login"
    statusCode: 200
    responseTimeMs: 1.27
[22:43:28.270] DEBUG (25120): request_complete
    requestId: "req-5"
    method: "GET"
    path: "/api/namangan/protected"
    statusCode: 403
    responseTimeMs: 0.52
    tenantId: 2
    actorUserId: 10
[22:43:28.273] DEBUG (25120): request_complete
    requestId: "req-6"
    method: "POST"
    path: "/api/auth/login"
    statusCode: 200
    responseTimeMs: 0.84
[22:43:28.277] DEBUG (25120): request_complete
    requestId: "req-7"
    method: "POST"
    path: "/auth/login"
    statusCode: 200
    responseTimeMs: 1
[22:43:28.282] DEBUG (25120): request_complete
    requestId: "req-8"
    method: "GET"
    path: "/auth/me"
    statusCode: 200
    responseTimeMs: 1.22
    actorUserId: 10
[22:43:28.287] DEBUG (25120): request_complete
    requestId: "req-9"
    method: "POST"
    path: "/auth/login"
    statusCode: 200
    responseTimeMs: 1.04
[22:43:28.290] DEBUG (25120): request_complete
    requestId: "req-a"
    method: "GET"
    path: "/api/auth/me"
    statusCode: 200
    responseTimeMs: 0.58
    actorUserId: 10
[22:43:28.293] DEBUG (25120): request_complete
    requestId: "req-b"
    method: "POST"
    path: "/auth/login"
    statusCode: 200
    responseTimeMs: 0.7
[22:43:28.296] DEBUG (25120): request_complete
    requestId: "req-c"
    method: "POST"
    path: "/auth/refresh"
    statusCode: 200
    responseTimeMs: 1.35
 ✓ tests/auth.integration.test.ts (7 tests) 206ms
[22:43:30.903] DEBUG (21032): request_complete
    requestId: "req-1"
    method: "POST"
    path: "/api/auth/login"
    statusCode: 200
    responseTimeMs: 185.59
[22:43:31.052] DEBUG (21032): request_complete
    requestId: "req-2"
    method: "GET"
    path: "/api/test1/clients"
    statusCode: 200
    responseTimeMs: 145.06
    tenantId: 1
    actorUserId: 1
[22:43:31.150] DEBUG (21032): request_complete
    requestId: "req-3"
    method: "POST"
    path: "/api/auth/login"
    statusCode: 200
    responseTimeMs: 94.01
[22:43:31.179] DEBUG (21032): request_complete
    requestId: "req-4"
    method: "GET"
    path: "/api/test1/clients"
    statusCode: 200
    responseTimeMs: 26.63
    tenantId: 1
    actorUserId: 1
[22:43:31.319] DEBUG (21032): request_complete
    requestId: "req-5"
    method: "PATCH"
    path: "/api/test1/clients/123"
    statusCode: 200
    responseTimeMs: 136.08
    tenantId: 1
    actorUserId: 1
[22:43:31.359] DEBUG (21032): request_complete
    requestId: "req-6"
    method: "PATCH"
    path: "/api/test1/clients/123"
    statusCode: 200
    responseTimeMs: 37.13
    tenantId: 1
    actorUserId: 1
[22:43:31.453] DEBUG (21032): request_complete
    requestId: "req-7"
    method: "POST"
    path: "/api/auth/login"
    statusCode: 200
    responseTimeMs: 90.68
[22:43:31.493] DEBUG (21032): request_complete
    requestId: "req-8"
    method: "GET"
    path: "/api/test1/clients"
    statusCode: 200
    responseTimeMs: 36.86
    tenantId: 1
    actorUserId: 1
[22:43:31.506] DEBUG (21032): request_complete
    requestId: "req-9"
    method: "GET"
    path: "/api/test1/clients/123"
    statusCode: 200
    responseTimeMs: 7.02
    tenantId: 1
    actorUserId: 1
[22:43:31.620] DEBUG (21032): request_complete
    requestId: "req-a"
    method: "POST"
    path: "/api/auth/login"
    statusCode: 200
    responseTimeMs: 110.95
[22:43:31.652] DEBUG (21032): request_complete
    requestId: "req-b"
    method: "GET"
    path: "/api/test1/clients"
    statusCode: 200
    responseTimeMs: 29.29
    tenantId: 1
    actorUserId: 1
[22:43:31.657] DEBUG (21032): request_complete
    requestId: "req-c"
    method: "GET"
    path: "/api/test1/clients/123"
    statusCode: 200
    responseTimeMs: 2.76
    tenantId: 1
    actorUserId: 1
[22:43:31.681] DEBUG (21032): request_complete
    requestId: "req-d"
    method: "POST"
    path: "/api/test1/clients/123/balance-movements"
    statusCode: 201
    responseTimeMs: 22.29
    tenantId: 1
    actorUserId: 1
[22:43:31.688] DEBUG (21032): request_complete
    requestId: "req-e"
    method: "GET"
    path: "/api/test1/clients/123"
    statusCode: 200
    responseTimeMs: 3
    tenantId: 1
    actorUserId: 1
[22:43:31.772] DEBUG (21032): request_complete
    requestId: "req-f"
    method: "POST"
    path: "/api/auth/login"
    statusCode: 200
    responseTimeMs: 78.9
[22:43:31.841] DEBUG (21032): request_complete
    requestId: "req-g"
    method: "POST"
    path: "/api/test1/clients"
    statusCode: 201
    responseTimeMs: 66.91
    tenantId: 1
    actorUserId: 1
[22:43:31.885] DEBUG (21032): request_complete
    requestId: "req-h"
    method: "GET"
    path: "/api/test1/clients"
    statusCode: 200
    responseTimeMs: 41.89
    tenantId: 1
    actorUserId: 1
[22:43:31.986] DEBUG (21032): request_complete
    requestId: "req-i"
    method: "POST"
    path: "/api/auth/login"
    statusCode: 200
    responseTimeMs: 98.26
[22:43:32.122] DEBUG (21032): request_complete
    requestId: "req-j"
    method: "GET"
    path: "/api/test1/clients/export"
    statusCode: 200
    responseTimeMs: 133.07
    tenantId: 1
    actorUserId: 1
[22:43:32.206] DEBUG (21032): request_complete
    requestId: "req-k"
    method: "POST"
    path: "/api/auth/login"
    statusCode: 200
    responseTimeMs: 78.81
[22:43:32.217] DEBUG (21032): request_complete
    requestId: "req-l"
    method: "GET"
    path: "/api/test1/clients"
    statusCode: 200
    responseTimeMs: 9.73
    tenantId: 1
    actorUserId: 1
[22:43:32.234] DEBUG (21032): request_complete
    requestId: "req-m"
    method: "PATCH"
    path: "/api/test1/clients/bulk-active"
    statusCode: 200
    responseTimeMs: 14.44
    tenantId: 1
    actorUserId: 1
[22:43:32.238] DEBUG (21032): request_complete
    requestId: "req-n"
    method: "GET"
    path: "/api/test1/clients/123"
    statusCode: 200
    responseTimeMs: 2.57
    tenantId: 1
    actorUserId: 1
 ❯ tests/clients.integration.test.ts (7 tests | 2 failed) 1695ms
   ✓ clients API (database) > returns clients list for tenant after login 347ms
   ✓ clients API (database) > PATCH clients/:id updates credit_limit for admin 306ms
   × clients API (database) > POST balance-movements adjusts account_balance for admin 184ms
     → expected 500 to be 600 // Object.is equality
   × clients API (database) > PATCH clients/bulk-active toggles is_active 132ms
     → expected false to be true // Object.is equality
[22:43:32.252] DEBUG (21032): request_complete
    requestId: "req-o"
    method: "PATCH"
    path: "/api/test1/clients/bulk-active"
    statusCode: 200
    responseTimeMs: 12.14
    tenantId: 1
    actorUserId: 1
[22:43:32.256] DEBUG (21032): request_complete
    requestId: "req-p"
    method: "GET"
    path: "/api/test1/clients/123"
    statusCode: 200
    responseTimeMs: 2.43
    tenantId: 1
    actorUserId: 1
[22:43:34.940] DEBUG (22864): request_complete
    requestId: "req-1"
    method: "POST"
    path: "/api/auth/login"
    statusCode: 200
    responseTimeMs: 178.87
[22:43:35.047] DEBUG (22864): request_complete
    requestId: "req-2"
    method: "GET"
    path: "/api/test1/client-qr-codes/stats"
    statusCode: 200
    responseTimeMs: 102.16
    tenantId: 1
    actorUserId: 1
[22:43:35.154] DEBUG (22864): request_complete
    requestId: "req-3"
    method: "POST"
    path: "/api/auth/login"
    statusCode: 200
    responseTimeMs: 103
[22:43:35.165] DEBUG (22864): request_complete
    requestId: "req-4"
    method: "GET"
    path: "/api/test1/client-qr-codes"
    statusCode: 200
    responseTimeMs: 8.73
    tenantId: 1
    actorUserId: 1
[22:43:35.244] DEBUG (22864): request_complete
    requestId: "req-5"
    method: "POST"
    path: "/api/auth/login"
    statusCode: 200
    responseTimeMs: 76.1
[22:43:35.255] DEBUG (22864): request_complete
    requestId: "req-6"
    method: "GET"
    path: "/api/test1/client-qr-codes/clients-without-qr"
    statusCode: 200
    responseTimeMs: 6.22
    tenantId: 1
    actorUserId: 1
[22:43:35.332] DEBUG (22864): request_complete
    requestId: "req-7"
    method: "POST"
    path: "/api/auth/login"
    statusCode: 200
    responseTimeMs: 74.54
[22:43:35.352] DEBUG (22864): request_complete
    requestId: "req-8"
    method: "POST"
    path: "/api/test1/client-qr-codes/generate"
    statusCode: 201
    responseTimeMs: 17.15
    tenantId: 1
    actorUserId: 1
[22:43:35.435] DEBUG (22864): request_complete
    requestId: "req-9"
    method: "POST"
    path: "/api/auth/login"
    statusCode: 200
    responseTimeMs: 80.95
[22:43:35.440] DEBUG (22864): request_complete
    requestId: "req-a"
    method: "POST"
    path: "/api/test1/client-qr-codes/generate"
    statusCode: 400
    responseTimeMs: 2.59
    tenantId: 1
    actorUserId: 1
[22:43:35.520] DEBUG (22864): request_complete
    requestId: "req-b"
    method: "POST"
    path: "/api/auth/login"
    statusCode: 200
    responseTimeMs: 78.18
[22:43:35.549] DEBUG (22864): request_complete
    requestId: "req-c"
    method: "GET"
    path: "/api/test1/client-qr-codes/export"
    statusCode: 200
    responseTimeMs: 26.36
    tenantId: 1
    actorUserId: 1
[22:43:35.629] DEBUG (22864): request_complete
    requestId: "req-d"
    method: "POST"
    path: "/api/auth/login"
    statusCode: 200
    responseTimeMs: 77.36
[22:43:35.667] DEBUG (22864): request_complete
    requestId: "req-e"
    method: "GET"
    path: "/api/test1/client-qr-codes/clients-without-qr/export"
    statusCode: 200
    responseTimeMs: 35.32
    tenantId: 1
    actorUserId: 1
[22:43:35.783] DEBUG (22864): request_complete
    requestId: "req-f"
    method: "POST"
    path: "/api/auth/login"
    statusCode: 200
    responseTimeMs: 95.73
[22:43:35.804] DEBUG (22864): request_complete
    requestId: "req-g"
    method: "POST"
    path: "/api/test1/client-qr-codes/generate"
    statusCode: 201
    responseTimeMs: 17.5
    tenantId: 1
    actorUserId: 1
[22:43:35.814] DEBUG (22864): request_complete
    requestId: "req-h"
    method: "GET"
    path: "/api/test1/client-qr-codes"
    statusCode: 200
    responseTimeMs: 8.21
    tenantId: 1
    actorUserId: 1
[22:43:35.868] DEBUG (22864): request_complete
    requestId: "req-i"
    method: "GET"
    path: "/api/test1/clients"
    statusCode: 200
    responseTimeMs: 51.69
    tenantId: 1
    actorUserId: 1
[22:43:35.886] DEBUG (22864): request_complete
    requestId: "req-j"
    method: "POST"
    path: "/api/test1/client-qr-codes/bind"
    statusCode: 200
    responseTimeMs: 16.01
    tenantId: 1
    actorUserId: 1
[22:43:35.898] DEBUG (22864): request_complete
    requestId: "req-k"
    method: "POST"
    path: "/api/test1/client-qr-codes/unbind"
    statusCode: 200
    responseTimeMs: 9.62
    tenantId: 1
    actorUserId: 1
[22:43:35.975] DEBUG (22864): request_complete
    requestId: "req-l"
    method: "POST"
    path: "/api/auth/login"
    statusCode: 200
    responseTimeMs: 75.04
[22:43:35.983] DEBUG (22864): request_complete
    requestId: "req-m"
    method: "GET"
    path: "/api/test1/client-qr-codes"
    statusCode: 200
    responseTimeMs: 6.59
    tenantId: 1
    actorUserId: 1
[22:43:35.993] DEBUG (22864): request_complete
    requestId: "req-n"
    method: "POST"
    path: "/api/test1/client-qr-codes/mark-printed"
    statusCode: 200
    responseTimeMs: 8.06
    tenantId: 1
    actorUserId: 1
 ❯ tests/client-qr.integration.test.ts (10 tests | 1 failed) 1466ms
   × client-qr-codes API (database) > GET clients-without-qr/export returns CSV 134ms
     → expected '\ufeff"Клиент";"Телефон";"Зона / обла…' to contain 'name'
 ✓ tests/agent-mobile-config.test.ts (12 tests) 8ms
[22:43:38.795] DEBUG (17896): request_complete
    requestId: "req-1"
    method: "GET"
    path: "/health"
    statusCode: 200
    responseTimeMs: 2.35
[22:43:38.905] DEBUG (17896): request_complete
    requestId: "req-2"
    method: "GET"
    path: "/ready"
    statusCode: 200
    responseTimeMs: 103.88
[22:43:38.991] DEBUG (17896): request_complete
    requestId: "req-3"
    method: "POST"
    path: "/api/auth/login"
    statusCode: 401
    responseTimeMs: 82.51
[22:43:38.996] DEBUG (17896): request_complete
    requestId: "req-4"
    method: "POST"
    path: "/api/auth/login"
    statusCode: 400
    responseTimeMs: 1.31
[22:43:39.001] DEBUG (17896): request_complete
    requestId: "req-5"
    method: "GET"
    path: "/api/__contract_no_tenant__/orders"
    statusCode: 404
    responseTimeMs: 2.33
[22:43:39.014] DEBUG (17896): request_complete
    requestId: "req-6"
    method: "POST"
    path: "/auth/refresh"
    statusCode: 401
    responseTimeMs: 10.98
[22:43:39.092] DEBUG (17896): request_complete
    requestId: "req-7"
    method: "POST"
    path: "/api/auth/login"
    statusCode: 200
    responseTimeMs: 75.14
[22:43:39.181] DEBUG (17896): request_complete
    requestId: "req-8"
    method: "GET"
    path: "/api/auth/me"
    statusCode: 200
    responseTimeMs: 85.04
    actorUserId: 1
[22:43:39.288] DEBUG (17896): request_complete
    requestId: "req-9"
    method: "POST"
    path: "/api/auth/login"
    statusCode: 200
    responseTimeMs: 104.1
[22:43:39.429] DEBUG (17896): request_complete
    requestId: "req-a"
    method: "GET"
    path: "/api/test1/dashboard/stats"
    statusCode: 200
    responseTimeMs: 138.79
    tenantId: 1
    actorUserId: 1
[22:43:39.532] DEBUG (17896): request_complete
    requestId: "req-b"
    method: "POST"
    path: "/api/auth/login"
    statusCode: 200
    responseTimeMs: 98.74
[22:43:39.561] DEBUG (17896): request_complete
    requestId: "req-c"
    method: "GET"
    path: "/api/test1/access/me-permissions"
    statusCode: 200
    responseTimeMs: 27.26
    tenantId: 1
    actorUserId: 1
[22:43:39.666] DEBUG (17896): request_complete
    requestId: "req-d"
    method: "POST"
    path: "/api/auth/login"
    statusCode: 200
    responseTimeMs: 101.37
[22:43:39.677] DEBUG (17896): request_complete
    requestId: "req-e"
    method: "GET"
    path: "/api/test1/products"
    statusCode: 200
    responseTimeMs: 8.68
    tenantId: 1
    actorUserId: 1
[22:43:39.757] DEBUG (17896): request_complete
    requestId: "req-f"
    method: "POST"
    path: "/api/auth/login"
    statusCode: 200
    responseTimeMs: 74.48
[22:43:39.771] DEBUG (17896): request_complete
    requestId: "req-g"
    method: "GET"
    path: "/api/test1/clients/999999999"
    statusCode: 404
    responseTimeMs: 11.98
    tenantId: 1
    actorUserId: 1
[22:43:39.847] DEBUG (17896): request_complete
    requestId: "req-h"
    method: "POST"
    path: "/api/auth/login"
    statusCode: 200
    responseTimeMs: 74.54
[22:43:39.891] DEBUG (17896): request_complete
    requestId: "req-i"
    method: "GET"
    path: "/api/test1/orders"
    statusCode: 200
    responseTimeMs: 41.33
    tenantId: 1
    actorUserId: 1
 ✓ tests/contract-smoke.integration.foundation.test.ts (12 tests) 1251ms
[22:43:39.902] DEBUG (17896): request_complete
    requestId: "req-j"
    method: "GET"
    path: "/api/test1/orders/999999999"
    statusCode: 404
    responseTimeMs: 9.71
    tenantId: 1
    actorUserId: 1
[22:43:42.375] DEBUG (3660): request_complete
    requestId: "req-1"
    method: "POST"
    path: "/api/auth/login"
    statusCode: 200
    responseTimeMs: 166.36
[22:43:42.516] DEBUG (3660): request_complete
    requestId: "req-2"
    method: "GET"
    path: "/api/test1/agents"
    statusCode: 200
    responseTimeMs: 134.25
    tenantId: 1
    actorUserId: 1
[22:43:42.684] DEBUG (3660): request_complete
    requestId: "req-3"
    method: "GET"
    path: "/api/test1/linkage/options"
    statusCode: 200
    responseTimeMs: 150.69
    tenantId: 1
    actorUserId: 1
[22:43:44.876] WARN (3660): slow_request
    requestId: "req-4"
    method: "GET"
    path: "/api/test1/orders/create-context"
    statusCode: 200
    responseTimeMs: 2189.5
    tenantId: 1
    actorUserId: 1
[22:43:45.093] DEBUG (3660): request_complete
    requestId: "req-5"
    method: "GET"
    path: "/api/test1/warehouses"
    statusCode: 200
    responseTimeMs: 38.54
    tenantId: 1
    actorUserId: 1
[22:43:45.165] DEBUG (3660): request_complete
    requestId: "req-6"
    method: "GET"
    path: "/api/test1/cash-desks"
    statusCode: 200
    responseTimeMs: 68.86
    tenantId: 1
    actorUserId: 1
[22:43:45.268] DEBUG (3660): request_complete
    requestId: "req-7"
    method: "POST"
    path: "/api/auth/login"
    statusCode: 200
    responseTimeMs: 98.38
[22:43:45.394] DEBUG (3660): request_complete
    requestId: "req-8"
    method: "GET"
    path: "/api/test1/agents"
    statusCode: 200
    responseTimeMs: 123.98
    tenantId: 1
    actorUserId: 1
[22:43:45.440] DEBUG (3660): request_complete
    requestId: "req-9"
    method: "GET"
    path: "/api/test1/linkage/options"
    statusCode: 200
    responseTimeMs: 33.66
    tenantId: 1
    actorUserId: 1
[22:43:45.607] DEBUG (3660): request_complete
    requestId: "req-a"
    method: "GET"
    path: "/api/test1/linkage/options"
    statusCode: 200
    responseTimeMs: 164.58
    tenantId: 1
    actorUserId: 1
 ✓ tests/linkage.integration.test.ts (2 tests) 3770ms
   ✓ linkage constraint scope (database) > selected_agent_id bo‘yicha options endpointlari bir xil scope qaytaradi 2967ms
   ✓ linkage constraint scope (database) > ko‘p-master (agent + cash_desk) uchun kesishma qoidasini qo‘llaydi 668ms
[22:43:48.441] DEBUG (25332): request_complete
    requestId: "req-1"
    method: "POST"
    path: "/api/auth/login"
    statusCode: 200
    responseTimeMs: 88.66
[22:43:48.658] DEBUG (25332): request_complete
    requestId: "req-2"
    method: "GET"
    path: "/api/test1/clients"
    statusCode: 200
    responseTimeMs: 210.82
    tenantId: 1
    actorUserId: 1
[22:43:48.672] DEBUG (25332): request_complete
    requestId: "req-3"
    method: "GET"
    path: "/api/test1/products"
    statusCode: 200
    responseTimeMs: 11.86
    tenantId: 1
    actorUserId: 1
[22:43:48.681] DEBUG (25332): request_complete
    requestId: "req-4"
    method: "GET"
    path: "/api/test1/warehouses"
    statusCode: 200
    responseTimeMs: 6.78
    tenantId: 1
    actorUserId: 1
[22:43:48.949] DEBUG (25332): request_complete
    requestId: "req-5"
    method: "POST"
    path: "/api/test1/orders"
    statusCode: 201
    responseTimeMs: 265.48
    tenantId: 1
    actorUserId: 1
[22:43:49.082] DEBUG (25332): request_complete
    requestId: "req-6"
    method: "PATCH"
    path: "/api/test1/orders/425"
    statusCode: 200
    responseTimeMs: 130.14
    tenantId: 1
    actorUserId: 1
[22:43:49.176] DEBUG (25332): request_complete
    requestId: "req-7"
    method: "POST"
    path: "/api/auth/login"
    statusCode: 200
    responseTimeMs: 91.19
[22:43:49.186] DEBUG (25332): request_complete
    requestId: "req-8"
    method: "GET"
    path: "/api/test1/warehouses"
    statusCode: 200
    responseTimeMs: 6.52
    tenantId: 1
    actorUserId: 1
[22:43:49.193] DEBUG (25332): request_complete
    requestId: "req-9"
    method: "GET"
    path: "/api/test1/warehouses"
    statusCode: 200
    responseTimeMs: 4.25
    tenantId: 1
    actorUserId: 1
[22:43:49.320] DEBUG (25332): request_complete
    requestId: "req-a"
    method: "GET"
    path: "/api/test1/clients"
    statusCode: 200
    responseTimeMs: 122.34
    tenantId: 1
    actorUserId: 1
[22:43:49.335] DEBUG (25332): request_complete
    requestId: "req-b"
    method: "GET"
    path: "/api/test1/products"
    statusCode: 200
    responseTimeMs: 12.55
    tenantId: 1
    actorUserId: 1
[22:43:49.468] DEBUG (25332): request_complete
    requestId: "req-c"
    method: "POST"
    path: "/api/test1/orders"
    statusCode: 201
    responseTimeMs: 130.49
    tenantId: 1
    actorUserId: 1
[22:43:49.524] DEBUG (25332): request_complete
    requestId: "req-d"
    method: "PATCH"
    path: "/api/test1/orders/426/meta"
    statusCode: 200
    responseTimeMs: 52.42
    tenantId: 1
    actorUserId: 1
[22:43:49.607] DEBUG (25332): request_complete
    requestId: "req-e"
    method: "POST"
    path: "/api/auth/login"
    statusCode: 200
    responseTimeMs: 79.73
[22:43:49.711] DEBUG (25332): request_complete
    requestId: "req-f"
    method: "GET"
    path: "/api/test1/clients"
    statusCode: 200
    responseTimeMs: 101.55
    tenantId: 1
    actorUserId: 1
[22:43:49.718] DEBUG (25332): request_complete
    requestId: "req-g"
    method: "GET"
    path: "/api/test1/products"
    statusCode: 200
    responseTimeMs: 4.7
    tenantId: 1
    actorUserId: 1
[22:43:49.723] DEBUG (25332): request_complete
    requestId: "req-h"
    method: "GET"
    path: "/api/test1/warehouses"
    statusCode: 200
    responseTimeMs: 2.94
    tenantId: 1
    actorUserId: 1
[22:43:49.800] DEBUG (25332): request_complete
    requestId: "req-i"
    method: "POST"
    path: "/api/test1/orders"
    statusCode: 201
    responseTimeMs: 74.85
    tenantId: 1
    actorUserId: 1
[22:43:49.835] DEBUG (25332): request_complete
    requestId: "req-j"
    method: "PATCH"
    path: "/api/test1/orders/427/status"
    statusCode: 200
    responseTimeMs: 32.77
    tenantId: 1
    actorUserId: 1
[22:43:49.867] DEBUG (25332): request_complete
    requestId: "req-k"
    method: "PATCH"
    path: "/api/test1/orders/427/status"
    statusCode: 200
    responseTimeMs: 28.15
    tenantId: 1
    actorUserId: 1
 ✓ tests/orders.integration.patch.test.ts (3 tests) 1804ms
   ✓ orders API (database) — patch and meta > patch and meta > PATCH orders/:id replaces payment lines and recomputes auto bonus 742ms
   ✓ orders API (database) — patch and meta > patch and meta > PATCH orders/:id/meta appends change_logs 442ms
   ✓ orders API (database) — patch and meta > patch and meta > PATCH orders/:id returns OrderNotEditable when status is picking 347ms
[22:43:49.872] DEBUG (25332): request_complete
    requestId: "req-l"
    method: "PATCH"
    path: "/api/test1/orders/427"
    statusCode: 400
    responseTimeMs: 2.97
    tenantId: 1
    actorUserId: 1
 ✓ tests/contracts-schemas.unit.test.ts (19 tests) 6ms
 ✓ tests/permission-crud-model.pure.test.ts (17 tests) 30ms
[22:43:53.574] DEBUG (19604): request_complete
    requestId: "req-1"
    method: "POST"
    path: "/api/auth/login"
    statusCode: 200
    responseTimeMs: 191.84
[22:43:53.665] DEBUG (19604): request_complete
    requestId: "req-2"
    method: "GET"
    path: "/api/test1/access/me-permissions"
    statusCode: 200
    responseTimeMs: 84.17
    tenantId: 1
    actorUserId: 1
[22:43:53.771] DEBUG (19604): request_complete
    requestId: "req-3"
    method: "POST"
    path: "/api/auth/login"
    statusCode: 200
    responseTimeMs: 102.92
[22:43:53.987] DEBUG (19604): request_complete
    requestId: "req-4"
    method: "GET"
    path: "/api/test1/access/users"
    statusCode: 200
    responseTimeMs: 208.27
    tenantId: 1
    actorUserId: 1
[22:43:54.068] DEBUG (19604): request_complete
    requestId: "req-5"
    method: "POST"
    path: "/api/auth/login"
    statusCode: 200
    responseTimeMs: 76.34
[22:43:54.251] DEBUG (19604): request_complete
    requestId: "req-6"
    method: "GET"
    path: "/api/test1/access/users"
    statusCode: 200
    responseTimeMs: 180.56
    tenantId: 1
    actorUserId: 1
[22:43:54.399] DEBUG (19604): request_complete
    requestId: "req-7"
    method: "GET"
    path: "/api/test1/access/users/1967/detail"
    statusCode: 200
    responseTimeMs: 138.3
    tenantId: 1
    actorUserId: 1
[22:43:54.492] DEBUG (19604): request_complete
    requestId: "req-8"
    method: "POST"
    path: "/api/auth/login"
    statusCode: 200
    responseTimeMs: 88.18
[22:43:55.117] WARN (19604): slow_request
    requestId: "req-9"
    method: "GET"
    path: "/api/test1/access/permissions/catalog"
    statusCode: 200
    responseTimeMs: 622.95
    tenantId: 1
    actorUserId: 1
[22:43:55.204] DEBUG (19604): request_complete
    requestId: "req-a"
    method: "POST"
    path: "/api/auth/login"
    statusCode: 200
    responseTimeMs: 82.39
[22:43:55.385] DEBUG (19604): request_complete
    requestId: "req-b"
    method: "GET"
    path: "/api/test1/access/users"
    statusCode: 200
    responseTimeMs: 178.13
    tenantId: 1
    actorUserId: 1
[22:43:55.415] DEBUG (19604): request_complete
    requestId: "req-c"
    method: "PATCH"
    path: "/api/test1/access/users/1967"
    statusCode: 200
    responseTimeMs: 21.78
    tenantId: 1
    actorUserId: 1
[22:43:55.490] DEBUG (19604): request_complete
    requestId: "req-d"
    method: "POST"
    path: "/api/auth/login"
    statusCode: 200
    responseTimeMs: 73.28
[22:43:55.876] DEBUG (19604): request_complete
    requestId: "req-e"
    method: "GET"
    path: "/api/test1/access/permissions/catalog"
    statusCode: 200
    responseTimeMs: 383.94
    tenantId: 1
    actorUserId: 1
[22:43:56.083] DEBUG (19604): request_complete
    requestId: "req-f"
    method: "GET"
    path: "/api/test1/access/users"
    statusCode: 200
    responseTimeMs: 201.36
    tenantId: 1
    actorUserId: 1
[22:43:56.111] DEBUG (19604): request_complete
    requestId: "req-g"
    method: "PATCH"
    path: "/api/test1/access/users/1967"
    statusCode: 200
    responseTimeMs: 23.73
    tenantId: 1
    actorUserId: 1
[22:43:56.139] DEBUG (19604): request_complete
    requestId: "req-h"
    method: "GET"
    path: "/api/test1/access/users/1967/detail"
    statusCode: 200
    responseTimeMs: 24.23
    tenantId: 1
    actorUserId: 1
[22:43:56.168] DEBUG (19604): request_complete
    requestId: "req-i"
    method: "PATCH"
    path: "/api/test1/access/users/1967"
    statusCode: 200
    responseTimeMs: 26.4
    tenantId: 1
    actorUserId: 1
 ✓ tests/access-api.integration.test.ts (6 tests) 2953ms
   ✓ access / RBAC API (database) > GET /api/:slug/access/users includes scope.territories 323ms
   ✓ access / RBAC API (database) > GET /api/:slug/access/users/:id/detail returns matrix and scope 412ms
   ✓ access / RBAC API (database) > GET /api/:slug/access/permissions/catalog returns modules and flat 718ms
   ✓ access / RBAC API (database) > PATCH remove_permission_keys clears user override after merge_permissions 777ms
[22:43:56.191] DEBUG (19604): request_complete
    requestId: "req-j"
    method: "GET"
    path: "/api/test1/access/users/1967/detail"
    statusCode: 200
    responseTimeMs: 20.34
    tenantId: 1
    actorUserId: 1
 ✓ tests/work-slots.pure.test.ts (20 tests) 9ms
 ✓ tests/returns-order-balance.test.ts (8 tests) 3ms
[22:43:59.330] DEBUG (24892): request_complete
    requestId: "req-1"
    method: "POST"
    path: "/api/auth/login"
    statusCode: 200
    responseTimeMs: 206.04
[22:43:59.633] DEBUG (24892): request_complete
    requestId: "req-2"
    method: "GET"
    path: "/api/test1/dashboard/meta"
    statusCode: 200
    responseTimeMs: 295.7
    tenantId: 1
    actorUserId: 1
[22:43:59.736] DEBUG (24892): request_complete
    requestId: "req-3"
    method: "POST"
    path: "/api/auth/login"
    statusCode: 200
    responseTimeMs: 99.13
[22:43:59.805] INFO (24892): dashboard.request
    reqId: "req-4"
    route: "supervisor-summary"
    tenantId: 1
    durationMs: 64
    supervisorRole: false
[22:43:59.806] DEBUG (24892): request_complete
    requestId: "req-4"
    method: "GET"
    path: "/api/test1/dashboard/supervisor/summary"
    statusCode: 200
    responseTimeMs: 66.9
    tenantId: 1
    actorUserId: 1
[22:43:59.902] DEBUG (24892): request_complete
    requestId: "req-5"
    method: "POST"
    path: "/api/auth/login"
    statusCode: 200
    responseTimeMs: 92.69
[22:43:59.974] INFO (24892): dashboard.request
    reqId: "req-6"
    route: "sales-summary"
    tenantId: 1
    durationMs: 65
    supervisorRole: false
[22:43:59.975] DEBUG (24892): request_complete
    requestId: "req-6"
    method: "GET"
    path: "/api/test1/dashboard/sales/summary"
    statusCode: 200
    responseTimeMs: 69.31
    tenantId: 1
    actorUserId: 1
[22:44:00.057] DEBUG (24892): request_complete
    requestId: "req-7"
    method: "POST"
    path: "/api/auth/login"
    statusCode: 200
    responseTimeMs: 77.26
[22:44:00.104] INFO (24892): dashboard.request
    reqId: "req-8"
    route: "finance-summary"
    tenantId: 1
    durationMs: 39
    supervisorRole: false
[22:44:00.104] DEBUG (24892): request_complete
    requestId: "req-8"
    method: "GET"
    path: "/api/test1/dashboard/finance/summary"
    statusCode: 200
    responseTimeMs: 42.97
    tenantId: 1
    actorUserId: 1
[22:44:00.206] DEBUG (24892): request_complete
    requestId: "req-9"
    method: "POST"
    path: "/api/auth/login"
    statusCode: 200
    responseTimeMs: 97.32
[22:44:00.256] INFO (24892): dashboard.request
    reqId: "req-a"
    route: "sales-monitoring-summary"
    tenantId: 1
    durationMs: 43
    supervisorRole: false
[22:44:00.256] DEBUG (24892): request_complete
    requestId: "req-a"
    method: "GET"
    path: "/api/test1/dashboard/sales-monitoring/summary"
    statusCode: 200
    responseTimeMs: 46.97
    tenantId: 1
    actorUserId: 1
[22:44:00.334] DEBUG (24892): request_complete
    requestId: "req-b"
    method: "POST"
    path: "/api/auth/login"
    statusCode: 200
    responseTimeMs: 73.44
[22:44:00.421] INFO (24892): dashboard.request
    reqId: "req-c"
    route: "sales-monitoring-charts"
    tenantId: 1
    durationMs: 84
    supervisorRole: false
[22:44:00.422] DEBUG (24892): request_complete
    requestId: "req-c"
    method: "GET"
    path: "/api/test1/dashboard/sales-monitoring/charts"
    statusCode: 200
    responseTimeMs: 85.71
    tenantId: 1
    actorUserId: 1
[22:44:00.515] DEBUG (24892): request_complete
    requestId: "req-d"
    method: "POST"
    path: "/api/auth/login"
    statusCode: 200
    responseTimeMs: 91.33
[22:44:00.553] INFO (24892): dashboard.request
    reqId: "req-e"
    route: "sales-monitoring-tables"
    tenantId: 1
    durationMs: 34
    supervisorRole: false
[22:44:00.554] DEBUG (24892): request_complete
    requestId: "req-e"
    method: "GET"
    path: "/api/test1/dashboard/sales-monitoring/tables"
    statusCode: 200
    responseTimeMs: 36.3
    tenantId: 1
    actorUserId: 1
[22:44:00.644] DEBUG (24892): request_complete
    requestId: "req-f"
    method: "POST"
    path: "/api/auth/login"
    statusCode: 200
    responseTimeMs: 88.26
[22:44:00.699] INFO (24892): dashboard.request
    reqId: "req-g"
    route: "supervisor-visits"
    tenantId: 1
    durationMs: 45
    supervisorRole: false
[22:44:00.699] DEBUG (24892): request_complete
    requestId: "req-g"
    method: "GET"
    path: "/api/test1/dashboard/supervisor/visits"
    statusCode: 200
    responseTimeMs: 49.99
    tenantId: 1
    actorUserId: 1
[22:44:00.774] DEBUG (24892): request_complete
    requestId: "req-h"
    method: "POST"
    path: "/api/auth/login"
    statusCode: 200
    responseTimeMs: 72.76
[22:44:00.788] INFO (24892): dashboard.request
    reqId: "req-i"
    route: "sales-analytics"
    tenantId: 1
    durationMs: 10
    supervisorRole: false
[22:44:00.788] DEBUG (24892): request_complete
    requestId: "req-i"
    method: "GET"
    path: "/api/test1/dashboard/sales/analytics"
    statusCode: 200
    responseTimeMs: 12.33
    tenantId: 1
    actorUserId: 1
 ✓ tests/contract-smoke.integration.dashboard.test.ts (10 tests) 1903ms
   ✓ contract smoke (dashboard perf split) > GET /api/test1/dashboard/* summary endpoints > meta — 200 520ms
[22:44:00.871] DEBUG (24892): request_complete
    requestId: "req-j"
    method: "POST"
    path: "/api/auth/login"
    statusCode: 200
    responseTimeMs: 79.73
[22:44:00.887] INFO (24892): dashboard.request
    reqId: "req-k"
    route: "finance-debts"
    tenantId: 1
    durationMs: 12
    supervisorRole: false
[22:44:00.887] DEBUG (24892): request_complete
    requestId: "req-k"
    method: "GET"
    path: "/api/test1/dashboard/finance/debts"
    statusCode: 200
    responseTimeMs: 13.95
    tenantId: 1
    actorUserId: 1
[22:44:03.667] DEBUG (14028): request_complete
    requestId: "req-1"
    method: "POST"
    path: "/api/auth/login"
    statusCode: 200
    responseTimeMs: 91.69
[22:44:03.754] DEBUG (14028): request_complete
    requestId: "req-2"
    method: "GET"
    path: "/api/test1/products"
    statusCode: 200
    responseTimeMs: 81.58
    tenantId: 1
    actorUserId: 1
[22:44:03.763] DEBUG (14028): request_complete
    requestId: "req-3"
    method: "GET"
    path: "/api/test1/warehouses"
    statusCode: 200
    responseTimeMs: 6.98
    tenantId: 1
    actorUserId: 1
[22:44:04.048] DEBUG (14028): request_complete
    requestId: "req-4"
    method: "POST"
    path: "/api/test1/orders"
    statusCode: 201
    responseTimeMs: 282.47
    tenantId: 1
    actorUserId: 1
[22:44:04.183] DEBUG (14028): request_complete
    requestId: "req-5"
    method: "POST"
    path: "/api/test1/orders"
    statusCode: 201
    responseTimeMs: 132.49
    tenantId: 1
    actorUserId: 1
[22:44:04.364] DEBUG (14028): request_complete
    requestId: "req-6"
    method: "POST"
    path: "/api/auth/login"
    statusCode: 200
    responseTimeMs: 85.88
[22:44:04.375] DEBUG (14028): request_complete
    requestId: "req-7"
    method: "GET"
    path: "/api/test1/products"
    statusCode: 200
    responseTimeMs: 8.97
    tenantId: 1
    actorUserId: 1
[22:44:04.386] DEBUG (14028): request_complete
    requestId: "req-8"
    method: "GET"
    path: "/api/test1/warehouses"
    statusCode: 200
    responseTimeMs: 6.77
    tenantId: 1
    actorUserId: 1
[22:44:04.498] DEBUG (14028): request_complete
    requestId: "req-9"
    method: "POST"
    path: "/api/test1/orders"
    statusCode: 201
    responseTimeMs: 109.66
    tenantId: 1
    actorUserId: 1
[22:44:04.601] DEBUG (14028): request_complete
    requestId: "req-a"
    method: "POST"
    path: "/api/test1/orders"
    statusCode: 400
    responseTimeMs: 98.21
    tenantId: 1
    actorUserId: 1
 ❯ tests/orders.integration.rules.test.ts (2 tests | 1 failed) 1374ms
   × orders API (database) — bonus rules and credit > bonus rules and credit > once_per_client: discount rule applies once per client, second order full price 719ms
     → expected '540000' to be '600000' // Object.is equality
   ✓ orders API (database) — bonus rules and credit > bonus rules and credit > POST order rejects when open orders total + new order exceeds client credit_limit 391ms
 ✓ tests/order-status.test.ts (12 tests) 5ms
 ✓ tests/order-automation.engine.test.ts (9 tests) 5ms
[22:44:07.915] DEBUG (24008): request_complete
    requestId: "req-1"
    method: "POST"
    path: "/api/auth/login"
    statusCode: 200
    responseTimeMs: 95.63
[22:44:07.926] DEBUG (24008): request_complete
    requestId: "req-2"
    method: "GET"
    path: "/api/test1/warehouses"
    statusCode: 200
    responseTimeMs: 5.58
    tenantId: 1
    actorUserId: 1
[22:44:08.139] DEBUG (24008): request_complete
    requestId: "req-3"
    method: "GET"
    path: "/api/test1/clients"
    statusCode: 200
    responseTimeMs: 209.29
    tenantId: 1
    actorUserId: 1
[22:44:08.151] DEBUG (24008): request_complete
    requestId: "req-4"
    method: "GET"
    path: "/api/test1/products"
    statusCode: 200
    responseTimeMs: 10.12
    tenantId: 1
    actorUserId: 1
[22:44:08.204] DEBUG (24008): request_complete
    requestId: "req-5"
    method: "POST"
    path: "/api/test1/order-restriction-rules"
    statusCode: 201
    responseTimeMs: 50.44
    tenantId: 1
    actorUserId: 1
[22:44:08.236] DEBUG (24008): request_complete
    requestId: "req-6"
    method: "POST"
    path: "/api/test1/orders"
    statusCode: 403
    responseTimeMs: 29.15
    tenantId: 1
    actorUserId: 1
[22:44:08.254] DEBUG (24008): request_complete
    requestId: "req-7"
    method: "PATCH"
    path: "/api/test1/order-restriction-rules/26"
    statusCode: 200
    responseTimeMs: 16.23
    tenantId: 1
    actorUserId: 1
[22:44:08.469] DEBUG (24008): request_complete
    requestId: "req-8"
    method: "POST"
    path: "/api/test1/orders"
    statusCode: 201
    responseTimeMs: 212.6
    tenantId: 1
    actorUserId: 1
[22:44:08.615] DEBUG (24008): request_complete
    requestId: "req-9"
    method: "POST"
    path: "/api/auth/login"
    statusCode: 200
    responseTimeMs: 108.89
[22:44:08.636] DEBUG (24008): request_complete
    requestId: "req-a"
    method: "POST"
    path: "/api/test1/order-restriction-rules"
    statusCode: 201
    responseTimeMs: 18.19
    tenantId: 1
    actorUserId: 1
[22:44:08.651] DEBUG (24008): request_complete
    requestId: "req-b"
    method: "GET"
    path: "/api/test1/order-restriction-rules"
    statusCode: 200
    responseTimeMs: 12.48
    tenantId: 1
    actorUserId: 1
[22:44:08.680] DEBUG (24008): request_complete
    requestId: "req-c"
    method: "DELETE"
    path: "/api/test1/order-restriction-rules/27"
    statusCode: 204
    responseTimeMs: 27.07
    tenantId: 1
    actorUserId: 1
 ✓ tests/order-automation.integration.test.ts (2 tests) 1148ms
   ✓ orders API (database) — order automation > order automation > restriction rule blocks order create with OrderRestricted 697ms
[22:44:11.327] DEBUG (16184): request_complete
    requestId: "req-1"
    method: "POST"
    path: "/api/auth/login"
    statusCode: 200
    responseTimeMs: 176.77
[22:44:11.338] DEBUG (16184): request_complete
    requestId: "req-2"
    method: "GET"
    path: "/api/test1/reports/report-builder/metadata"
    statusCode: 200
    responseTimeMs: 3.64
    tenantId: 1
    actorUserId: 1
[22:44:11.595] DEBUG (16184): request_complete
    requestId: "req-3"
    method: "GET"
    path: "/api/test1/reports/report-builder/filter-options"
    statusCode: 200
    responseTimeMs: 254.97
    tenantId: 1
    actorUserId: 1
[22:44:11.690] DEBUG (16184): request_complete
    requestId: "req-4"
    method: "POST"
    path: "/api/test1/reports/report-builder/dataset"
    statusCode: 200
    responseTimeMs: 89.57
    tenantId: 1
    actorUserId: 1
[22:44:11.700] DEBUG (16184): request_complete
    requestId: "req-5"
    method: "POST"
    path: "/api/test1/reports/report-builder/preview"
    statusCode: 200
    responseTimeMs: 7.56
    tenantId: 1
    actorUserId: 1
[22:44:11.712] DEBUG (16184): request_complete
    requestId: "req-6"
    method: "POST"
    path: "/api/test1/reports/report-builder/export"
    statusCode: 200
    responseTimeMs: 10.02
    tenantId: 1
    actorUserId: 1
[22:44:11.739] DEBUG (16184): request_complete
    requestId: "req-7"
    method: "POST"
    path: "/api/test1/reports/report-builder/saved"
    statusCode: 200
    responseTimeMs: 24.25
    tenantId: 1
    actorUserId: 1
 ✓ tests/report-builder.integration.test.ts (1 test) 814ms
   ✓ report-builder API (database) > metadata → filter-options → dataset → preview → export → saved CRUD 617ms
[22:44:11.748] DEBUG (16184): request_complete
    requestId: "req-8"
    method: "GET"
    path: "/api/test1/reports/report-builder/saved"
    statusCode: 200
    responseTimeMs: 6.3
    tenantId: 1
    actorUserId: 1
[22:44:11.756] DEBUG (16184): request_complete
    requestId: "req-9"
    method: "DELETE"
    path: "/api/test1/reports/report-builder/saved/67"
    statusCode: 204
    responseTimeMs: 5.26
    tenantId: 1
    actorUserId: 1
[22:44:14.364] DEBUG (18488): request_complete
    requestId: "req-1"
    method: "POST"
    path: "/api/auth/login"
    statusCode: 200
    responseTimeMs: 87.69
[22:44:14.579] DEBUG (18488): request_complete
    requestId: "req-2"
    method: "GET"
    path: "/api/test1/clients"
    statusCode: 200
    responseTimeMs: 209.83
    tenantId: 1
    actorUserId: 1
[22:44:14.591] DEBUG (18488): request_complete
    requestId: "req-3"
    method: "GET"
    path: "/api/test1/products"
    statusCode: 200
    responseTimeMs: 9.76
    tenantId: 1
    actorUserId: 1
[22:44:14.602] DEBUG (18488): request_complete
    requestId: "req-4"
    method: "GET"
    path: "/api/test1/products"
    statusCode: 200
    responseTimeMs: 9.16
    tenantId: 1
    actorUserId: 1
[22:44:14.610] DEBUG (18488): request_complete
    requestId: "req-5"
    method: "GET"
    path: "/api/test1/warehouses"
    statusCode: 200
    responseTimeMs: 5.22
    tenantId: 1
    actorUserId: 1
[22:44:14.851] DEBUG (18488): request_complete
    requestId: "req-6"
    method: "POST"
    path: "/api/test1/orders"
    statusCode: 201
    responseTimeMs: 235.88
    tenantId: 1
    actorUserId: 1
[22:44:14.941] DEBUG (18488): request_complete
    requestId: "req-7"
    method: "PATCH"
    path: "/api/test1/orders/432/status"
    statusCode: 200
    responseTimeMs: 86.4
    tenantId: 1
    actorUserId: 1
[22:44:14.982] DEBUG (18488): request_complete
    requestId: "req-8"
    method: "PATCH"
    path: "/api/test1/orders/432/status"
    statusCode: 200
    responseTimeMs: 38.93
    tenantId: 1
    actorUserId: 1
[22:44:15.054] DEBUG (18488): request_complete
    requestId: "req-9"
    method: "PATCH"
    path: "/api/test1/orders/432/status"
    statusCode: 200
    responseTimeMs: 69.86
    tenantId: 1
    actorUserId: 1
[22:44:15.113] DEBUG (18488): request_complete
    requestId: "req-a"
    method: "PATCH"
    path: "/api/test1/orders/432/status"
    statusCode: 200
    responseTimeMs: 55.89
    tenantId: 1
    actorUserId: 1
 ❯ tests/returns.integration.order-scoped.test.ts (1 test | 1 failed) 1134ms
   × orders API (database) — order-scoped returns > order-scoped returns > po zakaz: server preview pullik qaytaradi; ikkinchi to‘liq qaytarish bloklanadi 868ms
     → expected 400 to be 201 // Object.is equality
[22:44:15.131] DEBUG (18488): request_complete
    requestId: "req-b"
    method: "POST"
    path: "/api/test1/returns/period"
    statusCode: 400
    responseTimeMs: 16
    tenantId: 1
    actorUserId: 1
[22:44:17.592] DEBUG (7380): request_complete
    requestId: "req-1"
    method: "POST"
    path: "/api/auth/login"
    statusCode: 200
    responseTimeMs: 169.17
[22:44:17.628] DEBUG (7380): request_complete
    requestId: "req-2"
    method: "PATCH"
    path: "/api/test1/products/prices/matrix"
    statusCode: 200
    responseTimeMs: 20.89
    tenantId: 1
    actorUserId: 1
 ✓ tests/product-price-schedules.integration.test.ts (2 tests) 459ms
[22:44:17.727] DEBUG (7380): request_complete
    requestId: "req-3"
    method: "POST"
    path: "/api/auth/login"
    statusCode: 200
    responseTimeMs: 73.11
 ✓ tests/returns-bonus-reverse.preview.test.ts (8 tests) 3ms
 ✓ tests/activity-history.pure.test.ts (8 tests) 5ms
[22:44:20.776] DEBUG (11904): request_complete
    requestId: "req-1"
    method: "POST"
    path: "/api/auth/login"
    statusCode: 200
    responseTimeMs: 173.03
[22:44:20.822] DEBUG (11904): request_complete
    requestId: "req-2"
    method: "GET"
    path: "/api/test1/supervisors"
    statusCode: 200
    responseTimeMs: 40.49
    tenantId: 1
    actorUserId: 1
[22:44:20.902] DEBUG (11904): request_complete
    requestId: "req-3"
    method: "POST"
    path: "/api/auth/login"
    statusCode: 200
    responseTimeMs: 75.67
[22:44:21.132] DEBUG (11904): request_complete
    requestId: "req-4"
    method: "POST"
    path: "/api/test1/agents"
    statusCode: 201
    responseTimeMs: 227.11
    tenantId: 1
    actorUserId: 1
[22:44:21.267] DEBUG (11904): request_complete
    requestId: "req-5"
    method: "POST"
    path: "/api/test1/supervisors"
    statusCode: 201
    responseTimeMs: 131.12
    tenantId: 1
    actorUserId: 1
[22:44:21.280] DEBUG (11904): request_complete
    requestId: "req-6"
    method: "GET"
    path: "/api/test1/users"
    statusCode: 200
    responseTimeMs: 10.63
    tenantId: 1
    actorUserId: 1
[22:44:21.289] DEBUG (11904): request_complete
    requestId: "req-7"
    method: "PATCH"
    path: "/api/test1/agents/1968"
    statusCode: 400
    responseTimeMs: 6.6
    tenantId: 1
    actorUserId: 1
[22:44:21.405] DEBUG (11904): request_complete
    requestId: "req-8"
    method: "PATCH"
    path: "/api/test1/agents/1968"
    statusCode: 200
    responseTimeMs: 113.08
    tenantId: 1
    actorUserId: 1
 ✓ tests/staff.integration.test.ts (2 tests) 1064ms
   ✓ staff / agents & supervisors API (database) > PATCH agents/:id accepts only supervisor role; rejects admin as supervisor 701ms
 ✓ tests/report-builder-validate.test.ts (7 tests) 3ms
 ✓ tests/return-split-snapshot.pure.test.ts (5 tests) 5ms
 ✓ tests/mobile-expeditor-peresort.test.ts (5 tests) 3ms
[22:44:24.747] DEBUG (20880): request_complete
    requestId: "req-1"
    method: "POST"
    path: "/api/auth/login"
    statusCode: 200
    responseTimeMs: 155.74
[22:44:25.101] DEBUG (20880): request_complete
    requestId: "req-2"
    method: "GET"
    path: "/api/test1/refusals/filter-options"
    statusCode: 200
    responseTimeMs: 348.8
    tenantId: 1
    actorUserId: 1
[22:44:25.179] DEBUG (20880): request_complete
    requestId: "req-3"
    method: "POST"
    path: "/api/auth/login"
    statusCode: 200
    responseTimeMs: 74.51
[22:44:25.192] DEBUG (20880): request_complete
    requestId: "req-4"
    method: "GET"
    path: "/api/test1/refusals"
    statusCode: 200
    responseTimeMs: 9.2
    tenantId: 1
    actorUserId: 1
[22:44:25.284] DEBUG (20880): request_complete
    requestId: "req-5"
    method: "POST"
    path: "/api/auth/login"
    statusCode: 200
    responseTimeMs: 89.65
[22:44:25.291] DEBUG (20880): request_complete
    requestId: "req-6"
    method: "GET"
    path: "/api/test1/refusals"
    statusCode: 200
    responseTimeMs: 4.82
    tenantId: 1
    actorUserId: 1
[22:44:25.382] DEBUG (20880): request_complete
    requestId: "req-7"
    method: "POST"
    path: "/api/auth/login"
    statusCode: 200
    responseTimeMs: 88.83
[22:44:25.407] DEBUG (20880): request_complete
    requestId: "req-8"
    method: "GET"
    path: "/api/test1/refusals/filter-options"
    statusCode: 200
    responseTimeMs: 22.08
    tenantId: 1
    actorUserId: 1
[22:44:25.451] DEBUG (20880): request_complete
    requestId: "req-9"
    method: "GET"
    path: "/api/test1/clients"
    statusCode: 200
    responseTimeMs: 41.48
    tenantId: 1
    actorUserId: 1
 ✓ tests/refusals.integration.test.ts (4 tests) 1038ms
   ✓ refusals API (database) > GET filter-options returns agents and reasons 521ms
[22:44:25.484] DEBUG (20880): request_complete
    requestId: "req-a"
    method: "POST"
    path: "/api/test1/refusals"
    statusCode: 201
    responseTimeMs: 29.86
    tenantId: 1
    actorUserId: 1
 ✓ tests/return-interchangeable-strict.test.ts (8 tests) 6ms
[22:44:28.238] DEBUG (16476): request_complete
    requestId: "req-1"
    method: "POST"
    path: "/api/auth/login"
    statusCode: 200
    responseTimeMs: 169.71
[22:44:28.259] DEBUG (16476): request_complete
    requestId: "req-2"
    method: "PATCH"
    path: "/api/test1/settings/bonus-stack"
    statusCode: 200
    responseTimeMs: 16.69
    tenantId: 1
    actorUserId: 1
[22:44:28.341] DEBUG (16476): request_complete
    requestId: "req-3"
    method: "POST"
    path: "/api/auth/login"
    statusCode: 200
    responseTimeMs: 77.02
[22:44:28.349] DEBUG (16476): request_complete
    requestId: "req-4"
    method: "GET"
    path: "/api/test1/settings/bonus-stack"
    statusCode: 200
    responseTimeMs: 5.49
    tenantId: 1
    actorUserId: 1
[22:44:28.366] DEBUG (16476): request_complete
    requestId: "req-5"
    method: "PATCH"
    path: "/api/test1/settings/bonus-stack"
    statusCode: 200
    responseTimeMs: 13.2
    tenantId: 1
    actorUserId: 1
 ✓ tests/tenant-settings.integration.test.ts (1 test) 547ms
   ✓ tenant settings bonus-stack (database) > admin GET/PATCH bonus-stack; operator GET 200, PATCH 403 416ms
[22:44:30.988] DEBUG (21972): request_complete
    requestId: "req-1"
    method: "POST"
    path: "/api/auth/login"
    statusCode: 200
    responseTimeMs: 156.8
[22:44:31.060] DEBUG (21972): request_complete
    requestId: "req-2"
    method: "GET"
    path: "/api/test1/products"
    statusCode: 200
    responseTimeMs: 66.81
    tenantId: 1
    actorUserId: 1
[22:44:31.075] DEBUG (21972): request_complete
    requestId: "req-3"
    method: "GET"
    path: "/api/test1/product-prices/resolve"
    statusCode: 200
    responseTimeMs: 9.47
    tenantId: 1
    actorUserId: 1
[22:44:31.177] DEBUG (21972): request_complete
    requestId: "req-4"
    method: "POST"
    path: "/api/auth/login"
    statusCode: 200
    responseTimeMs: 99.09
[22:44:31.190] DEBUG (21972): request_complete
    requestId: "req-5"
    method: "GET"
    path: "/api/test1/products"
    statusCode: 200
    responseTimeMs: 8.53
    tenantId: 1
    actorUserId: 1
[22:44:31.217] DEBUG (21972): request_complete
    requestId: "req-6"
    method: "PUT"
    path: "/api/test1/products/14/prices"
    statusCode: 200
    responseTimeMs: 24.7
    tenantId: 1
    actorUserId: 1
[22:44:31.226] DEBUG (21972): request_complete
    requestId: "req-7"
    method: "GET"
    path: "/api/test1/products/14/prices"
    statusCode: 200
    responseTimeMs: 5.25
    tenantId: 1
    actorUserId: 1
 ✓ tests/products.integration.test.ts (2 tests) 551ms
[22:44:31.243] DEBUG (21972): request_complete
    requestId: "req-8"
    method: "PUT"
    path: "/api/test1/products/14/prices"
    statusCode: 200
    responseTimeMs: 13.13
    tenantId: 1
    actorUserId: 1
 ✓ tests/returns-order-refund-cap.test.ts (7 tests) 4ms
 ✓ tests/returns-filter.explain.test.ts (4 tests) 3ms
 ✓ tests/exchange-source-limits.test.ts (2 tests) 3ms
[22:44:34.423] DEBUG (19112): request_complete
    requestId: "req-1"
    method: "POST"
    path: "/api/auth/login"
    statusCode: 200
    responseTimeMs: 167.78
[22:44:34.451] DEBUG (19112): request_complete
    requestId: "req-2"
    method: "POST"
    path: "/api/test1/warehouses"
    statusCode: 201
    responseTimeMs: 22.54
    tenantId: 1
    actorUserId: 1
[22:44:34.474] DEBUG (19112): request_complete
    requestId: "req-3"
    method: "PATCH"
    path: "/api/test1/warehouses/156"
    statusCode: 200
    responseTimeMs: 19.94
    tenantId: 1
    actorUserId: 1
[22:44:34.484] DEBUG (19112): request_complete
    requestId: "req-4"
    method: "GET"
    path: "/api/test1/warehouses"
    statusCode: 200
    responseTimeMs: 7.43
    tenantId: 1
    actorUserId: 1
[22:44:34.552] DEBUG (19112): request_complete
    requestId: "req-5"
    method: "DELETE"
    path: "/api/test1/warehouses/156"
    statusCode: 204
    responseTimeMs: 65.89
    tenantId: 1
    actorUserId: 1
[22:44:34.632] DEBUG (19112): request_complete
    requestId: "req-6"
    method: "POST"
    path: "/api/auth/login"
    statusCode: 200
    responseTimeMs: 75.16
[22:44:34.645] DEBUG (19112): request_complete
    requestId: "req-7"
    method: "POST"
    path: "/api/test1/warehouses"
    statusCode: 201
    responseTimeMs: 11.15
    tenantId: 1
    actorUserId: 1
[22:44:34.651] DEBUG (19112): request_complete
    requestId: "req-8"
    method: "POST"
    path: "/api/test1/warehouses"
    statusCode: 409
    responseTimeMs: 2.79
    tenantId: 1
    actorUserId: 1
 ✓ tests/warehouses.integration.test.ts (2 tests) 552ms
   ✓ warehouses API (database) > POST /warehouses → PATCH → DELETE (yangi ombor, qoldiq yo‘q) 308ms
[22:44:34.665] DEBUG (19112): request_complete
    requestId: "req-9"
    method: "DELETE"
    path: "/api/test1/warehouses/157"
    statusCode: 204
    responseTimeMs: 11.44
    tenantId: 1
    actorUserId: 1
 ✓ tests/mobile-expeditor.service.unit.test.ts (7 tests) 3ms
 ✓ tests/returns-filter.service.test.ts (7 tests) 3ms
 ✓ tests/bonus-gift-selection.test.ts (5 tests) 3ms
 ✓ tests/bonus-gift-override-validate.test.ts (2 tests) 4ms
[22:44:39.246] DEBUG (25340): request_complete
    requestId: "req-1"
    method: "POST"
    path: "/api/auth/login"
    statusCode: 200
    responseTimeMs: 90.95
 ❯ tests/mobile-bonus-preview.integration.test.ts (1 test | 1 failed) 455ms
   × mobile bonus-preview > agent POST bonus-preview returns 200 321ms
     → expected 403 to be 200 // Object.is equality
[22:44:39.359] DEBUG (25340): request_complete
    requestId: "req-2"
    method: "POST"
    path: "/api/test1/mobile/sync/full"
    statusCode: 403
    responseTimeMs: 107.42
    tenantId: 1
    actorUserId: 5
[22:44:41.887] DEBUG (21524): request_complete
    requestId: "req-1"
    method: "POST"
    path: "/api/auth/login"
    statusCode: 200
    responseTimeMs: 183.86
[22:44:42.022] DEBUG (21524): request_complete
    requestId: "req-2"
    method: "GET"
    path: "/api/test1/reports/order-debts"
    statusCode: 200
    responseTimeMs: 130.25
    tenantId: 1
    actorUserId: 1
[22:44:42.116] DEBUG (21524): request_complete
    requestId: "req-3"
    method: "POST"
    path: "/api/auth/login"
    statusCode: 200
    responseTimeMs: 90.16
 ✓ tests/order-debts.integration.test.ts (2 tests) 615ms
   ✓ reports order-debts (database) > GET /reports/order-debts returns list shape 329ms
[22:44:42.167] DEBUG (21524): request_complete
    requestId: "req-4"
    method: "GET"
    path: "/api/test1/reports/order-debts/export"
    statusCode: 200
    responseTimeMs: 49.39
    tenantId: 1
    actorUserId: 1
 ✓ tests/bonus-rules.preview.test.ts (6 tests) 2ms
[22:44:44.967] DEBUG (10532): request_complete
    requestId: "req-1"
    method: "POST"
    path: "/api/auth/login"
    statusCode: 403
    responseTimeMs: 174.92
[22:44:45.055] DEBUG (10532): request_complete
    requestId: "req-2"
    method: "POST"
    path: "/api/auth/login"
    statusCode: 200
    responseTimeMs: 79.44
[22:44:45.078] DEBUG (10532): request_complete
    requestId: "req-3"
    method: "POST"
    path: "/api/test1/warehouses"
    statusCode: 201
    responseTimeMs: 21.11
    tenantId: 1
    actorUserId: 1
 ❯ tests/audit.integration.test.ts (2 tests | 1 failed) 484ms
   × audit-events API (database) > operator cannot list audit-events 190ms
     → expected 403 to be 200 // Object.is equality
[22:44:45.134] DEBUG (10532): request_complete
    requestId: "req-4"
    method: "GET"
    path: "/api/test1/audit-events"
    statusCode: 200
    responseTimeMs: 52.33
    tenantId: 1
    actorUserId: 1
 ✓ tests/agent-mobile-config.client-mobile.unit.test.ts (6 tests) 4ms
 ✓ tests/returns-bonus-reverse.peresort.test.ts (3 tests) 2ms
 ✓ tests/agent-mobile-config.sync-policy.unit.test.ts (4 tests) 16ms
 ✓ tests/returns-return-qty-bonus.test.ts (5 tests) 2ms
 ✓ tests/bonus-stack-policy.test.ts (6 tests) 2ms
 ✓ tests/report-builder-schemas.unit.test.ts (4 tests) 4ms
 ✓ tests/mobile-bonus-preview-filter.unit.test.ts (2 tests) 2ms
 ✓ tests/client-import-masks.test.ts (5 tests) 5ms
 ✓ tests/returns-filter.balance-zero.test.ts (3 tests) 3ms
[22:44:49.539] DEBUG (15100): request_complete
    requestId: "req-1"
    method: "POST"
    path: "/api/auth/login"
    statusCode: 200
    responseTimeMs: 165.7
 ✓ tests/dashboard-supervisor.integration.test.ts (1 test) 647ms
   ✓ supervisor dashboard API (database) > GET /api/test1/dashboard/supervisor returns snapshot quickly 518ms
 ✓ tests/returns-adjust-spill.test.ts (1 test) 2ms
 ✓ tests/legacy-permission-catalog.pure.test.ts (3 tests) 6ms
 ✓ tests/app-release.unit.test.ts (3 tests) 2ms
 ✓ tests/mobile-expeditor-schemas.unit.test.ts (4 tests) 3ms
 ✓ tests/visit-totals-report.integration.test.ts (1 test) 385ms
   ✓ visit-totals vs dashboard visit_report > single-day planned / visited / sales match snapshot logic 384ms
 ✓ tests/period-return-route.schema.test.ts (1 test) 2ms
 ✓ tests/rbac.permissions.pure.test.ts (1 test) 3ms
 ✓ tests/bonus-rule-lock-and-scope.test.ts (3 tests) 2ms
 ✓ tests/import-temp-file.test.ts (3 tests) 2ms
 ✓ tests/visit-totals-report.pure.test.ts (2 tests) 2ms
 ✓ tests/health.test.ts (1 test) 139ms
 ✓ tests/client-pinfl.normalize.test.ts (3 tests) 3ms
 ✓ tests/mobile-schemas.unit.test.ts (1 test) 3ms
 ✓ tests/mobile-sync-agent-scope.test.ts (1 test) 2ms
 ✓ tests/field-expeditor-gps.unit.test.ts (1 test) 2ms
 ✓ tests/orders-domain-coverage.smoke.test.ts (1 test) 894ms
   ✓ orders domain smoke (coverage include) > domain barrel importlanadi 893ms

⎯⎯⎯⎯⎯⎯ Failed Tests 13 ⎯⎯⎯⎯⎯⎯⎯

 FAIL  tests/audit.integration.test.ts > audit-events API (database) > operator cannot list audit-events
AssertionError: expected 403 to be 200 // Object.is equality

- Expected
+ Received

- 200
+ 403

 ❯ tests/audit.integration.test.ts:27:34
     25|       password: "secret123"
     26|     });
     27|     expect(loginResponse.status).toBe(200);
       |                                  ^
     28|     const token = loginResponse.body.accessToken as string;
     29| 

⎯⎯⎯⎯⎯⎯⎯⎯⎯⎯⎯⎯⎯⎯⎯⎯⎯⎯⎯⎯⎯⎯⎯[1/13]⎯

 FAIL  tests/client-qr.integration.test.ts > client-qr-codes API (database) > GET clients-without-qr/export returns CSV
AssertionError: expected '\ufeff"Клиент";"Телефон";"Зона / обла…' to contain 'name'

- Expected
+ Received

- name
+ ﻿"Клиент";"Телефон";"Зона / область";"Город"
+ "000 ISTEMTUR";"+998 (90) 132-40-44";"";"TV_YANGI_YUL"
+ "0055 SWET BEBI";"+998 (71) 320-05-5";"";"TSH_SHAYHONTOHUR"
+ "072 SHOH FARM";"+998 (90) 352-03-98";"";"TSH_SERGELI"
+ "1001 DOKON";"+998 (99) 000-6";"";"TV_YANGI_YUL"
+ "101 Milliy";"+998977143456";"";"TSH_UCHTEPA"
+ "10 киоска";"998977306";"";"TSH_UCHTEPA"
+ "1-104 Yusupov Mirtemir";"+998 (90) 315-61-63";"";""
+ "1-107 Azumov Akmal";"+998 (97) 799-97-37";"";""
+ "1-109 Sanoqulov Umidjon";"+998 (99) 708-68-64";"";""
+ "1-110 Nurkabilov Gʻayrat";"+998 (90) 189-48-48";"";""
+ "1-117 Zuparov Gayrat";"+998 (88) 707-83-07";"";""
+ "111 TABLETOK";"+998 (97) 996-74-41";"";"TV_YANGI_YUL"
+ "1-122 Davriyeva Arujan";"+998 (97) 780-59-06";"";""
+ "1-12 Nosirov Elyor";"+998 (90) 320-53-03";"";""
+ "1-14 Kaxarov Jasur";"+998 (88) 100-30-01";"";""
+ "1-163 Salixov Mansur Xaljurayevich";"+998 (98) 309-02-66";"";""
+ "1-18 Said Nuriddinov";"+998 (95) 449-77-22";"";""
+ "1-1 STREET  MCHJ";"998977199";"";"TSH_OLMAZOR"
+ "1-20 Ashurov Umidjon";"+998 (88) 081-59-59";"";""
+ "1-23 MAXAMATQOBILOV JASUR";"+998 (99) 103-36-44";"";""
+ "1-24 Saipov Kamoliddin";"+998 (98) 125-19-00";"";""
+ "12 DOKON";"+998 (99) 402-00-88";"";"TV_BOKA"
+ "1.31";"+998 (99) 821-6";"";"TSH_UCHTEPA"
+ "1-42 BABY SILICONE";"+998 (97) 722-71-31";"";""
+ "144 киоск";"+998 (90) 131-0";"";"TSH_UCHTEPA"
+ "1-60 Tashkentbayeva Sayyora Ikramovna";"+998 (97) 427-33-33";"";""
+ "1-61 Ashurov Shohruh";"+998 (91) 137-43-13";"";""
+ "1-64 Narzullayeva Nasiba Ibrohimovna";"+998 (90) 374-52-52";"";""
+ "1-66 Dilmuradov Muxiddin Juraqobilovich";"+998 (97) 752-67-16";"";""
+ "1-71 JABBOROV ZOYIR";"+998 (97) 746-67-19";"";""
+ "1-72 Yusupov E.E";"+998 (97) 772-75-77";"";""
+ "17-SON DORIXONA";"+998 (91) 795-06-39";"";"TV_CHIRCHIQ"
+ "181 DOKON";"+998 (90) 985-01-37";"";"TV_YANGI_YUL"
+ "1-82 Gʻafurov Shavkat";"+998 (91) 313-71-81";"";""
+ "1-83 Abduraimov Azamat";"+998 (91) 204-41-45";"";""
+ "1-88 Abdusattarov Abbos";"+998 (90) 003-47-68";"";""
+ "1-91 Majidova Umida";"+998 (90) 931-46-35";"";""
+ "1-93 Juraqulov Alisher";"+998 (98) 121-10-88";"";""
+ "1987 Charos opa";"(99) 894-1191";"";"TSH_SERGELI"
+ "1-99 Rahmatov Xumoyun";"+998 (97) 403-62-09";"";""
+ "1Фасад 6 б)докон";"+998 (90) 903-8";"";"TSH_UCHTEPA"
+ "2-100 Abdulaziz";"+998 (90) 928-04-60";"";""
+ "2.102";"+998 (88) 133-3";"";"TSH_UCHTEPA"
+ "2-102 QÕZIBOYEV OLIM";"+998 (88) 133-33-44";"";""
+ "2-110 Avzal aka";"+998 (97) 722-28-10";"";""
+ "2-12 Gadoymurodov Jamshidjon";"+998 (90) 939-37-78";"";""
+ "2-14 Sobir Davlatov";"+998 (97) 703-04-51";"";""
+ "21 DOKON";"+998 (93) 167-0";"";"TV_YANGI_YUL"
+ "2-24 Abdullayeva Nigora";"+998 (90) 981-67-81";"";""
+ "228-SON DORIXONA  MCHJ";"+998 (77) 777-57-14";"";"TV_CHIRCHIQ"
+ "24 OPEN  MCHJ";"+(99) 894-6106";"";"TSH_YANGIXAYOT"
+ "2-51 Gʻaviyev Sharof";"+998 (91) 643-99-81";"";""
+ "2-54 Optom Moyushiy";"+998 (90) 035-00-01";"";""
+ "2-63 Uzgel";"+998 (90) 809-09-11";"";""
+ "2-65 Salaxitdinov Kamoliddin";"+998 (97) 434-87-07";"";""
+ "2-85 Qõziboyev Olim";"+998 (97) 746-01-78";"";""
+ "2-91 Majitov Abduhamid";"+998 (94) 679-79-87";"";""
+ "2-93 POLVONOV LOCHIN";"+998 (99) 819-03-12";"";""
+ "30 hil Wawli";"+998911343278";"";"TSH_UCHTEPA"
+ "30-SONLI DORIXONA MCHJ";"(99) 897-7523";"";"SR_QUYI_CHIRCHIK"
+ "3-100 Salim aka";"+998 (90) 358-48-75";"";""
+ "3-102 EXCLUSIVE PARFUMS WORLD";"+998 (90) 922-08-05";"";""
+ "3-108 JUST FOR BABY";"+998 (90) 917-99-95";"";""
+ "3-10 Yoqibov Ibrohim Xalil õg'li";"+998 (91) 462-40-80";"";""
+ "3-110 Grand cosmetics";"+998 (97) 745-08-70";"";""
+ "3.111";"+998 (94) 826-4";"";"TSH_UCHTEPA"
+ "3-112 Parfums 9990";"+998 (97) 775-02-90";"";""
+ "3-14 Arolova Maftuna";"+998 (90) 788-82-79";"";""
+ "3-1 Abduqayumov Jonibek";"+998 (97) 470-27-47";"";""
+ "3-21 Rajabov ÕTKIR";"+998 (97) 342-71-76";"";""
+ "32-DOKON";"998993042509";"";"TSH_BEKTEMIR"
+ "3-31 Shamsiyev Õktam";"+998 (97) 754-74-47";"";""
+ "3 32";"(99) 888-7058";"";"TSH_UCHTEPA"
+ "3-32 Ifiem savdo";"+998 (90) 942-96-78";"";""
+ "3-33 BABY SILICONE";"+998 (97) 708-61-22";"";""
+ "3-3 ABDUQODIR USMONOV";"+998 (91) 957-50-97";"";""
+ "3-47 Abdukarimov Abdulloh Abduxalilov";"+998 (93) 659-04-21";"";""
+ "3-48 Ilyasov Dilmurod Sultanmuratovich";"+998 (98) 304-42-42";"";""
+ "3-50 Xakimova Dilnoza Abdisamatovna";"+998 (90) 974-63-09";"";""
+ "3-52 Gulrux-baraka bizness-777mas'uliyati cheklangan jamiyati";"+998 (90) 322-53-85";"";""
+ "3535 OOO SOBIRJONOV ZIYODILLO";"(90) 397-3535";"";"TSH_SERGELI"
+ "3-56 Bahromov Rasul";"+998 (90) 320-07-33";"";""
+ "3-59 Ashurov Ahmad";"+998 (91) 638-31-89";"";""
+ "3-63 Zaripov Group";"+998 (90) 953-68-68";"";""
+ "3-65 Shoyakubov Shomansur";"+998 (90) 185-84-88";"";""
+ "3-68 Tishabayev Kozimbek";"+998 (90) 988-77-37";"";""
+ "3-73 Sharipova Nigora";"+998 (97) 747-47-32";"";""
+ "3-76 Muhammad-Ibrohim-Savdo";"+998 (90) 136-24-17";"";""
+ "3-78 ODILOVA MUXTASOY";"+998 (97) 763-68-14";"";""
+ "3-7 CLEAN WASH";"+998 (88) 746-40-40";"";""
+ "3-84 TURDIYEV DILSHOD";"+998 (97) 133-88-82";"";""
+ "3-94 Just for baby";"+998 (90) 917-99-95";"";""
+ "3-99 Tashniyozova Dilorom";"+998 (99) 111-15-71";"";""
+ "39 докон подвол";"";"";"TSH_UCHTEPA"
+ "4-100 Ochilova Shaxlo";"+998 (90) 323-02-66";"";""
+ "4-101 Boriboyev R.S";"+998 (97) 462-17-57";"";""
+ "4-103 BONUS Market";"+998 (91) 165-73-75";"";""
+ "4-15 Babayev Bozorboy Muxamadovich";"+998 (90) 928-73-25";"";""
+ "4-16 Kosimov Abdurasul Abdumannonovich";"+998 (90) 903-49-94";"";""
+ "4-25 Eshev Farruh";"+998 (91) 133-32-35";"";""
+ "4-27 Abdullayev Adxam Otamurodovich";"+998 (97) 729-75-57";"";""
+ "4.43";"+998 (90) 912-8";"";"TSH_UCHTEPA"
+ "4-43 Yusuf-Gʻafur-Savdo";"+998 (90) 912-82-08";"";""
+ "4-46 ERMATOV SURAT";"+998 (97) 737-53-55";"";""
+ "4-51 Risq market";"+998 (90) 353-07-77";"";""
+ "4-54 Kosimov Akbar";"+998 (90) 010-71-83";"";""
+ "4-61 Mamanov Gʻiyos";"+998 (90) 124-38-92";"";""
+ "4-62 Shakirova Nazira";"+998 (99) 864-73-85";"";""
+ "4 68";"+998 (33) 797-7";"";"TSH_UCHTEPA"
+ "4-68 Saidov Sherzod";"+998 (88) 170-18-48";"";""
+ "4-6 Turdiyev Islom";"+998 (90) 615-56-02";"";""
+ "4-70 Salomov Jahongir";"+998 (97) 109-02-40";"";""
+ "4.70 повелеон";"+998 (97) 109-0";"";"TSH_UCHTEPA"
+ "4.70 повелеон";"(97) 109-0240";"";"TSH_UCHTEPA"
+ "4-72 Bõriyev Rõzmurod";"+998 (90) 357-25-62";"";""
+ "4-84 Axunov Sharifjon";"+998 (90) 963-09-74";"";""
+ "4-86 Avozov Abdulla";"+998 (90) 935-18-82";"";""
+ "4-92 Donyorova Xadicha";"+998 (90) 729-72-64";"";""
+ "4.93";"(99) 897-4400";"";"TSH_UCHTEPA"
+ "4-93 Sungatullina Zuxra Damirovna";"+998 (97) 440-04-26";"";""
+ "4 b 24";"(99) 897-7178";"";"TSH_UCHTEPA"
+ "5-146 Akobir";"+998 (97) 157-88-45";"";""
+ "555 MARKET1";"+(99) 899-8650";"";"TSH_SERGELI"
+ "555 MARKET2";"+(99) 899-8166";"";"TSH_SERGELI"
+ "571";"+998977336889";"";"TSH_UCHTEPA"
+ "5 DOKON";"+998 (97) 721-36-46";"";"TV_BOKA"
+ "60-DOKON";"998972602602";"";"TSH_BEKTEMIR"
+ "6 fasad";"+998 (90) 997-7";"";"TSH_UCHTEPA"
+ "6 повелеон 5 докон";"(99) 897-5888";"";"TSH_UCHTEPA"
+ "7-106 Eshonqulov Obid";"+998 (97) 731-02-87";"";""
+ "7-153 Toshev Orzimurod";"+998 (99) 408-39-33";"";""
+ "7-20 Sher proff biznes";"+998 (99) 860-98-89";"";""
+ "7-63 Mamatqulov Farruh";"+998 (90) 974-03-59";"";""
+ "7-66 NARGIZ COSMETICS";"+998 (97) 705-74-74";"";""
+ "777 BIZNES  MCHJ";"9989111011";"";"TSH_MIRZO_ULUGBE"
+ "777 COMMERSANT MCHJ";"998946134323";"";"TSH_YUNUSOBOD"
+ "777 MARKET MCHJ";"+(99) 894-9211";"";"TV_BOKA"
+ "777 XAZINA MCHJ";"+(99) 888-4266";"";"TSH_SERGELI"
+ "7+ APTEKA";"+998977634993";"";"TV_KIBRAY"
+ "7 QADAM";"+998 (93) 598-46-56";"";"TSH_YANGIXAYOT"
+ "7 QISMAT YTT";"998900046";"";"TSH_OLMAZOR"
+ "8.80";"(99) 888-7098";"";"TSH_UCHTEPA"
+ "888 apteka";"+998977069819";"";"TSH_MIRZO_ULUGBE"
+ "911 APTEKA MCHJ";"+998 (99) 803-64-84";"";"TSH_MIRZO_ULUGBE"
+ "95Launje";"+998330333347";"";"TSH_SERGELI"
+ "999 APTEKA";"+998 (97) 559-97-97";"";"TV_PISKENT"
+ "A114  XK";"+998 (71) 296-09-90";"";"TSH_YASHNABOD"
+ "AAA GROCERY MARKET  MCHJ";"+998977277307";"";"TSH_YAKKASAROY"
+ "AAA NEW MARKET  MCHJ";"(99) 897-9893";"";"TSH_CHILONZOR"
+ "AAAR  XK (AYLIN)";"91 782 80 44";"";"TSH_SERGELI"
+ "AAA XAMRAYEV BUSINESS  MCHJ";"+(99) 894-9329";"";"TV_OHANGARON"
+ "A A IDEAL  OK";"998990838333";"";"TV_TUMANI"
+ "ABABAKIROV MAXAMATXAN   YATT";"998935855969";"";"TV_TUMANI"
+ "Aba Cafe";"+998903234567";"";"TSH_CHILONZOR"
+ "ABBAS MARKET";"+998 (98) 500-22-00";"";"TSH_CHILONZOR"
+ "ABBOS AZIZA YTT";"+998938125";"";"TSH_YAKKASAROY"
+ "ABBOS AZIZ GREEN FOOD  MCHJ";"998909151818";"";"TSH_BEKTEMIR"
+ "ABBOSBEK VA TEMURBEK  MCHJ";"998951369400";"";"TSH_OLMAZOR"
+ "ABBOS FAYZ FARM";"+998 (90) 357-53-72";"";"TV_TOYTEPA"
+ "ABBOS GOLDEN FARM";"+998 (90) 141-06-17";"";"TV_ZANGIOTA"
+ "ABBOS PANTERA BIZNES  MCHJ";"998930708270";"";"TSH_YASHNABOD"
+ "ABBOS SAVDO  XK";"(99) 890-3386";"";"SR_QUYI_CHIRCHIK"
+ "ABBOS SHAXBOZ YTT";"+998 (94) 664-49-40";"";"TV_PARKENT"
+ "ABBOS SHUHRATOVICH TRADE  OK";"998903727191";"";"TSH_YANGIXAYOT"
+ "ABBOS TORAYEV BEGZOD YTT";"998935296340";"";"TSH_SHAYHONTOHUR"
+ "ABDALIYEVA MUBORAK FAYZULLOYEVNA";"50 818 77 11";"";"TV_OLMALIK"
+ "ABDAZIMOVA MAFTUNA  YTT";"998994683683";"";"TV_CHIRCHIQ"
+ "ABDAZOVA ROZA TASHPILATOVNA  YTT";"998909358351";"";"TSH_MIROBOD"
+ "ABDAZXODJAEV YUSUF XABIBULAYEVICH YTT";"+(99) 899-8787";"";"TSH_YANGIXAYOT"
+ "ABDIEVA MUNIRA";"+998903221595";"";"TSH_SERGELI"
+ "ABDIGANIYEVA MAVLUDAXON  YTT";"998930056050";"";"TSH_MIROBOD"
+ "ABDIGANIYEV SAIDVALI  YTT";"998983077094";"";"TSH_BEKTEMIR"
+ "ABDIHOLIQOV MUHRIDDIN YTT";"998999006";"";"TV_CHIRCHIQ"
+ "ABDIHOMIDOV JAVOHIRBEK YTT";"91 626 24 94";"";"TSH_CHILONZOR"
+ "ABDIJABBOROV HUSNIDDIN  YTT";"998900102";"";"TSH_YASHNABOD"
+ "ABDIJABBOROV ORTIQABDINAZAR OGLI YTT";"+(99) 833-6720";"";"TSH_YANGIXAYOT"
+ "ABDIKADIROVA MANZURA  YTT";"94 429 12 77";"";"TV_KIBRAY"
+ "ABDIKAPPAROVA DILSHODA YTT";"998974200557";"";"TV_CHIRCHIQ"
+ "ABDIKARIMOV  SHERALI BAXADIROVICH";"998903312277";"";"SR_QUYI_CHIRCHIK"
+ "ABDIMALIK ABU ABDUVOHID MCHJ";"+998 (91) 903-77-02";"";"TV_YUKORI_CHIRCH"
+ "ABDINAZAROV SUXROB  YTT";"998909040244";"";"TSH_MIRZO_ULUGBE"
+ "ABDIRAXMONOV ABDULAZIZ YTT";"+(99) 899-3100";"";"TSH_SERGELI"
+ "ABDIYEVA KOMILA  YTT";"";"";"TV_PARKENT"
+ "ABDUAZIM ABDUMALIKOV YTT";"+998 (88) 646-99-66";"";"TV_TOYTEPA"
+ "ABDUAZIZ AKTIV  MCHJ";"998712291467";"";"TSH_OLMAZOR"
+ "ABDUFATTOXOV HASAN ABDURAZZOQ OGLI YTT";"998998525959";"";"TSH_SHAYHONTOHUR"
+ "Abdugani Ota Milliy Taomlari";"+998977121380";"";"TSH_CHILONZOR"
+ "ABDUGANIYEV SARVARBEK  YTT";"998913620001";"";"TSH_MIRZO_ULUGBE"
+ "ABDUGOFFOROV MCHJ";"+998 (94) 934-12-37";"";"TV_OHANGARON"
+ "ABDUGʼOFFOROV  YTT";"998941583";"";"TV_ORTA_CHIRCHIK"
+ "ABDUHAMIDOVA RUXSORABONU  YTT";"998772677175";"";"TSH_YANGIXAYOT"
+ "ABDUHAMIDOV XOJALIK MOLLARI  MCHJ";"";"";"TSH_UCHTEPA"
+ "ABDUHAYUBOVA DILOBAR YTT";"+(97) 538-7121";"";"TV_YANGI_YUL"
+ "ABDUHOMIDOV JAVOHIRBEK";"998916362";"";"TSH_CHILONZOR"
+ "ABDUHOMIDOV JAVOHIRBEK";"998916362494";"";"TSH_CHILONZOR"
+ "ABDUJABAROVA MARXAMAT   YTT";"99884494929";"";"TV_CHIRCHIQ"
+ "ABDUJABBAROVA FERUZA YTT";"+(99) 899-4094";"";"TV_OHANGARON"
+ "ABDUJALIL MEDICAL  MCHJ";"998908126605";"";"TSH_CHILONZOR"
+ "ABDUJALILOVA GULNORA BAXTIYOROVNA  YTT";"998998891303";"";"TSH_MIRZO_ULUGBE"
+ "ABDUJALILOVA OMINA YTT";"998930673031";"";"TSH_OLMAZOR"
+ "ABDUJALILOV SHOVKAT  YTT";"+998 (90) 902-22-25";"";"SR_QUYI_CHIRCHIK"
+ "ABDUJALIL ZOKIR ORZUSI MCHJ";"998976168322";"";"TV_CHIRCHIQ"
+ "ABDUJALULOV";"998946571";"";"TSH_SHAYHONTOHUR"
+ "ABDUKADIROVA AZIZA  YTT";"(99) 890-0517";"";"SR_QUYI_CHIRCHIK"
+ "ABDUKADIROVA SABINA YTT";"998999100";"";"TV_CHIRCHIQ"
+ "ABDUKADIROVA UMIDA   YTT";"998917791";"";"TV_CHIRCHIQ"
+ "ABDUKARIM OTA";"998712836464";"";"TSH_YASHNABOD"
+ "ABDUKAYUMOV FARRUX  YTT";"998998392493";"";"TV_ANGREN"
+ "ABDULALAEV.F.N  YTT";"998935945";"";"TSH_YUNUSOBOD"
+ "ABDULAXATOVA DILAFRUZ YTT";"+(99) 899-3017";"";"SR_QUYI_CHIRCHIK"
+ "ABDULAYEV ABDURRAXIM TOXIROVICH YTT";"998934776";"";"TSH_SHAYHONTOHUR"
+ "ABDULAYEV IKROMJON  YTT";"+998977766";"";"TV_ZANGIOTA"
+ "ABDULAZIZ CHOYXONASI  OK";"998909190055";"";"TSH_BEKTEMIR"
+ "ABDULAZIZ SHAXRIZOD";"+998 (90) 321-55-96";"";"TSH_YUNUSOBOD"
+ "ABDULHAYEV ABDULAZIZ YTT";"+998 (99) 003-04-11";"";"TSH_UCHTEPA"
+ "ABDULHAY HOJI OTA   MCHJ";"998935867845";"";"TSH_YUNUSOBOD"
+ "ABDULLAEV MUHAMMAD";"998946171807";"";"TSH_BEKTEMIR"
+ "ABDULLAEV MUXAMMADILLO";"+998935630008";"";"TSH_CHILONZOR"
+ "ABDULLAEV NEMATULLA  YTT";"998981993309";"";"TV_TUMANI"
+ "ABDULLAJON OMAD ISHONCH  OK";"998998310349";"";"TV_TUMANI"
+ "ABDULLAJONOV SAYDULLA YTT";"(99) 898-0255";"";"TV_ORTA_CHIRCHIK"
+ "ABDULLA NUR MARKET MCHJ";"+(99) 890-1259";"";"TSH_SERGELI"
+ "ABDULLA OTA  MCHJ";"998938935959";"";"TV_TUMANI"
+ "ABDULLA XOJA OGLI NURIDDIN  OK";"998993714342";"";"TV_TUMANI"
+ "ABDULLAYEV ABDUGAFFAR  YTT";"998946113599";"";"TSH_OLMAZOR"
+ "ABDULLAYEV ABDULAZIZ TASHKINJON OGLI  YTT";"998998987262";"";"TSH_YUNUSOBOD"
+ "ABDULLAYEVA DANAXAN YTT";"+998 (94) 764-67-90";"";"TSH_UCHTEPA"
+ "ABDULLAYEV ADHAM 4.27";"977297557";"";"TSH_UCHTEPA"
+ "ABDULLAYEVA GULSHAN YTT";"+998 (97) 604-2";"";"TV_YANGI_YUL"
+ "ABDULLAYEVA GUZAL  YTT";"+(99) 890-3304";"";"TSH_SERGELI"
+ "ABDULLAYEVA MAMURAXON YTT";"+998 (94) 418-87-04";"";"TV_OLMALIK"
+ "ABDULLAYEVA MUXABBAT RIQSIVOY QIZI  YTT";"+(99) 895-1707";"";"TSH_UCHTEPA"
+ "ABDULLAYEVA RANO  YTT";"+998995104";"";"TV_ZANGIOTA"
+ "ABDULLAYEVA SHAXNOZA YTT";"(99) 894-4162";"";"TV_OLMALIK"
+ "Abdullayev Asliddin";"+998508005998";"";"TSH_YANGIXAYOT"
+ "ABDULLAYEVA ZEBINISO   YTT";"998908093";"";"TV_CHIRCHIQ"
+ "ABDULLAYEV BOTIR  YTT";"998998612449";"";"TV_TUMANI"
+ "ABDULLAYEV DJURABAY UBAYDULLAYEVICH  YTT";"998977238083";"";"TV_TUMANI"
+ "ABDULLAYEV FAYZULLA YTT";"998944754";"";"TV_TUMANI"
+ "ABDULLAYEV FAYZULLO YTT";"998977443";"";"TV_KIBRAY"
+ "ABDULLAYEV MARUFJON HAMIDULLAYEVICH YTT";"+998 (91) 136-66-02";"";"TSH_UCHTEPA"
+ "ABDULLAYEV NODIRBEK  YTT";"998973319909";"";"TV_YANGI_YUL"
+ "ABDULLAYEV PHARMA GROUP";"+998 (95) 558-45-55";"";"TSH_SHAYHONTOHUR"
+ "ABDULLAYEV RASUL  YTT";"+998331202222";"";"TSH_SERGELI"
+ "ABDULLAYEV SARVAR MCHJ";"+(99) 890-9110";"";"TSH_CHILONZOR"
+ "ABDULLAYEV SUNNATULLA  YTT";"998998152445";"";"TV_TUMANI"
+ "ABDULLAYEV ZABIXULLA  YTT";"+90 039 35 35";"";"TSH_SERGELI"
+ "ABDULLAYEV ZAFAR  YTT";"998995019516";"";"TSH_YASHNABOD"
+ "ABDULLOH AISHA  MCHJ";"998946950313";"";"TV_BOSTONLIQ"
+ "ABDULLOH JASMINA BARAKA";"+935037394";"";"TV_ORTA_CHIRCHIK"
+ "ABDULLO NEW SERVICE MCHJ";"998909732226";"";"TSH_BEKTEMIR"
+ "ABDULLO NISHANOV ABDIKARIMOVICH YTT";"+(99) 893-1240";"";"TSH_YANGIXAYOT"
+ "ABDULLO OTA BARAKA";"+998 (97) 536-12-86";"";"TV_TOYTEPA"
+ "ABDULLOX EXCLUSIVE TRADE GROUP MCHJ";"998909969115";"";"TSH_YUNUSOBOD"
+ "ABDULLOX XADICHA FAYZ BARAKA  MCHJ";"998966666597";"";"TV_BOSTONLIQ"
+ "ABDULLOYEVA SEVARA  YTT";"998775017140";"";"TSH_SERGELI"
+ "ABDULLOYEV SHOXJAHON  YTT";"+(99) 894-6508";"";"TV_ORTA_CHIRCHIK"
+ "ABDULQOSIMOV SARVAR  YTT";"+998974456464";"";"TV_ZANGIOTA"
+ "ABDULXANOV ZIYODILLA";"99 051 95 99";"";"SR_QUYI_CHIRCHIK"
+ "ABDUMALIK-IMRONBEK OK";"+998 (91) 467-00-76";"";"TSH_UCHTEPA"
+ "ABDUMALIKOV SHAXZOD  YTT";"998997224527";"";"TSH_YUNUSOBOD"
+ "ABDUMALIKOV SHUXRAT  YTT";"+998 (94) 126-26-00";"";"SR_QUYI_CHIRCHIK"
+ "ABDUMALIKOV YAHYOXUJA  YTT";"998992221616";"";"TV_BOSTONLIQ"
+ "ABDUMANNOBOVA DINORA";"998917766014";"";"TV_CHIRCHIQ"
+ "ABDUMANNOBOVA MAXLIYO G'ULOMJON QIZI";"998952355550";"";"TV_OHANGARON"
+ "ABDUMANNOPOVA SARVINOZ YTT";"+998 (90) 952-22-60";"";"SR_QUYI_CHIRCHIK"
+ "ABDUMANNOPOV NURBEK YTT";"+998 (97) 604-87-13";"";"TV_YANGI_YUL"
+ "ABDUMANOPOV ABDUMALIK YTT";"+998998694758";"";"TV_YANGI_YUL"
+ "ABDUMAVLYANOV SHOXRUX YTT";"+(99) 894-4131";"";"TV_OLMALIK"
+ "ABDU MIF";"+998 (90) 812-13-00";"";"TSH_UCHTEPA"
+ "ABDUMUSLIM 31 MCHJ";"998945623";"";"TSH_BEKTEMIR"
+ "ABDUMUSLIM 8 YTT";"998996887013";"";"TSH_BEKTEMIR"
+ "ABDUMUTALOV ABDURASHID YTT";"+998 (90) 348-0";"";"SR_QUYI_CHIRCHIK"
+ "ABDUNAZAROVA SEVARA";"998938030523";"";"TV_OLMALIK"
+ "ABDUNAZAROV SHAROFIDDIN QAXRAMON O'G'LI";"+948444680";"";"TV_OLMALIK"
+ "ABDUNAZAROV ZOIR JORAYEVICH  YTT";"+(99) 893-9053";"";"TSH_UCHTEPA"
+ "ABDUQAXOR MARKET   XK";"+998983131747";"";"TV_ZANGIOTA"
+ "ABDUQAYUMOV XUSAN ABDUSAMATOVICH";"+998997959027";"";"TSH_UCHTEPA"
+ "ABDUQODIROV SAID-ISLOMBEK MAXAMADSODIQ OGLI  YTT";"998997102757";"";"TV_CHIRCHIQ"
+ "ABDUQODIROV SHUHRAT YATT";"+998 (90) 111-62-82";"";"TV_PISKENT"
+ "ABDURAHIMOVA NOZIMA";"998998431";"";"TSH_YUNUSOBOD"
+ "ABDURAHIMOV AZIMJON  YTT";"998977715563";"";"TV_TUMANI"
+ "ABDURAHIMOV BAHODIR  YTT";"998900147506";"";"TSH_YASHNABOD"
+ "ABDURAHIMOV JAHONGIR  YTT";"998946310044";"";"TV_TUMANI"
+ "ABDURAHIMOV SHOKIR YATT";"+998 (90) 321-95-00";"";"TV_TOYTEPA"
+ "ABDURAHMON BARAKA  MCHJ";"998971224884";"";"TV_TUMANI"
+ "ABDURAHMON OSH MARKAZI";"+998 (00) 000-00-00";"";"TSH_CHILONZOR"
+ "ABDURAHMONOV ABDULAZIZ";"998993100958";"";"TSH_SERGELI"
+ "ABDURAHMONOV AKBAR YATT";"+(99) 894-9394";"";"TV_BOKA"
+ "ABDURAHMONOVA MANZURA YTT";"998975648";"";"TV_KIBRAY"
+ "ABDURAHMONOVA NARGIZA YTT";"998946242124";"";"TV_KIBRAY"
+ "ABDURAHMONOVA NAZOKAT  YTT";"998947874";"";"TV_KIBRAY"
+ "ABDURAHMONOV DONIYOR  YTT";"+(99) 894-2121";"";"TV_YANGI_YUL"
+ "ABDURAHMONOV FAHRIDIN  YTT";"+998 (97) 537-75-67";"";"TV_YANGI_YUL"
+ "ABDURAHMONOV KAXRAMON";"+998990208040";"";"TSH_OLMAZOR"
+ "ABDURAHMONOV MUZAFFAR  YTT";"+998886048844";"";"TV_YANGI_YUL"
+ "ABDURAHMONOV NODIR YATT";"+998 (98) 126-67-40";"";"TV_BOKA"
+ "ABDURAHMONOV R. N YTT";"+998 (99) 818-22-12";"";"TSH_UCHTEPA"
+ "ABDURAHMONOV SIROJIDDIN  YTT";"998338881";"";"TSH_YUNUSOBOD"
+ "ABDURAIM ABDUMALIK SAVDO. MCHJ";"+998 97 365 00 79";"";"TV_ORTA_CHIRCHIK"
+ "ABDURAIMOVA DILDORA YTT";"(99) 890-9331";"";"SR_QUYI_CHIRCHIK"
+ "ABDURAIMOVA NASIBA  YTT";"+998 (93) 165-46-46";"";"TV_ANGREN"
+ "ABDURAIMOV IZZAT YTT";"(99) 899-6416";"";"TV_OHANGARON"
+ "ABDURASHIDOV AMIRXON YTT";"998998108844";"";"TSH_YASHNABOD"
+ "ABDURASHIT ABDUMAJIT XK";"998935806156";"";"TSH_OLMAZOR"
+ "ABDURASULOV ABDULAZIZ  YTT";"99877612061";"";"TV_KIBRAY"
+ "ABDURASULOV ABDUQAXXOR ABDUGOPPAROVICH  YTT";"998998193512";"";"TV_KIBRAY"
+ "ABDURASULOVA MOHINUR OMAD BARAKA MCHJ";"+998 (90) 009-02-99";"";"TSH_YUNUSOBOD"
+ "ABDURASULOVA SOXIBAXON RAXIMOVNA";"+998 (93) 153-48-84";"";"TV_OHANGARON"
+ "ABDURASULOV ELMIROD YTT";"+998 (98) 949-01-10";"";"TV_PARKENT"
+ "ABDURASULOV ELMUROD ABDUXALIKOVICH YTT";"+998 (95) 014-32-92";"";"TV_PARKENT"
+ "ABDURASULOV ELYOR  YTT";"998712410720";"";"TSH_SHAYHONTOHUR"
+ "ABDURASULOV ILHOM YTT";"+998 (97) 673-44-64";"";"TV_PARKENT"
+ "ABDURASULOV  MUHAMMADALI  YTT";"+998 (94) 628-08-11";"";"TV_ANGREN"
+ "ABDURASULOV OTABEK ABDURASUL OGLI";"998903910704";"";"TSH_YASHNABOD"
+ "ABDURASULOV SHUXRAT YTT";"(99) 894-1903";"";"TSH_CHILONZOR"
+ "ABDURAUF MARKET MCHJ";"998917767";"";"TV_CHIRCHIQ"
+ "ABDURAXATOVA NARGIZA YTT";"998997271225";"";"TV_OHANGARON"
+ "ABDURAXIMOVA MUYASSAR YATT";"+998 (97) 430-41-15";"";"TV_TOYTEPA"
+ "ABDURAXIMOV INKOR OK";"998935594";"";"TV_KIBRAY"
+ "ABDURAXIMOV SARDOR  YTT";"+998931060031";"";"TSH_SERGELI"
+ "ABDURAXMANOV ZAFARJON SHARIPOVICH  YTT";"998996465666";"";"TSH_OLMAZOR"
+ "ABDURAXMON ABDURAXIM ASL SAVDO  MCHJ";"998999297505";"";"TV_TUMANI"
+ "ABDURAXMONOV ABDUMAJID YTT";"998935795655";"";"TV_OHANGARON"
+ "ABDURAXMONOV ABDURASHID  YTT";"+998990271663";"";"TV_YANGI_YUL"
+ "ABDURAXMONOVA DIDORA TOXIR QIZI  YTT";"998917787899";"";"TV_CHIRCHIQ"
+ "ABDURAXMONOV ALISHER YTT";"+(99) 890-9104";"";"TSH_MIROBOD"
+ "ABDURAXMONOVA XOLIDA ABDUVAXOB QIZI  YTT";"(99) 894-9230";"";"TV_OLMALIK"
+ "ABDURAXMONOV BAHTIYOR";"+998 (91) 190-03-11";"";"TSH_SHAYHONTOHUR"
+ "ABDURAXMONOV JAVLONBEK BAXTIYOR OGLI YTT";"+(99) 893-5833";"";"TSH_YANGIXAYOT"
+ "ABDURAXMONOV SAYDULA XAYRULAEVICH YTT";"+998977230";"";"TSH_YAKKASAROY"
+ "ABDURAXMONXOJA BIZNES YTT";"+998555114";"";"TSH_YAKKASAROY"
+ "ABDURAZAKOVA FERUZA  YTT";"998951172200";"";"TSH_SHAYHONTOHUR"
+ "ABDURAZAKOVA SHOIRA RAVSHANOVNA  YTT";"998935472639";"";"TSH_BEKTEMIR"
+ "ABDURAZAKOV BAXODIR YTT";"998909169";"";"TV_ZANGIOTA"
+ "ABDURAZAKOV FAXRIDDIN  YTT";"998900533303";"";"TSH_OLMAZOR"
+ "ABDURAZZAQOV ELNUR  YTT";"998903573071";"";"TSH_UCHTEPA"
+ "ABDUROZIQ BARAKA FARM";"+998 (97) 447-97-82";"";"TV_YANGI_YUL"
+ "ABDUSALIMOVA MUXAYO KUKEYEVNA  YTT";"998993782191";"";"TSH_OLMAZOR"
+ "ABDUSALOM OBOD SAVDO  MCHJ";"998991880105";"";"TSH_SHAYHONTOHUR"
+ "ABDUSALOMOVA FERUZA  YTT";"998913229798";"";"TSH_SERGELI"
+ "ABDUSALOMOV ASQAR";"+998 (94) 627-65-06";"";"TSH_UCHTEPA"
+ "ABDUSALOMOV MAHMUDJON YTT";"+998 (90) 903-59-68";"";"TSH_UCHTEPA"
+ "ABDUSAMADOVA GULSARA  YTT";"998998991630";"";"TSH_OLMAZOR"
+ "ABDUSAMADOV DILMUROD OK";"998946212528";"";"TSH_YUNUSOBOD"
+ "ABDUSAMADOV FATHULLA YTT";"909627772";"";"TSH_SERGELI"
+ "ABDUSAMAT BIZNESS MCHJ";"+998330074";"";"TSH_MIROBOD"
+ "ABDUSAMATOV FATXULLA  YTT";"+998909627772";"";"TSH_SERGELI"
+ "ABDUSAMATOV ORIF  YTT";"(90) 811-5989";"";"TSH_CHILONZOR"
+ "ABDUSATTOROVA XILOLA   YTT";"99877219848";"";"TV_CHIRCHIQ"
+ "ABDUSATTOROV SIROJIDDIN  YTT";"99870337374";"";"TSH_MIRZO_ULUGBE"
+ "ABDUVAHOBOV ABDULBOSIT  YTT";"998903218321";"";"TSH_OLMAZOR"
+ "ABDUVALIEVA GULNAZ  YTT";"+998 (94) 935-22-24";"";"TV_OLMALIK"
+ "ABDUVALIEV DAVRON";"998971333452";"";"TSH_MIROBOD"
+ "ABDUVALIYEV ABDUMUROD  YTT";"998950725557";"";"TV_TUMANI"
+ "ABDUVALIYEV  ABDUQODIR  YTT";"998909298303";"";"TSH_YASHNABOD"
+ "ABDUVALIYEVA LOBAR MCHJ";"+998712995";"";"TSH_MIROBOD"
+ "ABDUVALIYEV OYBEK UTKUROVICH YTT";"998911920";"";"TSH_OLMAZOR"
+ "ABDUVALIYEV  YTT";"900996449";"";"TV_PARKENT"
+ "ABDUVAXOBJONOV ABDUBOSIT YTT";"+998 (99) 178-33-22";"";"TV_ZANGIOTA"
+ "ABDUVAXOBOV MUHAMMADAMIN YTT";"+(33) 807-2726";"";"TV_PARKENT"
+ "ABDUVOHOB ABDULVAHID YTT";"+998 (33) 618-70-00";"";"TSH_UCHTEPA"
+ "ABDUVOIDOV AH   MCHJ";"333233363";"";"TSH_CHILONZOR"
+ "ABDUVOITOVA NARGIZA YTT";"+998 (94) 216-99-51";"";"TV_OLMALIK"
+ "ABDUVORIS MARKET OK";"998998384";"";"TSH_BEKTEMIR"
+ "ABDUVOXIDOV ABDUQODIR  YTT";"+998999987874";"";"TV_ZANGIOTA"
+ "ABDUVOXIDOV OTABEK  YTT";"+998 (99) 833-37-37";"";"TSH_MIROBOD"
+ "ABDUXAKIMOVA OZODA  YTT";"998977528285";"";"TV_KIBRAY"
+ "ABDUXALILOVA MALIKA YATT";"998971255";"";"TSH_YUNUSOBOD"
+ "ABDUXALILOV BUNYODJON YTT";"";"";"TV_YANGI_YUL"
+ "ABDUXALILOV MUHAMMADBOBUR  YTT";"+998957718601";"";"TSH_SERGELI"
+ "ABDUXALILOV ORIF  YTT";"+998 (90) 359-11-04";"";"SR_QUYI_CHIRCHIK"
+ "ABDUXALIL XK";"+998 (90) 962-33-36";"";"TV_YANGI_YUL"
+ "ABDUXAMIDOV ABDULAZIZ  YTT";"958446604";"";"TSH_UCHTEPA"
+ "Abduxamidova madina";"+998 33 009 09 39";"";"TV_BOKA"
+ "ABDUXAMIDOV JAVOHIRBEK  YTT";"916362494";"";"TSH_CHILONZOR"
+ "ABDUXAMID SAVDO MCHJ";"+(99) 897-7120";"";"TSH_UCHTEPA"
+ "ABDUXOLIQOV SIROJIDDIN  YTT";"+(99) 891-0086";"";"SR_QUYI_CHIRCHIK"
+ "ABDYMALIK-IMRONBEK  OK";"+998914670076";"";"TSH_UCHTEPA"
+ "ABIDJONOV ADILJON  YTT";"998977504400";"";"TSH_YUNUSOBOD"
+ "ABIDOVA NARGIZA YTT";"+998 (99) 820-33-31";"";"TSH_UCHTEPA"
+ "ABIDOV IBROXIM SODIQOVICH  YTT";"+(99) 897-4320";"";"TSH_SERGELI"
+ "ABIDOV SARDOR  YTT";"998983651";"";"TSH_SHAYHONTOHUR"
+ "ABILOVA BARNO FARXODOVNA";"+998 (94) 620-45-01";"";"TV_OHANGARON"
+ "ABIULKASIMOVA NASIMA NASIRJANOVNA  YTT";"+(99) 899-8919";"";"TSH_SERGELI"
+ "ABROR ARSLONOVICH HAQBERDIYEV YTT";"998909207604";"";"TSH_MIRZO_ULUGBE"
+ "ABROR AZIZ MCHJ";"(99) 895-1074";"";"TV_OHANGARON"
+ "ABROR FOOD MALL  OK";"998946196060";"";"TV_TUMANI"
+ "ABRORJON TRADE OK";"+998 (90) 986-70-36";"";"TSH_UCHTEPA"
+ "ABROR MARDON XK";"998975645";"";"TV_KIBRAY"
+ "ABROR MCHJ";"+998 (99) 860-46-89";"";"TSH_MIRZO_ULUGBE"
+ "ABROR ROBIYA OMAD MARKET OK";"+998 (97) 644-64-67";"";"TV_YANGI_YUL"
+ "ABRORXOJI SAVDO";"+998330118080";"";"TSH_CHILONZOR"
+ "ABSALOMOV AGZAM  YTT";"+998976048628";"";"TV_YANGI_YUL"
+ "ABSAMATOV SHERALI  YTT";"+(93) 925-2978";"";"TV_BOKA"
+ "ABU BAKIR MARKET  YTT";"998333089";"";"TSH_OLMAZOR"
+ "ABUBAKIROVA MUXABBAT  YTT";"(99) 894-9658";"";"TV_ORTA_CHIRCHIK"
+ "ABUBAKR-HADICHA-BIZNES MCHJ";"+998 (90) 035-88-02";"";"TSH_CHILONZOR"
+ "ABUBAKR IMRON MCHJ";"+(99) 893-5802";"";"TSH_OLMAZOR"
+ "Abubakr Restarani";"+998935767672";"";"TSH_CHILONZOR"
+ "ABU BATH BRAND 3/3";"883334705";"";"TSH_UCHTEPA"
+ "Abu zar Besh";"+998909199209";"";"TSH_SERGELI"
+ "ABZALOVA NASIBA  YTT";"+(99) 877-1191";"";"TSH_CHILONZOR"
+ "Achchiq Osh Markazi";"+998957953737";"";"TSH_CHILONZOR"
+ "ACHCHIQ OSH PREMIUM";"+998959820010";"";"TSH_MIRZO_ULUGBE"
+ "ACHILOV NADIR KADIROVICH YTT";"998996044600";"";"TV_OHANGARON"
+ "ACHILOV RUSTAM UTKUROVICH YTT";"998900391";"";"TSH_OLMAZOR"
+ "ACT RIVER";"998911924499";"";"TSH_MIRZO_ULUGBE"
+ "ADG ZAMAN  MCHJ";"99857170206";"";"TV_CHIRCHIQ"
+ "ADHAM MARKET MCHJ";"998911646932";"";"TSH_MIRZO_ULUGBE"
+ "ADIBA ONA YTT";"+998983626";"";"TSH_YAKKASAROY"
+ "ADILOVA GAVXAR  YTT";"998990001991";"";"TSH_OLMAZOR"
+ "ADILOVA MOXIRA SHOKIR QIZI YTT";"+998909450";"";"TSH_YAKKASAROY"
+ "ADILOV RAIMJON YTT";"998977213241";"";"TSH_CHILONZOR"
+ "ADILOV SHUXRAT YTT";"998900036";"";"TSH_SHAYHONTOHUR"
+ "ADILOV ZAXID YTT";"+(99) 893-5707";"";"TSH_YAKKASAROY"
+ "ADIZ BIZNES MCHJ";"998972744";"";"TV_CHIRCHIQ"
+ "ADOLAT AZIMOVA  YTT";"998991549217";"";"TSH_YUNUSOBOD"
+ "ADOLAT FAYZ";"+998 (71) 263-24-16";"";"TSH_MIRZO_ULUGBE"
+ "ADOLAT IRMUXAMEDOVA YAKUBOVNA YYT";"998994881";"";"TSH_OLMAZOR"
+ "ADOLAT TRADEN  MM YTT";"998946252";"";"TSH_SHAYHONTOHUR"
+ "ADOLAT YULDUZ FARM";"+998 (97) 722-29-66";"";"TSH_BEKTEMIR"
+ "ADOLAT YULDUZ FARM MCHJ";"+998 (99) 404-57-52";"";"TSH_BEKTEMIR"
+ "ADUDA MCHJ";"998930006";"";"TV_TUMANI"
+ "ADXAM AVLOD SERVIS";"(99) 895-1960";"";"TV_KIBRAY"
+ "ADZ TECHNOLOGY  MCHJ-2";"998505542991";"";"TV_KIBRAY"
+ "Aero Food";"+998911544345";"";"TSH_SERGELI"
+ "AFRUZA MEDISIN";"+998 (97) 123-44-11";"";"TSH_BEKTEMIR"
+ "AFRUZ NUR FARM";"+998 (91) 775-75-83";"";"TV_CHIRCHIQ"
+ "AFSONA restaurant";"+000000000000";"";"TSH_SHAYHONTOHUR"
+ "AGAT Family restaurant";"+998909807555";"";"TSH_YUNUSOBOD"
+ "AGORA Resto&bar";"+998907532003";"";"TSH_YUNUSOBOD"
+ "AGRIYA TRADE  MCHJ";"998903530076";"";"TSH_OLMAZOR"
+ "AGRO MILKING SYSTEMS  MCHJ";"+93 538 25 28";"";"TV_YANGI_YUL"
+ "AGZAMOV ABBOS YTT";"998998743";"";"TV_KIBRAY"
+ "AGZAMOVA FARIDA  YTT";"998946482861";"";"TSH_BEKTEMIR"
+ "AGZAMOVA GAVXAR";"+998999734448";"";"TSH_CHILONZOR"
+ "AGZAMOVA SEVARA MIRSABITOVNA YTT";"998977730";"";"TSH_YANGIXAYOT"
+ "AGZAMOV BAXTIYOR BAXROMOVICH YTT";"+998 94 658 45 23";"";"TSH_YUNUSOBOD"
+ "AHADOV MAHMUDJON SAVDO MCHJ";"+(93) 599-1927";"";"TSH_CHILONZOR"
+ "AHATBEK TRADE  MCHJ";"998568288";"";"TV_KIBRAY"
+ "Ahmad olmos Joja Sergili";"+998974133434";"";"TSH_SERGELI"
+ "AHMAHOJI TRADE MCHJ";"(99) 895-0337";"";"TSH_SHAYHONTOHUR"
+ "AHMATOV S";"998998199";"";"TSH_MIRZO_ULUGBE"
+ "AHMEDOVA ETIBOR";"(99) 890-1336";"";"SR_QUYI_CHIRCHIK"
+ "AHMEDOVA NARGIZA";"97 449 66 44";"";"TSH_UCHTEPA"
+ "AHMEDOV MANSUR  YTT";"+998 (97) 443-09-72";"";"TV_YANGI_YUL"
+ "AHMEDOV RAMZIDDIN 7/189";"911648602";"";"TSH_UCHTEPA"
+ "AHRORBEK ASRORBEK BIZNES";"+998909666968";"";"TSH_CHILONZOR"
+ "AHROR FARM";"+998 (97) 433-00-01";"";"TV_YANGI_YUL"
+ "AHROROV BEHRUZXON QOSIM OGLI YTT";"998909624";"";"TSH_YUNUSOBOD"
+ "AISHA CLEANING MCHJ";"998940399999";"";"TSH_YUNUSOBOD"
+ "AJIKULOVA SARA  YTT";"998949622471";"";"TV_ORTA_CHIRCHIK"
+ "AJVA";"998998527352";"";"TSH_MIRZO_ULUGBE"
+ "AJVA MILLIY TAOMLAR";"+998974709616";"";"TSH_YAKKASAROY"
+ "AKA-UKA BALIQ MARKAZI";"+998 (00) 000-00-00";"";"TSH_CHILONZOR"
+ "AKA UKA FAYZ MCHJ";"+998 (97) 908-15-85";"";"TV_YANGI_YUL"
+ "AKA UKA LAYLO MARKET MCHJ";"998945233";"";"TSH_BEKTEMIR"
+ "AKA UKA MARKET";"+998909098778";"";"TSH_CHILONZOR"
+ "AKA-UKA MARKET";"+998900989709";"";"TSH_CHILONZOR"
+ "Aka Uka Market 4 Shayx";"+998881371545";"";"TSH_OLMAZOR"
+ "AKA UKA MARKET OK";"+(99) 899-9387";"";"TV_PARKENT"
+ "AKA UKA MARKET  YTT";"998909797678";"";"TSH_SHAYHONTOHUR"
+ "AKA UKA TRADE  YTT";"(99) 894-6781";"";"TSH_CHILONZOR"
+ "AKBAR FAYZ MARKET XK";"+(99) 891-4444";"";"TSH_UCHTEPA"
+ "AKBAR MED PHARM";"+998 (94) 604-55-45";"";"TSH_UCHTEPA"
+ "AKBAR NISBALIYEVICH AVAZOV  MCHJ";"+(99) 890-1340";"";"TSH_CHILONZOR"
+ "AKBAROVA FERUZA  YTT";"+998 (91) 014-13-34";"";"TV_ANGREN"
+ "AKBAROVA MUHARRAM 2  YTT";"998990049446";"";"TV_TUMANI"
+ "AKBAROVA SITORA FARXADOVNA";"+998986044222";"";"TV_TOYTEPA"
+ "AKBAROV ASQARHOJA  YTT";"+998 (99) 575-18-16";"";"TV_YANGI_YUL"
+ "AKBAROV MAQSUDXON YATT";"+998 (99) 011-51-76";"";"TV_PISKENT"
+ "AKBAROV NODIR YTT";"998983641";"";"TSH_OLMAZOR"
+ "AKBAROV SARVAR  YTT";"99836065453";"";"TV_KIBRAY"
+ "AKBAROV SHAVKAT YTT";"+(99) 890-0019";"";"TV_YANGI_YUL"
+ "AKBAROV XOJIAKBAR  YTT";"+940002299";"";"TSH_SERGELI"
+ "AKBARSHOX GROUP FARM MCHJ";"+998 (94) 634-81-86";"";"TSH_MIRZO_ULUGBE"
+ "AKBARXOJA SAVDO MARKET  MCHJ";"+998993260955";"";"TSH_BEKTEMIR"
+ "AKBERDIYEVA XULKAR YTT";"+998 (94) 429-0";"";"TV_OHANGARON"
+ "AK HAVAS YTT";"+998 (97) 369-78-08";"";"TV_YANGI_YUL"
+ "AKHROROVA KLARA  YTT";"+998 (94) 921-84-36";"";"TV_ANGREN"
+ "AKILBAYEV BAXADIR  YTT";"+998 (99) 991-05-67";"";"TSH_SERGELI"
+ "AKKULOVA DILNOZA  YTT";"(97) 599-1789";"";"SR_QUYI_CHIRCHIK"
+ "AKMALBEK OTABEK  YTT";"+(97) 724-0970";"";"TV_YANGI_YUL"
+ "AKMAL DILER";"998994040460";"";"TV_BOKA"
+ "AKMAL FARM";"+998 (93) 563-25-63";"";"TSH_SHAYHONTOHUR"
+ "AKMAL FARM SERVIS";"+998 (91) 122-23-24";"";"TV_YANGI_YUL"
+ "AKMAL GULISTON BIZNES MCHJ";"998959560";"";"TV_TUMANI"
+ "AKMAL KAMRON FAYZ  MCHJ";"+998 (94) 945-52-42";"";"TV_ANGREN"
+ "AKMAL MALXAM SERVIS";"+998 (97) 708-55-05";"";"TV_YANGI_YUL"
+ "AKMAL NABIRA  MCHJ";"998998029989";"";"TSH_MIRZO_ULUGBE"
+ "AKMALOV LAZIZJON  YTT";"998948585053";"";"TSH_YASHNABOD"
+ "Akmal Temur Ok";"+99801092426";"";"SR_QUYI_CHIRCHIK"
+ "AKOBIR NIYOZBOSHI  YTT";"+998 (97) 538-44-24";"";"TV_YANGI_YUL"
+ "AKRAMJON AXMATOVICH CHINBAYEV  YTT";"+(99) 893-6665";"";"TSH_SERGELI"
+ "AKRAMJON BARAKA SAVDO OK";"998911319";"";"TV_KIBRAY"
+ "AKRAMOVA ADOLATXON  XK";"998331935";"";"TSH_YASHNABOD"
+ "AKRAMOVA NARGIZA YTT";"998973474578";"";"TV_OHANGARON"
+ "AKRAMOV AZIZ YTT";"+(99) 899-5459";"";"TV_YANGI_YUL"
+ "AKRAMOV BAHTIYOR YTT";"998976974";"";"TV_KIBRAY"
+ "AKRAMOV JASUR AKBAR OGLI";"998953690808";"";"TSH_MIRZO_ULUGBE"
+ "AKRAMOV SANJAR YTT";"998998476";"";"TSH_OLMAZOR"
+ "AKRAMOV SHOXRUX SHAVKAT OGLI OK";"998940070";"";"TSH_BEKTEMIR"
+ "AKROM ABDUMUTAL OGLI XK";"(99) 894-2042";"";"TV_OLMALIK"
+ "AKROM BIZNES  MCHJ";"+(99) 890-8695";"";"TV_ORTA_CHIRCHIK"
+ "AKROM INFINITE SHOP  OK";"998974707071";"";"TV_KIBRAY"
+ "AKROMJON IRGASHOV  YTT";"998770014535";"";"TSH_CHILONZOR"
+ "AKROMOV";"998991383033";"";"TV_KIBRAY"
+ "AKROMOVA AZIZA  YTT";"998977523400";"";"TV_TUMANI"
+ "AKROMOV BAHROM";"998901148";"";"TSH_YUNUSOBOD"
+ "AKROM XK";"99807997772";"";"TV_CHIRCHIQ"
+ "AKTAM AYA NUR";"+(99) 899-6659";"";"TV_ORTA_CHIRCHIK"
+ "AKTIVIN  MCHJ";"+998919727794";"";"TSH_YUNUSOBOD"
+ "AKULOVA ROBIYA ABDUSALOMOVNA";"+998 (93) 456-72-72";"";"TV_OLMALIK"
+ "Aladdin";"+998911899191";"";"TSH_CHILONZOR"
+ "AL AHMED MALIK  MCHJ";"+998 (97) 400-17-47";"";"TSH_MIROBOD"
+ "AL AKBAR OK";"+998 (99) 764-64-81";"";"TV_PARKENT"
+ "AL AKOBIR";"+998 (93) 527-76-35";"";"TSH_CHILONZOR"
+ "ALANYA  MCHJ";"998997223048";"";"TV_KIBRAY"
+ "ALBATROS AVTO TRANS  MCHJ";"998935878781";"";"TSH_BEKTEMIR"
+ "AL BAXTIYOR XK";"998955122";"";"TV_BOSTONLIQ"
+ "ALCANTARA TRADE";"+998 (97) 678-76-46";"";"TSH_SERGELI"
+ "ALCOHOL DRINKS CENTER  MCHJ";"998770093";"";"TV_CHIRCHIQ"
+ "ALEKSANDRA PRISHLETSOVA SERGEYEVNA YTT";"998903266";"";"TSH_OLMAZOR"
+ "ALEMBAYEV ZABIXULLA  YTT";"998338330300";"";"TSH_OLMAZOR"
+ "ALFA ALO MARKET  XK";"+(99) 897-1391";"";"TSH_UCHTEPA"
+ "ALFA FARM BIZNES";"+998 (99) 890-39-47";"";"TSH_YASHNABOD"
+ "ALFA MED MAKS";"+998 (71) 225-41-86";"";"TSH_YUNUSOBOD"
+ "ALFA SHEDEVR   MCHJ";"(99) 897-7772";"";"TV_ORTA_CHIRCHIK"
+ "ALHASAN  MCHJ";"998990622222";"";"TSH_MIRZO_ULUGBE"
+ "AL HILAL SUPER MARKET";"+998 (93) 004-06-83";"";"TSH_UCHTEPA"
+ "ALI ABDULLOH FARM 2 MCHJ";"998933799886";"";"TSH_OLMAZOR"
+ "ALI ABDULLOH FARM MCHJ";"(99) 899-0892";"";"TV_KIBRAY"
+ "ALI AKBAR OTA BOGLARI  FX";"(99) 899-4862";"";"SR_QUYI_CHIRCHIK"
+ "ALIBABA MARKET";"+998 (88) 871-72-71";"";"TV_PISKENT"
+ "ALIBAYEVA MALIKA ALIJON QIZI";"+998 (90) 995-39-02";"";"TV_TOYTEPA"
+ "ALIBEK IMRONBEK";"+998 (90) 111-44-40";"";"TSH_SERGELI"
+ "ALI BUSINES 17 MCHJ";"+998930836718";"";"TSH_UCHTEPA"
+ "ALI CHORSU";"998931122";"";"TSH_SHAYHONTOHUR"
+ "ALIEV TOXIR YTT";"+998 (99) 903-75-19";"";"TV_OLMALIK"
+ "ALIF FARMA";"+998 (55) 501-73-01";"";"TSH_MIROBOD"
+ "ALIHAN TTL  XK";"998901358";"";"TV_CHIRCHIQ"
+ "ALIJON LEND  OK";"+998 (93) 600-26-02";"";"TV_ANGREN"
+ "ALIJON ZIYO  YTT";"998909429977";"";"TSH_SHAYHONTOHUR"
+ "ALIKOV BAXTIYOR  YTT";"+(99) 890-3280";"";"TSH_YAKKASAROY"
+ "ALIKULOV ABDURASUL YTT";"(99) 894-4094";"";"TV_OHANGARON"
+ "ALIKULOV ABROR YTT";"+998 (93) 594-13-10";"";"TV_OLMALIK"
+ "ALIKULOV DJAXANGIR  YTT";"+998 (94) 695-66-88";"";"TV_OLMALIK"
+ "ALILION MCHJ";"+998 (97) 931-07-61";"";"TV_PARKENT"
+ "ALI MARDON OSH MARKAZI";"+998 (00) 000-00-00";"";"TSH_CHILONZOR"
+ "ALIMATOV B.K.";"+998 (93) 005-19-99";"";"TSH_SERGELI"
+ "ALIMBAYEV TRADE CENTRE  MCHJ";"+(97) 746-6656";"";"TSH_SERGELI"
+ "ALIMBETOVA MAVJUDA";"+998 (90) 115-35-78";"";"TV_TOYTEPA"
+ "ALIMDJANOV ZIYOVUDDIN  YTT";"998999044494";"";"TSH_YUNUSOBOD"
+ "ALIMJANOV DILMUROD  YTT";"998975337674";"";"TV_YANGI_YUL"
+ "ALIMOVA DILNOZA   YTT";"998977705454";"";"TV_TUMANI"
+ "ALIMOVA FERUZA YTT";"(99) 894-4029";"";"TV_OLMALIK"
+ "ALIMOVA FERUZA YTT";"(99) 894-6910";"";"TV_OHANGARON"
+ "ALIMOVA GULNORA YTT";"(99) 890-0148";"";"TV_OHANGARON"
+ "ALIMOVA GULNOZA A YTT";"+998991718550";"";"TSH_SHAYHONTOHUR"
+ "ALIMOVA SEVARA  YTT";"998999313233";"";"TSH_BEKTEMIR"
+ "ALIMOV BOBIR  YTT";"998909874321";"";"TSH_SERGELI"
+ "ALIMOV ELDAR BAHTYARIVICH YTT";"93) 777 07 08";"";"TV_YANGI_YUL"
+ "ALIMOV KAMOLIDDIN YTT";"+(99) 874-4873";"";"TSH_SERGELI"
+ "ALIMOV OYBEK  YTT";"998973335";"";"TSH_SHAYHONTOHUR"
+ "ALIMQULOVA FAZILAT SALIKULOVNA YATT";"+998 94 924 02 15";"";"TV_OHANGARON"
+ "ALI MUHAMMAD DONIYOR YTT";"+998 (94) 924-47-07";"";"TV_YANGI_YUL"
+ "ALIMUXAMEDOVA SHUKRONA GROUP MCHJ";"998903226";"";"TSH_MIRZO_ULUGBE"
+ "ALI MUXAMEDOV AZIZ YTT";"+998 (93) 812-44-77";"";"TSH_UCHTEPA"
+ "ALIMUXAMEDOV FAZLIDDIN YTT";"";"";"TSH_MIROBOD"
+ "ALIMXANOVICH B  MCHJ";"998901783470";"";"TSH_BEKTEMIR"
+ "ALINAZAR NAILIYA BUSSINES MCHJ";"+998 (97) 722-91-66";"";"TV_YANGI_YUL"
+ "ALINBAYEV";"+(99) 897-7466";"";"TSH_YANGIXAYOT"
+ "ALI OPTOM MCHJ";"97 260 04 44";"";"TSH_CHILONZOR"
+ "ALIQULOVA MUATTAR  YTT";"998970073";"";"TSH_YASHNABOD"
+ "ALIQULOV BAXTIYOR GUZOR OGLI  YTT";"998977008";"";"TSH_SHAYHONTOHUR"
+ "ALIQULOV SADULLA YATT";"+998 (99) 607-86-17";"";"TV_BOKA"
+ "ALISHER BEST 77 MCHJ";"+998910158";"";"TSH_MIROBOD"
+ "ALISHER JAVOXIR BIZNES YTT";"+998 (97) 648-44-68";"";"TV_YANGI_YUL"
+ "ALISHER OTA JURAYEV MCHJ";"+(99) 888-1509";"";"TSH_YAKKASAROY"
+ "ALISHEROVA DILAFRUZ YTT";"881877997";"";"TSH_CHILONZOR"
+ "ALISHEROVA DILAFRUZ YTT";"998881877997";"";"TSH_CHILONZOR"
+ "ALISHEROV ORAZALI YTT";"+998 (94) 401-66-38";"";"TV_OLMALIK"
+ "ALISHOVA NILUFAR YTT";"+998 (90) 331-93-77";"";"SR_QUYI_CHIRCHIK"
+ "ALISHOX UNIVERSAL SAVDO MCHJ";"+998 (90) 988-54-53";"";"TSH_MIROBOD"
+ "ALIXAN TURAYEV  MCHJ";"+97 038 90 95";"";"TSH_YANGIXAYOT"
+ "ALIXODJAYEV FAXRIDDIN  YTT";"998977425522";"";"TSH_SHAYHONTOHUR"
+ "ALIXON FARM  MCHJ";"95 366 06 00";"";"TSH_CHILONZOR"
+ "ALIYEVA XADIJA RUSTAMOVNA  YTT";"+(99) 430-6999";"";"TV_YANGI_YUL"
+ "ALIYEV BAHODIR YTT";"";"";"TSH_SHAYHONTOHUR"
+ "ALIYEV BAXODIRXON  YTT";"+998974035550";"";"TSH_SHAYHONTOHUR"
+ "ALIYEV MUROD YATT";"+998 (93) 709-01-77";"";"TV_BOKA"
+ "ALIYEV ZAFAR TULYAGANOVICH  YTT";"998946742";"";"TSH_MIRZO_ULUGBE"
+ "ALIY MARKET MCHJ";"998997081795";"";"TSH_MIRZO_ULUGBE"
+ "Al Jannax";"";"";"TSH_SERGELI"
+ "ALKABIR  MCHJ";"998935846260";"";"TSH_MIRZO_ULUGBE"
+ "ALKAMOL TRADE  MCHJ";"998991315618";"";"TSH_YUNUSOBOD"
+ "ALLABERGAN OTA BIZNES OK";"(99) 894-4080";"";"TV_OHANGARON"
+ "ALLADINARA";"+998 (90) 707-88-55";"";"TSH_UCHTEPA"
+ "ALLANAZAROVA ZAYNAB  YTT";"998998618581";"";"TV_ZANGIOTA"
+ "ALLANOVA FERUZA  YTT";"+(99) 894-5460";"";"TV_ORTA_CHIRCHIK"
+ "ALLAYAROVA MARIFAT  YTT";"998469789";"";"TV_KIBRAY"
+ "ALLCARE FARM";"+998 (90) 941-04-14";"";"TSH_YASHNABOD"
+ "ALLIANCE BREEDING XK";"+998 (90) 951-88-08";"";"TSH_MIROBOD"
+ "ALLO PANDA  MCHJ";"998905694";"";"TSH_SHAYHONTOHUR"
+ "ALL PARTS FORAVTO MCHJ";"+(99) 891-7774";"";"TSH_YAKKASAROY"
+ "ALMARDONOV FURKAT SHAVKATOVICH  YTT";"998973305334";"";"TSH_MIRZO_ULUGBE"
+ "ALMATOVA AZIZAXON  YTT";"998950900";"";"TSH_YUNUSOBOD"
+ "ALMATOVA GUZAL YTT";"998935166498";"";"TSH_MIRZO_ULUGBE"
+ "ALMATOV ALISHER YTT";"+998 (93) 404-87-67";"";"TV_PARKENT"
+ "ALMATOVA NODIRA  XK";"998946973";"";"TSH_OLMAZOR"
+ "ALMATOV DILSHOD  YTT";"998977031403";"";"TV_TUMANI"
+ "ALMATOV SHOVKAT YATT";"+998 (94) 945-53-35";"";"TV_PISKENT"
+ "ALMAZ FOOD TRADE  MCHJ";"998937013003";"";"TSH_BEKTEMIR"
+ "AL MICRO MAX  MCH-2";"998883893";"";"TSH_SHAYHONTOHUR"
+ "AL MICRO MAX MCHJ";"+(99) 890-9866";"";"TSH_MIRZO_ULUGBE"
+ "AL MIR";"+998 (93) 356-68-55";"";"TSH_CHILONZOR"
+ "AL MUHRIM  OK";"998998766701";"";"TV_TUMANI"
+ "AL-NASIM FARM";"+998 (93) 394-39-34";"";"TV_PARKENT"
+ "ALO ANVAR BIZNESS MCHJ";"(99) 894-5998";"";"TSH_CHILONZOR"
+ "Alobek Sadinov";"+998904420309";"";"TSH_SERGELI"
+ "Alo Doner";"+998998177345";"";"TSH_UCHTEPA"
+ "ALOE PHARM MCHJ";"998977708468";"";"TV_YANGI_YUL"
+ "ALO ESHITAMAN YTT";"+(99) 890-9320";"";"TSH_YAKKASAROY"
+ "Alo Grill";"+998911230907";"";"TSH_UCHTEPA"
+ "ALO MARKET";"+998 (90) 350-96-83";"";"TSH_UCHTEPA"
+ "ALO MARKET MCHJ";"+998 (94) 646-49-40";"";"TV_PARKENT"
+ "A'LO TAOM";"+998 (00) 000-00-00";"";"TSH_CHILONZOR"
+ "ALO XIZMAT FARM";"+998 (90) 975-21-41";"";"TV_OQQORGON"
+ "AL QAXHOR NUR MCHJ";"+998 (97) 444-76-17";"";"TSH_UCHTEPA"
+ "ALSAFI FARM";"+998 (99) 782-09-10";"";"TV_CHIRCHIQ"
+ "AL TAWSIL  MCHJ-2";"998949130512";"";"TSH_MIRZO_ULUGBE"
+ "ALULA PHARM XK";"+998505158428";"";"TSH_MIRZO_ULUGBE"
+ "AL XAVA";"+998 (90) 175-94-94";"";"TV_ZANGIOTA"
+ "AL ZOID FAYZ";"+998 (71) 271-90-99";"";"TSH_UCHTEPA"
+ "AL ZURRIYAT  MCHJ";"+998973308954";"";"TSH_SHAYHONTOHUR"
+ "AMAL BIZNES MCHJ";"+(99) 893-5810";"";"TSH_YAKKASAROY"
+ "AMAL BIZNES MCHJ-2";"+(99) 888-1883";"";"TSH_MIROBOD"
+ "AMAN OTA YTT";"+998 (97) 349-08-09";"";"TV_YANGI_YUL"
+ "AMANOVA MAVJUDA  YTT";"+998909309099";"";"TSH_YANGIXAYOT"
+ "A-MEGA BEK FARM";"+998 (90) 333-22-21";"";"TSH_CHILONZOR"
+ "AMEGA BEK PHARM";"+998 (94) 613-21-22";"";"TSH_CHILONZOR"
+ "AMERHANOVA VENERA  YTT";"+998 (91) 002-06-82";"";"SR_QUYI_CHIRCHIK"
+ "AMINOVA GULNORA  YTT";"998977223040";"";"TSH_OLMAZOR"
+ "AMINOVA KAMOLA  YTT";"+998 (90) 354-83-38";"";"TSH_SERGELI"
+ "AMINOVA KAMOLA YTT";"";"";"TSH_YANGIXAYOT"
+ "AMINQULOV ABDUMALIK";"998903519098";"";"TSH_YASHNABOD"
+ "AMIRA FARMA MCHJ";"915513113";"";"TSH_UCHTEPA"
+ "AMIRAL RETAIL";"+998 (99) 444-24-48";"";"TV_OLMALIK"
+ "AMIRAL RETAIL MCHJ";"998950740124";"";"TV_OHANGARON"
+ "AMIRBEK ANZORBEK BIZNES MCHJ";"+90 064 85 86";"";"TSH_UCHTEPA"
+ "AMIRBEK RUXSHONA FARM MCHJ";"+998 (90) 856-46-48";"";"TSH_SHAYHONTOHUR"
+ "AMIR KAPITAL LYUKS";"998945448110";"";"TSH_CHILONZOR"
+ "AMIR MED BIZNES MCHJ";"+998 (97) 037-53-53";"";"TSH_CHILONZOR"
+ "AMIR MED SERVIS";"998949463911";"";"TSH_UCHTEPA"
+ "AMIRSHOX ROYAL SAVDO MCHJ";"+998998464";"";"TSH_YAKKASAROY"
+ "AMIRXON EXCLISIVE MCHJ";"998994076727";"";"TV_BOSTONLIQ"
+ "AMIRXON FARM GROUP";"998914188787";"";"TSH_YAKKASAROY"
+ "AMIRXON-KESH MCHJ";"(99) 893-5789";"";"TSH_SERGELI"
+ "AMIRZIYANOV TIMUR FARIDOVICH  YTT";"+998 (93) 168-58-00";"";"TV_ANGREN"
+ "AMOHOV OMAD BIZNESS MCHJ";"998998315";"";"TSH_YUNUSOBOD"
+ "AMORIM MCHJ";"998974004092";"";"TV_OLMALIK"
+ "AMRULLA-TRADE-BIZNESS  MCHJ";"(99) 893-3112";"";"TSH_CHILONZOR"
+ "ANARKULOVA GULNOZA  YTT";"(94) 215-3505";"";"TV_ANGREN"
+ "ANAS 1972  MCHJ";"998914524267";"";"TSH_YUNUSOBOD"
+ "Andalus";"(99) 822-5818";"";"TSH_CHILONZOR"
+ "ANDALUS";"998909861221";"";"TSH_OLMAZOR"
+ "ANDALUS";"(99) 899-8225";"";"TSH_CHILONZOR"
+ "ANFELT";"998884252929";"";"TSH_UCHTEPA"
+ "ANGAR STORE  MCHJ";"998977617671";"";"TSH_YASHNABOD"
+ "ANGREN ALI PLYUS MCHJ";"+998 (94) 744-64-66";"";"TV_ANGREN"
+ "ANGREN ALP NUR";"+998 (91) 696-58-69";"";"TV_ANGREN"
+ "ANGREN DAVRON BOBO  XK 1";"+998 (94) 360-42-36";"";"TV_ANGREN"
+ "ANGREN DAVRON BOBO  XK OSTANOVKA";"+998 (94) 360-42-36";"";"TV_ANGREN"
+ "ANGREN HILOLA FARM";"+998 (93) 668-21-07";"";"TV_ANGREN"
+ "ANGREN HUNMOYUN MARKET  MCHJ";"+998 (93) 320-06-37";"";"TV_ANGREN"
+ "ANGREN MAXSUS TOMORQA  MCHJ";"+(99) 893-6070";"";"TV_ANGREN"
+ "ANGREN NIXOL BIZNES  MCHJ";"+998 (99) 886-10-07";"";"TV_ANGREN"
+ "ANGREN ORZU MARKET MCHJ";"+(90) 133-6658";"";"TV_ANGREN"
+ "ANGREN SOKIN  MCHJ";"998933958271";"";"TV_ANGREN"
+ "ANGREN SOLNISHKO  MCHJ";"(99) 229-0005";"";"TV_ANGREN"
+ "ANHOR KEBAB MCHJ";"998932226633";"";"TSH_YUNUSOBOD"
+ "ANIS FARM MCHJ";"998935846420";"";"TSH_MIRZO_ULUGBE"
+ "ANJIR BIZNES";"+998 (91) 957-20-41";"";"TSH_SERGELI"
+ "ANJIR SAMARA";"+998998612128";"";"TSH_YUNUSOBOD"
+ "ANNAKULOVA MOXIGUL YTT";"+998 99 890 81 10";"";"TV_OHANGARON"
+ "ANORA FARM";"+998 (98) 123-92-22";"";"TSH_YASHNABOD"
+ "ANORBOYEV SHERZOD  YTT";"99 897 15 16";"";"TV_PARKENT"
+ "ANOR FAYZ  MCHJ";"+(99) 898-1240";"";"TSH_UCHTEPA"
+ "ANOR FAYZ RIZQ BARAKA MCHJ";"(99) 899-3638";"";"TV_OHANGARON"
+ "ANOR GROUP";"+998 (93) 540-40-18";"";"TSH_CHILONZOR"
+ "ANOR MARKET";"+998 (91) 664-12-24";"";"TSH_CHILONZOR"
+ "ANORQULOV ABDURAXMON  YTT";"+998 (90) 920-75-66";"";"SR_QUYI_CHIRCHIK"
+ "ANORQULOVA UMIDA YTT";"+998 (91) 556-72-60";"";"TV_OLMALIK"
+ "ANORQULOV XUSNIDDIN YTT";"(99) 893-1850";"";"TV_OLMALIK"
+ "AN SHERZOD  MCHJ";"998974014766";"";"TSH_SHAYHONTOHUR"
+ "ANSORA RAUF MARKET  MCHJ";"99836018484";"";"TV_CHIRCHIQ"
+ "ANTIBIOTIK MED SHTAB";"+998 (94) 409-35-25";"";"TSH_UCHTEPA"
+ "ANTRACT-BURGER & LOUNGE";"+998994916395";"";"TSH_MIRZO_ULUGBE"
+ "ANVAR AFZAL MCHJ";"+998 (99) 897-75-01";"";"TSH_CHILONZOR"
+ "ANVAR FARMA SERVIS";"+998 (90) 128-45-75";"";"TSH_MIROBOD"
+ "ANVAROVICH SAVDO  OK";"+998 (97) 710-58-04";"";"TV_YANGI_YUL"
+ "ANVAROV JZ  MCHJ";"998916453878";"";"TSH_BEKTEMIR"
+ "ANVAR PHARM PLUS MCHJ";"";"";"TSH_CHILONZOR"
+ "ANVAR PHARM PLYUS";"+998 (90) 134-27-87";"";"TSH_CHILONZOR"
+ "ANVAR PRO BIZNES  MCHJ";"998996544";"";"TSH_OLMAZOR"
+ "ANVAR TUYUL 2 MCHJ";"+998 (88) 617-25-25";"";"TSH_YAKKASAROY"
+ "ANVAR TUYUL MCHJ";"+(97) 033-6632";"";"TSH_YAKKASAROY"
+ "ANVAR TUYUL MCHJ 1";"+(99) 897-4905";"";"TSH_YAKKASAROY"
+ "ANVAR XK";"998953765";"";"TV_KIBRAY"
+ "ANVARXOJA-ODILXOJA";"998773002060";"";"TSH_CHILONZOR"
+ "ANXOR ASL TAOMLARI";"+999959170826";"";"TSH_CHILONZOR"
+ "API-New-1779811704684";"+998901704684";"Toshkent vil.";""
+ "API-New-1782408129072";"+998908129073";"Toshkent vil.";""
+ "API-New-1782408216853";"+998908216854";"Toshkent vil.";""
+ "API-New-1782409116833";"+998909116834";"Toshkent vil.";""
+ "API-New-1782409161730";"+998909161732";"Toshkent vil.";""
+ "API-New-1782409288859";"+998909288860";"Toshkent vil.";""
+ "API-New-1782409411773";"+998909411773";"Toshkent vil.";""
+ "APOSTEL 1 MCHJ";"+998 (90) 943-13-18";"";"TV_PARKENT"
+ "APOSTEL 2 MCHJ";"+998 (94) 373-80-10";"";"TV_PARKENT"
+ "APPYSUN FOOD";"998998226";"";"TSH_OLMAZOR"
+ "APTEKA";"+998 (99) 300-06-01";"";"TSH_UCHTEPA"
+ "AQVALON PLUS MCHJ";"998936913";"";"TSH_YASHNABOD"
+ "ARABBOEVA DIYORA";"(99) 890-8801";"";"TV_ORTA_CHIRCHIK"
+ "ARALOVA GULCHEXRA";"+(99) 895-0231";"";"TV_ORTA_CHIRCHIK"
+ "ARALOVA INOBAT YTT";"998993012626";"";"TV_OHANGARON"
+ "ARCHA BAXT XK";"+998 (99) 514-05-05";"";"TV_TOYTEPA"
+ "Archa Burger";"+998943532244";"";"TSH_UCHTEPA"
+ "ARCHA FAYZ FARM MCHJ";"+998 (90) 124-19-75";"";"TV_TOYTEPA"
+ "Archa Kocha Hot Dog";"+998935606616";"";"TSH_UCHTEPA"
+ "ARCHVIZ EDU  OK";"+50 724 04 40";"";"TSH_YAKKASAROY"
+ "ARDI TRADE MCHJ";"99809000805";"";"TSH_MIRZO_ULUGBE"
+ "ARENA PHARM";"998996016600";"";"TSH_YUNUSOBOD"
+ "ARIFDJANOV NEMAT  YTT";"998954444102";"";"TSH_OLMAZOR"
+ "ARIFJANOVA YAKUTXAN  YTT";"+(99) 890-3340";"";"TSH_YANGIXAYOT"
+ "ARINOVA SHARA KIDIRBAEVNA YTT";"+(99) 890-1886";"";"TSH_SERGELI"
+ "ARIPDJANOV QUDRATILLA YTT";"";"";"TSH_YAKKASAROY"
+ "ARIPOVA RAPOAT   YTT";"998994831";"";"TV_CHIRCHIQ"
+ "ARIPOV JAHONGIR YTT";"998935732761";"";"TSH_SHAYHONTOHUR"
+ "ARIPOV MUHAMED  YTT";"998990009394";"";"TSH_SHAYHONTOHUR"
+ "ARIPOV YTT";"(99) 894-6448";"";"TSH_CHILONZOR"
+ "ARIPOV ZAYNIDDIN  YTT";"998946904114";"";"TSH_UCHTEPA"
+ "ARIPOV ZUHRIDDIN  YTT";"998977390";"";"TV_ZANGIOTA"
+ "ARISTANOV ODILXON DJULDASBEKOVICH";"888720723";"";"SR_QUYI_CHIRCHIK"
+ "ARK OPTOM  MCHJ";"998335633333";"";"TSH_YUNUSOBOD"
+ "ARMYANSKIY DVORIK";"+998901153993";"";"TSH_YASHNABOD"
+ "Arnasoy";"+998936870770";"";"TSH_CHILONZOR"
+ "ARSLON MAKS  MCHJ";"+998 (99) 881-13-42";"";"TV_ANGREN"
+ "ARSLONOVA DILARAM YTT";"(99) 897-7263";"";"TSH_MIROBOD"
+ "ARSLONOV A  XK";"+998338545784";"";"TV_ZANGIOTA"
+ "ARSLONOV OYBEK YATT";"+(99) 899-8731";"";"TV_BOKA"
+ "ARSLONOV SODIQJON YTT";"935772572";"";"TV_ORTA_CHIRCHIK"
+ "ART ALFA MCHJ";"998946909353";"";"TSH_MIRZO_ULUGBE"
+ "ART CHINOR";"+998998816000";"";"TSH_MIRZO_ULUGBE"
+ "ARTIKBAYEVA NARGIZA  YTT";"998909008579";"";"TSH_YASHNABOD"
+ "ARTIKOVA GOZAL   YTT";"998993018503";"";"TV_CHIRCHIQ"
+ "ARTIKOVA ZULFIYA XASANOVNA  YTT";"998974114547";"";"TV_TUMANI"
+ "ARTIKOV CONCTRUCTION GOODS STORE MCHJ";"+998 (95) 770-70-70";"";"TSH_MIROBOD"
+ "ARTIKOV DONIYOR  YTT";"+(99) 899-8065";"";"TSH_UCHTEPA"
+ "ART PRO GROUP MCHJ";"998998994740";"";"TSH_MIRZO_ULUGBE"
+ "ART PRO GROUP  MCHJ-2";"998994740";"";"TSH_MIRZO_ULUGBE"
+ "ARTRA FARM MCHJ";"+(99) 897-7440";"";"TV_KIBRAY"
+ "ARTYOMKA PLUS MCHJ";"+(99) 890-1851";"";"TSH_MIROBOD"
+ "ARUNA XUDOYBERGANOVA BAXTIYOR QIZI  YTT";"+(99) 893-1982";"";"TSH_SERGELI"
+ "ARVIN STORE MCHJ";"998909437";"";"TSH_YASHNABOD"
+ "ARZON 777 MCHJ";"998937244997";"";"TV_OHANGARON"
+ "ARZON APTEKA";"+998 (93) 008-44-77";"";"TSH_SERGELI"
+ "ARZON APTEKA";"+998 (91) 551-31-13";"";"TSH_SERGELI"
+ "ARZON BAZAR  MCHJ";"+998 (99) 781-03-02";"";"TV_ZANGIOTA"
+ "ARZON DORI MED PHARM";"998935639564";"";"TV_TUMANI"
+ "ARZONI BIZDA";"+998 (99) 471-61-10";"";"TSH_SERGELI"
+ "ARZONI BIZDA";"+998 (99) 471-61-10";"";"TSH_YANGIXAYOT"
+ "ARZONI BIZDA TOSHKENT  MCHJ";"";"";"TSH_SERGELI"
+ "ARZON PLUS DORIXONA  MCHJ";"";"";"TSH_UCHTEPA"
+ "ASAD ASIL SHOH  MCHJ";"998998622546";"";"TV_BOSTONLIQ"
+ "ASAD ASIL SHOH  MCHJ-2";"998947828822";"";"TV_BOSTONLIQ"
+ "ASADBEK AVAZBEK BARAKA MCHJ";"+998 (99) 672-40-40";"";"TV_OLMALIK"
+ "ASADBEK FURQAT  MCHJ";"+(99) 894-8610";"";"TV_ORTA_CHIRCHIK"
+ "ASADBEK FURQAT  MCHJ-2";"(99) 899-8456";"";"TV_ORTA_CHIRCHIK"
+ "ASADBEK GOLD BIZNES";"998998500087";"";"TSH_MIRZO_ULUGBE"
+ "ASADBEK HOKIM   MCHJ";"+998 (90) 044-85-94";"";"TSH_CHILONZOR"
+ "ASADBEK IQBOLI";"+998 (91) 249-10-70";"";"TSH_CHILONZOR"
+ "ASADBEK SEVINCH JASMINA  OK";"998883305";"";"TV_KIBRAY"
+ "ASADBEK SHAXIJAHON  XK-1";"99800010008";"";"TSH_MIRZO_ULUGBE"
+ "ASADBEK SHAXIJAHON  XK-2";"99801090004";"";"TSH_MIRZO_ULUGBE"
+ "ASADBEK SOBIRJONOVYTT";"+998 90 393 54 15";"";"TV_OHANGARON"
+ "ASAD BUSINESS 111  MCHJ";"998958248101";"";"TSH_YASHNABOD"
+ "ASADOV BIZNES PLYUS O.K";"998935481788";"";"TSH_MIRZO_ULUGBE"
+ "ASADOV SUXROB  YTT";"+998908068181";"";"TSH_SERGELI"
+ "ASAL BETA TRADE OK";"946496212";"";"TV_OHANGARON"
+ "ASAL KAMRON CHAROS XK";"+(99) 897-2497";"";"SR_QUYI_CHIRCHIK"
+ "ASAL NURIY";"+998909456567";"";"TSH_CHILONZOR"
+ "ASAL NURIY  MCHJ";"998900044435";"";"TSH_UCHTEPA"
+ "ASALXON DILSHODA MARKET MCHJ";"(94) 999-9054";"";"TV_OLMALIK"
+ "ASAMITDINOV RUSTAM  YTT";"998977744435";"";"TSH_YUNUSOBOD"
+ "ASAMITDINOV UTKIR  YTT";"+998 (97) 648-73-78";"";"TV_YANGI_YUL"
+ "ASATBEK BARAKA FAYZ  MCHJ";"998990423262";"";"TV_TUMANI"
+ "ASATILLA IZZATILLA MCHJ";"998935638";"";"TSH_OLMAZOR"
+ "ASATULLAYEV MUHAMMADALI YTT";"+998 (77) 285-77-65";"";"TSH_UCHTEPA"
+ "ASEL CHP";"+998 (90) 123-65-68";"";"TSH_YASHNABOD"
+ "ASELYA OK";"+998 (94) 376-70-50";"";"TV_PARKENT"
+ "ASFARMA FARM";"+998 (97) 553-61-05";"";"TSH_SERGELI"
+ "ASHIRKULOVA MUNAVVAR YTT";"998935464";"";"TV_KIBRAY"
+ "ASHIRMATOV IXTIYOR  YTT";"+(94) 829-4404";"";"TSH_UCHTEPA"
+ "ASHIRMATOV XUSNIDDIN YTT";"+(99) 899-0037";"";"SR_QUYI_CHIRCHIK"
+ "ASHIRMATOV YULDUZ NOMOZBOY QIZI";"950680200";"";"TV_OLMALIK"
+ "ASHIROV ABBOS AKMAL OGLI  YTT";"998916356857";"";"TSH_MIRZO_ULUGBE"
+ "ASHIROVA MUYASSAR YTT";"998903232127";"";"TV_OHANGARON"
+ "ASHIROV SARDOR RAXMATULLAEVICH YATT";"998993087877";"";"TV_ANGREN"
+ "ASHIRUVA MUHTARAM TOHIR YTT";"+998 94 934 95 55";"";"TV_OHANGARON"
+ "ASHRAF GRAND  OK";"+998943480440";"";"TV_PARKENT"
+ "ASHURALIYEVA NIGINA ASHRAF QIZI";"998949240907";"";"TV_OHANGARON"
+ "ASHUROV ALISHER YTT";"+998 (99) 834-74-57";"";"TV_ZANGIOTA"
+ "ASHUROVA SHAXNOZA ULMASOVNA";"+998 (99) 430-21-60";"";"TV_PISKENT"
+ "ASHUROVA XADICHABONU XAYRULLO QIZI  YTT";"+998 (94) 448-44-45";"";"TV_OHANGARON"
+ "ASHUROV BAXTIYOR  YTT";"+998998631568";"";"TSH_SERGELI"
+ "ASHUROV GAYRAT  YTT";"+998 (93) 888-85-28";"";"TV_ANGREN"
+ "ASHUROV SHOHRUX  YTT";"998946666223";"";"TSH_OLMAZOR"
+ "ASIA GROUP FARM";"+998 (71) 215-08-61";"";"TSH_SERGELI"
+ "ASILAXONIM NUR 2 MCHJ";"+998 (93) 096-87-87";"";"TV_ANGREN"
+ "ASILAXONIM NUR  MCHJ";"(99) 893-1518";"";"TV_ANGREN"
+ "ASIL AZIZBEK  OK";"(99) 899-4512";"";"TV_ORTA_CHIRCHIK"
+ "ASILBEK FAYZ  MCHJ";"998990445";"";"TSH_YUNUSOBOD"
+ "ASILBEK OMAD 111 OK";"+99839309453";"";"TSH_SERGELI"
+ "ASILBEK SAVDO MCHJ";"+(99) 890-9729";"";"TSH_MIROBOD"
+ "ASILBEKXOJA  MCHJ";"998505730101";"";"TSH_YUNUSOBOD"
+ "ASIL MADINA OMAD OK";"+998 (49) 865-84-18";"";"TV_PARKENT"
+ "ASIL MAGAZIN XK";"998904428";"";"TSH_YUNUSOBOD"
+ "ASILOVA XURSHIDA  YTT";"998975076849";"";"TV_BOSTONLIQ"
+ "Asilzoda Restoran";"+998935334477";"";"TSH_CHILONZOR"
+ "ASILZODA RIVOJ  MCHJ";"+(94) 422-1333";"";"TV_PARKENT"
+ "ASIMOV SARDOR MUMINOVICH YTT";"998931309";"";"TSH_SHAYHONTOHUR"
+ "ASIR BAROT";"998935362992";"";"TSH_MIRZO_ULUGBE"
+ "ASLANOV SHUXRAT ERKINOVICH  YTT";"+(99) 890-1388";"";"TSH_SERGELI"
+ "ASLBEK MARKET YTT";"+(99) 897-7806";"";"TSH_YAKKASAROY"
+ "Asl Goʻsht";"+998910087667";"";"TSH_SERGELI"
+ "ASLIDDIN DENTA SERVIS";"+998 (90) 935-03-04";"";"TSH_SERGELI"
+ "ASLIDDIN MOHINUR";"+998 (90) 909-44-77";"";"TSH_MIRZO_ULUGBE"
+ "ASL INVEST 777  MCHJ";"+(99) 891-6433";"";"TSH_SERGELI"
+ "ASL MEDICAL PHARM";"+998 (97) 309-99-79";"";"TSH_CHILONZOR"
+ "ASL TURON  XK";"998956647444";"";"TSH_OLMAZOR"
+ "ASNA MED LAYN";"+998 (97) 143-23-33";"";"TSH_UCHTEPA"
+ "ASOMIDDINOV RAMZIDDIN  YTT";"998998749699";"";"TV_TUMANI"
+ "ASOSIY MARKET  MCHJ";"998998566041";"";"TSH_OLMAZOR"
+ "Asosiy mijoz (seed)";"+998901000001";"";""
+ "ASPIRE BUSINESS SERVICE  MCHJ";"998935522";"";"TSH_OLMAZOR"
+ "ASQAR OTA COMPANIY  MCHJ";"+(99) 890-9987";"";"TSH_SERGELI"
+ "ASQAR OTA INTER MARKET  MCHJ";"998909561414";"";"TV_PARKENT"
+ "ASQAROV ABROR YTT";"+998 (94) 084-69-96";"";"TSH_BEKTEMIR"
+ "ASQAROV MUHSIN";"998906469191";"";"TSH_OLMAZOR"
+ "ASRAKULOVA UMIDA YATT";"+998 99 171 60 69";"";"TV_BOKA"
+ "ASR DEKABR  MCHJ";"+(90) 323-8674";"";"TSH_MIROBOD"
+ "Asr Kafe";"+998994612307";"";"TSH_CHILONZOR"
+ "ASR KIMYO INVEST";"+998 (97) 738-11-26";"";"TSH_CHILONZOR"
+ "ASROR ASAL BIZNES 2020  XK";"99801278151";"";"TV_KIBRAY"
+ "ASROROV ABDURAXMON  YTT";"998946153792";"";"TV_ZANGIOTA"
+ "ASROR SAFINA FARM";"+998 (93) 376-29-22";"";"TV_OLMALIK"
+ "ASSORTI DISCOUNT";"998908300153";"";"TSH_OLMAZOR"
+ "Assorti Food";"+998909126606";"";"TSH_SERGELI"
+ "ASTORIA Family Retaurant";"+998903703348";"";"TSH_YUNUSOBOD"
+ "ASU 84 BUSINESS  MCHJ";"998912350";"";"TSH_YUNUSOBOD"
+ "ATABAEV BOBUR TAXIROVICH YTT";"+(99) 899-8845";"";"TSH_MIROBOD"
+ "ATABAYEV ALISHER SABIROVICH YTT";"998998886";"";"TV_CHIRCHIQ"
+ "ATAKOZIYEV VOHIDJON  YTT";"+998 (99) 762-53-60";"";"TV_YANGI_YUL"
+ "ATAMURATOV BOBIR TOSHBULATOVICH YTT";"+(99) 891-7911";"";"TSH_UCHTEPA"
+ "ATAXANOVA GULMIRA  YTT";"(99) 893-5202";"";"TV_ANGREN"
+ "ATAXANOVA UMIDA YTT";"(99) 890-3937";"";"TV_OLMALIK"
+ "ATAXANOV SHERZOD MAMATURSUNOVICH  YTT";"+(99) 894-6535";"";"TSH_SERGELI"
+ "ATEKA GRAF";"+998 (93) 160-87-76";"";"TV_ANGREN"
+ "ATHAMOV KAMRONBEK 701 MCHJ";"(99) 894-6499";"";"TV_OHANGARON"
+ "ATKAZ FARM MCHJ";"+998 (94) 306-46-40";"";"TSH_MIRZO_ULUGBE"
+ "ATLANT FARM";"+998 (90) 993-21-19";"";"TSH_YASHNABOD"
+ "Atlantis Basen";"+998888171234";"";"TSH_SERGELI"
+ "ATTOR NEW GRUP";"+998 (97) 781-12-11";"";"TSH_SERGELI"
+ "ATXAMJON FAYZ OLAMI  OK";"998974455508";"";"TSH_YASHNABOD"
+ "Aura bar";"+998971705353";"";"TSH_CHILONZOR"
+ "AURA KAFE BISTRO";"+998 (00) 000-00-00";"";"TSH_CHILONZOR"
+ "AUROM 999";"998977161";"";"TSH_MIRZO_ULUGBE"
+ "AUTO PARTS  MCHJ";"";"";"TSH_MIROBOD"
+ "AVANGO  MCHJ";"+(99) 893-1690";"";"TV_ORTA_CHIRCHIK"
+ "AVAZ AKROM BARAKA  MCHJ";"998958934555";"";"TV_TUMANI"
+ "AVAZBEK BEST BIZNESS TRADE  MCHJ";"998775311069";"";"TSH_YUNUSOBOD"
+ "AVAZBOYEVA GULSARA  YTT";"998996815";"";"TSH_YASHNABOD"
+ "AVAZJON MARKET XK";"998977445";"";"TSH_YUNUSOBOD"
+ "AVAZMATOV DILMUROD  YTT";"998946754415";"";"TSH_SHAYHONTOHUR"
+ "AVAZOVA LATOFAT  YTT";"998974498684";"";"TSH_YASHNABOD"
+ "AVAZOV AXROR BARAKA MCHJ";"+998 (95) 002-94-00";"";"SR_QUYI_CHIRCHIK"
+ "AVAZOV AZAMAT YATT";"+998 (90) 393-37-82";"";"TV_TOYTEPA"
+ "AVAZOV UROLBEK JURA O'GLI  YTT";"998904403281";"";"TSH_BEKTEMIR"
+ "AVAZ SAVDO XK";"(99) 894-1703";"";"TSH_SERGELI"
+ "AVESTO FARM MCHJ";"+998 (93) 504-64-04";"";"TSH_MIRZO_ULUGBE"
+ "AVION MCHJ";"998933636619";"";"TSH_YUNUSOBOD"
+ "AVION MEDICAL FARM";"+998 (93) 506-35-55";"";"TSH_OLMAZOR"
+ "AVION MEDICAL FARM";"+998 (97) 754-94-04";"";"TSH_OLMAZOR"
+ "AVI SINO  MCHJ";"+998 (90) 120-92-29";"";"TSH_YASHNABOD"
+ "AVLAQULOVA GULNOZA  YTT";"998909019434";"";"TSH_BEKTEMIR"
+ "AVOKADO Bistro";"+998951501414";"";"TSH_YUNUSOBOD"
+ "AVRON 999 MCHJ";"+(99) 897-9509";"";"TSH_YANGIXAYOT"
+ "AVTO NINO MCHJ";"(99) 899-8008";"";"TSH_MIROBOD"
+ "AVTORITET BIZNES OK";"998974443";"";"TSH_BEKTEMIR"
+ "AVZAL FARM MCHJ";"+998 (98) 142-07-78";"";"TV_TOYTEPA"
+ "AXADOV DILSHODBEK  YTT";"906677884";"";"TSH_CHILONZOR"
+ "AXADOV MOMIN YTT";"+(99) 888-1148";"";"SR_QUYI_CHIRCHIK"
+ "AXANGARAN JAMSHID SAVDO MCHJ";"998949598880";"";"TV_OHANGARON"
+ "AXBOROV BOISXON AKBAR OGLI  YTT";"998947557";"";"TSH_SHAYHONTOHUR"
+ "AXIMQULOV ULUGBEK YTT";"+(99) 899-8280";"";"TSH_YANGIXAYOT"
+ "AXINDJANOVA GULCHEXRA KADIROUN  YTT";"+(99) 893-5884";"";"TSH_SHAYHONTOHUR"
+ "AXMADALIYEVA MALOXATXON  YTT";"+998990273";"";"TSH_SERGELI"
+ "AXMADALIYEVA MOXLAROYIM  YTT";"90 038 44 88";"";"TV_ZANGIOTA"
+ "AXMAD ASILBEK BARAKA  MCHJ";"998901670283";"";"TV_TUMANI"
+ "AXMADJANOV BARKAMOL  YTT";"998932658979";"";"TSH_MIRZO_ULUGBE"
+ "AXMADJONOV AKBARJON  YTT";"998978780084";"";"TSH_OLMAZOR"
+ "AXMADJONOVA NASIBA  YTT";"+998946999664";"";"TV_ZANGIOTA"
+ "AXMADJONOV RUSTAM YTT";"+998 (99) 846-41-44";"";"TSH_UCHTEPA"
+ "AXMADJONOV SHERZOD  YTT";"+(94) 630-0073";"";"TSH_UCHTEPA"
+ "AXMADJONOV YUSUFJON  YTT";"+998889494410";"";"TV_YANGI_YUL"
+ "AXMAD NUR ISHOCH XK";"998977635";"";"TSH_YUNUSOBOD"
+ "AXMATBEKOV JASURBEK YTT";"+998 (90) 900-83-30";"";"TSH_UCHTEPA"
+ "AXMATGALEYEV EMIL  YTT";"+(99) 985-2084";"";"TV_YANGI_YUL"
+ "AXMEDBEKOV KOZIMBEK  YTT";"998951017407";"";"TSH_OLMAZOR"
+ "AXMEDJANOV OLIM TALIPOVICH  YTT";"998998007816";"";"TSH_YUNUSOBOD"
+ "AXMEDJANOV TOLIBJON NAIBDJANOVICH YTT";"+(99) 899-2819";"";"TSH_YANGIXAYOT"
+ "AXMEDOVA ADIBA  YTT";"99870188778";"";"TV_CHIRCHIQ"
+ "AXMEDOVA AZIZA  YTT";"998998718087";"";"TV_KIBRAY"
+ "AXMEDOV ABDULLOXMUROD XK";"(99) 899-4000";"";"TSH_MIROBOD"
+ "AXMEDOVA DILDORA  YTT";"+998901789";"";"TV_ZANGIOTA"
+ "AXMEDOVA FERUZA DJURAYEVNA YTT";"998959545";"";"TSH_YASHNABOD"
+ "AXMEDOVA GULNOZA YTT";"(99) 893-1301";"";"TV_OHANGARON"
+ "AXMEDOVA MADINA ABDUNOSIROVNA";"+998 (99) 080-81-05";"";"TV_OLMALIK"
+ "AXMEDOVA MA'FURA  YTT";"946481855";"";"TV_ORTA_CHIRCHIK"
+ "AXMEDOVA MANZURA  YTT";"+998990470470";"";"TV_ZANGIOTA"
+ "AXMEDOVA MUATAR YTT";"+998 (97) 101-00-77";"";"TSH_UCHTEPA"
+ "AXMEDOVA SAIDA YTT";"99 392 78 68";"";"TV_PARKENT"
+ "AXMEDOVA SAIDA YTT";"(99) 890-9411";"";"TSH_MIROBOD"
+ "AXMEDOVA SOHIBA YTT";"+998 (90) 994-89-47";"";"SR_QUYI_CHIRCHIK"
+ "AXMEDOV ASROR NAZIROVICH YTT";"(99) 893-6019";"";"TV_OHANGARON"
+ "AXMEDOVA ZAMIRA MUTALOVNA";"+998 (93) 182-24-66";"";"TV_OLMALIK"
+ "AXMEDOVA ZAREMA YTT";"998900636858";"";"TV_OHANGARON"
+ "AXMEDOV AZIMXOJA YTT";"+998 (99) 866-25-52";"";"TSH_UCHTEPA"
+ "AXMEDOV AZIZBEK";"998903240905";"";"TSH_BEKTEMIR"
+ "AXMEDOV BIZNES ZIYO MCHJ";"+(99) 890-0931";"";"TSH_YANGIXAYOT"
+ "AXMEDOV DILMUROD YTT";"998998370551";"";"TSH_OLMAZOR"
+ "AXMEDOV ISMOILJON YTT";"";"";"TSH_CHILONZOR"
+ "AXMEDOV KAMRON ZIYO  MCHJ";"(77) 256-1615";"";"TSH_SERGELI"
+ "AXMEDOV KOMILJON  YTT";"998935880767";"";"TV_TUMANI"
+ "AXMEDOV MAMBETSALIY   YTT";"998996401";"";"TV_CHIRCHIQ"
+ "AXMEDOV MCHJ";"998712238595";"";"TSH_YUNUSOBOD"
+ "AXMEDOV NAVROZBEK YTT (BARAKA MARKET)";"+998 (90) 821-10-44";"";"TV_ZANGIOTA"
+ "AXMEDOV ROVSHAN YATT";"+998 (94) 369-06-69";"";"TV_PISKENT"
+ "AXMEDOV ROVSHAN  YTT";"998900187674";"";"TV_TUMANI"
+ "AXMEDOV SARDOR  YTT";"998909377711";"";"TSH_SHAYHONTOHUR"
+ "AXMEDOV SARDOR YTT";"+909377711";"";"TSH_UCHTEPA"
+ "AXMEDV AZIZBE";"998339568949";"";"TV_KIBRAY"
+ "AXMEDXODJAYEVA GULMIRA  YTT";"998909070";"";"TSH_YASHNABOD"
+ "AXMETOVA MOXINUR 3";"998909537475";"";"TSH_BEKTEMIR"
+ "AXMETOVA MUXTAZAR  YTT";"99835579769";"";"TV_KIBRAY"
+ "AXRAROVA MAMURA  YTT";"998977367372";"";"TSH_SHAYHONTOHUR"
+ "AXRORBEK YAXYOBEK BUSINESS YTT";"+(99) 890-3706";"";"TSH_SERGELI"
+ "AXROROV XOJIAKBAR  YTT";"998998726140";"";"TV_TUMANI"
+ "AXRORXOJAYEV AFZALXON AVAZOVICH YTT";"(99) 899-1975";"";"TSH_YAKKASAROY"
+ "AXRORXOJA YUKSAK  MCHJ";"998977590715";"";"TSH_YUNUSOBOD"
+ "AXRORXONOV IXLOSXON";"+998 (71) 225-28-45";"";"TV_PISKENT"
+ "AXUNDJANOVA MANZURA BORIBAYEVNA  YTT";"998904432211";"";"TSH_OLMAZOR"
+ "AXUNDJANOV DILMUROD IRGASHEVICH YTT";"998959077";"";"TSH_OLMAZOR"
+ "AXVARXONOVA XURSHIDA YTT";"(99) 899-0081";"";"TV_OLMALIK"
+ "AYAPOV AMANGELDI  YTT";"998944580086";"";"TV_CHIRCHIQ"
+ "AYAPOVA TULGANAY   YTT";"998333000";"";"TV_CHIRCHIQ"
+ "AYDOS BEKJAN  MCHJ";"99875461070";"";"TV_CHIRCHIQ"
+ "AYKA SHOP";"998901887225";"";"TSH_SERGELI"
+ "AYLA TANTUNI";"+998 (00) 000-00-00";"";"TSH_YAKKASAROY"
+ "AYMUHAMEDOV KAMOLIDDIN  YTT";"998974760909";"";"TV_TUMANI"
+ "AYNAQULOVA NIGORA ABDURAIMPVNA";"+998 (99) 899-74-07";"";"TV_TOYTEPA"
+ "AYNURA MED";"+998 (90) 989-45-76";"";"TV_OHANGARON"
+ "AYOQCHI MARKET MCHJ";"+(99) 899-9714";"";"TSH_YANGIXAYOT"
+ "Ayrimsay";"+998991276498";"";"TSH_CHILONZOR"
+ "AYRIM SAY";"+998 (00) 000-00-00";"";"TSH_CHILONZOR"
+ "AYRIN PHARM";"(99) 871-2213";"";"TSH_YUNUSOBOD"
+ "AYSARIEVA DILDOR YTT";"+998 (93) 601-52-03";"";"TV_OLMALIK"
+ "AYUBXON BIZNES MCHJ";"998330988";"";"TSH_OLMAZOR"
+ "AYUBXONOVA SARVINOZ BEKZOD QIZI";"+998932555284";"";"SR_QUYI_CHIRCHIK"
+ "AYUK SAVDO MCHJ";"+998 (90) 346-03-98";"";"TSH_MIROBOD"
+ "AYUPOVA NARGIZA YTT";"90 117 80 79";"";"TSH_UCHTEPA"
+ "AYUPXON MCHJ";"+(99) 894-6004";"";"TSH_YAKKASAROY"
+ "AYXODJAYEVA MADINA YTT";"+933770363";"";"TV_YANGI_YUL"
+ "AYYUB AMIR BUSINESS MCHJ";"+998 (97) 707-81-31";"";"TSH_UCHTEPA"
+ "AYZA-ALMAS  OK";"998996398395";"";"TV_CHIRCHIQ"
+ "AYZERI ALIMANSUR  YTT";"998997866";"";"TV_KIBRAY"
+ "AZAMAT ABSATTOROVICH BAYDULLAYEV  YTT";"+998935285";"";"TSH_UCHTEPA"
+ "AZAM MARKET ANGREN  MCHJ";"+998 (94) 420-25-25";"";"TV_ANGREN"
+ "AZAM OTA  MCHJ";"998712916813";"";"TSH_YASHNABOD"
+ "AZ BOX KNIJNIY YTT";"+998 (97) 464-84-75";"";"TV_YANGI_YUL"
+ "AZIMA AZAMOVA MARKET XK";"998908212728";"";"TSH_YUNUSOBOD"
+ "AZIMBAYEVA DILRABO  YTT";"(99) 893-8044";"";"TV_ORTA_CHIRCHIK"
+ "AZIM BIZNES MCHJ";"998998428";"";"TSH_YUNUSOBOD"
+ "AZIMBOY JAVOHIRBEK";"+99850702215";"";"TSH_UCHTEPA"
+ "AZIMBOY JAVOHIRBEK  MCHJ";"998909062214";"";"TSH_UCHTEPA"
+ "AZIMJON AZIZJON BUSINESS OK";"998973428";"";"TV_BOSTONLIQ"
+ "AZIMJON BARAKA PLUS  MCHJ";"998331611515";"";"TSH_YUNUSOBOD"
+ "AZIMJON INVEST FARM";"+998 (95) 198-65-66";"";"TSH_BEKTEMIR"
+ "AZIMJON NILUFAR BARAKA  OK";"+(99) 897-6048";"";"TV_YANGI_YUL"
+ "AZIMJONOV ALISHER AZIMJONOVICH  YTT";"998909634";"";"TSH_SHAYHONTOHUR"
+ "AZIMMURODOV SALIMJON  YTT";"+998889582777";"";"TSH_UCHTEPA"
+ "AZIMOVA GULHAYO YTT";"(99) 894-7032";"";"TV_OLMALIK"
+ "AZIMOVA MAFTUNA   YTT";"998995132772";"";"TV_BOSTONLIQ"
+ "AZIMOVA RIXSI  YTT";"+998 (90) 124-38-46";"";"TV_TOYTEPA"
+ "AZIMOVA SHOHISTA  YTT";"+(99) 895-6613";"";"TSH_SERGELI"
+ "AZIMOVA UMIDA  YTT";"+998 (94) 958-86-65";"";"TV_PARKENT"
+ "AZIMOVA YTT";"998883300";"";"TSH_OLMAZOR"
+ "AZIMOV DAVRON  YTT";"998971950066";"";"TSH_BEKTEMIR"
+ "AZIMOV FARRUX  YTT";"+998 (97) 766-51-51";"";"TV_PARKENT"
+ "AZIMOV HALOL FOOD  OK";"+(99) 890-1782";"";"TSH_MIROBOD"
+ "AZIMOV JAMSHID  YTT";"+998944124948";"";"TV_ZANGIOTA"
+ "AZIMOV OLIM  ZOIROVICH YTT";"998331100900";"";"TSH_YUNUSOBOD"
+ "AZIMOV RAXIM  YTT";"998996156666";"";"TSH_YASHNABOD"
+ "AZIMOV SALOXIDDIN  YTT";"+998901389";"";"TSH_SERGELI"
+ "AZIMOV SHERZOD YTT";"998971777";"";"TSH_YUNUSOBOD"
+ "AZIMOV TULKINBAY  YTT";"+998944212124";"";"TV_ZANGIOTA"
+ "AZIMOV XURSHID NOZIMJANOVICH  YTT";"998945200083";"";"TSH_MIRZO_ULUGBE"
+ "AZIMOV YAMINJON KARIMOVICH  YTT";"(99) 899-7301";"";"TV_OLMALIK"
+ "AZIMOV YTT";"998946942";"";"TSH_SHAYHONTOHUR"
+ "AZIMOV ZAHRIDDIN";"998949342203";"";"TV_CHIRCHIQ"
+ "AZIMSHER MARKET MCHJ";"998903934555";"";"TSH_YUNUSOBOD"
+ "AZIYAGRAND 1";"998909779991";"";"TSH_YASHNABOD"
+ "AZIYAGRAND 2";"998998021397";"";"TSH_YASHNABOD"
+ "AZIYA KAMILA BIZNES MCHJ";"998977431";"";"TV_CHIRCHIQ"
+ "AZIZA AZIZBEK";"998996339";"";"TSH_SHAYHONTOHUR"
+ "AZIZA BEAUTIFUL BUSINESS MCHJ";"998998577";"";"TV_CHIRCHIQ"
+ "AZIZABEGIM OPTOM MARKET MCHJ";"99808297273";"";"TV_CHIRCHIQ"
+ "AZIZA FARM";"+998 (90) 123-13-79";"";"TV_CHIRCHIQ"
+ "AZIZA FARM SAVDO MCHJ";"998978734488";"";"TV_CHIRCHIQ"
+ "AZIZA GROUP XK";"998995124";"";"TV_CHIRCHIQ"
+ "AZIZA MARKET";"998973456285";"";"TV_CHIRCHIQ"
+ "AZIZ ANORA FARM";"+998 (90) 937-00-74";"";"TSH_YASHNABOD"
+ "AZIZA SMART PHARMACY MCHJ";"998909270727";"";"TSH_MIRZO_ULUGBE"
+ "AZIZ AVLOD BIZNES OK";"+998 (94) 360-36-93";"";"TV_PARKENT"
+ "AZIZAXON DAVR SAVDO  MCHJ";"998946370";"";"TV_KIBRAY"
+ "AZIZ AYGUL YTT";"+(99) 899-8052";"";"TV_OHANGARON"
+ "AZIZBEK BRIGHT FUTURE  MCHJ";"+998 (94) 936-03-02";"";"TV_ANGREN"
+ "AZIZBEK ECO WATER MCHJ";"+998 (95) 957-00-71";"";"TSH_YANGIXAYOT"
+ "AZIZBEK FARM PLYUS";"998946002740";"";"TSH_SERGELI"
+ "AZIZBEK OHANGARON SAVDO XK";"+(99) 890-9707";"";"TV_OHANGARON"
+ "AZIZBEK OMAD 7/147";"903262715";"";"TSH_UCHTEPA"
+ "AZIZBEK QIZILTOG  XK";"+998 (93) 687-86-98";"";"TV_PARKENT"
+ "AZIZBEK SAVDO FAYZ  OK";"+(99) 897-0943";"";"TV_ORTA_CHIRCHIK"
+ "AZIZ BIZNES CORPARESHN OK";"+998 (95) 099-93-16";"";"TV_PARKENT"
+ "AZIZ GULNORA XK";"998754612";"";"TV_KIBRAY"
+ "AZIZ IXTIANDR MCHJ";"998977143";"";"TV_CHIRCHIQ"
+ "AZIZJON SUNNATOVICH BABAYAROV  YTT";"+(99) 899-4700";"";"TSH_SERGELI"
+ "AZIZ LAZIZ BIZNES TREDE  MCHJ";"+(99) 894-6297";"";"TSH_UCHTEPA"
+ "AZIZ MUSLIMA FARM";"+998 (97) 155-56-75";"";"TSH_UCHTEPA"
+ "AZIZOV ADXAM AKBAR 1";"998991952070";"";"TSH_BEKTEMIR"
+ "AZIZOV ADXAM AKBAR2";"998991952070";"";"TSH_BEKTEMIR"
+ "AZIZOV ADXAM AKBAR 3";"998951957320";"";"TSH_BEKTEMIR"
+ "AZIZOVA NILUFAR   YTT";"998998587";"";"TV_TUMANI"
+ "AZIZOV ERKIN TURSUNOVICH YTT";"+998 (90) 938-44-22";"";"TSH_UCHTEPA"
+ "AZIZOV JAXONGIR ZAFAROVICH";"+998 (93) 381-75-51";"";"TV_OHANGARON"
+ "AZIZOV ZUXRIDDIN ABDURASHIDOVICH";"+998 (93) 332-68-07";"";"TV_BOKA"
+ "AZIZ PARFYUM MCHJ";"998901094999";"";"TSH_MIRZO_ULUGBE"
+ "AZIZ POLVON 7777 MCHJ";"998903744";"";"TSH_YASHNABOD"
+ "AZIZ TEXNO MCHJ";"998991771";"";"TSH_YUNUSOBOD"
+ "AZIZXON ANVAROVICH MCHJ";"+998 (94) 438-56-53";"";"TV_BOKA"
+ "AZM MARKET  MCHJ";"998983008";"";"TSH_OLMAZOR"
+ "B 1";"";"";"TSH_SERGELI"
+ "B 8 MARKET  MCHJ";"998770040906";"";"TSH_YASHNABOD"
+ "BABABEKOVA X";"998935140";"";"TSH_YUNUSOBOD"
+ "BABABEKOV OBRUY";"998889000";"";"TSH_YUNUSOBOD"
+ "BABABEKOV RUSTAM YTT";"998909124";"";"TSH_YASHNABOD"
+ "BABAJANOVA ANUSH  YTT";"+998 (94) 408-7";"";"TV_OLMALIK"
+ "BABAJANOV RAJABBAY  YTT";"+(99) 895-1009";"";"TSH_UCHTEPA"
+ "BABAKELDIYEVA NURJAMAL  YTT";"+998 (99) 842-13-81";"";"SR_QUYI_CHIRCHIK"
+ "BABAKULOV ABDUKARIM YTT";"+900620506";"";"TSH_UCHTEPA"
+ "BABAXANOVA ZILOLA  YTT";"+998 (94) 368-92-26";"";"TV_ANGREN"
+ "BABAYAROVA ZUMRAD  YTT";"998904888885";"";"TSH_YASHNABOD"
+ "BABAYEVA MAFTUNA  YTT";"998999165101";"";"TV_CHIRCHIQ"
+ "BABAYEVA-MUKARRAM  XK";"998950750122";"";"TSH_YASHNABOD"
+ "BABAYEV AZMIDDIN  YTT";"998976165774";"";"TV_KIBRAY"
+ "BABAYEV SHAXOBIDDIN NIZAMUDINOVICH YTT";"+998950103345";"";"TSH_SERGELI"
+ "BABILOV RASHID";"998992950455";"";"TSH_MIRZO_ULUGBE"
+ "BABOXONOVA SAIDA BAXODIROVNA  YTT";"+(99) 890-9416";"";"TSH_SERGELI"
+ "BABURJALAL BARLAS MCHJ";"+(99) 833-0363";"";"TSH_YAKKASAROY"
+ "BABY BLOOM";"+998 (33) 098-88-88";"";"TSH_SHAYHONTOHUR"
+ "BABY MARKET YTT";"998333358";"";"TSH_BEKTEMIR"
+ "BABYNOVA TRADE  MCHJ";"+977349900";"";"TSH_SERGELI"
+ "BABYNYAMM  NCHJ";"+998 (99) 813-18-81";"";"TSH_CHILONZOR"
+ "BADAULET YERNUR MCHJ";"(99) 897-5451";"";"SR_QUYI_CHIRCHIK"
+ "BAFAYEV MINIMARKET MCHJ";"998910065";"";"TSH_YASHNABOD"
+ "BAHCHASARAY";"+998933850003";"";"TSH_YUNUSOBOD"
+ "BAHODIR HOSIYAT MCHJ";"998770271810";"";"TSH_SHAYHONTOHUR"
+ "BAHODIR IKROMOV";"998946449094";"";"TSH_MIRZO_ULUGBE"
+ "BAHODIR OTA INVEST OK";"+998 (95) 086-40-20";"";"TV_TOYTEPA"
+ "BAHODIR YULDOSH MARKET  MCHJ";"998993626922";"";"TSH_OLMAZOR"
+ "BAHOR";"998944953339";"";"TV_CHIRCHIQ"
+ "BAHORA NAFISA IRODA CHAROS  MCHJ";"+(97) 950-6665";"";"TSH_SERGELI"
+ "BAHORA QIZ  MCHJ";"998993219436";"";"TSH_BEKTEMIR"
+ "BAHOR FARM BIZNES";"+998 (99) 769-06-66";"";"TSH_CHILONZOR"
+ "BAHOR M.T";"+998946877474";"";"TSH_YUNUSOBOD"
+ "BAHOROY BIZNES OK";"998998154535";"";"TSH_BEKTEMIR"
+ "BAHRIDDIN MUXAYYO ORZUSI  MCHJ";"";"";"TSH_SERGELI"
+ "BAHRONOVA NARGIZA  YTT";"998958916067";"";"TSH_YUNUSOBOD"
+ "BAHTIYOR Milliy taomlar";"+998999011109";"";"TSH_MIRZO_ULUGBE"
+ "BAHTIYOR SHAMSIDDIN  MCHJ";"+998900072";"";"TSH_CHILONZOR"
+ "BAKERY FOOD MCHJ";"+(99) 899-8442";"";"TSH_YAKKASAROY"
+ "BAKIBAYEV BAXODIR YTT";"+998 (97) 073-80-89";"";"SR_QUYI_CHIRCHIK"
+ "BAKIROVA SHAXNOZA YTT";"+998 (90) 944-07-84";"";"SR_QUYI_CHIRCHIK"
+ "Baku Kafe Absheron";"+998911345759";"";"TSH_CHILONZOR"
+ "BALIQ";"+998933092002";"";"TSH_MIRZO_ULUGBE"
+ "Baliqchi";"+998998434848";"";"TSH_UCHTEPA"
+ "BALTABAYEVA GULSTAN  YTT";"998946020488";"";"TSH_MIRZO_ULUGBE"
+ "BALTAYEVA GULOYIM YTT";"998911905";"";"TV_CHIRCHIQ"
+ "BANANZA  MCHJ";"+998997770711";"";"TSH_SHAYHONTOHUR"
+ "BARAKA";"";"";"TSH_BEKTEMIR"
+ "BARAKA CHOYHONASI";"+998948191794";"";"TSH_YASHNABOD"
+ "BARAKA DONISH";"+998 (90) 919-23-31";"";"TSH_CHILONZOR"
+ "BARAKAH NEW FAMILY MCHJ";"998909271777";"";"TSH_CHILONZOR"
+ "Barakah Restoran";"";"";"TSH_CHILONZOR"
+ "BARAKALI GULSARA ONA OK";"+998 94 491 27 97";"";"TSH_SERGELI"
+ "BARAKA MANGAL";"+000000000000";"";"TSH_OLMAZOR"
+ "BARAKA MARKET EXSPRESS  MCHJ";"+(99) 833-0166";"";"TSH_CHILONZOR"
+ "BARAKA MARKET  MCHJ";"998908004";"";"TV_ZANGIOTA"
+ "BARAKA MED FARM";"+998 (99) 648-84-86";"";"TV_OQQORGON"
+ "BARAKAMI MCHJ";"+(99) 890-3729";"";"TSH_MIROBOD"
+ "BARAKA NURINISO  OK";"998977846610";"";"TSH_BEKTEMIR"
+ "BARAKA NURLI MARKET OK";"+(99) 895-0951";"";"TSH_SERGELI"
+ "BARAKA NURNISO OK";"998998045";"";"TSH_BEKTEMIR"
+ "BARAKA NUR XK";"998977337";"";"TSH_OLMAZOR"
+ "BARAKA SAVDO 87";"+998 (90) 939-81-11";"";"TSH_CHILONZOR"
+ "BARAK A-S AVDO  MCHJ";"998947085580";"";"TSH_YUNUSOBOD"
+ "BARAKA SHOP WEALRH MCHJ";"998900135";"";"TSH_YUNUSOBOD"
+ "BARAKA STORE XK";"+998 (99) 462-77-94";"";"TSH_UCHTEPA"
+ "BARAKA TRADE HOUSE  MCHJ";"998909160609";"";"TSH_OLMAZOR"
+ "BARAKA XADIYJABONU MCHJ";"+(99) 890-0138";"";"TSH_MIROBOD"
+ "BARAKAYEVA GOVHAR YTT";"998999373";"";"TV_BOSTONLIQ"
+ "BARAKAYEV XURSHID  YTT";"998949373037";"";"TV_CHIRCHIQ"
+ "BARAKA YOMGIRI  XK";"998946971";"";"TSH_SHAYHONTOHUR"
+ "BARATOV ABDURAXMON  YTT";"+(99) 894-8263";"";"TSH_SERGELI"
+ "BARATOVA SHAXRINISO. YTT";"+998 (99) 879-59-50";"";"SR_QUYI_CHIRCHIK"
+ "BARATOVA SHOHIDA  YTT";"(99) 899-6484";"";"TV_ANGREN"
+ "BARATOV AZIZBEK  YTT";"+998998977766";"";"TV_ZANGIOTA"
+ "BARATOV ILXAM  YTT";"998970019068";"";"TV_YANGI_YUL"
+ "BARATOV XOLDOR YUSUPBEKOVICH YTT";"998983130";"";"TSH_BEKTEMIR"
+ "BAR BASSADOR";"+998 (00) 000-00-00";"";"TSH_CHILONZOR"
+ "BARCHINOY GULNOZA SAMIR MCHJ";"998939566";"";"TSH_MIRZO_ULUGBE"
+ "BARDANKOL MARKET OK";"+(99) 894-8088";"";"TV_PARKENT"
+ "BARGAIN AND PROFIT MCHJ";"+(99) 899-9337";"";"TSH_MIROBOD"
+ "BARNO ONA MEHRI  XK";"998977015019";"";"TSH_BEKTEMIR"
+ "Barokah";"+998909271777";"";"TSH_CHILONZOR"
+ "BAROKAT PHARM  MCHJ";"998505768833";"";"TSH_MIRZO_ULUGBE"
+ "Barracha";"+998958055280";"";"TSH_SERGELI"
+ "Bassador";"+998891110045";"";"TSH_CHILONZOR"
+ "Bassar";"+998998303032";"";"TSH_CHILONZOR"
+ "BAURJAN PAYZULLAYEV  YTT";"998998839300";"";"TV_KIBRAY"
+ "Baursak";"+998903264754";"";"TSH_SERGELI"
+ "BAXODIR TALIPOV BAXTIYOROVICH YTT";"998990707575";"";"TSH_YUNUSOBOD"
+ "BAXRIDDIN NORTOJI OGLI MULKAMANOV  YTT";"+(99) 893-7660";"";"TSH_UCHTEPA"
+ "BAXRIDDINOV AHMADXON XAYRULLA OGLI";"998903558";"";"TSH_MIRZO_ULUGBE"
+ "BAXRIDDINOV NIZOMIDDIN  YTT";"998931499207";"";"TSH_UCHTEPA"
+ "BAXRIN MARKET";"+998 (94) 288-93-94";"";"TSH_YANGIXAYOT"
+ "BAXROM FAYZBEK SAVDO  MCHJ";"+(99) 899-4521";"";"TSH_UCHTEPA"
+ "BAXROM HOJI OTA";"+99 396 70 19";"";"TV_PARKENT"
+ "BAXROM HOLDING  MCHJ";"998330684444";"";"TSH_MIRZO_ULUGBE"
+ "BAXROM HOLDING MCHJ";"+(99) 894-6283";"";"TSH_YUNUSOBOD"
+ "BAXROM HOLDING  MCHJ-2";"998998946283";"";"TSH_YUNUSOBOD"
+ "BAXROMOVA MAFTUNA IBROHIM QIZI";"+998 (93) 658-91-99";"";"TV_OHANGARON"
+ "BAXROMOVA NIGORA  YTT";"998954578484";"";"TV_TUMANI"
+ "BAXROMOVA SHAHZODAXON  YTT";"+(93) 573-0004";"";"TSH_UCHTEPA"
+ "BAXROMOV DONIYOR MARKET MCHJ";"998909995775";"";"TSH_SHAYHONTOHUR"
+ "BAXROM SAVDO XK";"998958888";"";"TSH_MIRZO_ULUGBE"
+ "BAXROM XOLDING  MCHJ";"+(99) 899-8946";"";"TSH_SERGELI"
+ "BAXT AZIYA MCHJ";"99874900989";"";"TV_CHIRCHIQ"
+ "BAXT BEKJAN BIZNES  OK";"(99) 894-6045";"";"TV_ORTA_CHIRCHIK"
+ "BAXT BEST FARM";"+998 (93) 546-11-13";"";"TV_YANGI_YUL"
+ "BAXTIYEV NODIRBEK AYTAXUN";"998953956";"";"TSH_BEKTEMIR"
+ "BAXTIYEV PAZILJON  YTT";"998971506565";"";"TSH_BEKTEMIR"
+ "Baxtiyor Best Business trade";"(99) 860-7976";"";"TSH_YUNUSOBOD"
+ "BAXTIYOR BEST MCHJ";"+998 (99) 883-30-05";"";"TSH_YUNUSOBOD"
+ "BAXTIYOR ERGASHEV JURAYEVICH";"+998 (99) 846-48-16";"";"TSH_CHILONZOR"
+ "BAXTIYOR OTA 55";"998998285741";"";"TSH_MIRZO_ULUGBE"
+ "BAXTIYOROVA SITORA  YTT";"998977157379";"";"TSH_MIRZO_ULUGBE"
+ "BAXTIYOROV YTT";"998932070998";"";"TSH_OLMAZOR"
+ "BAXTIYOR RIZQ 777  MCHJ";"998992508";"";"TSH_SHAYHONTOHUR"
+ "BAXTIYOR-SARDOR SAVDO  XK";"(99) 899-0969";"";"TSH_CHILONZOR"
+ "BAXTIYOR SARDOR SAVDO  XK-2";"+(93) 761-1355";"";"TSH_CHILONZOR"
+ "BAXTIYOR SARDOR SAVDO  XK-3";"+(99) 890-0003";"";"TSH_UCHTEPA"
+ "BAXTIYOR SARDOR SAVDO  XK-4";"+998 (37) 611-35-5";"";"TSH_CHILONZOR"
+ "BAXTIYOR ULGURCHI SAVDO GROUP MCHJ";"998904416702";"";"TSH_SHAYHONTOHUR"
+ "BAXT SOGLIQ";"+998 (97) 848-84-88";"";"TV_CHIRCHIQ"
+ "BAYBULOV MUROD MAXMUDOVICH YTT";"998970051";"";"TSH_BEKTEMIR"
+ "BAYDADYEV ASILBEK NOSIROVICH YTT";"998995611453";"";"TSH_YUNUSOBOD"
+ "BAYDJIMARTOVA ALINA YT";"99875460523";"";"TV_CHIRCHIQ"
+ "BAYKUATOVA ASIYA YTT";"99803555816";"";"TV_CHIRCHIQ"
+ "BAYMATOV AXADJAN ACMADJONOVICH YTT";"998990214";"";"TSH_YASHNABOD"
+ "BAYMURADOVA SHAXNOZA YTT";"+910099082";"";"TV_ZANGIOTA"
+ "BAYMUXAMEDOV BAXODIR SAVDO OK";"998935732512";"";"TSH_SHAYHONTOHUR"
+ "BAYNAYEVA BUXOJIRA YTT";"998931009052";"";"TV_OHANGARON"
+ "BAYONBEK  MCHJ";"998912639090";"";"TSH_YASHNABOD"
+ "BAY SELL  MCHJ";"998909750100";"";"TSH_MIRZO_ULUGBE"
+ "BAYTI-IMON  MCHJ";"998881166789";"";"TV_CHIRCHIQ"
+ "BAYTQORGON BARAKA SERVIS 2  MCHJ";"998997372269";"";"TV_CHIRCHIQ"
+ "BAYTQORGON BARAKA SERVIS MCHJ";"(99) 890-9087";"";"TV_KIBRAY"
+ "BAYTURAYEVA PARIZOD YTT";"998994628";"";"SR_QUYI_CHIRCHIK"
+ "BAYZAKOVA GULIJON";"97 773 88 76";"";"TSH_UCHTEPA"
+ "BAYZAKOV AKMAL  YTT";"+998 (93) 702-67-66";"";"TV_ANGREN"
+ "BAZARBAYEVA YTT";"+998 99 424 42 22";"";"TSH_OLMAZOR"
+ "BAZARLY OPTOM";"998911368382";"";"TSH_OLMAZOR"
+ "BD HAMKOR MCHJ";"998884512";"";"TV_KIBRAY"
+ "BEARS MARKET";"+998 (99) 723-39-29";"";"TSH_YANGIXAYOT"
+ "BE BACK DONAR";"+998770002028";"";"TSH_MIRZO_ULUGBE"
+ "BEE MART MARKET";"+998 (91) 246-46-66";"";"TSH_UCHTEPA"
+ "BEE NEST MCHJ";"998930823500";"";"TSH_UCHTEPA"
+ "BE FRIST FARM";"+998 (91) 008-71-11";"";"TSH_YUNUSOBOD"
+ "BEGALIYEV XIKMATULLO";"90 356 18 18";"";"TSH_UCHTEPA"
+ "BEGJONOVA FAROG'AT  YTT";"999146370";"";"TSH_CHILONZOR"
+ "BEGMATOVA RAFOAT KAYUMOVA YTT";"+(99) 893-0353";"";"TSH_YANGIXAYOT"
+ "BEGMATOVA XALIMA ANVAROVNA";"931657599";"";"TV_OLMALIK"
+ "BEGMATOVA XALIMA ANVAROVNA";"+998 (93) 165-75-99";"";"TV_OHANGARON"
+ "BEGMATOV FARRUX FARHOD OGLI YTT";"998996556";"";"TV_KIBRAY"
+ "BEGMATOV SUXROB  YTT";"+998 (93) 532-82-32";"";"TV_ANGREN"
+ "BEGMATOV YTT";"998993137";"";"TSH_BEKTEMIR"
+ "BEGMETOV XURSHID  YTT";"998917770717";"";"TV_CHIRCHIQ"
+ "BEGMURATOVA MUHABBAT  YTT";"+998 (93) 606-58-59";"";"TV_ANGREN"
+ "BEGZOD 99  XK";"+998 (90) 963-88-22";"";"TV_PARKENT"
+ "BEGZOD BARAKA BIZNES MCHJ";"998903343434";"";"TSH_SHAYHONTOHUR"
+ "BEGZOD BIZNES PLYUS 999 MCHJ";"998993080120";"";"TV_ANGREN"
+ "BEGZOD BIZNES PLYUS MCHJ";"998949342255";"";"TV_OHANGARON"
+ "BEGZOD DILDORA";"+998 (99) 895-16-80";"";"TSH_YASHNABOD"
+ "BEGZOD FARM";"+998 (90) 517-18-18";"";"TSH_YAKKASAROY"
+ "BEGZOD GRAND  MCHJ";"+998 (95) 698-45-68";"";"TV_PARKENT"
+ "BEGZOD IBROHIM XK";"998977045";"";"TV_BOSTONLIQ"
+ "BEGZOD-RICH MCHJ";"+88 099 66 67";"";"TV_YANGI_YUL"
+ "BEHRONA OK";"998909097";"";"TSH_BEKTEMIR"
+ "BEHRUZ BARAKA MCHJ";"+998 (94) 949-49-94";"";"TV_PARKENT"
+ "BEHRUZBEK QURILISH OMAD";"998995024609";"";"TSH_MIRZO_ULUGBE"
+ "BEK";"+998904447419";"";"TSH_MIRZO_ULUGBE"
+ "BEK AXMADOV  XK";"998996873330";"";"TSH_BEKTEMIR"
+ "BEK BARAKA 658";"998974097400";"";"TSH_CHILONZOR"
+ "BEK BREND SHOXNUR  MCHJ";"+(99) 894-3370";"";"TSH_YAKKASAROY"
+ "BEK DOKON  MCHJ";"998901966265";"";"TSH_BEKTEMIR"
+ "BEK JAVLONBEK MARKET OK";"998940035388";"";"TV_BOSTONLIQ"
+ "BEK JAVLONBEK XK";"998944202";"";"TV_CHIRCHIQ"
+ "BEKLAR GRAND  MCHJ";"998881310057";"";"TSH_YASHNABOD"
+ "BEK LAZZAT";"+998994767796";"";"TSH_MIRZO_ULUGBE"
+ "BEK MARKAZ YTT";"+998 (97) 398-18-88";"";"TV_YANGI_YUL"
+ "BEK MARKET";"+998 (94) 628-11-66";"";"TSH_UCHTEPA"
+ "BEK MARKET  XK";"+(99) 870-5522";"";"SR_QUYI_CHIRCHIK"
+ "BEKMUHAMEDOV MUHAMMAD SOBIROVICH YTT";"998977101997";"";"TSH_MIRZO_ULUGBE"
+ "BEKMURODOVA TAMARA  YTT";"998983056";"";"TSH_YASHNABOD"
+ "BEKMURODOVA YTT";"(99) 890-0427";"";"TSH_CHILONZOR"
+ "BEKMURODOV MIRABBOS  YTT";"331616262";"";"TSH_SERGELI"
+ "BEKMUROT FAYZ MCHJ";"(99) 890-9642";"";"TSH_CHILONZOR"
+ "BEKNAZAROV ANVAR  YTT";"998977400949";"";"TSH_MIRZO_ULUGBE"
+ "BEKNAZAROVA ZARNIGOR TOHIR QIZI";"+998 (99) 302-36-89";"";"TV_TOYTEPA"
+ "BEK OF";"+998 (99) 464-31-91";"";"TSH_SERGELI"
+ "BEKOFOOD  MCHJ";"998909220041";"";"TSH_YASHNABOD"
+ "BEK ORZU MARKET OK";"+998 (90) 118-63-14";"";"TV_BOKA"
+ "BEK PHARM MCHJ";"+998 (99) 806-49-16";"";"TSH_MIRZO_ULUGBE"
+ "BEK SAGBON NURAFSHON MCHJ";"+998 (95) 977-67-00";"";"TSH_OLMAZOR"
+ "BEK SAHIY HOSIL MCHJ";"998974146029";"";"TSH_YAKKASAROY"
+ "Bek Saroy Choyhonas";"+998950066162";"";"TSH_SERGELI"
+ "BEKTEMIR MARKET MCHJ";"998901171";"";"TSH_BEKTEMIR"
+ "BEKTEMIROV DILSHOD YTT";"+998 (97) 715-08-86";"";"TSH_UCHTEPA"
+ "BEKTRADE  MCHJ";"998508860";"";"TSH_YUNUSOBOD"
+ "BEKTREND MCHJ";"998912194";"";"TSH_MIRZO_ULUGBE"
+ "BEK VA SUNNAT KORXONASI MCHJ";"94 002 79 29";"";"SR_QUYI_CHIRCHIK"
+ "BEK ZAMON  OK";"998946444231";"";"TSH_SHAYHONTOHUR"
+ "BEKZODBEK TAOMLARI  MCHJ";"998996744";"";"TSH_CHILONZOR"
+ "BEKZOD SAIDOV  YTT";"998956655450";"";"TSH_CHILONZOR"
+ "BEKZOD XABIBA MCHJ";"998909986";"";"TSH_YASHNABOD"
+ "BEKZOD YASMINA FAYZ MCHJ";"+998 (90) 399-96-09";"";"TSH_UCHTEPA"
+ "BELLE MAMEN";"+998901853330";"";"TSH_MIRZO_ULUGBE"
+ "BE MART MARKET MCHJ";"+998 (91) 246-46-66";"";"TSH_UCHTEPA"
+ "BEMINNAT IMKON FAYZ OK";"998935453888";"";"TV_OHANGARON"
+ "BEMINNAT IMKON FAYZ OK 2";"998977832767";"";"TV_OHANGARON"
+ "BENEFIS RETAIL  MCHJ";"998950009582";"";"TSH_SHAYHONTOHUR"
+ "BERDIEV OLIM GADOEVICH";"998999221565";"";"TSH_BEKTEMIR"
+ "BERDIMURODOV MUXAMMAD SHOYIMNAZAR OGLI YTT";"+(99) 893-1529";"";"TSH_SERGELI"
+ "BERDINAZAROVA NILUFAR ACHILOVNA  YTT";"998973451247";"";"TV_CHIRCHIQ"
+ "BERDIOLI XK";"+(99) 890-9751";"";"TSH_MIROBOD"
+ "BERDIYEVA BUVMARIYA";"+998 (95) 051-51-15";"";"TV_OLMALIK"
+ "BERDIYOROV ARZIMUROD NARMAMATOVICH YTT";"+998 (93) 059-00-48";"";"TSH_UCHTEPA"
+ "BERDOLI MARKET XK";"998900188";"";"TSH_SERGELI"
+ "BERDUMURODOVA ORZIGUL  YTT";"+(90) 092-0606";"";"TSH_YAKKASAROY"
+ "BERTEN FARM";"+998 (99) 869-88-79";"";"TV_KIBRAY"
+ "BERUNIY LOLA FARM XK";"+998 (88) 901-28-28";"";"SR_QUYI_CHIRCHIK"
+ "BERYOZA FARM";"+998 (90) 021-08-04";"";"TSH_SERGELI"
+ "BESHBARMOQ N1";"+998330665500";"";"TSH_YUNUSOBOD"
+ "BESHBEGI MARKET 2  MCHJ";"+(99) 890-9286";"";"SR_QUYI_CHIRCHIK"
+ "BESH PANJA N1";"+998977475050";"";"TSH_OLMAZOR"
+ "Beshqayrağoch";"+998988776556";"";"TSH_UCHTEPA"
+ "Beshqazon";"+998712009444";"";"TSH_SERGELI"
+ "BESH QORGONLIKLAR  MCHJ";"998998023";"";"TSH_OLMAZOR"
+ "BESHQORGON SAVDO MCHJ";"+(99) 890-9338";"";"TSH_CHILONZOR"
+ "BESHQORGON SAVDO TRADING";"+998 (90) 808-48-38";"";"TSH_CHILONZOR"
+ "Besh Tandir";"998911655576";"";"TSH_CHILONZOR"
+ "Beshyogʻoch Hod dog";"+998999922208";"";"TSH_UCHTEPA"
+ "Beshyogʻoch Milliy";"+998946633999";"";"TSH_UCHTEPA"
+ "BEST INVESTMENTS TRADE MCHJ";"+(99) 899-8616";"";"TSH_MIROBOD"
+ "BEST MAKSIMAL PLYUS  OK";"998937534904";"";"TV_TUMANI"
+ "BEST MARKET SANJAR  MCHJ";"99888307727";"";"TSH_YUNUSOBOD"
+ "BEST SERVIS FUTURE  MCHJ";"998909561312";"";"TSH_YAKKASAROY"
+ "BEXRUZ BARAKA MARKET  OK";"+998946477852";"";"TV_ORTA_CHIRCHIK"
+ "BEXRUZBEK TREDE  MCHJ";"+(99) 894-5285";"";"TSH_UCHTEPA"
+ "BEXRUZ MARKET";"+998 93 510 53 18";"";"TV_ORTA_CHIRCHIK"
+ "BEXRUZ MARKET  XK";"+(99) 897-7200";"";"TSH_SHAYHONTOHUR"
+ "BEXRUZ OK";"+998 (99) 002-69-28";"";"TV_TOYTEPA"
+ "BEXRUZ SHOXRUZ AGROTEX XK";"+998 (99) 017-27-44";"";"SR_QUYI_CHIRCHIK"
+ "BEXRUZSHOX TRANS SERVIC  MCHJ";"+(99) 309-8729";"";"SR_QUYI_CHIRCHIK"
+ "BEYOG'LU Doner Kebab Iskender";"+998881343111";"";"TSH_YUNUSOBOD"
+ "BIBIGON Cafe";"+998910112285";"";"TSH_MIRZO_ULUGBE"
+ "BIBIGUL ZAFAR MCHJ";"998337047";"";"TV_KIBRAY"
+ "BIBIKOVA NINA YTT";"+998 (90) 930-35-11";"";"TV_YANGI_YUL"
+ "BIBINUR BOBUR  MCHJ";"93 511 11 68";"";"TV_PARKENT"
+ "BIBINUR BOBUR YTT";"+998 (90) 764-64-84";"";"TV_PARKENT"
+ "BIG AND TALL  MCHJ";"+998945767546";"";"TV_PARKENT"
+ "BIG BAG TRADE MCHJ";"998988535421";"";"TSH_YUNUSOBOD"
+ "BIG GREAT MARKET MCHJ";"+998 (94) 933-39-56";"";"TV_PISKENT"
+ "BIG MART  XK";"998998078";"";"TSH_SHAYHONTOHUR"
+ "BILLUR MARKET OK";"+(99) 890-9560";"";"TV_ORTA_CHIRCHIK"
+ "BILOLBEK BARAKA MCHJ";"+(99) 891-3337";"";"TSH_UCHTEPA"
+ "BILOLBEK-EXSPRESS  MCHJ";"(99) 890-9256";"";"TSH_CHILONZOR"
+ "BILOLBEK FOOD MCHJ";"(99) 899-2298";"";"TSH_MIROBOD"
+ "BILOL-BOBIR SAVDO";"998977087254";"";"TSH_YASHNABOD"
+ "BILOL FAYZ OMAD  MCHJ";"998974307";"";"TV_KIBRAY"
+ "BILOL IFORA MARKET MCHJ";"998909770";"";"TSH_YASHNABOD"
+ "BILOL JONIBEK OMAD MCHJ";"998909881074";"";"TSH_MIRZO_ULUGBE"
+ "BILOL LUKS.4.";"998936063614";"";"TV_PARKENT"
+ "BILOL LYUKS";"998998003892";"";"TV_PARKENT"
+ "BILOL LYUKS 2";"998998003892";"";"TV_PARKENT"
+ "BILOL LYUKS 3";"998931605545";"";"TV_PARKENT"
+ "BILOL MARKET";"+998 (95) 630-33-44";"";"TSH_YANGIXAYOT"
+ "BILOL MEXRINISO  MCHJ";"+998 (99) 011-88-35";"";"TV_ANGREN"
+ "BILOL VA AYUB  MCHJ";"+998 (95) 004-34-32";"";"TV_PARKENT"
+ "BINAR PHARMACY  MCHJ";"+(99) 888-7140";"";"TSH_UCHTEPA"
+ "BIO FARMA";"+998 (71) 290-20-02";"";"TSH_SERGELI"
+ "BIO FARMA 777";"+998 (93) 323-60-66";"";"TSH_YAKKASAROY"
+ "BIO GUL";"998712281233";"";"TSH_OLMAZOR"
+ "BIO GUL PHARM";"998971221233";"";"TSH_OLMAZOR"
+ "BIO MARKET MCHJ";"";"";"TSH_SERGELI"
+ "BIO NURMED";"+998 (99) 111-76-66";"";"TSH_YUNUSOBOD"
+ "BIOS FARM";"+998 (93) 586-36-53";"";"TSH_SHAYHONTOHUR"
+ "BIOS FARM MCHJ";"+998 (91) 325-20-03";"";"TSH_SHAYHONTOHUR"
+ "BIOSFERA FARM";"(99) 897-8917";"";"TSH_OLMAZOR"
+ "BIOSFERA PHARM";"+998 (93) 503-86-53";"";"TSH_OLMAZOR"
+ "BIOS PHARM  MCHJ";"+998 (93) 582-56-36";"";"TSH_SHAYHONTOHUR"
+ "BIR MAKON BIR YOL MCHJ";"9984049668";"";"TV_CHIRCHIQ"
+ "BIRODAR MARKET MCHJ";"+998 (77) 389-54-54";"";"TSH_UCHTEPA"
+ "BIR ZUMDA SOSISOCHNIY";"+998 (00) 000-00-00";"";"TSH_YAKKASAROY"
+ "Bisyor";"+998500167123";"";"TSH_CHILONZOR"
+ "BISYOR FAYZ SAVDO  MCHJ";"+998983054";"";"TSH_SHAYHONTOHUR"
+ "BITIYEV MARAT RUSTAMOVICH YTT";"998935862753";"";"TSH_MIRZO_ULUGBE"
+ "BIX MARKET  MCHJ";"99809854239";"";"TSH_SHAYHONTOHUR"
+ "BIZNES ANALYTIC MUCHJ";"998911636";"";"TSH_BEKTEMIR"
+ "BIZNES BUSTON PLUS  MCHJ";"998901874";"";"TSH_SHAYHONTOHUR"
+ "BIZNES ELIT FAYZ  MCHJ";"998883770555";"";"TSH_OLMAZOR"
+ "BIZNES GRAND AKTIVE MCHJ";"+998 (90) 111-15-50";"";"TV_YANGI_YUL"
+ "BIZNES ISOQ OTA  XK";"(99) 893-8000";"";"TV_ORTA_CHIRCHIK"
+ "BIZNES KLAS PLYUS";"+998 (33) 734-51-51";"";"TV_PISKENT"
+ "BIZNES LENTA STORE  MCHJ";"+(88) 713-2777";"";"TV_YANGI_YUL"
+ "BIZNES SAVDO  MCHJ";"998900213231";"";"TSH_YASHNABOD"
+ "BIZNESS DM  MCHJ";"998903554";"";"TSH_SERGELI"
+ "BIZNESS DM YTT";"+(99) 899-8296";"";"TSH_YAKKASAROY"
+ "BIZNING KATTA OILAMIZ MCHJ";"998903459";"";"TSH_MIRZO_ULUGBE"
+ "BJORITM SERVIS";"+998 (94) 008-00-44";"";"TSH_OLMAZOR"
+ "BK OOO DAILY FOOD EXPRESS SE";"+998505099699";"";"TSH_MIRZO_ULUGBE"
+ "Black Cat";"+998998251135";"";"TSH_SERGELI"
+ "BLACK SHOP MCHJ";"+(99) 893-5413";"";"TSH_YAKKASAROY"
+ "BLACK STAR NEW STAR  MCHJ";"998971111818";"";"TSH_YASHNABOD"
+ "BLESS BEK SHOP MCHJ";"998935321435";"";"TSH_SHAYHONTOHUR"
+ "BLESSED STORE  MCHJ";"998931049229";"";"TSH_YUNUSOBOD"
+ "BLESSED STORE MCHJ";"+998 (93) 104-96-29";"";"TSH_YUNUSOBOD"
+ "BLESS SHOP";"+998 (99) 587-72-58";"";"TSH_YAKKASAROY"
+ "BLEZMAG FOOD-5 MCHJ";"998933701413";"";"TV_CHIRCHIQ"
+ "BLEZMAG FOOD  MCHJ-1";"998944076";"";"TV_CHIRCHIQ"
+ "BLEZMAG FOOD  MCHJ-2";"998944076";"";"TV_CHIRCHIQ"
+ "BLEZMAG FOOD  MCHJ-3";"998970107";"";"TV_CHIRCHIQ"
+ "BLEZMAG FOOD  MCHJ-4";"998970107079";"";"TV_CHIRCHIQ"
+ "BM BEXZOD MARKET MCHJ";"+998 (77) 727-70-62";"";"TSH_UCHTEPA"
+ "BM PHARM";"+998 (93) 765-99-99";"";"TSH_YUNUSOBOD"
+ "BNK NIGORA OK";"998985635";"";"TV_KIBRAY"
+ "BOB CITY";"+998 (97) 133-00-59";"";"TSH_UCHTEPA"
+ "BOB CITY SWEETS  MCHJ";"9983570053";"";"TSH_YUNUSOBOD"
+ "BOBIR XAYOT BILOL";"+998 (99) 052-82-83";"";"TV_PISKENT"
+ "BOBOKULOVA NIGORA  YTT";"998994049668";"";"TV_CHIRCHIQ"
+ "BOBOMURODOVA SHOIRA  YTT";"+(99) 833-6930";"";"TSH_SERGELI"
+ "BOBOMURODOV BAXTIYOR  YTT";"+(99) 890-0977";"";"SR_QUYI_CHIRCHIK"
+ "BOBOMURODOV ILXOM YTT";"998997727727";"";"TSH_YUNUSOBOD"
+ "BOBOQULOVA FERUZA YTT";"+998 (90) 985-19-89";"";"SR_QUYI_CHIRCHIK"
+ "BOBOQULOVA NIGORA";"+998 (90) 124-04-90";"";"SR_QUYI_CHIRCHIK"
+ "BOBOQULOVA ZARNIGOR  YTT";"+998 (99) 985-58-36";"";"TV_ANGREN"
+ "BOBOQULOV JASUR YTT";"998901222225";"";"TV_KIBRAY"
+ "BOBOQULOV TURSIN  YTT";"+90 826 79 97";"";"TSH_CHILONZOR"
+ "BOBOXONOVA MUKARRAMXON  YTT";"998998716009";"";"TSH_BEKTEMIR"
+ "BOBOYEV ABROR YTT";"+998 (91) 636-24-94";"";"TSH_CHILONZOR"
+ "BOBUR BAHTIYOR OGLI MAHAMUDOV YTT";"+(99) 898-7072";"";"TSH_YAKKASAROY"
+ "BOBUR BARAKAEV MCHJ";"+(99) 894-6436";"";"TSH_SERGELI"
+ "BOBUR BARAKAYEV MCHJ";"+998 (91) 010-5";"";"TSH_CHILONZOR"
+ "BOBUR HAMIYD OMADSERVIS";"+998 (90) 974-13-39";"";"TSH_BEKTEMIR"
+ "BOBUR IRODA BIZNES MCHJ";"998976595";"";"TV_KIBRAY"
+ "BOBURIY INNAVATION BIZNES";"+998 (90) 109-85-86";"";"TV_TOYTEPA"
+ "BOBURJON TEMMURJON  MCHJ";"+(99) 891-1363";"";"TSH_SERGELI"
+ "BOBUR MALIKA BIZNES MCHJ";"998974001";"";"TSH_MIRZO_ULUGBE"
+ "BOBUR TARAQQIYOT BIZNES";"+998 (99) 817-06-20";"";"TV_YUKORI_CHIRCH"
+ "BOBUR UNGBOYEV ABDURAXMON OGLI  YTT";"+(99) 890-0088";"";"TSH_SERGELI"
+ "BODOM M.T";"+998951999698";"";"TSH_YUNUSOBOD"
+ "BODOMZOR bistro";"+998946993355";"";"TSH_YUNUSOBOD"
+ "BODOMZOR UYG'UR TAOMLARI";"+998998258122";"";"TSH_YUNUSOBOD"
+ "BOGDOD MARKET-777 OK";"+998 (94) 921-54-87";"";"TV_PISKENT"
+ "Bogʻi Diyor";"+998935417310";"";"TSH_CHILONZOR"
+ "BOHODIR SERVIS FARM";"+998 (97) 731-15-01";"";"TV_CHIRCHIQ"
+ "BOJALAR 97  OK";"+(99) 899-4391";"";"TV_ORTA_CHIRCHIK"
+ "BOKA FARANGIZ SAVDO XK";"(99) 893-7010";"";"TV_BOKA"
+ "BOKA FAYZ BARAKA MCHJ";"(99) 897-7420";"";"TV_BOKA"
+ "BOKA NIXOL SAVDO MCHJ";"(99) 894-4061";"";"TV_BOKA"
+ "BOKA SHIRIN NON MCHJ";"(99) 893-6154";"";"TV_BOKA"
+ "BOKIYEV ZARIF  YTT";"990651212";"";"TV_ZANGIOTA"
+ "BOLAJON CITY MALL  MCHJ";"998997641111";"";"TSH_SERGELI"
+ "BOLALAR DUNYOSI";"+998 (93) 299-11-14";"";"TV_ANGREN"
+ "BOLI HOVUZ CHIRCHIQ";"+998949917777";"";"TV_CHIRCHIQ"
+ "BOLI HOVUZ Qibray";"+998912404497";"";"TV_KIBRAY"
+ "BOLIYEV ABBOS  YTT";"91 543 61 12";"";"TSH_CHILONZOR"
+ "BOLO HOVUZ";"+998903182939";"";"TSH_MIRZO_ULUGBE"
+ "BOLO HOVUZ";"+998951770509";"";"TSH_SHAYHONTOHUR"
+ "BOLTABAYEV DAVRON  YTT";"998908203388";"";"TSH_YASHNABOD"
+ "BOLTABOYEVA AZIZA";"+998 (97) 449-59-19";"";"TV_YANGI_YUL"
+ "BOLTABOYEV ABDUMALIK YTT";"+(99) 877-5377";"";"TV_YANGI_YUL"
+ "BOLTABOYEV OTKIR YTT";"+998 (97) 534-04-44";"";"TV_YANGI_YUL"
+ "BOLTABOYEV RAVSHANBEK ANVARJONOVICH";"+998 (88) 568-88-08";"";"TSH_YANGIXAYOT"
+ "BOLTAYEV JAMOLIDDIN BOTIR OGLI YTT";"998500554";"";"TSH_MIRZO_ULUGBE"
+ "BONUR BARAKA BOBUR  MCHJ";"(99) 894-6541";"";"TSH_SERGELI"
+ "BOQQOL SAVDOGAR";"(99) 890-9932";"";""
+ "BORABBAYEVA RANO YTT";"998944039";"";"TV_CHIRCHIQ"
+ "BORANBAYEVA XABIBA TELEUVNA YTT";"+998 (93) 533-43-36";"";"TV_PARKENT"
+ "BORIBEKOVA GULNORA YTT";"998931601";"";"TV_CHIRCHIQ"
+ "BORIBOEVA NARGIZA";"+998 (99) 202-93-18";"";"TV_OHANGARON"
+ "BORIY BURXON";"+998 (97) 755-54-45";"";"TSH_UCHTEPA"
+ "BORIYEVA ANARGUL YTT";"(99) 894-4101";"";"TV_OHANGARON"
+ "BORIYEVA GULMIRA YTT";"998977161672";"";"TV_OHANGARON"
+ "BORIYEV JAMSHID  YTT";"998935666060";"";"TSH_OLMAZOR"
+ "BORIYEV ZOIR SH XK";"+(99) 890-9837";"";"TSH_CHILONZOR"
+ "BORONBOYEVA LOLA YTT";"+998 (79) 464-84-46";"";"TV_YANGI_YUL"
+ "BOSHLIQ SOMSA SHASHLIK OSH MARKAZI";"+998 (97) 346-12-34";"";"TSH_YAKKASAROY"
+ "BOSIMOV MUXRIDDIN  YTT";"+(99) 899-3677";"";"SR_QUYI_CHIRCHIK"
+ "BOS MUROD MARKET MCHJ";"998946414";"";"TSH_YUNUSOBOD"
+ "BOSPHORUS FAMILY RESTORAN";"";"";"TSH_OLMAZOR"
+ "BOSPHORUS FOOD MCHJ";"+998946646666";"";"TSH_OLMAZOR"
+ "BOSS MARKET YTT";"+998 (97) 538-24-42";"";"TV_YANGI_YUL"
+ "BOSSUV NURLI DIYOR  MCHJ";"+998 (93) 599-97-37";"";"TV_ZANGIOTA"
+ "BOSTON FARM";"+998 (97) 000-08-72";"";"TV_CHIRCHIQ"
+ "BOSTONLIQ FAYZ BIZNES MCHJ";"998991065";"";"TV_BOSTONLIQ"
+ "BOSTON ROHATBAXSH MCHJ";"998901225";"";"TSH_MIRZO_ULUGBE"
+ "BOTABOYEV YTT";"998995168";"";"TV_BOSTONLIQ"
+ "BOTAYEV AGULOYIM YTT";"998997211";"";"TV_CHIRCHIQ"
+ "BOTIRALI FARM";"998994443311";"";"TV_PARKENT"
+ "BOTIR ANGREN MCHJ";"+998 (99) 641-50-12";"";"TV_ANGREN"
+ "BOTIRILLO JASURILLO  XK";"998949216";"";"TV_BOSTONLIQ"
+ "BOTIRJON MURTAZO OGLI XUSHVAQOV YTT";"+(99) 894-2570";"";"TSH_YANGIXAYOT"
+ "BOTIR MARKET OK";"+998 (77) 646-49-91";"";"TV_PARKENT"
+ "BOTIR MIRZAYEV TULYAGANOVICH YTT";"+998 (97) 743-77-78";"";"TSH_UCHTEPA"
+ "BOTIROV XUSAN  YTT";"998936871110";"";"TSH_SHAYHONTOHUR"
+ "BOYBUTAYEVA MALOHAT  YTT";"971317655";"";"TSH_SERGELI"
+ "BOYMATOV ADHAM  YTT";"998935992";"";"TSH_BEKTEMIR"
+ "BOYMATOVA DILNOVOZ  YTT";"+998 (94) 367-66-06";"";"TV_ANGREN"
+ "BOYMATOV DILSHOD YTT";"+998 (97) 369-48-78";"";"TV_YANGI_YUL"
+ "BOYMAXMATOVA NARGIZA RASUL QIZI   YTT";"998974494";"";"TSH_YUNUSOBOD"
+ "BOYMIRZAYEVA SURAYYO YTT";"998931252";"";"TV_CHIRCHIQ"
+ "BOYMIRZAYEV MUXAMMADJON  YTT";"(99) 899-8476";"";"TSH_SERGELI"
+ "BOYMOQOVA ZIYODA";"+998 (99) 404-43-84";"";"TV_PISKENT"
+ "BOYMUROD DIPLOMAT PLYUS  MCHJ";"99873450075";"";"TV_CHIRCHIQ"
+ "BOYMURODOVA DILNOVAZ  YTT";"998887005579";"";"TSH_YASHNABOD"
+ "BOYNAZAROV BOBUR YTT";"998335421";"";"TV_KIBRAY"
+ "BOYNIYOZOVA  DILRABO  YTT";"(99) 893-5067";"";"TV_OLMALIK"
+ "BOYQUVATOVA DILFUZA DAVRANOVNA YTT";"(99) 899-1037";"";"TSH_YAKKASAROY"
+ "BOYSUN 24 MARKET MCHJ";"998992378";"";"TSH_OLMAZOR"
+ "BOY TOJI SAVDO MCHJ";"+(99) 897-4700";"";"TSH_CHILONZOR"
+ "BOYXOROZOV JASURBEK IKROM OGLI";"998774590218";"";"TSH_UCHTEPA"
+ "BOZORBOYEV ANVARJON  YTT";"+(99) 641-7953";"";"TSH_MIROBOD"
+ "BOZOROVA DAVLAT  YTT";"998997839466";"";"TSH_YUNUSOBOD"
+ "BOZOROVA SANOBAR YTT";"+(99) 899-8930";"";"TSH_SERGELI"
+ "BOZOROV NODIRJON";"+998 (90) 984-22-50";"";"TSH_BEKTEMIR"
+ "BOZOROV NODIR  YTT";"998933848";"";"TV_ORTA_CHIRCHIK"
+ "BOZORVA ZUXRA TORAYEVNA YTT";"(99) 899-0219";"";"TSH_YAKKASAROY"
+ "BOZ SUV Kafesi";"+998901874485";"";"TSH_YUNUSOBOD"
+ "BRABUS AMG BIZNES TRADE MCHJ";"998946731";"";"TV_KIBRAY"
+ "BRAND BABAEV MCHJ";"+998 (94) 418-74-88";"";"TV_OLMALIK"
+ "Brasserie";"+998902232321";"";"TSH_SHAYHONTOHUR"
+ "BRASSERIE minor";"+998909897056";"";"TSH_YUNUSOBOD"
+ "BRATHERS MARKET  MCHJ";"+(99) 890-1396";"";"TSH_UCHTEPA"
+ "BRAVO MARKET";"998999994656";"";"TSH_YUNUSOBOD"
+ "BRAYT BIZNES MCHJ";"+(93) 185-0404";"";"TV_PARKENT"
+ "BREND FIRDAVS";"998972889575";"";"TSH_YASHNABOD"
+ "BS LOLA";"+998 (99) 080-49-02";"";"TV_CHIRCHIQ"
+ "B SULOLA";"+998 (99) 080-49-02";"";"TV_CHIRCHIQ"
+ "BUKHARA SARAY (OLMAZOR)";"+998944481251";"";"TSH_OLMAZOR"
+ "BULD EXCELLENT  MCHJ";"(90) 008-7572";"";"TV_ANGREN"
+ "BUMATOVA GULSARA  YTT";"";"";"TV_PARKENT"
+ "Bunker Hookah";"+998900053233";"";"TSH_CHILONZOR"
+ "BUNYODBEK EXCLUSIVE  MCHJ";"998998228";"";"TSH_YUNUSOBOD"
+ "BUNYOD- LAZZAT- BIZNIS YTT";"998935335336";"";"TSH_SHAYHONTOHUR"
+ "BUNYOD SITORA";"998996440704";"";"TV_BOSTONLIQ"
+ "BURANOV  ABDUXAMID  YTT";"(99) 899-9358";"";"TV_ANGREN"
+ "Burger";"+998995178214";"";"TSH_CHILONZOR"
+ "Burger Lavash";"+998951455569";"";"TSH_SERGELI"
+ "BURGER LAVASH";"+998997844830";"";"TSH_YUNUSOBOD"
+ "BURIYEVA MOXIRA  YTT";"998996904072";"";"TSH_BEKTEMIR"
+ "BURIYEVA NODIRA TULKUNOVNA  YTT";"+(99) 890-9244";"";"TSH_SERGELI"
+ "BURIYEVA OZODA  YTT";"998998701505";"";"TV_TUMANI"
+ "BURKIYEVA SITORA  YTT";"+998336661818";"";"TV_TUMANI"
+ "BURXONIDDINOV SHAXOBIDDIN  YTT";"998991905114";"";"TSH_MIRZO_ULUGBE"
+ "BURXONOV ABDULLOX TOIR OGLI YTT";"+998 (99) 993-36-36";"";"TSH_SHAYHONTOHUR"
+ "BURXONOV OYBEK  YTT";"998937666233";"";"TSH_YUNUSOBOD"
+ "BURXONOV OYBEK YTT";"+998 (88) 177-22-00";"";"TSH_YUNUSOBOD"
+ "BUSD SFAT XAMKOR  MCHJ";"998950802525";"";"TV_TUMANI"
+ "BUTKA BARAKA  XK";"998903501";"";"TSH_OLMAZOR"
+ "BUVI MARKET";"+998 (94) 912-15-12";"";"TSH_SERGELI"
+ "BUXAROVA SAODAT UCHQUN QIZI  YTT";"998937663430";"";"TSH_YUNUSOBOD"
+ "BUXARSKIYE VECHERA";"+998333035935";"";"TSH_YASHNABOD"
+ "BUXORBEK MARKET MCHJ";"+(99) 890-1117";"";"TSH_SERGELI"
+ "Buxoro Baliqlari";"+998911766781";"";"TSH_CHILONZOR"
+ "Buxoro Kafa";"+998912037891";"";"TSH_CHILONZOR"
+ "Buxoro Kafe";"+998951501509";"";"TSH_CHILONZOR"
+ "BUXORO KAFE M.T";"+998959157977";"";"TSH_MIRZO_ULUGBE"
+ "Buxoro Kafe Taomlar";"+998903116631";"";"TSH_SERGELI"
+ "BUXORO MILLIY TAOMLARI (IZZAT)";"+998919581817";"";"TSH_YASHNABOD"
+ "BUXORO MOON";"+998979507050";"";"TSH_YUNUSOBOD"
+ "Buxoro Toamlari";"+998978680077";"";"TSH_CHILONZOR"
+ "Buyukada";"+998990300770";"";"TSH_CHILONZOR"
+ "BUYUK AVLOD BIZNES OK";"998935754";"";"TV_KIBRAY"
+ "BUYUK IPAK YOLI TRADING 2  MCHJ";"+998997917707";"";"TSH_CHILONZOR"
+ "BUYUK IPAK YOLI TRADING  MCHJ";"998903741761";"";"TSH_YASHNABOD"
+ "BUYUK IPAK YULI TRADING  MCHJ";"998997917707";"";"TSH_UCHTEPA"
+ "Cafe 1991";"+998977274549";"";"TSH_MIRZO_ULUGBE"
+ "cafe LEMONCHIK";"+998942667718";"";"TSH_YUNUSOBOD"
+ "Caffè il MIGLIORE";"+998331379991";"";"TSH_YUNUSOBOD"
+ "CANDY SHOP";"+998 (97) 404-78-98";"";"TSH_UCHTEPA"
+ "CANECUP cafe";"+998990592800";"";"TSH_MIRZO_ULUGBE"
+ "CAPITALE GROUPE  MCHJ";"998959020668";"";"TSH_MIRZO_ULUGBE"
+ "CAPITAL TOTAL16 MCHJ";"+998 (97) 333-24-66";"";"TSH_UCHTEPA"
+ "CARAT teras restaurant";"+998996066629";"";"TSH_YUNUSOBOD"
+ "CASH CARRY MCHJ";"(99) 894-9235";"";"TV_OHANGARON"
+ "Cay Nak Milliy Taomlari";"+998911320032";"";"TSH_CHILONZOR"
+ "CENTER MARKET  OK";"+978754845";"";"TV_YANGI_YUL"
+ "CENTRAL CITY PHARM  MCHJ";"998977043537";"";"TSH_SERGELI"
+ "CENTRE LAVASH (Universam)";"+998974522787";"";"TSH_YUNUSOBOD"
+ "CHANCHAROVA GULNOZA  YTT";"(99) 893-6064";"";"TV_OLMALIK"
+ "CHAQCHIMON1";"998998611";"";"TSH_OLMAZOR"
+ "CHAQCHIMON2";"998998611";"";"TSH_SHAYHONTOHUR"
+ "CHAQQONOV TURSOAT";"998944634797";"";"TSH_BEKTEMIR"
+ "Charogʻon";"+998977556565";"";"TSH_UCHTEPA"
+ "CHAROS DIYORA BUSINESS TRADE  MCHJ";"+(99) 897-6720";"";"TSH_SERGELI"
+ "CHAROS FAYZ MARKET  OK";"(99) 890-9121";"";"TV_ORTA_CHIRCHIK"
+ "CHAROS MARKET 555  MCHJ";"(99) 899-3620";"";"TV_OHANGARON"
+ "CHAROS MARKET GROUP  MCHJ";"+(99) 894-3627";"";"TSH_SERGELI"
+ "CHAROS OYDIN MEGA STAR  MCHJ";"998991000";"";"TV_BOSTONLIQ"
+ "CHAROS XMCK MCHJ";"+998 (99) 806-62-09";"";"TV_BOKA"
+ "CHAROSXON FARM";"998907698686";"";"TV_CHIRCHIQ"
+ "CHARXPALAK";"+998957874445";"";"TSH_MIRZO_ULUGBE"
+ "CHASHMA ANGREN  MCHJ";"+998 (93) 186-95-25";"";"TV_ANGREN"
+ "Chayka 2";"(93) 501-1102";"";"TSH_YUNUSOBOD"
+ "CHEESESTEAK";"+998 (00) 000-00-00";"";"TSH_YAKKASAROY"
+ "CHEGARA OMAD MARKET  MCHJ";"+(99) 890-9469";"";"TV_ORTA_CHIRCHIK"
+ "CHEMPION";"+998 (90) 332-94-94";"";"TV_BOKA"
+ "Chenson";"+998712575689";"";"TSH_CHILONZOR"
+ "CHENSON";"+998 (00) 000-00-00";"";"TSH_YAKKASAROY"
+ "CHERNAYA KOSHKA";"+998991383750";"";"TSH_YUNUSOBOD"
+ "CHERRY GROUP MCHJ";"+(99) 897-7168";"";"TSH_CHILONZOR"
+ "CHERRY MARKET MCHJ";"998909164";"";"TSH_SHAYHONTOHUR"
+ "CHICAGO MARKET MCHJ";"+(99) 888-1484";"";"TSH_MIROBOD"
+ "Chick Fish";"+998977110901";"";"TSH_SERGELI"
+ "CHIGATOY BARAKA SAVDO  MCHJ";"998935768849";"";"TSH_SHAYHONTOHUR"
+ "Chilli Hot Food";"+998958008440";"";"TSH_UCHTEPA"
+ "CHIMBOYEV MAXSUD  YTT";"+998903330753";"";"TV_ZANGIOTA"
+ "Chimkent Piva";"+998994032331";"";"TSH_CHILONZOR"
+ "CHIMKETBAYEVA JANAR YTT";"+998 (93) 923-79-70";"";"TV_PARKENT"
+ "CHINIBAYEV AKRAMJON AXMATOVICH";"+998936665179";"";"TSH_SERGELI"
+ "CHINIBEKOVA DILFUZA  YTT";"+(99) 899-7777";"";"TSH_SERGELI"
+ "CHINOR FARM";"+998 (99) 228-55-22";"";"TSH_SERGELI"
+ "CHINORLAR BARAKA  MCHJ";"998900120992";"";"TV_KIBRAY"
+ "Chinor Restaraurant";"+998999718498";"";"TSH_CHILONZOR"
+ "Chinor Vaguri";"+998974460008";"";"TSH_SERGELI"
+ "CHINPOLATOVA NASIBA YTT";"(99) 899-4013";"";"TV_OHANGARON"
+ "CHIRCHIK EXCLUSIVE DISTRIBUTOR  MCHJ";"998994809";"";"TV_CHIRCHIQ"
+ "CHIRCHIK EXCLUSIVE DISTRIBUTOR  MCHJ-2";"998901679854";"";"TV_CHIRCHIQ"
+ "CHIRCHIK FAYZ BARAKA INVEST  XK";"998885999990";"";"TV_CHIRCHIQ"
+ "CHIRCHIQ ABDULAZIZ SAVDO MCHJ";"998994833679";"";"TV_CHIRCHIQ"
+ "CHIRCHIQ BAXTIYOR BARAKA BIZNES  OK";"998975452";"";"TV_CHIRCHIQ"
+ "CHIRCHIQ BEKZOD BARAKA MARKET  MCHJ";"998970187986";"";"TV_CHIRCHIQ"
+ "CHIRCHIQ BENAZIR MERON MCHJ";"998998747";"";"TV_CHIRCHIQ"
+ "CHIRCHIQ BOYMUROD SAVDO MCHJ";"998996364";"";"TV_CHIRCHIQ"
+ "CHIRCHIQ BUSINESS TOLKIN MCHJ";"998949420339";"";"TV_CHIRCHIQ"
+ "CHIRCHIQ FARID SAVDO  MCHJ";"998942179787";"";"TV_CHIRCHIQ"
+ "CHIRCHIQ FARM NUR";"+998 97 274 20 00";"";"TV_CHIRCHIQ"
+ "CHIRCHIQ GAZALKENT BIZNES  MCHJ";"998950034447";"";"TV_CHIRCHIQ"
+ "CHIRCHIQ IBROHIM BARAKA  OK";"998990505176";"";"TV_CHIRCHIQ"
+ "CHIRCHIQ MUNIRA AYA MARJET MCHJ";"998944222427";"";"TV_CHIRCHIQ"
+ "CHIRCHIQ NAZOKAT BIZNE MCHJ";"998907997";"";"TV_CHIRCHIQ"
+ "CHIRCHIQ REGUSTON MARKET  MCHJ";"998995235";"";"TV_CHIRCHIQ"
+ "CHIRCHIQ SLADKIY MIR MCHJ";"998337707542";"";"TV_CHIRCHIQ"
+ "CHIRCHIQ SMENT MCHJ";"998973455";"";"TV_CHIRCHIQ"
+ "CHIRCHIQ SUXROB BIZNES MCHJ";"998917782226";"";"TV_CHIRCHIQ"
+ "CHIRCHIQ ULUGBEK FAYZ MCHJ";"99849456345";"";"TV_CHIRCHIQ"
+ "CHIRCHIQ VITA STROY  MCHJ";"99810033120";"";"TV_CHIRCHIQ"
+ "CHIRCHQI PROFIT GROUP MCHJ";"998994862301";"";"TV_CHIRCHIQ"
+ "Chiroqchi Osh Markazi";"+998881901599";"";"TSH_CHILONZOR"
+ "CHIROQCHI OSH MARKAZI";"+998 (00) 000-00-00";"";"TSH_CHILONZOR"
+ "CHISTI DOM MCHJ";"(99) 893-6014";"";"TV_OLMALIK"
+ "CHISTOLAB TRADE  MCHJ";"+998935670736";"";"TSH_CHILONZOR"
+ "Chitir Chitir";"+998971456775";"";"TSH_UCHTEPA"
+ "Chitir Chitir";"+998337115516";"";"TSH_CHILONZOR"
+ "Chitir Chitir";"+998909877898";"";"TSH_UCHTEPA"
+ "Chitir Chitir";"+998935100601";"";"TSH_SERGELI"
+ "CHOCOCITY  MCHJ";"998930422037";"";"TSH_SHAYHONTOHUR"
+ "CHOLIBOYEV ULUGBEK  YTT";"998994373339";"";"TSH_OLMAZOR"
+ "CHOLPONOV OLMOSBEK YATT";"(99) 893-1852";"";"TV_BOKA"
+ "CHOOSE WATER  MCHJ";"998946181";"";"TSH_SHAYHONTOHUR"
+ "CHOPAROV TOHIR  YTT";"+998933984044";"";"TV_ZANGIOTA"
+ "CHOP CHOP SHASHLICHOK";"+998994386644";"";"TV_YUKORI_CHIRCH"
+ "CHO'PONCHA KAFE";"+998938987000";"";"TSH_MIRZO_ULUGBE"
+ "CHORIYEV DOSTONBEK  YTT";"998917774553";"";"TV_CHIRCHIQ"
+ "CHORIYEV G'OLIB  YTT";"+998991719";"";"TSH_YANGIXAYOT"
+ "CHORIYEV JAMSHID";"+998 (97) 873-06-13";"";"TV_YANGI_YUL"
+ "CHORIYEV UCHQUN  JALOLOVICH  YTT";"+(99) 888-4100";"";"TSH_UCHTEPA"
+ "CHORKULOV RAVSHAN ERKINOVICH  MCHJ";"+(99) 894-6858";"";"TSH_SERGELI"
+ "CHORQULOV BIZNES MCHJ";"+998 (94) 672-00-46";"";"TSH_SERGELI"
+ "CHORSHANBIYEVA MAVLUDA  YTT";"998908767068";"";"TSH_BEKTEMIR"
+ "Chorsu Honim";"+998331230600";"";"TSH_SERGELI"
+ "CHORSU HONIM MILLIY TAOMLAR";"+998935035356";"";"TSH_YASHNABOD"
+ "CHORTOQ PLUS  XK";"+(99) 888-7882";"";"TSH_SERGELI"
+ "CHOYXONA XALVA";"+998906401542";"";"TSH_MIRZO_ULUGBE"
+ "CHP ABDUKARIMOV";"998973471371";"";"TV_CHIRCHIQ"
+ "CHP ABDULLAYEVA MUNISA";"+998 (97) 446-25-76";"";"TSH_YUNUSOBOD"
+ "CH.P AMANTA";"+998 (97) 744-65-99";"";"TSH_UCHTEPA"
+ "CHP AZIZA MARKET BARAKA";"+998 (95) 862-88-99";"";"TSH_SERGELI"
+ "CHP SOLIHABONU OMAD      TRADE";"+998 (88) 796-06-09";"";"TSH_SERGELI"
+ "CHP YANTOQ PULUS";"998974415459";"";"TSH_SHAYHONTOHUR"
+ "CHP YUSUF-XAKIM";"+998 (91) 511-35-67";"";"TSH_YAKKASAROY"
+ "CHUDO BY SAMARIYA MCHJ";"+998 (91) 819-30-30";"";"TSH_UCHTEPA"
+ "CHUDO DOKTOR";"+998 (97) 401-50-88";"";"TSH_YASHNABOD"
+ "CHULIYEVA DILNOZA YTT";"998773858741";"";"TSH_UCHTEPA"
+ "CITADEL";"998998049898";"";"TSH_YASHNABOD"
+ "City";"";"";"TSH_SHAYHONTOHUR"
+ "City Diabet Pharm";"998974428878";"";"TSH_OLMAZOR"
+ "City Diabet Pharm";"998974428878";"";"TSH_OLMAZOR"
+ "CITY FARM";"";"";"TSH_YUNUSOBOD"
+ "CITY HOUSE";"(93) 391-0031";"";"TSH_YAKKASAROY"
+ "CITY MARKET XK";"998970077";"";"TSH_YUNUSOBOD"
+ "CITY OPTOM";"998978801111";"";"TSH_OLMAZOR"
+ "CITY TERO PRO MCHJ";"+(99) 898-0070";"";"TSH_YAKKASAROY"
+ "CLEAN BOX  MCHJ";"998900515080";"";"TSH_MIRZO_ULUGBE"
+ "CLEAN TEAM  OK";"99 818 48 24";"";"TV_KIBRAY"
+ "CLEVER BUSINESSMAN  OK";"(95) 083-2028";"";"TV_ANGREN"
+ "COCA COLA MARKET";"+998 (94) 618-53-01";"";"TSH_UCHTEPA"
+ "COFFEE LAND PLUS  MCHJ";"998981903330";"";"TSH_YUNUSOBOD"
+ "COLA MARKET";"998903598585";"";"TSH_OLMAZOR"
+ "COLA MARKET";"998903598585";"";"TSH_OLMAZOR"
+ "COLA OPTOM";"998993023";"";"TSH_YUNUSOBOD"
+ "COLA OPTOM";"998993023606";"";"TSH_YUNUSOBOD"
+ "COLA OPTOM";"998993023";"";"TSH_YUNUSOBOD"
+ "COLDEN STORK MCHJ";"+(99) 890-9302";"";"TSH_MIROBOD"
+ "COLGET MARKET";"998881708088";"";"TV_ORTA_CHIRCHIK"
+ "COMFI XARID MCHJ";"998994417306";"";"TSH_MIRZO_ULUGBE"
+ "COMO MATADOR TRADE  MCHJ";"+(99) 899-8634";"";"TSH_MIROBOD"
+ "COMPACT MARKET MCHJ";"998977726";"";"TSH_YUNUSOBOD"
+ "CONTINEO ASIA  MCHJ";"+998946917";"";"TSH_MIROBOD"
+ "Cook Somsa";"+998977716692";"";"TSH_CHILONZOR"
+ "CORONA PHARM PLUS";"+998 (99) 929-40-44";"";"TSH_YUNUSOBOD"
+ "CORONA PHARM PLUS";"+998 (99) 929-40-44";"";"TSH_YUNUSOBOD"
+ "Cosmoc Cyber Club";"+998777093733";"";"TSH_SERGELI"
+ "CTR CHICKEN";"+998 (00) 000-00-00";"";"TSH_YAKKASAROY"
+ "CUTE BABY";"998977590590";"";"TV_YANGI_YUL"
+ "Cyber Plus Club";"+998900050557";"";"TSH_CHILONZOR"
+ "DADABOYEVA DURDONA  YTT";"+998 (99) 407-45-95";"";"TV_ANGREN"
+ "DADABOYEV MIRSHOD YATT";"+998 (94) 416-17-07";"";"TV_TOYTEPA"
+ "DADABOYEV OLIMJON 8-4-8";"99)988-69-79";"";"TSH_CHILONZOR"
+ "DADABOYEV OLIMJON  YTT";"998999886979";"";"TSH_CHILONZOR"
+ "DADABOYEV OYBEK OK";"933632856";"";"TV_PARKENT"
+ "DADABOYEV OYBEK  YTT";"+932146074";"";"TV_PARKENT"
+ "DADABOYEV SADILLO  OK";"+998 (94) 366-70-96";"";"TV_ANGREN"
+ "DADAJONOVA NIGORA  YTT";"(99) 899-6558";"";"TV_ORTA_CHIRCHIK"
+ "DADAMATOVA MANZURA  YTT";"+998332881570";"";"TV_ZANGIOTA"
+ "DADAMATOVA ZAXRO   YTT";"998959527755";"";"TSH_SHAYHONTOHUR"
+ "DADAXOJAYEV YTT";"+(99) 890-7456";"";"TV_PARKENT"
+ "Dadayeva Malika Sunnatovna";"+998977717520";"";"TSH_BEKTEMIR"
+ "DADBOYEVA NODIRA  YTT";"998977219805";"";"TSH_BEKTEMIR"
+ "DADIL MARKET";"+998 (99) 505-83-65";"";"TSH_UCHTEPA"
+ "DAGAROV TEMURXON  YTT";"+998958897730";"";"TSH_YAKKASAROY"
+ "DAILY FOOD EXPRES SERVICE";"998983389687";"";"TSH_MIRZO_ULUGBE"
+ "DAMIN GULCHEXRA MCHJ";"+998 (94) 605-76-30";"";"TSH_MIRZO_ULUGBE"
+ "DAMIN NEW STYLE MUSLIMA  MCHJ";"+998 (99) 401-25-32";"";"TV_ANGREN"
+ "DAMINOVA BIBINOR ESHMUMINOVA";"94)8070606";"";"TV_YANGI_YUL"
+ "DAMINOV AVAZBEK  YTT";"998930021";"";"TV_TUMANI"
+ "DAMINOV ESHMUROD  OK";"998977007541";"";"TSH_YASHNABOD"
+ "DAMIN POLVON  OK";"+998 (91) 262-68-86";"";"TSH_SERGELI"
+ "DAMIR SAVDO YTT";"(99) 897-7258";"";"TSH_YAKKASAROY"
+ "DAMM FAVORIT TRADE  MCHJ";"998939578025";"";"TSH_YUNUSOBOD"
+ "DANGAL BOBO";"+998 (00) 000-00-00";"";"TSH_YAKKASAROY"
+ "DANGALOV FURQAT  YTT";"909009700";"";"TSH_UCHTEPA"
+ "DANISH KESH";"+998995148080";"";"TSH_CHILONZOR"
+ "DANISH-KESH MCHJ";"(99) 899-5148";"";"TSH_CHILONZOR"
+ "DANIYARBEKOVA ZULXUMOR  YTT";"99871773526";"";"TV_ZANGIOTA"
+ "DANOBEK  MCHJ";"998903547989";"";"TSH_BEKTEMIR"
+ "DARDGA SHIFO FARM";"+(99) 890-1394";"";"TSH_OLMAZOR"
+ "DARINA MARKET";"+(99) 894-4141";"";"TV_ORTA_CHIRCHIK"
+ "DARMON";"+998 (37) 440-00-52";"";"TV_ANGREN"
+ "DARMON NUR BIZNES MCHJ";"998770487777";"";"TV_CHIRCHIQ"
+ "DARMON PLUS";"+998 (99) 995-88-84";"";"TV_PISKENT"
+ "DARMON SHIFO";"998068969566";"";"TSH_OLMAZOR"
+ "DARMON SHIFO FARM XK";"33 828 76 33";"";"TV_CHIRCHIQ"
+ "DARXAN BIZNES  XK";"+(99) 899-8034";"";"TV_ORTA_CHIRCHIK"
+ "DASHNABOD SAVDO  MCHJ";"998977394959";"";"TSH_MIRZO_ULUGBE"
+ "DAVIDOV FAYZ TRADE";"+998 (93) 006-02-90";"";"TSH_CHILONZOR"
+ "DAVIDOV KAHRAMON  YTT";"+998 (93) 701-95-82";"";"TV_ANGREN"
+ "DAVLAT 2.126";"974483230";"";"TSH_UCHTEPA"
+ "DAVLATBEK SHUXRATOVICH  YTT";"+998935182";"";"TSH_CHILONZOR"
+ "DAVLATBEK ZIG'IR OSH";"+998909495981";"";"TSH_YUNUSOBOD"
+ "DAVLATOV ALISHER  YTT";"+998991979480";"";"TV_YANGI_YUL"
+ "DAVLATOVA MAFTUNA ISMATKULOVA";"998908062928";"";"TSH_YASHNABOD"
+ "DAVLATOVA SOHIBA  YTT";"998900082171";"";"TV_CHIRCHIQ"
+ "DAVLATOV ZAVQIDIN YTT";"998933913219";"";"TSH_CHILONZOR"
+ "DAVR IKROM BUSSENES";"+998 (99) 497-03-99";"";"TSH_MIRZO_ULUGBE"
+ "DAVR MILLIY TAOMLARI";"+998999982400";"";"TSH_YASHNABOD"
+ "DAVRON BARAKA OMAD OK";"+998 (93) 583-01-66";"";"TV_OHANGARON"
+ "DAVRONBEK MUSHTARIBEGIM MCHJ";"998975993";"";"TV_CHIRCHIQ"
+ "DAVRON JAVLON SHOXRUX AKA UKA MCHJ";"998930971337";"";"TV_OHANGARON"
+ "DAVRON LYUKS";"+998 (99) 879-76-94";"";"TV_BOSTONLIQ"
+ "DAVRONOV RAXMATILLA  XK";"+(99) 899-5142";"";"TSH_SERGELI"
+ "DAVRONOV SAVDO  MCHJ";"+998 (99) 815-88-57";"";"TV_ZANGIOTA"
+ "DAVRON PLYUS MASTURA OK";"+998 (94) 341-68-18";"";"TV_PARKENT"
+ "DAVRON RASUL FAYZ SAVDO MCHJ";"998946582";"";"TSH_BEKTEMIR"
+ "DAVRON SHAXRIYOR SAVDO  MCHJ";"+(99) 890-0654";"";"TSH_UCHTEPA"
+ "DAVRON VA DOSTON";"998909718";"";"TSH_MIRZO_ULUGBE"
+ "DDD DAZA GROUP  MCHJ";"998973458424";"";"TV_CHIRCHIQ"
+ "DDD OYSHA BARAKA MCHJ";"+998 94 932 90 95";"";"TV_OHANGARON"
+ "DDF MIR TRADE  MCHJ";"+998959592999";"";"TV_ZANGIOTA"
+ "D D I COMMERSANT TRADE  MCHJ";"998993214044";"";"TSH_MIRZO_ULUGBE"
+ "DD SHAXRIKESH  MCHJ";"+(99) 891-2222";"";"TSH_SERGELI"
+ "DED-FARM";"+998998601116";"";"TSH_CHILONZOR"
+ "DEEN IS SALUTION";"+998 (99) 847-13-44";"";"TSH_UCHTEPA"
+ "DEEN IS SOLUTION MCHJ";"+(99) 899-5862";"";"TSH_CHILONZOR"
+ "DEGREZ BARAKA  MCHJ";"998770160093";"";"TSH_BEKTEMIR"
+ "DEHQONOV DAVRON  YTT";"+998 (99) 921-34-24";"";"TV_YANGI_YUL"
+ "DELTA ANGREN";"+998 (93) 578-37-78";"";"TV_ANGREN"
+ "DELTA MAX  MCHJ-1";"(99) 897-5471";"";"TSH_CHILONZOR"
+ "DELTA MAX  MCHJ-3";"(99) 893-5017";"";"TSH_YUNUSOBOD"
+ "DELTA MAX  MCHJ-4";"998998225";"";"TSH_OLMAZOR"
+ "DELTA MAX  MCHJ-5";"+998 (99) 859-4";"";"TSH_SERGELI"
+ "DELTA MAX  MCHJ-6";"+998 (99) 822-5";"";"TSH_UCHTEPA"
+ "DE NOL";"+998 (95) 632-48-18";"";"TV_ANGREN"
+ "Denov";"998900967338";"";"TSH_CHILONZOR"
+ "DENOV DOKON  XK";"+90 065 03 38";"";"TSH_YANGIXAYOT"
+ "Denov Xorazm";"+998970039777";"";"TSH_UCHTEPA"
+ "Derektor Ayubxon";"";"";"TSH_SERGELI"
+ "DETERGENT EKO";"998977046";"";"TSH_MIRZO_ULUGBE"
+ "DETERGENTS  MCHJ";"998972748591";"";"TV_CHIRCHIQ"
+ "De Train Game Zone";"+998500057123";"";"TSH_UCHTEPA"
+ "DEVELOP CITY MCHJ";"+998 (91) 342-00-79";"";"TSH_UCHTEPA"
+ "DEVYATOCHKA FOOD XK";"(99) 897-6095";"";"SR_QUYI_CHIRCHIK"
+ "DEXKANOV NURSULTON YTT";"(99) 893-2348";"";"TV_OHANGARON"
+ "DEXQONOV BAXTYOR  YTT";"998935451990";"";"TSH_SHAYHONTOHUR"
+ "DEYKANOV FAXRIDDIN  YTT";"998974035";"";"TSH_YASHNABOD"
+ "DIAMOND  MCHJ";"+998935860808";"";"TV_TUMANI"
+ "DIAMOND MIRJAHONYASMINA MED PHARM";"+998 (99) 668-66-66";"";"TSH_OLMAZOR"
+ "DIAMON MARKET  MCHJ";"998994848";"";"TV_BOSTONLIQ"
+ "DIANA -FARM";"+998 (70) 715-04-04";"";"TV_CHIRCHIQ"
+ "DIANA SAVDO";"998999936888";"";"TSH_MIRZO_ULUGBE"
+ "DIASBEK  XK";"998998044";"";"TV_KIBRAY"
+ "DID BUSINESS STAR  MCHJ";"(99) 893-6217";"";"TSH_CHILONZOR"
+ "DI EL P";"+998555032197";"";"TSH_YUNUSOBOD"
+ "DI-EL PHARM  OK";"998919727794";"";"TSH_YUNUSOBOD"
+ "Diet Bistro";"+998977123433";"";"TSH_CHILONZOR"
+ "Diet Bistro Dônborabod";"+998974548448";"";"TSH_CHILONZOR"
+ "DILAFRUZ 4,24";"977178444";"";"TSH_UCHTEPA"
+ "Dilan darmon farm";"97 539 34 39";"";"SR_QUYI_CHIRCHIK"
+ "DIL AVAZ XK";"+(99) 890-9329";"";"TSH_MIROBOD"
+ "DILBAR ISTIQLOL MCHJ";"998880872377";"";"TV_KIBRAY"
+ "DILBAR MED PHARM";"+998 (95) 024-03-33";"";"TSH_YUNUSOBOD"
+ "DILBAR MED PHARM";"+998 (88) 663-02-01";"";"TSH_YUNUSOBOD"
+ "DILBAR MUKAMAL SAVDO";"+998 (97) 400-80-21";"";"TSH_UCHTEPA"
+ "DILBAR TABARRUK OMAD  MCHJ";"998977718021";"";"TV_TUMANI"
+ "DILBARXON DOKONI XK";"998912501";"";"TSH_SHAYHONTOHUR"
+ "DILDORA";"+998 (90) 331-11-94";"";"TSH_CHILONZOR"
+ "DILDORA  5.160";"887089880";"";"TSH_UCHTEPA"
+ "DILDORA DAVRON FAYZ  MCHJ";"+998 (93) 911-84-86";"";"TV_ANGREN"
+ "DILDORA FAYZIYEVA JORABOYEVNA";"+97 703 68 48";"";"TV_ZANGIOTA"
+ "DILDORA OMAD FARM";"+998 (71) 212-07-07";"";"TSH_YUNUSOBOD"
+ "DILDORA OMAD FARM";"+998 (94) 622-00-07";"";"TSH_YUNUSOBOD"
+ "DILDORA RUSTAMOVNA ALIMDJANOVA  YTT";"998977113";"";"TSH_OLMAZOR"
+ "DILDORAXON ORZULARI OK";"998900949";"";"TSH_BEKTEMIR"
+ "DILDORA ZIYO NUR  XK";"998946203";"";"TV_TUMANI"
+ "DIL FARMA SERVISE";"998903179095";"";"TSH_OLMAZOR"
+ "DIL FARM MEDICAL";"+998 (94) 611-93-87";"";"TSH_MIROBOD"
+ "DIL FARM SAVDO";"+998 (71) 224-21-48";"";"TSH_YUNUSOBOD"
+ "DILFAYZ FARM";"+998 (90) 017-10-31";"";"TSH_SHAYHONTOHUR"
+ "DILFUZA BARAKA SAVDO  MCHJ";"998991707878";"";"TSH_MIRZO_ULUGBE"
+ "DILFUZA-BONU SAVDO  XK";"(99) 893-6164";"";"TV_OLMALIK"
+ "DILFUZA MAFTUNA OK";"+(99) 833-0970";"";"TV_PARKENT"
+ "DILFUZA QAXXOR BARAKA YTT";"998998046979";"";"TV_TUMANI"
+ "DILFUZA SALAMOVNA YTT";"+(99) 897-7774";"";"TSH_SERGELI"
+ "DILIANURA DAS  MCHJ";"";"";"TSH_CHILONZOR"
+ "DILLER O'RIZOR";"";"";"TSH_SERGELI"
+ "DILMUHAMMED AYZADA  OK";"998917779";"";"TV_BOSTONLIQ"
+ "DILMUROD FULL BIZNES XK";"998977778";"";"TSH_YUNUSOBOD"
+ "DILMUROD GOOD TRADE OK";"+998 (90) 916-64-46";"";"TSH_UCHTEPA"
+ "DILMUROD SOBIRXOJAYEV YTT";"+998 (97) 645-45-45";"";"TV_PARKENT"
+ "DIL NIZOM YTT";"998933779190";"";"TSH_SHAYHONTOHUR"
+ "DILNOZA AKMAL SAVDO";"+(99) 890-4147";"";"TV_ORTA_CHIRCHIK"
+ "DILNOZA JANBUL YTT";"+998 (93) 481-02-00";"";"TV_PARKENT"
+ "DILNOZA MARKET OK";"(99) 894-4140";"";"TV_ORTA_CHIRCHIK"
+ "DILNOZA OZODBEK";"+998900132302";"";"TSH_BEKTEMIR"
+ "DILNOZA OZODBEK  XK";"998900132302";"";"TSH_BEKTEMIR"
+ "DILNOZA UNIVERSAL SERVIS MCHJ";"+998 (94) 605-10-63";"";"TSH_YAKKASAROY"
+ "DILNOZAXON QORIYEVA MUNAVVAROVNA  YTT";"+(99) 898-7772";"";"TSH_SERGELI"
+ "DILNOZA YTT";"+998 (94) 965-75-21";"";"TV_PARKENT"
+ "DILNURA IMKON PLYUS  OK";"+(99) 890-6576";"";"TV_PARKENT"
+ "DILNUR MUNIS HOLDING  MCHJ";"+998 (94) 939-60-30";"";"TV_OHANGARON"
+ "DILNUR NUR FARIM";"(99) 895-6184";"";"TV_OQQORGON"
+ "DILOBAR AVLIYOQULOVA NARZULLOYEVNA";"+998 (91) 247-28-18";"";"TSH_SERGELI"
+ "DILOBAR SAVDO  XK";"+998935340908";"";"TSH_OLMAZOR"
+ "DILOBAR YUSUPOVA YATT";"+998 (90) 978-95-69";"";"TV_TOYTEPA"
+ "DILOBODA STAR  MCHJ";"+998 (94) 364-38-11";"";"TV_ANGREN"
+ "DIL OMAD PHARM";"+998 (90) 582-69-56";"";"TSH_SHAYHONTOHUR"
+ "DIL OMAD PHARM";"+998 (90) 325-50-44";"";"TSH_SHAYHONTOHUR"
+ "Dilorom";"";"";"TSH_CHILONZOR"
+ "DILOROM 3.118";"977534561";"";"TSH_UCHTEPA"
+ "DILOROM BIZNES SAVDO  XK";"+(99) 894-0660";"";"TV_ORTA_CHIRCHIK"
+ "DILOROM FARM";"+998 (94) 602-60-48";"";"TSH_MIRZO_ULUGBE"
+ "DILOROM HIDOYAT";"998909419";"";"TSH_OLMAZOR"
+ "DILOROM INVEST PLYUS  MCHJ";"998977267773";"";"TSH_SHAYHONTOHUR"
+ "DILOROM MALAKBEGIM FARM";"998916484894";"";"TV_TUMANI"
+ "DILOROMXON FARM";"+998 (93) 009-87-14";"";"TSH_YASHNABOD"
+ "DILRABO";"97 588 81 77";"";"TSH_UCHTEPA"
+ "DILRABO KARIMOVA YTT";"900170982";"";"TSH_UCHTEPA"
+ "DILSHODA BONU  MCHJ";"998998633476";"";"TSH_MIRZO_ULUGBE"
+ "DILSHOD AXMAD ISHONCH BARAKA XK";"998935698999";"";"TSH_YUNUSOBOD"
+ "DILSHODBEK FAYZ BIZNESS  XK";"(99) 890-3339";"";"SR_QUYI_CHIRCHIK"
+ "DILSHOD DINARA SHERZOD MCHJ";"+(99) 877-0044";"";"TV_BOKA"
+ "DILSHOD DOSTON  XK";"+998998153223";"";"TV_ZANGIOTA"
+ "DILSHOD ELYOR TRADE OK";"998903554";"";"TSH_MIRZO_ULUGBE"
+ "DILSHOD FARM";"+998 (91) 146-99-44";"";"TSH_YUNUSOBOD"
+ "Dilshod Kabob";"+998946544343";"";"TSH_UCHTEPA"
+ "DILSHOD MAMATJONOVICH YUNUSOV";"998974403081";"";"TSH_BEKTEMIR"
+ "DILSHOD MAXMUDOV YTT";"998993029999";"";"TSH_UCHTEPA"
+ "DILSHOD  MCHJ";"998913000030";"";"TSH_YUNUSOBOD"
+ "DILSHOD NEW FARM";"+998 (94) 686-61-00";"";"TSH_SERGELI"
+ "DILSHOD OTA BARAKA BUSINUS  XK";"+(99) 890-6689";"";"TSH_UCHTEPA"
+ "DILSHOD PHARM GROUP";"+998 (90) 114-75-72";"";"TSH_YUNUSOBOD"
+ "DILSHOD SHER  OK";"+998903714362";"";"TV_ZANGIOTA"
+ "DILSOZIM  MCHJ";"998977311082";"";"TV_KIBRAY"
+ "DILSUN FARM MCHJ";"+998 (90) 993-55-62";"";"TV_BOKA"
+ "DILXIROJ 2009  MCHJ";"+(99) 899-2889";"";"TSH_UCHTEPA"
+ "DILXUSHBEK BIZNES";"+998 (99) 457-34-37";"";"TSH_SERGELI"
+ "DILXUSHBEK BIZNES";"+998 (99) 835-6";"";"TSH_SERGELI"
+ "DILYA DORMON OK";"998999119";"";"TV_KIBRAY"
+ "DILYA FARM INVEST";"+998 (94) 670-94-30";"";"TV_KIBRAY"
+ "DILYANURA JASS XK";"998982392";"";"TSH_MIRZO_ULUGBE"
+ "DILYA RIZAEVA";"+998 (91) 955-02-02";"";"TSH_YANGIXAYOT"
+ "DILZAR SHOP  MCHJ";"998944705522";"";"TSH_YASHNABOD"
+ "DIMM BARAKA  MCHJ";"+(99) 890-9878";"";"TSH_SERGELI"
+ "DINARA OMAD HAMKOR  MCHJ";"998979816606";"";"TSH_YUNUSOBOD"
+ "DINOR BUSINESS  MCHJ";"+(90) 962-8195";"";"TSH_YANGIXAYOT"
+ "DINOR NUR BARAKA YTT";"+998 (97) 880-87-00";"";"TV_YANGI_YUL"
+ "DIPSORA";"998990054522";"";"TSH_SHAYHONTOHUR"
+ "DIPSORA CHORSU";"998998738";"";"TSH_SHAYHONTOHUR"
+ "DIVAN";"+998947888850";"";"TSH_MIRZO_ULUGBE"
+ "DIYAMOND  MCHJ";"998950081999";"";"TV_TUMANI"
+ "DIYANA ENDEKA";"+998 (90) 113-00-64";"";"TV_TOYTEPA"
+ "DIYANA MARAT YTT";"998973453795";"";"TV_BOSTONLIQ"
+ "DIYAROV BAXROM YTT";"998977290";"";"TSH_YUNUSOBOD"
+ "DIYETKA KAFE (SHOTA RUSTAVELLI)";"+998 (00) 000-00-00";"";"TSH_YAKKASAROY"
+ "DIYONAT HAMKOR";"+998 (95) 040-98-30";"";"TSH_UCHTEPA"
+ "DIYORA 898  MCHJ";"998977476539";"";"TSH_CHILONZOR"
+ "DIYORA ABDULATIF MARKET";"+998 (99) 299-78-96";"";"TSH_SERGELI"
+ "DIYORA FARM";"998935864394";"";"TSH_OLMAZOR"
+ "DIYORA IFORA BARAKA MCHJ";"998945494240";"";"TSH_UCHTEPA"
+ "DIYORA KELAJAK OMAD MCHJ";"998909766";"";"TSH_BEKTEMIR"
+ "DIYORA MED PHARM  MCHJ";"";"";"TSH_CHILONZOR"
+ "DIYORA OPTOM MARKET  MCHJ";"998946341";"";"TSH_SERGELI"
+ "DIYORA PARFYUM  MCHJ";"+998 (95) 018-44-00";"";"TV_ANGREN"
+ "DIYORBEK JUMANAZAROV S HERZOD OGLI  YTT";"+(99) 894-6231";"";"TSH_UCHTEPA"
+ "DIYORBEK MADINA FAYZ SAVDO";"998911667935";"";"TSH_BEKTEMIR"
+ "DIYORBEK MADINA FAYZ SAVDO";"998911667935";"";"TSH_BEKTEMIR"
+ "DIYORBEK TJDND";"+998 (94) 404-81-41";"";"TV_BOKA"
+ "DIYOR BEXRUZ 2019";"998998881081";"";"TV_KIBRAY"
+ "DIYOR INTRPASIS  OK";"+998 (93) 518-44-47";"";"TV_ZANGIOTA"
+ "DIYOR WORLD TRADE";"+998 (97) 724-33-88";"";"TSH_UCHTEPA"
+ "DJABBAROV SAIDBEK  YTT";"(94) 306-9464";"";"TV_ANGREN"
+ "DJABBOROV SARDOR  YTT";"998994004";"";"TV_CHIRCHIQ"
+ "DJALILOVA MOHIRA YTT";"998974706";"";"TV_CHIRCHIQ"
+ "DJALILOV ILHOMJON  YTT";"+889514131";"";"TSH_CHILONZOR"
+ "DJALOLOV SHERZOD";"97)1678080";"";"TV_YANGI_YUL"
+ "DJAMALITDINOV RUSTAMJON  YTT";"998958837989";"";"TSH_BEKTEMIR"
+ "DJAMATOVA ZAXRO  YTT";"+998935470";"";"TSH_BEKTEMIR"
+ "DJAMILOV SHUKURJON  YTT";"998946728";"";"TSH_YASHNABOD"
+ "DJANKULOV ABDUAXAD   YTT";"998946818";"";"TV_BOSTONLIQ"
+ "DJASURBEK BIZNES 2";"+998 (94) 935-25-25";"";"TSH_YANGIXAYOT"
+ "DJAVLYANOVA MAXMUDA  YTT";"998933318448";"";"TV_TUMANI"
+ "DJONMIRZAYEV SHOVKAT  YTT";"+998997207520";"";"TV_YANGI_YUL"
+ "DJORABAYEV BAXT YTT";"99874445980";"";"TV_CHIRCHIQ"
+ "DJORAEVA MUXARRAM YTT";"+998 (93) 396-98-62";"";"TV_OLMALIK"
+ "DJUMABEKOVA DINARA MARKET MCHJ";"998886434";"";"TV_KIBRAY"
+ "DJUMABEKOVA MUBORAK  YTT";"998949222211";"";"TSH_SERGELI"
+ "DJUMABOYEVA MAVLYUDA";"+998 (93) 001-54-82";"";"SR_QUYI_CHIRCHIK"
+ "DJUMAGULOVA BAGILA  YTT";"998993595655";"";"TV_KIBRAY"
+ "DJUMANOVA DILSOZ MCHJ";"998917707";"";"TV_KIBRAY"
+ "DJUMANOV SIROJIDDIN  YTT";"+998977043969";"";"TV_YANGI_YUL"
+ "DJURABEKOVA DURDONA  YTT";"+998556068";"";"TV_YANGI_YUL"
+ "DJURAYEVA GULNOZA  YTT";"998970753333";"";"TV_TUMANI"
+ "DJURAYEVA MALIKAXON  YTT";"+998 (88) 538-34-78";"";"TV_YANGI_YUL"
+ "DJURAYEVA MALIKA  YTT";"998953335";"";"TSH_BEKTEMIR"
+ "DJURAYEVA NODIRA YTT";"998930086";"";"TSH_BEKTEMIR"
+ "DJURAYEVA POKIZA  YTT";"(93) 162-9094";"";"TV_BOKA"
+ "DJURAYEVA ROBIYA YTT";"+(99) 893-5808";"";"TV_OHANGARON"
+ "DJURAYEVA ZAXRO MIRXASILOVNA YTT";"998998737";"";"TSH_SHAYHONTOHUR"
+ "DJURAYEV DONIYOR  YTT";"998880879296";"";"TV_BOSTONLIQ"
+ "DJURAYEV FAZLIDDIN  YTT";"998901235";"";"TSH_SHAYHONTOHUR"
+ "DJURAYEV XALOL BARAKA  XK";"998970473399";"";"TV_TUMANI"
+ "DJURAYEV XIKMAT  YTT";"+(90) 902-2244";"";"TSH_SERGELI"
+ "DL DM STAR FAMLY  MCHJ";"998369856";"";"TV_KIBRAY"
+ "D MARKET";"+998 (99) 800-12-44";"";"TSH_SERGELI"
+ "DMF ECO MARKET  MCHJ";"+998995210328";"";"TSH_MIROBOD"
+ "D M NARGIZ FX";"+998 93 113 51 11";"";"TV_BOKA"
+ "DOBRIY LEKAR MCHJ";"+998 (71) 223-30-30";"";"TSH_YUNUSOBOD"
+ "DOBRIY PUT ANGREN  XK";"+998 (94) 939-96-96";"";"TV_ANGREN"
+ "DOCTOR AYBOLIT";"(99) 895-1954";"";"TSH_OLMAZOR"
+ "DOCTOR AYBOLIT";"998935063943";"";"TSH_OLMAZOR"
+ "DOCTOR MEDICAL SAODAT MCHJ";"90 121 94 01";"";"SR_QUYI_CHIRCHIK"
+ "DOCTORS STUFF MCHJ";"+998 (99) 404-69-68";"";"TV_TOYTEPA"
+ "DODA BALIQ kafesi";"+998953396464";"";"TSH_MIRZO_ULUGBE"
+ "DODIQILGORI FAYZBEK MARKET OK";"+(99) 891-5616";"";"TSH_SERGELI"
+ "Doʻst";"+998903219403";"";"TSH_CHILONZOR"
+ "DOKON 15";"(99) 888-3477";"";"TV_OLMALIK"
+ "DOKTOR AYBOLIT I DRUG";"+998 (91) 111-00-44";"";"TV_YANGI_YUL"
+ "DOKTOR FAMILY FARM  MCHJ";"998889981551";"";"TSH_YUNUSOBOD"
+ "DOKTOR MED FARM";"+998 (93) 564-29-33";"";"TSH_CHILONZOR"
+ "DOKTOR SARVAR FARM";"+998 (93) 121-07-70";"";"TSH_SERGELI"
+ "DOKTOR SHAHNOZA FAYZ  XK";"998935193335";"";"TSH_MIROBOD"
+ "DOKTOR SHAXNOZA FAYZ";"+998 (93) 519-33-35";"";"TSH_MIRZO_ULUGBE"
+ "DOLIMOV SHUXRAT  YTT";"998977227567";"";"TV_TUMANI"
+ "DOMBRABOD OK";"+998 (90) 778-9";"";"TSH_CHILONZOR"
+ "DOMESTIC MARKET SERVICE";"998901398669";"";"TSH_MIRZO_ULUGBE"
+ "DOM FRESH";"+(99) 894-3616";"";"TV_OLMALIK"
+ "DOM FRESH";"(99) 894-3616";"";"TV_OLMALIK"
+ "Donboq Jojalar";"+998977589704";"";"TSH_UCHTEPA"
+ "Dônborabod Milliy Taomlari";"+998909157913";"";"TSH_CHILONZOR"
+ "DONER EVI";"+998939000777";"";"TSH_MIRZO_ULUGBE"
+ "Don Game Club";"+998911645467";"";"TSH_CHILONZOR"
+ "DONGURI Japanese cafe";"+998901685078";"";"TSH_YUNUSOBOD"
+ "DONI MARKET MCHJ";"998909442";"";"TSH_MIRZO_ULUGBE"
+ "DONIYOR DILOROM  MCHJ";"+(99) 893-5538";"";"TSH_SERGELI"
+ "DONIYOR DILOROM MCHJ";"998938921";"";"TSH_YUNUSOBOD"
+ "DONIYOROVA DILAFRUZ YTT";"998541234";"";"TV_KIBRAY"
+ "DONIYOROV ILHOM  YTT";"";"";"TSH_CHILONZOR"
+ "DONIYOR RAXIMOV BAXTIYORIVICH YTT";"998993412552";"";"TSH_SHAYHONTOHUR"
+ "DONO FAYZ FARM MCHJ";"998946879310";"";"TV_KIBRAY"
+ "DONO TRADE";"+998 (93) 635-65-68";"";"TSH_SHAYHONTOHUR"
+ "DONO TRADE";"+998 (90) 850-99-69";"";"TSH_SHAYHONTOHUR"
+ "DONYOR TOXIR OGLI SAVDO  OOO";"998974338";"";"TSH_SHAYHONTOHUR"
+ "DORA LAVASH";"+000000000000";"";"TSH_MIRZO_ULUGBE"
+ "DORI DARMON";"+998 (71) 120-38-00";"";"TSH_SERGELI"
+ "DORIHONA MERKUNI FARM";"+998 (99) 085-58-11";"";"TSH_YASHNABOD"
+ "DORISHUNOS";"998997778609";"";"TV_YUKORI_CHIRCH"
+ "DORIXONA 57";"998990855905";"";"TV_CHIRCHIQ"
+ "DORIXONALAR DUNYOSI";"+998 (99) 806-34-09";"";"TV_KIBRAY"
+ "DORIXONALAR DUNYOSI MCHJ";"+998998027202";"";"TV_KIBRAY"
+ "DOSMATOV YUSUPJON YTT";"+(99) 890-3209";"";"SR_QUYI_CHIRCHIK"
+ "DOSMURATOVA GULCHEXRA  YTT";"+(99) 890-9214";"";"TSH_UCHTEPA"
+ "DOSMURODOV RAYIMJON  YTT";"99801101476";"";"TSH_MIRZO_ULUGBE"
+ "DOSTLIK OK";"+998 (97) 649-13-40";"";"TV_PARKENT"
+ "DOSTMUHAMMAD ISHONCH BIZNES  MCHJ";"998990889017";"";"TV_TUMANI"
+ "DOSTMUHAMMEDOV SHOHRUH YATT";"+(99) 894-4113";"";"TV_BOKA"
+ "DOSTONBEK MAXBUBA  OK";"+996379933";"";"TV_ZANGIOTA"
+ "DOSTON DORMON UNIVERSAL  OK";"998884102161";"";"TV_KIBRAY"
+ "DOSTON SIFAT BIZNES";"+998 (50) 751-73-76";"";"TSH_SERGELI"
+ "DOSTON SIFAT BIZNES  MCHJ";"+998 (90) 722-50-83";"";"TSH_YANGIXAYOT"
+ "DOSTON UNIVERSAL";"+998 (99) 462-20-89";"";"TV_CHIRCHIQ"
+ "DOSTON VA DIYOR SAVDO XK";"998946918102";"";"TSH_MIRZO_ULUGBE"
+ "DOVIDOV BAXODIR";"+998 (90) 938-37-35";"";"TSH_CHILONZOR"
+ "DOVRON QIYOMIDDINOVICH ISOMIDDINOV YTT";"+(99) 890-9054";"";"TSH_YAKKASAROY"
+ "DOVUDBEK DAVO";"+998 (99) 829-96-00";"";"TSH_SERGELI"
+ "DOVUD FARM";"998958952180";"";"TV_PARKENT"
+ "DOVUD GRAND  MCHJ";"+998 (94) 935-99-11";"";"TV_ANGREN"
+ "DOVUD SULTAN  MCHJ";"+998 (99) 850-35-41";"";"TV_ANGREN"
+ "DOVUDXON LATIFXON";"+99) 536 88 84";"";"TV_ZANGIOTA"
+ "DREAM 444  MCHJ";"(90) 070-4018";"";"TSH_CHILONZOR"
+ "DREAM FAST  MCHJ";"998901762399";"";"TSH_BEKTEMIR"
+ "DREAM MODERN MARKET OK";"+(99) 850-8838";"";"TV_OHANGARON"
+ "DREAM TICKET MCHJ";"998909896";"";"TSH_BEKTEMIR"
+ "DR XURSHID HEALTH OOO";"(99) 899-8611";"";"TV_KIBRAY"
+ "D SH MARYAM FARM  MCHJ";"998909087523";"";"TV_KIBRAY"
+ "DUBAI SWEET  MCHJ";"+(99) 838-3462";"";"TSH_UCHTEPA"
+ "DUBAI SWEET  MCHJ";"+99877240322";"";"TSH_SHAYHONTOHUR"
+ "DUNYO BREND GROUP  MCHJ";"+990595353";"";"TSH_SERGELI"
+ "DUNYO FAMILY RESTAURANT";"+998 (91) 132-44-45";"";"TSH_YAKKASAROY"
+ "DUNYO SAVDO BIZNES MCHJ";"998999052";"";"TV_CHIRCHIQ"
+ "DURBEK MARKET 1990 MCHJ";"+(99) 890-7210";"";"TSH_YANGIXAYOT"
+ "DURDONA BIZNES OMAD";"+998 (94) 920-65-27";"";"TV_OLMALIK"
+ "DURDONA FARM SERVIS 777";"+998 (97) 767-73-62";"";"TSH_SERGELI"
+ "DURDONA KAMRON OK";"998505047575";"";"TV_KIBRAY"
+ "DURDONAXON FARIZABONU KELAJAGI  OK";"+(99) 895-0409";"";"TSH_UCHTEPA"
+ "DUR MARKET  OK";"998903530181";"";"TV_KIBRAY"
+ "DURUJBA BIZNES MCHJ";"998886317";"";"TSH_SHAYHONTOHUR"
+ "DUSHAYEVA MAFTUNA BOTIR QIZI YTT";"+(99) 890-0221";"";"TSH_UCHTEPA"
+ "DUSMATOV SHUXRATJAN YTT";"(99) 893-1852";"";"TV_BOKA"
+ "DUSMURATOVA MATLUBA ABDUMURATOVNA YTT";"+(99) 891-0082";"";"TSH_YAKKASAROY"
+ "DUSTBOYEV ABDURASUL  YTT";"998934437407";"";"TSH_UCHTEPA"
+ "DUSTIYOR MARKET MCHJ";"998938907303";"";"TSH_YASHNABOD"
+ "DUSXADJAYEV AZIM YATT";"+998 (99) 936-90-54";"";"TV_PISKENT"
+ "DXB BENEFIT GROUP  MCHJ";"+998942077677";"";"TSH_YUNUSOBOD"
+ "EASY COMMUNICATION";"998909199";"";"TSH_OLMAZOR"
+ "EASY FARM";"+998 (97) 634-00-00";"";"TSH_SERGELI"
+ "EASYMARKET";"+998 (99) 232-27-48";"";"TV_PARKENT"
+ "EAT PASTA";"+998000000000";"";"TSH_MIRZO_ULUGBE"
+ "EBROBEK ZAMIN SAVDO MCHJ";"+998 (91) 070-76-67";"";"TV_PARKENT"
+ "ECO BUSSINES PHARM MCHJ";"+998 (97) 700-43-66";"";"TV_KIBRAY"
+ "ECO BUSSINES PHARM MCHJ";"+998977004366";"";"TV_KIBRAY"
+ "ECO FRUIT JUICE MCHJ";"998950040836";"";"TSH_YUNUSOBOD"
+ "ECOMARKET HURRAMLIK  OK";"998330111199";"";"TV_TUMANI"
+ "ECOMARKET INVEST  MCHJ";"+(99) 893-3918";"";"TSH_YANGIXAYOT"
+ "E C O MARKET  MCHJ";"+998978720";"";"TV_ORTA_CHIRCHIK"
+ "ECONOM PHARMMACY";"+998 (90) 372-91-00";"";"TV_OLMALIK"
+ "EDELVEYS EVEREST XK";"998998778";"";"TSH_MIRZO_ULUGBE"
+ "EDEN CAFE";"+998 (00) 000-00-00";"";"TSH_YAKKASAROY"
+ "EFFECT FARMA MED";"+998 (90) 985-63-48";"";"TSH_MIRZO_ULUGBE"
+ "EFFECTIVE VECTOR BUSINESS  MCHJ";"33 679 79 79";"";"TV_OLMALIK"
+ "EFFEKT FARMA MED";"+998 (71) 293-99-94";"";"TSH_MIROBOD"
+ "EGAMBERDIYEVA GULANDON RASUL QIZI YTT";"998935740737";"";"TSH_MIRZO_ULUGBE"
+ "EGAMBERDIYEVA GULCHEXRA  YTT";"+998981230";"";"TV_ZANGIOTA"
+ "EGAMBERDIYEVA INOBAT KODIROVNA";"931601690";"";"TV_OLMALIK"
+ "EGAMBERDIYEV IBROHIM  YTT";"+(99) 894-4411";"";"TV_YANGI_YUL"
+ "EGAMBERDIYEV MURODJON  YTT";"998998137665";"";"TV_TUMANI"
+ "EGAMBERDIYEV PAXRIDDIN BUSINESS";"(99) 890-9250";"";"SR_QUYI_CHIRCHIK"
+ "EGAMBERDIYEV RIXSIBAY  YTT";"+(99) 899-9631";"";"TV_ORTA_CHIRCHIK"
+ "EGAMNAZAROV AZIZ ABDULLAYEVICH MCHJ";"998976163";"";"TV_CHIRCHIQ"
+ "EKANOM MARKET YTT";"+(99) 890-1452";"";"TV_YANGI_YUL"
+ "EKO MARKET M YTT";"+998 (97) 480-18-90";"";"TV_YANGI_YUL"
+ "EKO MARKET YTT";"+998 (94) 336-89-85";"";"TV_YANGI_YUL"
+ "EKO MINIMUM MCHJ";"+(99) 890-9062";"";"TV_OHANGARON"
+ "EKSKLUSIV ARK STROY  MCHJ";"998999999645";"";"TSH_OLMAZOR"
+ "EKSKLYUZIF PARFYUM KAPITAL";"998903478";"";"TSH_MIRZO_ULUGBE"
+ "EKVATOR-EKSPRES MCHJ";"998935421";"";"TSH_BEKTEMIR"
+ "ELAMAN OK";"(99) 894-4221";"";"TV_ORTA_CHIRCHIK"
+ "EL BAXT BARAKA XK";"+998 (97) 538-41-51";"";"TV_YANGI_YUL"
+ "ELBEK 622  MCHJ";"998770781880";"";"TSH_BEKTEMIR"
+ "ELBEK SHIRINOV YTT";"+(99) 833-8819";"";"TV_OHANGARON"
+ "ELBOYEV SHAXZOD";"+998 (93) 685-90-80";"";"TSH_UCHTEPA"
+ "ELCHIYEV DOSTONJON YTT";"998946383";"";"TSH_BEKTEMIR"
+ "ELDOR";"+998 (90) 985-12-47";"";"TV_KIBRAY"
+ "ELDOR AVTO WASH OK";"+998 (93) 616-69-93";"";"TV_OLMALIK"
+ "ELDOR NARZULLAEV UMIDULLAEVICH YTT";"+(99) 897-5312";"";"TSH_SERGELI"
+ "Elegand";"+998933530010";"";"TSH_SERGELI"
+ "ELEGANT MEGA BIZNES MCHJ";"998908709471";"";"TSH_YUNUSOBOD"
+ "ELFA WHITE";"+998 (91) 191-15-15";"";"TSH_CHILONZOR"
+ "ELGA DARMON MCHJ";"998996108098";"";"TV_PARKENT"
+ "ELGA XIZMAT NUR  MCHJ";"+(99) 890-1370";"";"TSH_SERGELI"
+ "ELIS NET SEVIS XK";"(99) 894-2889";"";"TSH_MIROBOD"
+ "ELITE GRAND GROUP  XK";"+(99) 890-9971";"";"TSH_SERGELI"
+ "ELITE HOT RIDERS  XK";"998998215427";"";"TV_BOSTONLIQ"
+ "ELITE TORGOVLYA MCHJ";"+998 (94) 400-52-52";"";"TSH_CHILONZOR"
+ "ELIXIR GROUP";"+998 (90) 963-56-26";"";"TSH_SHAYHONTOHUR"
+ "ELMIRA NURMUXAMMADOVNA  YTT";"998935487668";"";"TV_TUMANI"
+ "ELMUROD";"+998 (99) 818-70-40";"";"TSH_CHILONZOR"
+ "ELMUROD AKA TRADING  MCHJ";"998336586838";"";"TSH_YUNUSOBOD"
+ "ELMURODOVA HOSILBEK";"+90)243-00-98";"";"TSH_CHILONZOR"
+ "ELMUROD YTT";"998946794242";"";"TSH_SHAYHONTOHUR"
+ "ELNOZA ELYOROVNA  MCHJ";"";"";"TSH_YAKKASAROY"
+ "ELNUR ZIYO BIZNES N777";"+998 (99) 011-22-37";"";"TSH_YANGIXAYOT"
+ "ELOHIYEV DOSTONJON  YTT";"998998946322";"";"TSH_BEKTEMIR"
+ "ELSHOD BIZNES GROUP  MCHJ";"+903294989";"";"TSH_UCHTEPA"
+ "ELYOR 007 MCHJ";"(99) 895-1515";"";"TSH_CHILONZOR"
+ "ELYORBEK OTABEK BIZNES  OK";"+(99) 899-9625";"";"TSH_CHILONZOR"
+ "ELYORBEK SAVDO XK";"998946377012";"";"TSH_YUNUSOBOD"
+ "ELZAR AKSANA  OK";"+(99) 890-0018";"";"TV_ORTA_CHIRCHIK"
+ "E Makaus Trade MCHJ";"(90) 930-1117";"";"TSH_YUNUSOBOD"
+ "E Makaus Trade MCHJ";"(90) 930-1117";"";"TSH_YUNUSOBOD"
+ "E-MAKAUS TRADE MCHJ";"99809301117";"";"TSH_YUNUSOBOD"
+ "EMBASSY of BURGERS minor";"+998781130773";"";"TSH_YUNUSOBOD"
+ "EMENOVA SHAHLO YTT";"+998 (99) 721-35-43";"";"TV_YANGI_YUL"
+ "EMIM MARKET MCHJ";"+998 (93) 484-84-69";"";"TV_PARKENT"
+ "Emir";"+998982791116";"";"TSH_CHILONZOR"
+ "EMRO  MCHJ";"+998955457474";"";"TSH_BEKTEMIR"
+ "ENERGY BLACK BEAR MCHJ";"+998970139994";"";"TV_OLMALIK"
+ "ENI CARS  MCHJ";"99880390086";"";"TSH_MIROBOD"
+ "Eraliyev Muzaffar";"+998940912232";"";"TSH_MIRZO_ULUGBE"
+ "ERGASHEV ABDULAZLZ ERKIN OGLI  YTT";"(99) 894-6171";"";"TSH_SERGELI"
+ "ERGASHEV ABRORJON IKROMJON";"+998 (94) 198-85-89";"";"SR_QUYI_CHIRCHIK"
+ "ERGASHEVA DILFUZA  YTT";"+(99) 894-6116";"";"TSH_SERGELI"
+ "ERGASHEVA DILNORA YATT";"+998 (94) 429-64-64";"";"TV_TOYTEPA"
+ "ERGASHEVA GULCHEXRA YATT";"+998 (90) 990-44-65";"";"TV_TOYTEPA"
+ "ERGASHEV ALISHER ANVAR OGLI";"+998 (94) 916-42-12";"";"TV_BOKA"
+ "ERGASHEVA MUNIRA  YTT";"+998 (93) 777-22-47";"";"TV_ANGREN"
+ "ERGASHEVA MUNISA  YTT";"998949456";"";"TV_BOSTONLIQ"
+ "ERGASHEVA MUQADDAM KUCHQOROVNA  YTT";"+(99) 899-3007";"";"TSH_SERGELI"
+ "ERGASHEVA RISOLAT YTT";"(99) 893-6089";"";"TV_OHANGARON"
+ "ERGASHEVA SABOXAT AZAMATOVNA";"995672690";"";"TV_OHANGARON"
+ "ERGASHEVA SAYYORA  YTT";"998990296217";"";"TV_OHANGARON"
+ "ERGASHEVA SURAYYO YATT";"+998 (94) 422-04-10";"";"TV_BOKA"
+ "ERGASHEV AZAMAT   YTT";"998942178";"";"TV_CHIRCHIQ"
+ "ERGASHEVA ZEBO YTT";"(99) 894-9228";"";"TV_OLMALIK"
+ "ERGASHEVA ZIYODAXON  YTT";"998991409427";"";"TSH_BEKTEMIR"
+ "ERGASHEV AZIZBEK YATT";"+998 (90) 941-62-05";"";"TV_TOYTEPA"
+ "ERGASHEVA ZUVAYRA";"+998 (93) 668-08-28";"";"TV_ANGREN"
+ "ERGASHEV BAHODIR";"+998 (99) 903-19-97";"";"TV_TOYTEPA"
+ "ERGASHEV BILOL  YTT";"998996544488";"";"TSH_MIRZO_ULUGBE"
+ "ERGASHEV BIRODAR YTT";"+998 (97) 880-90-18";"";"TV_YANGI_YUL"
+ "ERGASHEV DILSHOD YATT";"+998 (90) 901-37-31";"";"TV_TOYTEPA"
+ "ERGASHEV DILSHOT  YTT";"998983627282";"";"TV_KIBRAY"
+ "ERGASHEV DIYOR YTT";"9983139141";"";"TSH_YUNUSOBOD"
+ "ERGASHEV HABIBULLO  YTT";"+998901752431";"";"TV_ZANGIOTA"
+ "ERGASHEV NODIRJON YTT";"998935466";"";"TSH_SHAYHONTOHUR"
+ "ERGASHEV ORTIVOY YTT";"998990592";"";"TV_BOSTONLIQ"
+ "ERGASHEV  YTT";"998946116";"";"TSH_YUNUSOBOD"
+ "ERGASH OHUN OK";"+(99) 894-4038";"";"TV_BOKA"
+ "ERGASH OTA FARM XK";"998935046486";"";"TV_KIBRAY"
+ "ERGASH OTA FARM XK";"998994069";"";"TV_KIBRAY"
+ "ERGASH OTA MINI MARKET  OK";"(99) 893-0050";"";"TV_ORTA_CHIRCHIK"
+ "ERGASHOVA KOMILAXON TURGUNALI YTT";"+(99) 899-0902";"";"TSH_YAKKASAROY"
+ "ERGASHOV AXRORJON  YTT";"+990107007";"";"TV_ZANGIOTA"
+ "ERGASHOVA  YTT";"+(99) 890-9354";"";"TV_PARKENT"
+ "ERGASHOV AZIZ  YTT";"";"";"TSH_SERGELI"
+ "ERGASHOV DOSTONBEK  YTT";"998917728";"";"TSH_SHAYHONTOHUR"
+ "ERGASHOV IBROHIM  YTT";"+998909535859";"";"TV_ZANGIOTA"
+ "ERGASHOV ODIL  YTT";"+998 (99) 834-34-74";"";"TV_ZANGIOTA"
+ "ERGASHOV SH H  YTT";"998901096";"";"TV_ORTA_CHIRCHIK"
+ "ERGASHOV S MARKET  MCHJ";"+998930737360";"";"TSH_SERGELI"
+ "ERGASH SHUXRAT BARAKA  XK";"(99) 897-4221";"";"TSH_CHILONZOR"
+ "ERGESHOVA NARGIZA XUSNIDDINOVNA  YTT";"+(99) 897-4793";"";"TSH_SERGELI"
+ "ERIK RICH YTT";"+998977125454";"";"TV_YANGI_YUL"
+ "ERKABAYEVA DILNOZA  YTT";"+998 (93) 307-01-88";"";"TV_ANGREN"
+ "ERKATOY MARKET OK";"998977070";"";"TSH_BEKTEMIR"
+ "Erkinboy Ota o'g'li-RS";"(94) 035-9876";"";"TSH_CHILONZOR"
+ "ERKIN CHORRAHA FAYZ XK";"+998990112";"";"SR_QUYI_CHIRCHIK"
+ "ERKIN MASTURA OK";"+99833185522";"";"TV_ZANGIOTA"
+ "ERKINOVA ZAMIRA  YTT";"998990059285";"";"TV_TUMANI"
+ "ERKINOV KOMILJON SHUXRAT OGLI  YTT";"(99) 897-7384";"";"TSH_CHILONZOR"
+ "ERKINOV SHOVKAT  YTT";"998881607778";"";"TSH_YUNUSOBOD"
+ "ERKINOV UMARJON  YTT";"+998998074546";"";"TV_TUMANI"
+ "ERKIN RICH-2  MCHJ";"+994001496";"";"TV_ZANGIOTA"
+ "ERKIN XOJA FARM";"+998 90 964 93 33";"";"TV_ORTA_CHIRCHIK"
+ "ERKINXOJA FARM MCHJ";"998909649333";"";"TV_ORTA_CHIRCHIK"
+ "ERLAN ERMUHAN  OK";"998976164";"";"TV_KIBRAY"
+ "ERLAN KAMIL  XK";"+(99) 899-6304";"";"SR_QUYI_CHIRCHIK"
+ "ERMANOV BARAKA MARKET MCHJ";"998932083";"";"TV_CHIRCHIQ"
+ "ERMATOV NARIMON KUCHKAROVICH YTT";"998974090";"";"TSH_BEKTEMIR"
+ "ERMATOV OZODBEK YTT";"(99) 899-6013";"";"TV_OLMALIK"
+ "ERMATOV ULUGBEK YTT";"+998 (94) 664-48-81";"";"TV_PARKENT"
+ "ERNAZAROV ABDUGOFUR";"+998 (93) 164-80-98";"";"SR_QUYI_CHIRCHIK"
+ "ERNAZAROVA GAVHAR  YTT";"";"";"TSH_SERGELI"
+ "ERNAZAROVA GAVHAR  YTT";"+90 466 28 98";"";"TSH_SERGELI"
+ "ERNAZAROVA MUKAMBAR";"+998 (97) 113-72-73";"";"SR_QUYI_CHIRCHIK"
+ "ERNAZAROV FURQAT TOJIMURODOVICH YTT";"+(99) 897-0393";"";"TSH_YAKKASAROY"
+ "ERNAZAROV SHERZOD";"+998 (99) 440-99-61";"";"SR_QUYI_CHIRCHIK"
+ "ERNAZAR XOJA   MCHJ";"998903244";"";"TSH_OLMAZOR"
+ "ERNKA FARM";"+998 (97) 010-34-64";"";"TV_CHIRCHIQ"
+ "ESANBAYEV JASUR YTT";"998994057";"";"TV_BOSTONLIQ"
+ "ESANOV ILHOMJON YTT";"+998 (93) 617-77-00";"";"TV_OLMALIK"
+ "ESHANKULOVA DILDORA YTT";"+998 (93) 570-94-10";"";"TV_OLMALIK"
+ "ESHBAYEVA MASTURA  YTT";"+998 (94) 931-04-79";"";"TV_ANGREN"
+ "ESHBEKOV XASAN ONORBOY YTT";"+(99) 890-0261";"";"TSH_YANGIXAYOT"
+ "ESHBOYEV ISMOIL YTT";"998946334846";"";"TV_TUMANI"
+ "ESHDAVLATOV OGABEK YTT";"998996662466";"";"TV_OHANGARON"
+ "ESHMATOV  DJALOLIDDIN NIGMATILLAYEVICH  YTT";"+(90) 011-5144";"";"TSH_SERGELI"
+ "ESHMATOV INOM  YTT";"+998 (01) 890-83-4";"";"TSH_CHILONZOR"
+ "ESHMETOVA INOBAT  YTT";"998940148987";"";"TSH_BEKTEMIR"
+ "ESHMIRZAYEVA TULGON RAVSHANOVNA  YTT";"+(99) 890-0104";"";"TSH_UCHTEPA"
+ "ESHMUMINOV ASLIDDIN  YTT";"998950700773";"";"TV_KIBRAY"
+ "ESHMURATOVA LYUDMILA BEGIJONOVNA";"+95 030 58 91";"";"TV_OLMALIK"
+ "ESHMURODOVA OYSHA";"+998944561616";"";"TV_OLMALIK"
+ "ESHMURODOV BUNYOD YTT";"(99) 897-7726";"";"TSH_CHILONZOR"
+ "ESHMUXAMEDOV  YTT";"998998641";"";"TSH_OLMAZOR"
+ "ESHONGUZAR SAVDO  MCHJ";"+998 (97) 748-25-75";"";"TV_ZANGIOTA"
+ "ESHONQULOVA";"+998977550079";"";"TSH_YUNUSOBOD"
+ "ESHONQULOV SIROJIDDIN";"+998 (94) 046-78-76";"";"TSH_CHILONZOR"
+ "ESHONQULOV SOXIBJON YTT";"998951000";"";"TV_CHIRCHIQ"
+ "ESHONXOJAYEV AKMALXON  YTT";"998909573972";"";"TSH_YUNUSOBOD"
+ "ESHONXOJAYEV XOJIAKBAR  YTT";"+(99) 899-8172";"";"TV_ZANGIOTA"
+ "ESHONXONOV SARDOR  YTT";"+998998330";"";"TV_ZANGIOTA"
+ "ESHTEMIROVA KUMUSH KOMILOVNA YTT";"998977453029";"";"TSH_MIRZO_ULUGBE"
+ "ESHTOXTAROVA NAVBAHOR  YTT";"+(99) 895-0223";"";"TSH_SERGELI"
+ "ESHTO'XTAROV NAVRO'Z NORMUROD O'G'LI YTT";"+998 (97) 384-66-94";"";"TSH_YANGIXAYOT"
+ "ESHTOXTAROV OBID  YTT";"998973846694";"";"TSH_YANGIXAYOT"
+ "ESKI BESH PANJA";"+000000000000";"";"TSH_OLMAZOR"
+ "ESKI JUVA LAG'MON";"+997507252508";"";"TSH_OLMAZOR"
+ "ESKIM PAINT  OK";"+(99) 899-5000";"";"TSH_SHAYHONTOHUR"
+ "ESKOBAR 2";"+998 (99) 948-37-37";"";"TV_YANGI_YUL"
+ "ETALON GARAND SERVIS MCHJ";"+998 (94) 932-92-29";"";"TV_BOKA"
+ "ETTI PIR NAQISHBAND  OK";"998998655";"";"TV_TUMANI"
+ "EVEREST BARAKA MARKET  MCHJ";"+(93) 906-0766";"";"TSH_SERGELI"
+ "EVERGREEN MARKET MCHJ";"998995599";"";"TSH_BEKTEMIR"
+ "EVOLUTION MARKET  MCHJ";"99877531760";"";"TSH_MIRZO_ULUGBE"
+ "EVOMED  NEWFARM";"+998 (95) 197-77-66";"";"TSH_YUNUSOBOD"
+ "EVO MED NEW LINE MCHJ";"(99) 897-7640";"";"TV_KIBRAY"
+ "EVOS MARKET";"+998 (97) 704-54-81";"";"TSH_CHILONZOR"
+ "EXCELLENT TASTY MEAL  OK";"998938565015";"";"TSH_OLMAZOR"
+ "EXCLUSIVE LEADER MCHJ";"+998 (88) 910-71-13";"";"TSH_MIRZO_ULUGBE"
+ "EXCLUSIVE LEADER TRADE  MCHJ";"998998889669";"";"TSH_YASHNABOD"
+ "EXCULISIV MARKET MCHJ";"+998 (93) 484-04-00";"";"TV_PARKENT"
+ "EXKLUZIVE LEADER";"+998 (71) 296-90-30";"";"TSH_YASHNABOD"
+ "EXPERT PHARMCY XK";"+998 (97) 490-82-62";"";"TV_KIBRAY"
+ "EXPRESS FAMILY BIZNES MCHJ";"+998 (98) 402-3";"";"TV_YANGI_YUL"
+ "EXPRESS FAMILY BUSINESS MCHJ";"+998 (97) 645-23-53";"";"TV_YANGI_YUL"
+ "EXPRESS PAYMENT GROUP";"998909885662";"";"TSH_MIRZO_ULUGBE"
+ "EXSON BARAKA MCHJ";"+998 94 415 88 77";"";"TV_OHANGARON"
+ "EZORIS-GROUP  MCHJ";"998938038444";"";"TSH_YUNUSOBOD"
+ "EZOZA BREND  OK";"998909292722";"";"TSH_BEKTEMIR"
+ "EZOZA DIYORA MARKET";"998909101139";"";"TSH_MIRZO_ULUGBE"
+ "EZOZA IFORA";"998978087441";"";"TSH_CHILONZOR"
+ "EZOZA MAMURA OK";"998903551";"";"TSH_SHAYHONTOHUR"
+ "EZOZA SAVDO MCHJ";"998919610744";"";"TSH_YUNUSOBOD"
+ "EZOZA TRADING GROUP MCHJ";"+998 (90) 125-80-88";"";"TSH_SERGELI"
+ "EZOZAXON FARM GROUP  MCHJ";"";"";"TV_PARKENT"
+ "EZOZAXON OMINAXON FARM";"+998 (95) 079-79-99";"";"TSH_SERGELI"
+ "Eʼzoz Restoran";"+998951779933";"";"TSH_CHILONZOR"
+ "FABI MARKET";"+998 (94) 194-11-14";"";"TSH_UCHTEPA"
+ "FADXUDINOVA DANIYE YTT";"998994093523";"";"TV_OHANGARON"
+ "FAHR FARM";"+998 (71) 294-07-94";"";"TSH_YASHNABOD"
+ "FAHRIDDIN DAVRON BARAKA  OK";"+(99) 107-2224";"";"TV_YANGI_YUL"
+ "FAMILY BURXONOV  XK";"+(99) 890-0077";"";"TSH_SERGELI"
+ "FAMILY LYUX TRADE  OK";"998946871808";"";"TV_KIBRAY"
+ "FAMILY OF FIVE LEADERS MCHJ";"998909066";"";"TSH_YASHNABOD"
+ "FAMILY SHOP FOOD  MCHJ";"998998951072";"";"TSH_MIRZO_ULUGBE"
+ "FAMLI XOMS";"+998 (94) 010-41-41";"";"TSH_SERGELI"
+ "FAN EVRIKA";"+998 (97) 632-02-86";"";"TSH_CHILONZOR"
+ "FARANGIZ BARAKA SERVIS OK";"998945896";"";"TV_KIBRAY"
+ "FARANGIZ FARIDA GROUP MCHJ";"(99) 897-7030";"";"TV_BOKA"
+ "FARANGIZ SHAXZOT  OK";"998944458";"";"TV_BOSTONLIQ"
+ "FARDUZFARM  MCHJ";"998333227379";"";"TV_KIBRAY"
+ "FARDUZFARM  MCHJ-2";"998999133495";"";"TV_TUMANI"
+ "FARGONA UYGURCHI MARKET MCHJ";"998998469";"";"TV_KIBRAY"
+ "FARHOD AKA PERIMETR 27";"906714636";"";"TSH_UCHTEPA"
+ "FARHOD BUYUK FARM  MCHJ";"+998 (91) 549-24-14";"";"TSH_YUNUSOBOD"
+ "FARHOD-SAVDO-BIZNES  XK";"998339840070";"";"TSH_YASHNABOD"
+ "FARHOD XADICHA BARAKA MCHJ";"+(99) 894-2191";"";"TV_OLMALIK"
+ "FARIDA FARM";"+998 (97) 432-02-27";"";"TSH_SERGELI"
+ "FARIDA RIXSIBAYEVNA XK";"+(99) 890-8292";"";"TSH_MIROBOD"
+ "FARIM KARDIO";"+998 (99) 468-33-05";"";"TV_PARKENT"
+ "FAR INTER GARDEN MCHJ";"+(99) 890-9857";"";"TSH_MIROBOD"
+ "FARM 16  MCHJ";"998941920161";"";"TSH_BEKTEMIR"
+ "FARMA COM PRO";"+998 (93) 533-26-28";"";"TV_YANGI_YUL"
+ "FARMAKON";"+998 (91) 164-37-73";"";"TSH_BEKTEMIR"
+ "FARM DEDISTINA";"(99) 899-7648";"";"TV_OQQORGON"
+ "FARM DILMUSAL";"+998 (77) 123-77-66";"";"TSH_YUNUSOBOD"
+ "FARM EFFEKT";"+998 (95) 015-90-40";"";"TSH_CHILONZOR"
+ "FARM HABIBI";"+998 (97) 872-23-23";"";"TV_YANGI_YUL"
+ "FARM MANGUST";"+998 (90) 336-71-67";"";"TSH_YUNUSOBOD"
+ "FARM MED GRUP";"+998 (91) 003-11-22";"";"TSH_CHILONZOR"
+ "FARM NODIR BARAKA";"+998 (97) 879-98-68";"";"TV_OQQORGON"
+ "FARMONOV MUXAMADALI YTT";"998990090";"";"TSH_SHAYHONTOHUR"
+ "FARM PLAZA";"+998 (97) 222-29-22";"";"TSH_SERGELI"
+ "FARM ZIYO";"+998 (94) 656-36-04";"";"TSH_SERGELI"
+ "FARNOZ FARM MED  MCHJ";"+998974627262";"";"TV_YANGI_YUL"
+ "FAROGAT ONA OK";"998935675305";"";"TV_KIBRAY"
+ "FAROVON BARAKA  XK";"+(99) 897-4049";"";"TV_YANGI_YUL"
+ "FARRUX FARANGIZ PARIZODA  OK";"998944128047";"";"TV_BOSTONLIQ"
+ "FARRUX NAZAR XK";"+(99) 897-7028";"";"TSH_MIROBOD"
+ "FARSAVDOXIZMAT MCJI";"+(99) 899-0460";"";"TSH_YAKKASAROY"
+ "FARUX DAUITBAY OGLI JANABAYEV  YTT";"+(99) 893-0464";"";"TSH_SERGELI"
+ "FARUX FARID  YTT";"+(94) 931-3414";"";"TV_PARKENT"
+ "FARXAD FAMILY BARAKA OK";"99874034111";"";"TSH_YUNUSOBOD"
+ "FARXOD FARM INVEST  MCHJ";"998977758856";"";"TSH_MIRZO_ULUGBE"
+ "FARXOD FERUZA FARM";"+998 (99) 664-36-46";"";"TV_CHIRCHIQ"
+ "FARXOD IRODA FAYZ  XK";"+998 (90) 727-34-34";"";"TV_ANGREN"
+ "FARXOD OTA";"+998971348383";"";"TSH_MIRZO_ULUGBE"
+ "FARXOD OTKIROV YTT";"998977260";"";"TSH_OLMAZOR"
+ "FARXODOVA MUXAYO YTT";"+998880169301";"";"TV_YANGI_YUL"
+ "FARXOD  SHIRIN SAVDO";"998909458889";"";"TSH_MIRZO_ULUGBE"
+ "FARXOD TRADING MCHJ";"+(99) 899-7908";"";"TV_TOYTEPA"
+ "FARXOD XK";"998994082";"";"TV_BOSTONLIQ"
+ "FARZONA FARIM PRO";"+998 (95) 144-44-14";"";"TSH_MIRZO_ULUGBE"
+ "FARZONA FARM PRO MCHJ";"+998946947104";"";"TSH_MIRZO_ULUGBE"
+ "FARZONA FURQAT";"998977483";"";"TSH_MIRZO_ULUGBE"
+ "FARZONA IMONA";"+998 (99) 365-20-85";"";"TSH_CHILONZOR"
+ "FARZONA MUBINA XK";"998935454";"";"TV_BOSTONLIQ"
+ "FARZONA SAVDO MCHJ";"+(99) 890-9337";"";"TSH_SERGELI"
+ "Fast Food";"+998931098485";"";"TSH_CHILONZOR"
+ "FAST FOOD COMMERCE  MCHJ";"+998911359221";"";"TSH_BEKTEMIR"
+ "FAST MUNO  MCHJ";"+(99) 894-6047";"";"TSH_UCHTEPA"
+ "FATH MEDFARM";"+998 (90) 044-54-69";"";"TSH_YASHNABOD"
+ "Fatih Hatel";"+998977144545";"";"TSH_SERGELI"
+ "FATXIDDINOV MUHIDDIN YTT";"+(99) 897-5401";"";"TV_YANGI_YUL"
+ "FATXULLA GULNOZA  XK";"998977168";"";"TV_BOSTONLIQ"
+ "Favvora";"+998931668877";"";"TSH_CHILONZOR"
+ "FAVVORA SERVIS";"998931087007";"";"TSH_MIRZO_ULUGBE"
+ "FAXR FAYZ SAVDO XK";"+998 (99) 811-77-81";"";"TSH_UCHTEPA"
+ "FAXRLANISH MCHJ";"+998 (94) 200-3";"";"TSH_CHILONZOR"
+ "FAXR MILLIY TAOMLARI";"+000000000000";"";"TSH_SHAYHONTOHUR"
+ "Fayizli Maqsad 2 Ekonom Market";"998995004422";"";"TSH_SERGELI"
+ "fayozxon";"(99) 897-4552";"";"TSH_YAKKASAROY"
+ "FAYOZXON FARM";"+998 (97) 455-20-03";"";"TSH_YAKKASAROY"
+ "Fayz";"+998507020001";"";"TSH_SERGELI"
+ "FAYZ ABDULBOSIT YTT";"+998 (97) 675-44-87";"";"TV_YANGI_YUL"
+ "FAYZ ABDUXALIL OTA XK";"(99) 890-3283";"";"SR_QUYI_CHIRCHIK"
+ "FAYZALIYEV AKROM  YTT";"99877371544";"";"TV_KIBRAY"
+ "FAYZ AZIZBEK HAMKKOR  MCHJ";"+998 (97) 743-72-36";"";"TV_ANGREN"
+ "FAYZ AZIZ BUSINESS";"998998138338";"";"TSH_MIRZO_ULUGBE"
+ "FAYZ BARAKA";"(99) 877-7649";"";"TSH_CHILONZOR"
+ "FAYZ ERMATOVA MARXABO  YTT";"+998 (99) 852-45-23";"";"TV_YANGI_YUL"
+ "FAYZ GUZAL MCHJ";"(99) 890-1151";"";"SR_QUYI_CHIRCHIK"
+ "FAYZIBOYEVA YTT";"+998 (90) 976-46-48";"";"TV_PARKENT"
+ "FAYZIDDIN IMPERIYA MCHJ";"+(99) 890-0356";"";"TSH_MIROBOD"
+ "FAYZIDDIN MARKET YTT";"998913223";"";"TSH_OLMAZOR"
+ "FAYZIEVA";"+998 (90) 972-80-12";"";"TSH_YANGIXAYOT"
+ "FAYZIYEVA MUBORAK XAMITOVNA  OK";"998983004212";"";"TSH_SHAYHONTOHUR"
+ "FAYZIYEV ANVARXODJA  YTT";"93 518 23 22";"";"TV_ZANGIOTA"
+ "FAYZIYEV FAYZ GROUP  XK";"998911376";"";"TSH_SHAYHONTOHUR"
+ "FAYZIYEV JAMSHID GULOMOVICH YTT";"998333404";"";"TSH_SHAYHONTOHUR"
+ "FAYZIYEV RAVSHAN  YTT";"998712981103";"";"TSH_BEKTEMIR"
+ "Fayz Kafe";"+998913037272";"";"TSH_UCHTEPA"
+ "FAYZ LIDER XK";"998903188711";"";"TSH_YASHNABOD"
+ "FAYZLI MAQSAD BIZNES BARAKA MCHJ";"+(99) 450-9555";"";"TSH_SERGELI"
+ "FAYZLI SHOXRUZBEK SAVDO  MCHJ";"+(99) 890-1136";"";"SR_QUYI_CHIRCHIK"
+ "FAYZLI UCHTEPA MARKET  OK";"+(99) 890-9608";"";"TSH_UCHTEPA"
+ "FAYZLIY ASQAR MCHJ";"998998200";"";"TSH_OLMAZOR"
+ "FAYZ MARJONA SHUKRONA XK";"+998 (99) 003-81-53";"";"SR_QUYI_CHIRCHIK"
+ "FAYZ MARKET 2";"+998 (88) 879-78-97";"";"TV_YANGI_YUL"
+ "FAYZ MARKET  XK";"+998 90 909 81 92";"";"TV_ORTA_CHIRCHIK"
+ "FAYZ MARKET YTT";"+(99) 897-6454";"";"TV_YANGI_YUL"
+ "FAYZ NIYAT  MCHJ";"998331740";"";"TSH_YUNUSOBOD"
+ "FAYZ PLUS SAVDO";"998998974736";"";"TSH_MIRZO_ULUGBE"
+ "FAYZ PROFIT 24. MCHJ";"998909573777";"";"TSH_YUNUSOBOD"
+ "FAYZ RUSTAM MCHJ";"998997453585";"";"TSH_YASHNABOD"
+ "FAYZ SAVDO OK";"998903180";"";"TSH_BEKTEMIR"
+ "FAYZ SHAMSHOD BARAKA DOKONI MCHJ";"998932320094";"";"TSH_YASHNABOD"
+ "FAYZ SUPER OPTOM  MCHJ";"998980266006";"";"TSH_YANGIXAYOT"
+ "FAYZULLA  MARKET MCHJ";"+(99) 894-6537";"";"TSH_UCHTEPA"
+ "FAYZULLAYEVA DIYORA RAXMATULLAYEVNA";"+998 (99) 785-05-99";"";"TV_PISKENT"
+ "FAYZULLAYEVA KOMOLA  YTT";"998887019077";"";"TSH_YUNUSOBOD"
+ "FAYZULLAYEV BEXZOD ASATULLAYEVICH  YTT";"998994315";"";"TSH_SHAYHONTOHUR"
+ "FAYZULLAYEV MIRONSHOH  MCHJ";"998945248591";"";"TSH_YUNUSOBOD"
+ "FAYZULLAYEV NEKRUZ  YTT";"+998 (99) 850-35-41";"";"TV_ANGREN"
+ "FAYZULLOH MARKET";"+998 (98) 364-60-24";"";"TSH_OLMAZOR"
+ "FAYZULLO OTA AGRO  MCHJ";"(99) 891-4075";"";"TSH_CHILONZOR"
+ "FAYZULLOX FARM";"+998 (33) 354-88-88";"";"TV_CHIRCHIQ"
+ "FAZ AAA  MCHJ";"998909715";"";"TSH_SHAYHONTOHUR"
+ "FAZILOV O.S  YTT";"998983621";"";"TSH_SHAYHONTOHUR"
+ "FAZLIDDINBEK SIFATLI SAVDO";"+90 901 41 41";"";"TSH_CHILONZOR"
+ "FAZLIDDIN FAYZ BARAKA";"+998 (95) 513-00-22";"";"TV_CHIRCHIQ"
+ "FAZLIDDIN MUSO  OK";"(99) 894-6154";"";"TV_ORTA_CHIRCHIK"
+ "FAZLIDIN YTT";"+998 (97) 946-48-40";"";"TV_PARKENT"
+ "FAZLILOX SADRULLOX OGLI YTT";"+(99) 890-9565";"";"TSH_YAKKASAROY"
+ "FAZO MIR";"+998 (50) 003-10-27";"";"TSH_UCHTEPA"
+ "FELIX ALFA MCHJ";"+(99) 890-9971";"";"TSH_MIROBOD"
+ "FEMILIY MARKET OK";"+(99) 899-4949";"";"TV_PARKENT"
+ "FEMILY MARKET";"+998 (94) 624-97-05";"";"TSH_SERGELI"
+ "FEMLIY MARKET  XK";"(99) 899-6658";"";"TV_ORTA_CHIRCHIK"
+ "FERAMON RISE  MCHJ";"998505007575";"";"TV_KIBRAY"
+ "FERDILAS OK";"99)6709690";"";"TSH_SERGELI"
+ "FERRO ORBITA  MCHJ";"998777692023";"";"TSH_MIRZO_ULUGBE"
+ "FERUZA NUR MED";"+998 (93) 056-95-69";"";"TSH_SHAYHONTOHUR"
+ "FERUZA SOJIDA OK";"+998 (97) 906-34-91";"";"TV_PARKENT"
+ "FERUZA XK";"998935091";"";"TV_KIBRAY"
+ "FERUZAXON MARKET YTT";"+(99) 897-9785";"";"TV_YANGI_YUL"
+ "FERUZBEK-GRANT-SAVDO";"+998 (99) 403-50-32";"";"TV_OHANGARON"
+ "FERUZ YTT";"+998 (97) 673-73-41";"";"TV_PARKENT"
+ "FEYN GROOP MCHJ";"998977129020";"";"TSH_YUNUSOBOD"
+ "FINANS GRUP";"998977120241";"";"TSH_MIRZO_ULUGBE"
+ "FIRDAUS PARVIZ";"998999024274";"";"TSH_MIRZO_ULUGBE"
+ "FIRDAVS BAXT MARKET MCHJ";"998932222";"";"TSH_YUNUSOBOD"
+ "FIRDAVS FISHIN STAIL MCHJ";"998900160";"";"TSH_YUNUSOBOD"
+ "FIRDAVS NATIONAL FOODS  XK";"998946962983";"";"TSH_YUNUSOBOD"
+ "FIRDAVS OSIYO";"998947605979";"";"TV_KIBRAY"
+ "FIRDAVS TRADING";"90 131 04 27";"";"TSH_UCHTEPA"
+ "FIRST ESPRES PHARMACY";"+998 (90) 996-85-82";"";"TV_YANGI_YUL"
+ "FIRUZA BIZNES SENTR  XK";"998973456869";"";"TV_CHIRCHIQ"
+ "Fish End Brend Vatan";"+998935400707";"";"TSH_UCHTEPA"
+ "FITRAT FARM";"998909298053";"";"TSH_OLMAZOR"
+ "FITRAT FARM";"+998 (90) 365-65-36";"";"TSH_SHAYHONTOHUR"
+ "FIZZ MARKET  MCHJ";"998998679131";"";"TSH_MIRZO_ULUGBE"
+ "FLASH  MAX UP";"998991338881";"";"TSH_OLMAZOR"
+ "FLASH OPTOM YTT";"+998 (97) 540-44-64";"";"TV_YANGI_YUL"
+ "FMM MARVARID 2022  OK";"(99) 899-9312";"";"TV_ORTA_CHIRCHIK"
+ "Foggi";"+998975222725";"";"TSH_OLMAZOR"
+ "FOM WORLD  MCHJ";"998773374440";"";"TSH_MIRZO_ULUGBE"
+ "FOOD GOOD GROUP";"+(99) 890-9806";"";"TSH_YAKKASAROY"
+ "FOODLAND  MCHJ";"998998689995";"";"TSH_YUNUSOBOD"
+ "FORTUNA CITY MCHJ";"+998 (99) 009-00-43";"";"TSH_OLMAZOR"
+ "FORTUNA MCHJ";"+998 (99) 661-00-31";"";"TV_PARKENT"
+ "FORWARD FOOD DISTRIBUTION  MCHJ";"998977620789";"";"TSH_SHAYHONTOHUR"
+ "FOR XAUS";"+998 (98) 609-06-66";"";"TV_YANGI_YUL"
+ "FOTIMA 17";"(99) 890-9778";"";"TSH_SHAYHONTOHUR"
+ "FOTIMA ASAMITDINOVA  YTT";"97 774 44 35";"";"TSH_OLMAZOR"
+ "FOTIMA ZUXRA MCHJ";"+(99) 891-1922";"";"TSH_MIROBOD"
+ "FOUR BROTHERS  MCHJ";"+(99) 899-8768";"";"TSH_YAKKASAROY"
+ "FOVORITE PHARM  MCHJ";"998712750175";"";"TSH_UCHTEPA"
+ "FOZILJON DAVOMCHILARI MCHJ";"+998974118814";"";"TSH_UCHTEPA"
+ "FOZILOV";"998998305";"";"TSH_YUNUSOBOD"
+ "FOZIL TRADE";"+998 (98) 050-66-88";"";"TSH_CHILONZOR"
+ "FRANKLIN'S";"+998909416820";"";"TSH_MIRZO_ULUGBE"
+ "FRDAVIS GULNORA";"+998 (94) 429-86-21";"";"TV_ANGREN"
+ "FREE WAY TRADE";"998998481030";"";"TSH_YASHNABOD"
+ "FRESH BAZAR";"998959802222";"";"TV_KIBRAY"
+ "FRESH BAZAR";"998959802222";"";"TV_KIBRAY"
+ "FRESH FOOD M.T";"+998881580039";"";"TSH_YUNUSOBOD"
+ "FRESH MARKET";"998900532368";"";"TV_CHIRCHIQ"
+ "FRESH MARKET 1";"(99) 897-5442";"";"TV_ORTA_CHIRCHIK"
+ "FRESH MARKET ANGREN  MCHJ";"+998 (90) 997-94-45";"";"TV_ANGREN"
+ "Freshmart";"+998915762111";"";"TSH_SERGELI"
+ "FRESHMART SHOPING  MCHJ";"+(99) 890-1300";"";"TSH_SERGELI"
+ "FRESH PREMIUM MARKET  MCHJ";"+998 (90) 997-94-45";"";"TV_ANGREN"
+ "Fresh Quality";"+998330592222";"";"TSH_SHAYHONTOHUR"
+ "FREW MARKET";"+998 (99) 662-56-59";"";"TSH_SERGELI"
+ "FRIYENDLE- FAMILY GROUP  MCHJ";"+(99) 897-3117";"";"TSH_UCHTEPA"
+ "FRUIT AND DRINK MCHJ";"(99) 890-9516";"";"TSH_CHILONZOR"
+ "FRUITERIA MCHJ";"+998 (94) 828-78-96";"";"TV_TOYTEPA"
+ "FRUTTY";"+998 (97) 755-98-50";"";"TSH_MIRZO_ULUGBE"
+ "FS MEDPHARM  MCHJ";"998900148866";"";"TSH_YUNUSOBOD"
+ "FT BIZNES 555";"+998 (97) 771-76-79";"";"TSH_YANGIXAYOT"
+ "FULL CART  MCHJ";"+998 (90) 914-13-31";"";"TSH_UCHTEPA"
+ "FULLSHOP  MCHJ";"998930044002";"";"TSH_YUNUSOBOD"
+ "FURQAT BOBO XK";"+998 (99) 751-40-91";"";"TSH_MIROBOD"
+ "FUTURE OF FARMA MCHJ";"+998 (98) 546-40-86";"";"TSH_MIRZO_ULUGBE"
+ "FUTURE RETAIL GROUP  MCHJ";"998881031390";"";"TSH_MIRZO_ULUGBE"
+ "FX REAL MED CENTR  MCHJ";"998936586365";"";"TV_TUMANI"
+ "FZZ HOME STORE  MCHJ";"998909842";"";"TSH_YUNUSOBOD"
+ "GADOYEV OBID SUVONOVICH  YTT";"+998 (90) 915-97-27";"";"TSH_YAKKASAROY"
+ "GAFFOROVA SURAYYO  YTT";"+998911324300";"";"TSH_SERGELI"
+ "GAFURJANOV DONIYOR YTT";"+998 (97) 605-08-09";"";"TV_YANGI_YUL"
+ "GAFUROVA SHAXNOZA  YTT";"+998 (94) 404-40-60";"";"TV_ANGREN"
+ "GAFUROV DOSTON OK";"998909995117";"";"TSH_YASHNABOD"
+ "GAIPOV SHAXZOD TURGUNOVICH  YTT";"998905066803";"";"TSH_YUNUSOBOD"
+ "GALIMOV NAIL RESHATOVICH";"+998 (88) 166-22-88";"";"TSH_CHILONZOR"
+ "GALIYA TRADE  MCHJ";"(99) 899-9741";"";"TSH_SERGELI"
+ "Gallmart";"";"";"TSH_BEKTEMIR"
+ "GALYAMOV RAMIL YATT";"+998 (99) 857-57-06";"";"TV_TOYTEPA"
+ "GAMBI RIM  MCHJ";"+99809059600";"";"TSH_YAKKASAROY"
+ "Game Club";"+998912453412";"";"TSH_UCHTEPA"
+ "Game Club";"+998997123456";"";"TSH_SERGELI"
+ "Game Club Amine";"+998909035956";"";"TSH_SERGELI"
+ "Game Club Sergili";"+998996140110";"";"TSH_SERGELI"
+ "Game Zone";"+998900023480";"";"TSH_UCHTEPA"
+ "Game Zone Qatortol";"+998977133225";"";"TSH_CHILONZOR"
+ "GAMMA MEDIA LYUX";"";"";"TV_YANGI_YUL"
+ "GANGA MAROJNOYE";"+998990445338";"";"TSH_YUNUSOBOD"
+ "GANIJONOV MUXAMMADYUSUF  YTT";"+998974500";"";"TSH_BEKTEMIR"
+ "GANIYEV";"+998 (90) 989-32-11";"";"TSH_SERGELI"
+ "GANIYEV";"998909893211";"";"TSH_SERGELI"
+ "GANIYEV 2";"+998 (99) 641-00-30";"";"TSH_SERGELI"
+ "GANIYEVA AZIZA  YTT";"998958883";"";"TSH_OLMAZOR"
+ "GANIYEVA FERUZA  YTT";"998910166660";"";"TSH_SHAYHONTOHUR"
+ "GANIYEVA LOLA YTT";"99849391371";"";"TV_CHIRCHIQ"
+ "GANIYEV AT  YTT";"+998 (55) 900-13-03";"";"TV_YANGI_YUL"
+ "GANIYEV AZAM  YTT";"+998 (88) 178-30-32";"";"TV_ZANGIOTA"
+ "GANIYEV DAVRON  YTT";"998935739915";"";"TV_TUMANI"
+ "GANIYEV JAHONGIR  YTT";"+998 (90) 357-19-61";"";"SR_QUYI_CHIRCHIK"
+ "GANIYEV SHUXRAT  YTT";"+998161369";"";"TSH_CHILONZOR"
+ "GANIYEV XASAN  YTT";"+998 (97) 604-19-73";"";"TV_YANGI_YUL"
+ "GAPPAROV SOBIR BIZNES OK";"+(99) 897-5431";"";"SR_QUYI_CHIRCHIK"
+ "GARDENS MARKET  MCHJ";"998946641514";"";"TSH_MIRZO_ULUGBE"
+ "GARIFULLIN  MCHJ";"998909520404";"";"TSH_YUNUSOBOD"
+ "GARMONIYA FARM  MCHJ";"998995991414";"";"TSH_OLMAZOR"
+ "Garry Food";"+998973979696";"";"TSH_YASHNABOD"
+ "GARRY FOOD";"+998912363326";"";"TSH_MIRZO_ULUGBE"
+ "Garus";"+998955000357";"";"TSH_UCHTEPA"
+ "GASTRONOM TOSHQUL OTA  MCHJ";"998936364549";"";"TSH_YASHNABOD"
+ "GAVHAR BARAKA MCHJ";"998995360456";"";"TV_KIBRAY"
+ "GAVHAR GOLD MCHJ";"919633477";"";"TSH_SERGELI"
+ "GAVHAROY  YTT";"+(99) 890-9192";"";"TSH_SERGELI"
+ "GAYBILLA MARKET MCHJ";"+(99) 891-0061";"";"TSH_CHILONZOR"
+ "GAYBULLA ALLAYEV  YTT";"998917849388";"";"TSH_SHAYHONTOHUR"
+ "GAYRAT AKA YTT";"+998 (97) 976-84-01";"";"TV_PARKENT"
+ "GAYRATULLAYEV AZLARJON  YTT";"(99) 890-0297";"";"TV_ORTA_CHIRCHIK"
+ "GAZALKENT FAMILY TRADE OK";"998937266";"";"TV_BOSTONLIQ"
+ "GAZALKENT FARM";"+998 (70) 700-04-70";"";"TV_CHIRCHIQ"
+ "GAZALKENT FARM 3";"+998 (99) 856-64-02";"";"TV_CHIRCHIQ"
+ "GAZALKENT FARM SAVDO";"998707420191";"";"TV_CHIRCHIQ"
+ "GAZALKENT FARM SAVDO  MCHJ";"998993040347";"";"TV_BOSTONLIQ"
+ "GAZALKENT FAYZ  MCHJ";"998971553494";"";"TV_BOSTONLIQ"
+ "GAZALKENT TRADE  XK";"998998691075";"";"TV_BOSTONLIQ"
+ "GAZIEVA SAKINA YTT";"+(99) 895-9924";"";"TSH_MIROBOD"
+ "GDA STORES MCHJ";"+998 (99) 061-93-41";"";"TSH_MIROBOD"
+ "GEMENI MARKET BUSINESS MCHJ";"(99) 894-3629";"";"TV_OLMALIK"
+ "GEMENI MARKET BUSINESS  MCHJ-1";"998943629";"";"TV_OLMALIK"
+ "GEMINI MARKET BUSINES 2 MCHJ";"+(99) 893-1159";"";"TV_OHANGARON"
+ "GEMINI MARKET BUSINES 3 MCHJ";"+(99) 893-1159";"";"TV_OHANGARON"
+ "GEMINI MARKET BUSINES 9 MCHJ";"(99) 893-1159";"";"TV_OHANGARON"
+ "GEMINI MARKET BUSINESS 6 MCHJ";"(99) 893-1159";"";"TV_OHANGARON"
+ "GENEROUS MEDICAL";"+998 (95) 144-06-06";"";"TSH_OLMAZOR"
+ "GENEROUS SALES";"998333358";"";"TV_CHIRCHIQ"
+ "GENEVIA MARKET MCHJ";"+(99) 897-4344";"";"TSH_YAKKASAROY"
+ "GERBO BEST FARM  MCHJ";"998977327711";"";"TSH_BEKTEMIR"
+ "GERBO BS";"998903285800";"";"TSH_MIRZO_ULUGBE"
+ "GERBO BS PHARM";"+998 (90) 993-89-39";"";"TSH_YASHNABOD"
+ "GERBO-BS-PHARM MCHJ";"+998903285200";"";"TSH_MIRZO_ULUGBE"
+ "GET FARM";"+998 (99) 989-00-26";"";"TSH_YAKKASAROY"
+ "GʻOLIBJONOVA FARANGIZ YTT";"97)7502119";"";"TSH_SERGELI"
+ "Gʻuncha Hod dog";"+998909025679";"";"TSH_CHILONZOR"
+ "Gʻuncha Hod Dog";"+998988882224";"";"TSH_CHILONZOR"
+ "GIFTS TRADE MCHJ";"+998 (99) 817-63-15";"";"TSH_UCHTEPA"
+ "G'ijdivon shashlik";"+998998040494";"";"TSH_SHAYHONTOHUR"
+ "GIJDUVAN kafe (hirmone tepa)";"+998908730513";"";"TSH_MIRZO_ULUGBE"
+ "G'IJDUVON FAYZ (SAMPI BANISA)";"+998983629797";"";"TSH_YUNUSOBOD"
+ "G'IJDUVON Golden RESTAURANT";"+998914409196";"";"TSH_YUNUSOBOD"
+ "GIJDUVON MILLIY TAOMLAR (qazi mahalla)";"+998938480039";"";"TSH_YUNUSOBOD"
+ "GIJDUVON (Sampi)";"+998988093308";"";"TSH_YUNUSOBOD"
+ "GINASHEV ISMAIL KIRMANSHAXOVICH";"+998 (90) 505-17-53";"";"TV_TOYTEPA"
+ "GINESES TRADE";"+998 (71) 276-05-05";"";"TV_ZANGIOTA"
+ "GITEK GROUP MCHJ";"+998 (99) 009-89-53";"";"TV_YANGI_YUL"
+ "GIYOH FORMASEVT";"+998 (99) 400-93-50";"";"TV_CHIRCHIQ"
+ "GIYO SHIFO FARM MCHJ";"+998 (93) 139-38-49";"";"TSH_SERGELI"
+ "GIYOSOVA GULNOZA YTT";"+(99) 850-0025";"";"TSH_MIROBOD"
+ "GIYOXON IBRAGIMOVNA YTT";"+(99) 893-5885";"";"TSH_MIROBOD"
+ "GLADUS BIZNES";"(99) 894-6791";"";"TSH_OLMAZOR"
+ "GLADUS  BIZNESS";"+998 (90) 985-63-59";"";"TSH_OLMAZOR"
+ "GLADUS BIZNESS";"998935856358";"";"TSH_OLMAZOR"
+ "GLOBAL EXPOLINE BC MCHJ-1";"(99) 890-0082";"";"TV_OHANGARON"
+ "GLOBAL EXPOLINE BC MCHJ-4";"(99) 893-6081";"";"TV_OLMALIK"
+ "GLOBAL EXPOLINE BC MCHJ-5";"+(99) 899-8882";"";"TV_OLMALIK"
+ "GLOBAL EXPOLINE BC MCHJ-6";"(99) 899-8346";"";"TV_OLMALIK"
+ "GLOBAL EXPOLINE BC MCHJ-7";"998994010141";"";"TV_OHANGARON"
+ "GLOBAL FINANS  MCHJ";"+(99) 893-7931";"";"TSH_YAKKASAROY"
+ "GLOBAL GRAND INDUSTRIES  MCHJ  63-DOKON";"998946891883";"";"TSH_YUNUSOBOD"
+ "GLOBAL ICE TRADING";"998901097700";"";"TSH_YASHNABOD"
+ "GLOBAL OK";"+(99) 890-7903";"";"TV_PARKENT"
+ "GLOBEX MED FARM";"+998 (77) 181-41-17";"";"TSH_YAKKASAROY"
+ "GLOBUS";"998917783240";"";"TV_CHIRCHIQ"
+ "GNISHER DURDONA  MCHJ";"998911340196";"";"TSH_YASHNABOD"
+ "GOAL-MARKET MCHJ";"+998 (99) 931-77-17";"";"TSH_CHILONZOR"
+ "GODFATHER SHOX MCHJ";"998333589817";"";"TSH_YUNUSOBOD"
+ "GOFUR OTA SAVDO YTT";"(99) 890-3528";"";"TSH_YAKKASAROY"
+ "GOFUROV AZIZ YTT";"+998909322881";"";"TV_YANGI_YUL"
+ "GOIBNAZAROVA BARNO YTT";"+998 (88) 010-21-56";"";"SR_QUYI_CHIRCHIK"
+ "GOIPOV SIDDIQ OTA XK";"+998 (99) 866-75-36";"";"SR_QUYI_CHIRCHIK"
+ "GOLD AZAM";"998909320826";"";"TV_KIBRAY"
+ "GOLD BULOQ MCHJ";"+998 (93) 907-44-01";"";"TSH_UCHTEPA"
+ "GOLD DAGGER MCHJ";"+998 (93) 534-66-62";"";"TSH_UCHTEPA"
+ "GOLDEN BUKHARA KAFE";"+998888952222";"";"TSH_MIRZO_ULUGBE"
+ "GOLDEN CARAVAN TRADE  MCHJ";"998970990060";"";"TSH_MIRZO_ULUGBE"
+ "GOLDEN FORK Family restaurant";"+998998014865";"";"TSH_YUNUSOBOD"
+ "GOLDEN MAX 7777 MCHJ";"998935560026";"";"TSH_MIRZO_ULUGBE"
+ "GOLDEN MAX  MCHJ";"99870666664";"";"TSH_SERGELI"
+ "GOLDEN PALACE MCHJ";"(99) 897-7419";"";"TV_BOKA"
+ "GOLDEN PHARM TRADE";"+998 (91) 948-22-22";"";"TSH_SHAYHONTOHUR"
+ "GOLDEN STORK  MCHJ";"998994523103";"";"TSH_YUNUSOBOD"
+ "GOLD EXPERTISE GROUP MCHJ";"998977701";"";"TSH_YUNUSOBOD"
+ "GOLD FARM  MCHJ";"+998 (94) 944-41-21";"";"TV_YANGI_YUL"
+ "GOLD MARKET BIZNES";"+998 (90) 932-39-87";"";"TSH_UCHTEPA"
+ "GOLD MAX  MCHJ";"998946538525";"";"TSH_YUNUSOBOD"
+ "GOLD USMON OK";"998909559878";"";"TV_KIBRAY"
+ "GOLD USMON OK";"(99) 894-4331";"";"TV_KIBRAY"
+ "GOLDVISION SERVISE  MCHJ";"+998 (90) 927-22-28";"";"TV_ZANGIOTA"
+ "GOOD BIZNES LIFE MCHJ";"998997797277";"";"TSH_YUNUSOBOD"
+ "GOOD BUSSINES LIFE1 XK";"998950313232";"";"TSH_MIRZO_ULUGBE"
+ "GOOD BUSSINES LIFE2 XK";"998998249847";"";"TSH_MIRZO_ULUGBE"
+ "GOOD BUSSINES LIFE  XK";"998999098108";"";"TSH_MIRZO_ULUGBE"
+ "GOOD BUSSINES LIFE  XK (BO'Z BOZOR)";"998950313232";"";"TSH_MIRZO_ULUGBE"
+ "GOODNESS BUSINESS GROUP MCHJ";"+(99) 899-0137";"";"TSH_SERGELI"
+ "GOOD POINT MCHJ";"+998 (93) 602-27-95";"";"TV_ANGREN"
+ "GOODS PLANETARY MCHJ";"998977828";"";"TSH_YUNUSOBOD"
+ "GOODWAY PLUS  MCHJ";"+998 (93) 602-27-95";"";"TV_ANGREN"
+ "GOODWILL BIZNES MCHJ";"998981157585";"";"TSH_YUNUSOBOD"
+ "GOZAL DIYOR FIRDAVS MCHJ";"998974106";"";"TV_CHIRCHIQ"
+ "GOZIXOJAYEV SHUXRAT  YTT";"";"";"TV_PARKENT"
+ "GRADIENT  MCHJ";"998977227776";"";"TSH_YUNUSOBOD"
+ "GRAF NANO MCHJ";"998936669";"";"TV_BOSTONLIQ"
+ "GRAND ANGREN BIZNES  MCHJ";"+998 (94) 368-80-78";"";"TV_ANGREN"
+ "GRAND CHIMISTRY";"+998 (91) 243-00-03";"";"TSH_YUNUSOBOD"
+ "GRAND GRANNITE WORLD  MCHJ";"+(99) 897-0048";"";"TSH_SERGELI"
+ "GRAND HALL M.T";"+998909820090";"";"TSH_YUNUSOBOD"
+ "GRAND MIR";"+998 (93) 004-01-23";"";"TSH_MIRZO_ULUGBE"
+ "GRAND OPTIMA SERVISE  MCHJ";"998977051353";"";"TV_TUMANI"
+ "Grand Sohil";"+998971279181";"";"TSH_CHILONZOR"
+ "GRANDSON OF KARIM  MCHJ-2";"998330110203";"";"TSH_BEKTEMIR"
+ "GRAND THE MONNEY";"+998 (91) 414-18-01";"";"TSH_YUNUSOBOD"
+ "Grant Atlis";"+998900147704";"";"TSH_CHILONZOR"
+ "GREAT DENOV CITY  XK";"998952712799";"";"TSH_YUNUSOBOD"
+ "GREAT SALES PLYUS MCHJ";"+998 (97) 544-29-99";"";"TV_PISKENT"
+ "GREAT WISE HUMAN MCHJ";"998712637744";"";"TSH_MIRZO_ULUGBE"
+ "GREEN APPLE WORKING1";"+998 (71) 267-27-75";"";"TSH_MIROBOD"
+ "GREEN APPLE WORKING2";"998712681019";"";"TSH_MIRZO_ULUGBE"
+ "GREEN ARK HOME";"998909182334";"";"TSH_MIRZO_ULUGBE"
+ "GREENBASKET  MCHJ";"998946046888";"";"TSH_MIRZO_ULUGBE"
+ "GREEN FARM";"998909065744";"";"TV_BOSTONLIQ"
+ "GREEN FAYZ  OK";"+998940974449";"";"TSH_YANGIXAYOT"
+ "GREEN GARDENS UNITED MCHJ";"+998 (90) 271-00-66";"";"TSH_UCHTEPA"
+ "GREEN SPACE 001 MCHJ";"+(99) 899-0726";"";"TSH_YANGIXAYOT"
+ "Grill";"+998998201443";"";"TSH_UCHTEPA"
+ "GROSSARTIG MCHJ";"+998 (94) 542-52-72";"";"TV_TOYTEPA"
+ "GRUZIN Грузинский ресторан";"+998909998299";"";"TSH_YASHNABOD"
+ "GUDVILL GROUP MCHJ";"998935746";"";"TSH_BEKTEMIR"
+ "GULAMDON BIZNES  MCHJ";"998997990811";"";"TSH_YASHNABOD"
+ "GUL ASAL BAXORA MCHJ";"(99) 833-8946";"";"TV_OHANGARON"
+ "GULASALXON  XK";"998933798190";"";"TSH_BEKTEMIR"
+ "GULBAHOR HAMKOR SAVDO 1  MCHJ";"+998 (93) 185-86-01";"";"TV_YANGI_YUL"
+ "GUL BAHOR MED";"+998 (50) 005-54-10";"";"TV_KIBRAY"
+ "GULBAHOR XAMKOR 3  MCHJ";"+977436747";"";"TV_YANGI_YUL"
+ "GULBAXOR HAMKOR SAVDO 33  MCHJ";"+998 (97) 085-23-69";"";"TV_YANGI_YUL"
+ "GULBAXOR HAMKOR YTT";"+(99) 897-2164";"";"TV_YANGI_YUL"
+ "GULBEKA FARM";"+998 (90) 000-40-09";"";"TV_KIBRAY"
+ "GULBEKA FARM";"+998 (90) 000-40-09";"";"TV_KIBRAY"
+ "GULCHEXRA ANARMATOVNA XK";"(99) 895-0731";"";"SR_QUYI_CHIRCHIK"
+ "GUL-DIL MED MCHJ";"+998 (90) 462-00-00";"";"TSH_UCHTEPA"
+ "GULI INVEST";"+998 (90) 922-50-44";"";"TSH_SHAYHONTOHUR"
+ "GULINOZA XK";"99808076422";"";"TSH_SHAYHONTOHUR"
+ "GULI OPA 1.122";"977805906";"";"TSH_UCHTEPA"
+ "GULIRANO MCHJ";"998998137";"";"TSH_YUNUSOBOD"
+ "GULISTON SADIKOVNA  OK";"998946032331";"";"TV_KIBRAY"
+ "GULJAHON OPA YTT";"+998 94 420 80 79";"";"TV_TOYTEPA"
+ "GULMATOV R  MCHJ";"+998 (94) 938-20-60";"";"TV_ANGREN"
+ "GULMATOV SH. R. YTT";"+998909851258";"";"TSH_YUNUSOBOD"
+ "GULMETOV SHERZOT YTT";"998990500";"";"TV_BOSTONLIQ"
+ "GULMIRA OMAD OK";"+998 (88) 016-86-85";"";"TV_TOYTEPA"
+ "GULNAZAXON XASAN QIZI AZIMOVA  YTT";"998334194";"";"TSH_SHAYHONTOHUR"
+ "GULNORA BIZNES MARKET MCHJ";"998990088";"";"TV_CHIRCHIQ"
+ "GULNORA DIYORA GROUP";"998940148818";"";"TSH_MIRZO_ULUGBE"
+ "GULNORA MARKET OK";"+998 (99) 494-04-84";"";"TV_PARKENT"
+ "GULNORA SULTON   XK";"998884126";"";"TV_KIBRAY"
+ "GULNOR SAVDO MCHJ";"+998 (94) 628-45-41";"";"TSH_UCHTEPA"
+ "GULNOZA FARM";"+998 (91) 128-05-05";"";"TV_YANGI_YUL"
+ "GULNOZA RUSTAM QIZI YTT";"998900666";"";"TSH_YUNUSOBOD"
+ "GULNOZA SHUXRAT YTT";"+(99) 894-6309";"";"TSH_CHILONZOR"
+ "GULOMOVA DILRABO  YTT";"998901375646";"";"TSH_BEKTEMIR"
+ "GULOMOV AKMAL  YTT";"+998 (99) 891-60-10";"";"TV_ZANGIOTA"
+ "GULOMOVA OZODA RUSTAMBEKOVNA";"+998998839988";"";"TSH_CHILONZOR"
+ "GULOMOV BEKZOD YATT";"+998 93 307 96 96";"";"TV_BOKA"
+ "GULOMOV JAVOXIR  XK";"998900081393";"";"TV_BOKA"
+ "GULOMOV XK";"+(99) 893-5920";"";"TSH_SERGELI"
+ "GULSHAN MEXRI MCHJ";"+998 90 110 11 15";"";"TV_OHANGARON"
+ "GULSHAN TAXIROVNA ISMANALIYEVA YTT";"998996442429";"";"TV_BOSTONLIQ"
+ "GULSHODA NUR FARM";"+998 (99) 808-25-65";"";"TSH_YUNUSOBOD"
+ "GULSINA SAVDO";"(99) 899-5421";"";"TV_ORTA_CHIRCHIK"
+ "GULSINOY FARMA MCHJ";"+998 (97) 146-06-69";"";"TSH_BEKTEMIR"
+ "GULYAMOV";"998998564";"";"TSH_SHAYHONTOHUR"
+ "GULZIORA  XK";"998935731323";"";"TSH_YUNUSOBOD"
+ "GULZODA SHIFO FARM  MCHJ";"998948528200";"";"TSH_CHILONZOR"
+ "Gumma Honim";"+998555041111";"";"TSH_CHILONZOR"
+ "Gumma Honim";"+998986324555";"";"TSH_SERGELI"
+ "Gumma Honim";"+998998528782";"";"TSH_CHILONZOR"
+ "Gumma Honim";"+998903231141";"";"TSH_CHILONZOR"
+ "Gumma Honim Sergili";"+998887505252";"";"TSH_SERGELI"
+ "Gumma Honim Sergili 2";"+998555041111";"";"TSH_SERGELI"
+ "Gumma Honim Vatan";"+998911769980";"";"TSH_UCHTEPA"
+ "GURMANIYA";"+998 (95) 880-57-53";"";"TSH_YANGIXAYOT"
+ "GUZAR SHIRMOY NON  XK";"+998 (98) 888-27-59";"";"TV_TOYTEPA"
+ "G'UZOROV FAZLIDDIN  YTT";"+940410303";"";"TSH_SERGELI"
+ "GUZOROV NAJMIDDIN  YTT";"998881240102";"";"TSH_SERGELI"
+ "HABIBA FARM";"+998 (99) 726-69-45";"";"TSH_YASHNABOD"
+ "HABIBI BEAUTY SALOON MCHJ";"+998 (97) 776-30-99";"";"TV_TOYTEPA"
+ "HABIBULLOXON ESHON XK";"+(99) 890-0944";"";"TSH_CHILONZOR"
+ "HADICHA TRADE  777  MCHJ";"998901313878";"";"TSH_YANGIXAYOT"
+ "HAFSA STORE   MCHJ";"998951766";"";"TSH_OLMAZOR"
+ "HAFSA STORE MCHJ-2";"998998456";"";"TSH_OLMAZOR"
+ "HAKIMBEKOVA LAZZAT  YTT";"998971458686";"";"TV_TUMANI"
+ "HAKIMOV DILMUROD  YTT";"998983037746";"";"TV_TUMANI"
+ "HAKIMOV MARKET MCHJ";"+(99) 891-1921";"";"TSH_YAKKASAROY"
+ "HAKIMOV T MCHJ";"(99) 894-3266";"";"TSH_CHILONZOR"
+ "HALAL COW  XK";"998977372417";"";"TSH_SHAYHONTOHUR"
+ "HALAL PRODUCTS  MCHJ";"998998503060";"";"TV_TUMANI"
+ "HALIKOV RAHIM  YTT";"+998977258";"";"TSH_SHAYHONTOHUR"
+ "HALIKULOVA M  YTT";"+(99) 890-8651";"";"TSH_UCHTEPA"
+ "HALILOVA NAFISA YTT";"998950702786";"";"TV_OHANGARON"
+ "HALIMOVA DILAFRUZ YTT";"+998 (97) 712-64-87";"";"TV_YANGI_YUL"
+ "HALOL MAFTUNA SAVDO XK";"998975471";"";"TV_KIBRAY"
+ "HALOL MARKET  OK";"+(99) 899-1939";"";"TV_ORTA_CHIRCHIK"
+ "HALOL PRODUCT BEST MCHJ";"998998725";"";"TSH_YUNUSOBOD"
+ "HALOL SAVDO MARKET MCHJ";"(99) 899-9279";"";"SR_QUYI_CHIRCHIK"
+ "HALOL SAVDO XK";"998974837";"";"TSH_OLMAZOR"
+ "HALOL TANLOV  MCHJ";"998942800252";"";"TSH_YASHNABOD"
+ "HAMDAM FAYIZ BARAKA MCHJ";"998939063675";"";"TSH_MIRZO_ULUGBE"
+ "HAMDARD AMIR";"+998 (71) 216-91-23";"";"TSH_CHILONZOR"
+ "HAMDARD FARM";"+998 (71) 216-91-23";"";"TSH_CHILONZOR"
+ "HAMIDABONU  MCHJ";"998994771877";"";"TSH_YASHNABOD"
+ "HAMIDOVA DILAFRUZ YTT";"998707421";"";"TV_BOSTONLIQ"
+ "HAMIDOVA DILAFRUZ  YTT-2";"998900535";"";"TV_BOSTONLIQ"
+ "HAMIDOV AKROMJON YTT";"+977750010";"";"TSH_UCHTEPA"
+ "HAMIDOV KOMILJON YTT";"";"";"TSH_SERGELI"
+ "HAMIDOV SARDORJON  YTT";"998959085444";"";"TSH_SHAYHONTOHUR"
+ "HAMKOR MET SIFAT  MCHJ";"+(97) 010-9120";"";"TV_YANGI_YUL"
+ "HAMMANARSA 10000";"+(99) 890-7946";"";"TV_PARKENT"
+ "Hammersmith Meat & Beer";"+998981212323";"";"TSH_CHILONZOR"
+ "HAMRAEV BAXTIYOR  YTT";"+998 (90) 906-75-77";"";"TV_TOYTEPA"
+ "HAMRAEV ZARIS HAMZA OGLI  YTT";"(99) 899-0970";"";"TV_YUKORI_CHIRCH"
+ "HAMRAYEV ABDUGOFUR YTT";"+998 (93) 533-22-23";"";"TSH_UCHTEPA"
+ "HAMRAYEV NAVRUZ ERKINOVICH";"998903563179";"";"TSH_BEKTEMIR"
+ "HAMRAYEV ODILJON ORIF OGLI  YTT";"+(99) 890-6136";"";"TSH_UCHTEPA"
+ "HAMROQULOVA OYDIN";"+998 (50) 509-75-57";"";"TV_PISKENT"
+ "HAMRO SAPAROV  MCHJ";"998936467730";"";"TSH_SHAYHONTOHUR"
+ "HAMROX BIZNES  MCHJ";"+(99) 899-8308";"";"TSH_UCHTEPA"
+ "HAN LAGMAN KAFE";"+998999263722";"";"TSH_YUNUSOBOD"
+ "HAPPY PRO MARKET  MCHJ";"998774004005";"";"TSH_MIRZO_ULUGBE"
+ "HAQIQIY KABOB";"+998 (00) 000-00-00";"";"TSH_YAKKASAROY"
+ "Harizon";"+998909300900";"";"TSH_CHILONZOR"
+ "HASANBAYEV ABRAR";"+998 (95) 073-55-45";"";"TV_YANGI_YUL"
+ "HASANBOBO SMART BIZNES  MCHJ";"+(99) 890-3594";"";"TSH_UCHTEPA"
+ "HASANBOYEVA MARYAM  YTT";"998931034852";"";"TSH_MIRZO_ULUGBE"
+ "HASANBOY GROSSERI";"998932032227";"";"TSH_OLMAZOR"
+ "HASAN HUSAN YTT";"+(99) 833-8845";"";"TV_PARKENT"
+ "HASANOV ABDULLOX RIXSILLO OGLI YTT";"+998971990444";"";"TV_TUMANI"
+ "HASAN ZUXRA BARAKA MCHJ";"+998 (90) 326-95-55";"";"TSH_UCHTEPA"
+ "HAVAS";"";"";"TSH_BEKTEMIR"
+ "HAYAT BABY  MCHJ";"998971867077";"";"TV_KIBRAY"
+ "HAYAT MEDIA";"+998970848978";"";"TV_YANGI_YUL"
+ "HAYAT MEDIKL";"+998 (99) 790-68-26";"";"TSH_BEKTEMIR"
+ "HAYAT RIVER";"+998940161216";"";"TSH_YUNUSOBOD"
+ "HAYDAROVA ZARNIGOR MUSTAFAYEVNA";"998903507119";"";"TSH_YASHNABOD"
+ "HAYDAROV OZODBEK GAYRAT OGLI  YTT";"998991976";"";"TSH_YUNUSOBOD"
+ "HAYDULLAYEV ELMUROD  YTT";"+998 (97) 701-52-90";"";"TV_YANGI_YUL"
+ "Hay Food";"+998507167166";"";"TSH_CHILONZOR"
+ "HAYOT ELEKSIRI";"+998 (90) 302-65-59";"";"TV_KIBRAY"
+ "HAYOTHON KARIMOVA";"998977537090";"";"TSH_OLMAZOR"
+ "HAYOTPHARM  MCHJ";"998998891113";"";"TSH_SHAYHONTOHUR"
+ "Hazrat Hatel";"+998712455441";"";"TSH_UCHTEPA"
+ "HD TRIO  MCHJ";"+998 (98) 302-60-06";"";"TSH_SERGELI"
+ "HD TRIO MCHJ";"998983026";"";"TSH_YANGIXAYOT"
+ "HEALTH";"+998 (99) 140-10-69";"";"TSH_YASHNABOD"
+ "HEALTH PLANETA";"+998 (95) 540-44-77";"";"TSH_YUNUSOBOD"
+ "HEALTHY FAMILY";"+998 (90) 822-97-08";"";"TSH_MIRZO_ULUGBE"
+ "HELTH MAN FARM";"+998 (97) 421-22-32";"";"TSH_YANGIXAYOT"
+ "HERMES FAMILY YTT";"+(99) 899-8835";"";"TSH_YAKKASAROY"
+ "HIDOYAT NUR MARKET YTT";"+(99) 891-6426";"";"TSH_YAKKASAROY"
+ "HIFZ ZIYO RIVOJ MCHJ";"+998 93 583 21 12";"";"TSH_YUNUSOBOD"
+ "HIGH EVEREST  MCHJ";"998505074547";"";"TSH_YUNUSOBOD"
+ "HIKMATOV AZIZ  YTT";"998881865750";"";"TV_TUMANI"
+ "Hikmat Somsa";"+998914568134";"";"TSH_UCHTEPA"
+ "HIKMAT TIJORAT";"+998 (77) 101-99-00";"";"TSH_YUNUSOBOD"
+ "HILLS  PHARMA  MCHJ";"998977772362";"";"TSH_YASHNABOD"
+ "HILOL TIME  MCHJ";"+998 (97) 716-88-67";"";"TSH_CHILONZOR"
+ "HIMALAY BIZNES  XK";"99882639900";"";"TSH_MIRZO_ULUGBE"
+ "HIMMED PHARM";"+998 (97) 700-02-79";"";"TSH_YUNUSOBOD"
+ "HIMMEDPHARM  MCHJ";"908100196";"";"TSH_YUNUSOBOD"
+ "HIRMON OMAD  OK";"998935852384";"";"TV_TUMANI"
+ "HISARAK UNLIMITED COLLECTION MCHJ";"+998 (94) 427-77-17";"";"TV_PARKENT"
+ "HISOR MARKET  MCHJ";"998942777276";"";"TSH_YUNUSOBOD"
+ "HK USMON";"+998 (97) 700-79-95";"";"TSH_UCHTEPA"
+ "HO BUSINESS TREND MCHJ";"+(99) 895-6755";"";"TSH_MIROBOD"
+ "Hod dog Sergili";"+998998417708";"";"TSH_SERGELI"
+ "HODJIBABAEV OYBEK YTT";"+(99) 890-0313";"";"TSH_SERGELI"
+ "Hoji Bobo";"+998900000480";"";"TSH_SERGELI"
+ "HOJIMUROD HASANOVICH  MCHJ";"+998 (91) 019-49-89";"";"TSH_SERGELI"
+ "HOJMAMAT FAYZ MCHJ";"+998 (94) 646-48-48";"";"TV_PARKENT"
+ "HOLBIYEVA GULZODA YTT";"(99) 899-0096";"";"TV_OHANGARON"
+ "HOLDOROV JAMSHID NORMUROTOVICH YTT";"998977622203";"";"TV_TUMANI"
+ "HOLMATOV KAMOLIDDIN YTT";"+998 77 737 59 72";"";"TV_YANGI_YUL"
+ "HOME PRODUCT MCHJ";"90)9037775";"";"TSH_CHILONZOR"
+ "HOMIDOVA DILORA MUSURMON QIZI";"+998 (97) 406-33-37";"";"TSH_CHILONZOR"
+ "Honsaroy Hatel";"+998912567171";"";"TSH_SERGELI"
+ "HOSTEL AMIN";"+998949816067";"";"TSH_CHILONZOR"
+ "HOSTEL AMIN OK";"+998 (97) 618-65-66";"";"TSH_CHILONZOR"
+ "HOTAM NUR  OK";"998937952339";"";"TSH_YASHNABOD"
+ "HOTAM NUR  OK-2";"998909029668";"";"TSH_YASHNABOD"
+ "Hot Let Hous";"+998946887755";"";"TSH_CHILONZOR"
+ "Hot Let Hous 2";"+998946887755";"";"TSH_CHILONZOR"
+ "Hoty Dogy";"+998915637558";"";"TSH_UCHTEPA"
+ "Hoty Dogy";"+998977774789";"";"TSH_SERGELI"
+ "HUDAYQULOV MAMURJON  YTT";"+998999101";"";"TV_ZANGIOTA"
+ "HUDOYBERDIEVA OYNUR  YTT";"+(99) 888-1146";"";"SR_QUYI_CHIRCHIK"
+ "HUDOYBERGANOVA NADIBA YTT";"998977200";"";"TV_CHIRCHIQ"
+ "HUDOYBERGANOV BEKZOD  YTT";"998998973";"";"TSH_BEKTEMIR"
+ "HUMO DAMIR BARAKA MCHJ";"998900450131";"";"TV_CHIRCHIQ"
+ "HUMOFAYZ OMAD XK";"998400087";"";"TV_KIBRAY"
+ "HUMO NAQSH BIZNES  MCHJ";"+(99) 899-7932";"";"TV_ORTA_CHIRCHIK"
+ "HUMO RISQ MCHJ";"(99) 890-9911";"";"TSH_CHILONZOR"
+ "HUMO XUSNORA OK";"998903245064";"";"TV_TOYTEPA"
+ "HUMOYUN NUR BIZNES MCHJ";"+(99) 893-5421";"";"TSH_SERGELI"
+ "HUMO ZOHIRSHOX MCHJ";"(99) 888-8010";"";"TV_BOKA"
+ "HURLI USMOH BIZNESS MCHJ";"998971370";"";"TSH_YUNUSOBOD"
+ "HUSAN BAXT SAVDO";"998994393";"";"TSH_OLMAZOR"
+ "HUSAN MARKET";"+998 (77) 737-61-04";"";"TSH_CHILONZOR"
+ "HUSAN OTA VA NAZIRA ONA  MCHJ";"998972901073";"";"TSH_OLMAZOR"
+ "HUSANOVA NAFISA HUSANHAJAYOVNA YTT";"998903460414";"";"TSH_SHAYHONTOHUR"
+ "HUSNIDDIN ORIP BIZNES MCHJ";"9981019016";"";"TV_KIBRAY"
+ "HUSNIDDIN SAVDO";"+998 (33) 605-37-33";"";"TSH_YASHNABOD"
+ "HUVAYDO MOHINUR ELNUR  MCHJ";"+(99) 894-8362";"";"TSH_UCHTEPA"
+ "IBADULLAEV BOXODIR XK";"+(99) 890-9575";"";"TSH_MIROBOD"
+ "IBATOV BOTIR T  YTT";"998974241451";"";"TSH_SHAYHONTOHUR"
+ "IBN SINO";"+998 (99) 878-06-09";"";"TV_ANGREN"
+ "IBODILLOXON SOBITXONOV ZUNNUNXON OGLI";"998909111312";"";"TSH_MIRZO_ULUGBE"
+ "IBODULLAYEV IBROHIM YATT";"+998 (98) 127-13-10";"";"TV_TOYTEPA"
+ "IBOTOVA MATLUBA YTT";"+998 (91) 635-89-87";"";"TSH_UCHTEPA"
+ "IBRAGIMOVA DILBAR YTT";"";"";"TV_PARKENT"
+ "IBRAGIMOVA DILFUZA";"998995353885";"";"TV_KIBRAY"
+ "IBRAGIMOVA GULLOLA YTT";"998980003211";"";"TSH_YUNUSOBOD"
+ "IBRAGIMOVA QIZLARXON BAXTIYOROVNA";"+998 (99) 003-90-84";"";"TV_BOKA"
+ "IBRAGIMOVA SHAXNOZA BAHODIROVNA";"998931060826";"";"TSH_YASHNABOD"
+ "IBRAGIMOVA ZEBI NISO XK";"+(99) 890-0138";"";"TSH_MIROBOD"
+ "IBRAGIMOV OLIMJON XXX YATT";"998998717000";"";"TV_TOYTEPA"
+ "IBRAGIMOVS FOODS DRINK MCHJ";"+998 (90) 936-55-88";"";"TV_TOYTEPA"
+ "IBRAGIMOV XIKMATULLA  YTT";"998909644";"";"TSH_SHAYHONTOHUR"
+ "IBRAGIMOV YARASHBAY  YTT";"998931986697";"";"TSH_OLMAZOR"
+ "IBRAT COMPANY  MCHJ";"998977436061";"";"TSH_YUNUSOBOD"
+ "IBRAT IBROHIM IZZAT OK";"998900268";"";"TV_BOSTONLIQ"
+ "IBRAT SAVDO MCHJ";"998998334228";"";"TSH_YUNUSOBOD"
+ "Ibrat Taomlari";"+998997000701";"";"TSH_CHILONZOR"
+ "IBROBEK ZAMIN SAVDO YTT";"+998 (97) 979-76-76";"";"TV_PARKENT"
+ "IBROHIM FARM";"+998785502080";"";"TSH_CHILONZOR"
+ "IBROHIM FARM  MCHJ";"998903220043";"";"TSH_CHILONZOR"
+ "IBROHIM ISLOM";"+998 (94) 948-85-25";"";"TSH_CHILONZOR"
+ "IBROHIMJONOV BOTIRJON BOXODIR LI YTT";"998908231";"";"TSH_OLMAZOR"
+ "IBROHIMOVLAR  OK";"+998 88 016 94 94";"";"TV_ORTA_CHIRCHIK"
+ "IBROHIMOV SHUHRATULLA  YTT";"998946444447";"";"TV_TUMANI"
+ "IBROHIM PIRNAZAROV XK";"+(99) 888-3820";"";"TSH_SERGELI"
+ "IBROHIM QOCHQOROV  MCHJ";"+(99) 897-0389";"";"TSH_SERGELI"
+ "IBROHIM-TRADING  MCHJ";"";"";"TSH_CHILONZOR"
+ "IBROXIMBEK ELYORBEK BARAKA OK";"998995489796";"";"TV_BOSTONLIQ"
+ "IBROXIM BIZNES MCHJ";"+(99) 890-9159";"";"TSH_MIROBOD"
+ "IBROXIMJON UNIFORMA  OK";"+(95) 096-5511";"";"TSH_MIROBOD"
+ "IBROXIM SEVARA MCHJ";"+(99) 894-0024";"";"TSH_SERGELI"
+ "IBROXIM SODDIQ OGLI YOLDOSHEV YTT";"998909931252";"";"TSH_SHAYHONTOHUR"
+ "ICE 444 MCHJ";"998999984";"";"TSH_MIRZO_ULUGBE"
+ "ICEBERG FARM";"+998 (99) 827-57-77";"";"TSH_MIROBOD"
+ "Icy Koko";"+998954410154";"";"TSH_UCHTEPA"
+ "IDEAL BIZNES  MCHJ";"+998 (99) 499-91-81";"";"TV_YANGI_YUL"
+ "IDEAL BUILDING GROUP  MCHJ";"+(99) 895-5300";"";"TSH_UCHTEPA"
+ "IDEAL FUTURE TRADE";"998983026006";"";"TSH_CHILONZOR"
+ "IDEAL FUTURE TRADE MCHJ3";"(99) 890-6379";"";"TSH_CHILONZOR"
+ "IDEALLED-PRINT  MCHJ";"90 394 44 75";"";"TSH_SERGELI"
+ "IDEALLED-PRINT  MCHJ";"+998 (99) 925-9";"";"TSH_SERGELI"
+ "IDEAL STAR TEXTILE MCHJ";"(99) 890-1115";"";"TSH_CHILONZOR"
+ "IDEAL TRADE  MCHJ";"998883103383";"";"TSH_MIRZO_ULUGBE"
+ "IDEAL VKUSA CHP";"+(99) 897-7230";"";"TSH_YAKKASAROY"
+ "IFORA BUSINESS  MCHJ";"+998998454814";"";"TSH_CHILONZOR"
+ "IFORA EZOZA MIR";"+998 (97) 808-74-41";"";"TSH_CHILONZOR"
+ "IFORA MARKET";"+998 (77) 179-00-55";"";"TV_OLMALIK"
+ "IFOR FARM";"+998 (93) 569-38-56";"";"TSH_SHAYHONTOHUR"
+ "IFRON BIO";"+998 (91) 814-99-00";"";"TSH_SHAYHONTOHUR"
+ "IFRON BIO FARM";"+998 (90) 355-00-89";"";"TSH_SHAYHONTOHUR"
+ "IFTIXOR KELAJAK SAVDO";"998907549444";"";"TV_TUMANI"
+ "IFTIXOR KELAJAK SAVDO   MCHJ";"998995305553";"";"TV_TUMANI"
+ "IGAMBERDIYEVA NARGIZA YTT";"(99) 894-9327";"";"TV_OHANGARON"
+ "IGAMBERDIYEV ZIYOVUDIN  YTT";"+998 (99) 811-73-23";"";"TV_ZANGIOTA"
+ "IGAMKULOVA DILDORA YTT";"998990854";"";"SR_QUYI_CHIRCHIK"
+ "IGOR FARMA";"+998 (99) 645-14-87";"";"TSH_YANGIXAYOT"
+ "IJOZAT XK";"+998 (90) 331-66-06";"";"TV_PARKENT"
+ "IKKI PANJA";"+998933827878";"";"TSH_YUNUSOBOD"
+ "IKKI TANDIR SOMSA";"+998990501366";"";"TSH_YUNUSOBOD"
+ "IKRAMOV ABDULLAJON  YTT";"+(93) 528-6920";"";"TSH_UCHTEPA"
+ "IKRAMOVA MATLUBA JOMAMATOVNA YTT";"+(99) 891-4412";"";"TSH_YANGIXAYOT"
+ "IKRAMOV F R  YTT";"998507128381";"";"TV_TUMANI"
+ "IKRAMOV JAMSHID  YTT";"998977114545";"";"TV_TUMANI"
+ "IKRAMOV JASUR  YTT";"+(99) 897-1552";"";"TV_ORTA_CHIRCHIK"
+ "IKRAMOV ZIYAVUDDIN  YTT";"998912233155";"";"TSH_YUNUSOBOD"
+ "IKROMBEK LOLA MUSHTARIYBONU  XK";"998993251757";"";"TV_BOSTONLIQ"
+ "IKROMOV";"998993142";"";"TSH_YUNUSOBOD"
+ "IKROMOVA M";"998997221";"";"TSH_YUNUSOBOD"
+ "IKROMOVA MUXLISA  YTT";"998994058309";"";"TV_CHIRCHIQ"
+ "IKROMOVA ZOXIDA YTT";"998998506";"";"TV_BOSTONLIQ"
+ "IKROMOV FIRDAVS  YTT";"+909791151";"";"TSH_CHILONZOR"
+ "IKROMOV F.N  YTT";"998935325995";"";"TSH_SHAYHONTOHUR"
+ "IKROMXOJA XILOLAXON IDEAL  MCHJ";"+998 (98) 756-42-34";"";"TV_ZANGIOTA"
+ "ILGOR ITTIFOQ SAVDO MCHJ";"+998 (94) 620-26-02";"";"TV_OHANGARON"
+ "ILHOM IKROM IMPERIUM MCHJ";"998909977";"";"TSH_BEKTEMIR"
+ "ILHOM OTA MART  MCHJ";"998958089888";"";"TSH_SHAYHONTOHUR"
+ "ILHOMOV";"+998 (93) 567-51-05";"";"TSH_CHILONZOR"
+ "ILHOM PRODUKTION YTT";"998946547";"";"TSH_BEKTEMIR"
+ "ILNUR SUERET MCHJ";"998332752";"";"TSH_BEKTEMIR"
+ "ILXOM GRANT BIZNES  MCHJ";"998977745";"";"TV_CHIRCHIQ"
+ "ILXOMJON QOBILJON OGLI ZOKIRJONOV  YTT";"998935082";"";"TSH_OLMAZOR"
+ "ILXOM MADINA SAVDO  MCHJ";"998712975575";"";"TSH_YASHNABOD"
+ "ILXOM RANO";"998818404499";"";"TV_KIBRAY"
+ "ILXOM SARDOR SAVDO  MCHJ";"+(99) 893-8471";"";"TSH_SERGELI"
+ "ILYASOVA AZIZA";"+99)4105229";"";"TV_YANGI_YUL"
+ "ILYOS DORI";"998955574447";"";"TSH_OLMAZOR"
+ "ILYOS OTA OK";"+(99) 899-0561";"";"TV_ORTA_CHIRCHIK"
+ "ILYOSXON PAYZULLAYEV MUZRAPXON OGLI YTT";"+998931861616";"";"TV_OLMALIK"
+ "IMAGE TRADE SERVICE MCHJ";"998887886";"";"TSH_MIRZO_ULUGBE"
+ "IMAMALIYEVA XOLTOJI  YTT";"998993033343";"";"TV_KIBRAY"
+ "IMAMOVA MALIKA  YTT";"+998909207350";"";"TSH_UCHTEPA"
+ "IMANMAX  MCHJ";"+998 (94) 214-13-00";"";"TV_ANGREN"
+ "IMANOVA SHOXISTA  YTT";"+998 (93) 119-86-13";"";"TV_ANGREN"
+ "IMENAXUNOV GAFUR  MCHJ";"998931624";"";"TSH_OLMAZOR"
+ "IMINOVA RAKHIMA KADIROVNA YTT";"998977209333";"";"TSH_SHAYHONTOHUR"
+ "IMINOVA RUSHANGUL  YTT";"99 840 42 54";"";"TV_TUMANI"
+ "IMKON FARM SERVIS  MCHJ";"998917767404";"";"TV_KIBRAY"
+ "IMKON MARKET";"998994087";"";"TV_OLMALIK"
+ "IMMOBIL TRADE GROUP  MCHJ";"+998 (55) 513-33-44";"";"TSH_YUNUSOBOD"
+ "IMOM AL BUXORIY  MCHJ";"+998900017504";"";"TV_ZANGIOTA"
+ "IMOMA NEW BUSINESS MCHJ";"+998 (97) 131-74-04";"";"TSH_YUNUSOBOD"
+ "IMOMETOV NUKRIDIN YTT";"99836415445";"";"TV_CHIRCHIQ"
+ "IMOMOVA DILBAHOR  YTT";"998712766822";"";"TSH_CHILONZOR"
+ "IMOMOV ALISHER";"+998 (97) 718-83-98";"";"TSH_CHILONZOR"
+ "IMOMOVA SHOIRA  YTT";"998970331377";"";"TSH_CHILONZOR"
+ "IMOMOV DILSHOD YTT";"+(99) 897-8727";"";"TV_OLMALIK"
+ "IMOMOV OTABEK";"+998 (90) 036-77-22";"";"TSH_CHILONZOR"
+ "IMONA NUR MCHJ-1";"+(99) 897-4568";"";"TSH_YANGIXAYOT"
+ "IMON NURI FARM";"998983106998";"";"TSH_OLMAZOR"
+ "IMPERIA CAPITAL MCHJ";"998947558";"";"TSH_YUNUSOBOD"
+ "IMPERION APEX  MCHJ";"+99 158 22 28";"";"TSH_YANGIXAYOT"
+ "IMPULS FARM";"998994050080";"";"TV_CHIRCHIQ"
+ "IMPULS FARM";"+998 (99) 405-00-80";"";"TV_YUKORI_CHIRCH"
+ "IMRAN MARKET GROUP  MCHJ";"998900140107";"";"TSH_BEKTEMIR"
+ "IMRONBEK BARAKA MARKET";"+998 (88) 616-08-13";"";"TV_OLMALIK"
+ "IMRON MARKET  OK";"+998 (99) 772-69-89";"";"TV_YANGI_YUL"
+ "IMRON MARKET YTT";"+998 (88) 946-75-54";"";"TV_YANGI_YUL"
+ "IMRON MED";"+998 (90) 960-88-06";"";"TV_TUMANI"
+ "IMRON STAR";"+998 (99) 108-81-78";"";"TSH_CHILONZOR"
+ "INAB BIZNES  MCHJ";"+(97) 732-4004";"";"TSH_UCHTEPA"
+ "INAGAMOV ALISHER  YTT";"+(97) 737-1327";"";"TSH_UCHTEPA"
+ "INAGAMOVA MATLUBA MAXMUD QIZI  YTT";"+998998185959";"";"TSH_YUNUSOBOD"
+ "INAGAMOV BAXODIR  XK";"998999273150";"";"TSH_OLMAZOR"
+ "INAGAMOV SANJAR YTT";"998885413";"";"TV_KIBRAY"
+ "INAGANOVA M";"+998 (93) 518-40-40";"";"TSH_CHILONZOR"
+ "INAGANOVA SHAXLO  YTT";"+998 (94) 623-32-10";"";"TV_ZANGIOTA"
+ "INAYATOVA NIGORA  YTT";"998880504477";"";"TSH_SHAYHONTOHUR"
+ "INAYATOV AZAMAT  YTT";"+998 (97) 122-22-80";"";"TV_ZANGIOTA"
+ "INAYEV XAKIMJON  YTT";"990040022";"";"TV_ZANGIOTA"
+ "INAYEV XAKIMJON YTT";"990040022";"";"TV_ZANGIOTA"
+ "INDIAN CUISINE M.T";"+998900688661";"";"TSH_YUNUSOBOD"
+ "INDIRA SAVDO  MCHJ";"+(99) 893-3990";"";"TSH_SERGELI"
+ "INMARKET";"998332324151";"";"TSH_MIRZO_ULUGBE"
+ "INMS SAVDO MCHJ";"(99) 899-4315";"";"TSH_SERGELI"
+ "INNO MARKET XK";"+(99) 890-9149";"";"TSH_YAKKASAROY"
+ "INOGOMOV ANVAR  YTT";"998977551";"";"TV_TUMANI"
+ "INOMJONOV BEKJON  YTT";"998941138888";"";"TV_KIBRAY"
+ "INOMOV TOLQIN  YTT";"(99) 899-6901";"";"SR_QUYI_CHIRCHIK"
+ "INOQOV MARKET MCHJ";"(99) 899-0501";"";"TV_BOKA"
+ "INOYAT OMAD  MCHJ";"998973761516";"";"TSH_OLMAZOR"
+ "INOYATOVA GULNORA YTT";"+998 (90) 008-9";"";"TSH_CHILONZOR"
+ "INOYATOVA XK";"998946427";"";"TSH_YUNUSOBOD"
+ "INOYATOV MIRJALOL YTT";"+(99) 890-1767";"";"TSH_MIROBOD"
+ "INOYEV XK";"998946700250";"";"TSH_OLMAZOR"
+ "INSAR MIKS TREYD MCHJ";"+(99) 890-9913";"";"TSH_MIROBOD"
+ "INTEL BARAKA  MCHJ";"+(99) 894-7424";"";"TSH_SERGELI"
+ "INTEND DREAM  MCHJ";"+998 (93) 606-40-40";"";"TV_ANGREN"
+ "INTERPAY SYSTEMS  MCHJ";"+(99) 890-4408";"";"TSH_MIROBOD"
+ "INTER POLIGRAF MCHJ";"+(99) 890-9020";"";"TSH_YAKKASAROY"
+ "IN WAY MARKET 2  MCHJ";"998933880420";"";"TSH_MIRZO_ULUGBE"
+ """INZO MART""";"+88)939-39-19";"";"TSH_CHILONZOR"
+ "IPAKCHI MARKET MCHJ";"998973441";"";"TSH_SHAYHONTOHUR"
+ "IPAKCHI YTT";"998973200";"";"TSH_OLMAZOR"
+ "IPAK PAPER";"+998998453332";"";"TSH_CHILONZOR"
+ "Ippadrom Hod dog";"+998977222016";"";"TSH_CHILONZOR"
+ "IQBOLI CHEKSIZ  OK";"998947100701";"";"TSH_MIRZO_ULUGBE"
+ "IRBIS FARM  MCHJ";"+998990977898";"";"TV_YANGI_YUL"
+ "IRGASHEV ILYOSJON YTT";"+998 (99) 762-54-04";"";"TSH_UCHTEPA"
+ "IRGASHEV XOTAMJON YTT";"+998 (99) 922-09-50";"";"TSH_UCHTEPA"
+ "IRODA BARAKA BIZNES  MCHJ";"(99) 897-7600";"";"TSH_SERGELI"
+ "IRODA KOMOLA  MCHJ";"+(99) 899-3002";"";"TSH_SERGELI"
+ "IRODA SUXROB BIZNES MCHJ";"998917768";"";"TV_CHIRCHIQ"
+ "IRODA VALIJON OVA  XK";"+(99) 890-9534";"";"TSH_MIROBOD"
+ "IRODAXON  XK";"+(99) 897-5680";"";"TV_ORTA_CHIRCHIK"
+ "IRODA YTT";"+998 (91) 348-40-50";"";"TV_PARKENT"
+ "ISAKOV ABDUKARIM  YTT";"998998462862";"";"TV_CHIRCHIQ"
+ "ISAKOVA DILRABO  YTT";"";"";"TV_PARKENT"
+ "ISAKOV BAXTIYOR  YTT";"998974221056";"";"TSH_MIRZO_ULUGBE"
+ "ISAKOV SHUXRAT  YTT";"998983035";"";"TV_ZANGIOTA"
+ "ISAKOV YTT";"998946802";"";"TV_ZANGIOTA"
+ "ISAKULOV ALISHER ABDUVALIEVICH";"998500052737";"";"TV_OHANGARON"
+ "ISAMUHAMEDOV DILSHOD YTT";"998995654";"";"TV_KIBRAY"
+ "ISAMUXAMEDOV ASROR  YTT";"998998861";"";"TSH_YASHNABOD"
+ "ISAXODJAYEVA GULCHEXRA  YTT";"998971350405";"";"TSH_BEKTEMIR"
+ "ISAYEVA SARVINOZ   YTT";"998977265574";"";"TV_CHIRCHIQ"
+ "ISAYEV JAXONGIR  YTT";"+998 (97) 732-54-17";"";"TV_ZANGIOTA"
+ "ISAYEV NURBEK KELDIBEKOVICH YTT";"998998281144";"";"TSH_MIRZO_ULUGBE"
+ "ISAYEV PREMIUM  XK";"+998 (97) 710-55-23";"";"TV_YANGI_YUL"
+ "ISAYEV RAVSHAN YTT";"998998224744";"";"TSH_SHAYHONTOHUR"
+ "ISFANA MCHJ";"998977087254";"";"TSH_YASHNABOD"
+ "ISHONCH AGRO FX";"+998 (99) 495-86-05";"";"TV_PISKENT"
+ "ISHONCH HAYOT";"+998 (99) 938-09-19";"";"TSH_YUNUSOBOD"
+ "ISHONCH TRADING  MCHJ";"998990626399";"";"TSH_YASHNABOD"
+ "ISHONQULOV MEHRUZ  YTT";"998909281210";"";"TSH_YASHNABOD"
+ "ISHOVA GULSARA";"99 396 97 86";"";"TSH_UCHTEPA"
+ "ISHTIXON ZIG'IR OSH";"+998 (00) 000-00-00";"";"TSH_YAKKASAROY"
+ "ISKANDAR MARKET  MCHJ";"998976171";"";"TSH_SHAYHONTOHUR"
+ "ISKANDAR MARKET  MCHJ";"(99) 899-5484";"";"TSH_CHILONZOR"
+ "ISKANDAR OGLI SAMANDAR MCHJ";"+998 (95) 111-86-15";"";"TV_TOYTEPA"
+ "ISKANDAR OMAD FAYZ  MCHJ";"998949239";"";"TV_BOSTONLIQ"
+ "ISKANDAROVA SHODIYA  YTT";"998977005554";"";"TSH_YASHNABOD"
+ "ISKANDAROV AZIZXON  YTT";"998909270024";"";"TSH_OLMAZOR"
+ "ISLAMOVA AROFAT  YTT";"998977726067";"";"TV_TUMANI"
+ "ISLAMOVA GULBAXOR  YTT";"+(99) 890-8080";"";"TSH_SERGELI"
+ "ISLAMOVA GULCHEXRA  YTT";"998946905565";"";"TSH_OLMAZOR"
+ "ISLAMOVA MIYASSAR  YTT";"998886494554";"";"TV_TUMANI"
+ "ISLAMOV NODIRJON TOHIROVICH YTT";"+(99) 890-1884";"";"TSH_CHILONZOR"
+ "ISLAM PHARM  MCHJ";"998948105350";"";"TSH_UCHTEPA"
+ "ISLOMBEK IMRONBEK SAVDO";"998994017098";"";"TSH_MIRZO_ULUGBE"
+ "ISLOMBEK IMRONBEK SAVDO YTT";"(99) 890-1128";"";"TSH_YAKKASAROY"
+ "ISLOMBEK SAXOVAT KOMAK  MCHJ";"+(90) 956-1565";"";"SR_QUYI_CHIRCHIK"
+ "ISLOM FARM INVEST  MCHJ";"+95 091 95 57";"";"SR_QUYI_CHIRCHIK"
+ "ISLOM KFSS";"998881173706";"";"TV_CHIRCHIQ"
+ "ISLOMOV I O YTT";"(99) 894-1541";"";"TSH_CHILONZOR"
+ "ISLOMOV TEMUR OMAD MCHJ";"(99) 890-8086";"";"TSH_CHILONZOR"
+ "ISMAILBEKOVA MUXARRAM  YTT";"998943545858";"";"TV_TUMANI"
+ "ISMAILOVA GULCHEXRA  YTT";"+998 (94) 632-68-16";"";"TV_ANGREN"
+ "ISMAILOVA GULNOZA  YTT";"+(99) 894-3616";"";"TV_OLMALIK"
+ "ISMAILOVA PAKIZA SHIRIN QIZI YTT";"+(99) 897-1559";"";"TSH_YAKKASAROY"
+ "ISMAILOVA SVETLANA YTT";"998949241";"";"TV_CHIRCHIQ"
+ "ISMAILOVA ZULXUMOR  YTT";"998996321336";"";"TV_KIBRAY"
+ "ISMAILOV DONIYOR  YTT";"998998505097";"";"TV_TUMANI"
+ "ISMAILOV OTKIR YTT";"998944481151";"";"TV_OHANGARON"
+ "ISMAILOV SANJAR YTT";"+998 (98) 366-33-11";"";"TSH_UCHTEPA"
+ "ISMAILOV TRADING GROUP MCHJ";"998983043738";"";"TSH_MIRZO_ULUGBE"
+ "ISMAILOV VALI  XK";"+998 (93) 800-38-97";"";"TV_ANGREN"
+ "ISMATILLAYEV FAZLIDDIN  YTT";"(99) 899-1477";"";"SR_QUYI_CHIRCHIK"
+ "ISMATOVA TOJIKHON  YTT";"+998977582124";"";"TV_ZANGIOTA"
+ "ISMATOV KAMOLIDDIN YATT";"(99) 899-4028";"";"TV_BOKA"
+ "ISMATOV SHERZOD YTT";"998998454248";"";"TV_TUMANI"
+ "ISMATULAYEV MCHJ";"+998 (99) 586-38-88";"";"TV_PARKENT"
+ "ISMATULLAYEV AKROMJON YTT";"(99) 894-1286";"";"TV_OHANGARON"
+ "ISMATULLAYEV XAYRULLO  YTT";"998977539935";"";"TV_TUMANI"
+ "ISMATULLO OTA  XK";"998774445229";"";"TSH_YASHNABOD"
+ "ISMAYLOVA MADINA  YTT";"998936053505";"";"TV_ANGREN"
+ "ISMOIL DIORA  MCHJ";"998996009559";"";"TSH_OLMAZOR"
+ "ISMOIL GRAND TRADE BUSINES YTT";"998909710";"";"TSH_OLMAZOR"
+ "ISMOIL OPTOM";"+998 (95) 235-55-52";"";"TSH_YANGIXAYOT"
+ "ISMOILOVA SAAYYORA";"998901257474";"";"TSH_CHILONZOR"
+ "ISMOILOVA SURAYYO YATT";"+(99) 899-8854";"";"TV_BOKA"
+ "ISMOILOV POLAT YTT";"(99) 893-6010";"";"TV_OHANGARON"
+ "ISMOILOV RIXSIBOY  YTT";"+998 (99) 845-46-35";"";"TV_ZANGIOTA"
+ "ISMOILOV TEMUR";"998935786862";"";"TSH_SERGELI"
+ "ISMOIL TABARRUK  MCHJ";"998946645757";"";"TV_TUMANI"
+ "ISMOIL XOJI OTA XK";"998996333";"";"TV_KIBRAY"
+ "ISOMIDDINOV SUHROB ABROR OGLI";"998990488076";"";"TV_BOSTONLIQ"
+ "ISRAILOVA ZIYODA  YTT";"998997225238";"";"TV_YANGI_YUL"
+ "ISRAILOV MURAD YTT";"+998 (93) 540-64-75";"";"TSH_CHILONZOR"
+ "ISRAILOV SHERZOD YTT";"+998 (97) 304-22-22";"";"TV_ZANGIOTA"
+ "ISRAILOV XAYOTULLA  YTT";"998990000927";"";"TV_CHIRCHIQ"
+ "ISROIL OTA NURUM MCHJ";"+(99) 897-4500";"";"TSH_MIROBOD"
+ "ISROILOV BAHODIR IBROHIM OGLI  YTT";"998994945756";"";"TV_TUMANI"
+ "ISROILOV OMONJON IBRAIMOVICH";"+998 (94) 160-03-25";"";"TV_OHANGARON"
+ "ISROIL RASULOV  YTT";"+95 029 00 37";"";"TV_YANGI_YUL"
+ "ISTIQBOL SAVDO BIZNES MCHJ";"998973441";"";"TSH_SHAYHONTOHUR"
+ "ISTIQLOL 159 MCHJ";"+998 (94) 618-95-00";"";"TSH_BEKTEMIR"
+ "ISTOK SAVDO";"+998 (91) 780-60-07";"";"SR_QUYI_CHIRCHIK"
+ "ISXAKOV MIROLIM  YTT";"998948650004";"";"TSH_SHAYHONTOHUR"
+ "ISXAKOV YTT";"+(99) 890-3959";"";"TSH_OLMAZOR"
+ "IXLOS FARM";"+998 (97) 700-48-24";"";"TSH_YASHNABOD"
+ "IXLOS FARM MCHJ";"998975065";"";"TSH_BEKTEMIR"
+ "IXLOS FAYZ SAVDO  MCHJ";"+(99) 894-0418";"";"TSH_MIROBOD"
+ "IXLOS GROUP MCHJ";"+998 (20) 000-81-84";"";"TSH_CHILONZOR"
+ "IXLOS MARKET";"(99) 899-8404";"";"TSH_CHILONZOR"
+ "IXLOS SAVDO OMAD  OK";"(99) 891-7800";"";"SR_QUYI_CHIRCHIK"
+ "IYMONA IDEAL";"+998 (90) 987-01-11";"";"TSH_CHILONZOR"
+ "IYMONAXON-SOLIHABEGIM  MCHJ";"+998977199134";"";"TV_KIBRAY"
+ "IYMONAXON XAMKOR OMAD  MCHJ";"998974302919";"";"TV_TUMANI"
+ "IYMON IXLOS BARAKA HAMKOR  MCHJ";"998770228811";"";"TV_TUMANI"
+ "IZOBILIE VKUSA MCHJ";"+(99) 877-1222";"";"TSH_YAKKASAROY"
+ "IZZATILLA BOBO TRADE  MCHJ";"(97) 712-7813";"";"TSH_CHILONZOR"
+ "IZZAT SHER BIZNES MCHJ";"+(99) 897-3437";"";"TSH_YAKKASAROY"
+ "JABBAROVA SAYOXAT  YTT";"998940688604";"";"TSH_BEKTEMIR"
+ "JABBOROVA DILAFRUZ   YTT";"998888783";"";"TV_CHIRCHIQ"
+ "JABBOROV ILHOM";"+998 (91) 006-64-81";"";"TSH_CHILONZOR"
+ "JAFARBEK TRADE";"+998 (97) 750-95-27";"";"TSH_CHILONZOR"
+ "JAHONGIR MARKET";"+998 (94) 942-56-39";"";"TV_ANGREN"
+ "JAHONGIR OMAD GROUP  MCHJ";"+977488085";"";"TSH_CHILONZOR"
+ "JAHON MEDICAL FARM";"+998 (93) 663-59-05";"";"TV_OHANGARON"
+ "JAKSIBEKOVA GOZZAL  YTT";"9987868318";"";"TV_CHIRCHIQ"
+ "JALILOV BAXODIR SAIDOVICH";"+998 (90) 805-01-09";"";"TSH_SERGELI"
+ "JALILOV BAXODIR  YTT";"998983030";"";"TV_ZANGIOTA"
+ "JALOIR TEMURBEK  MCHJ";"+(99) 890-3574";"";"TSH_SERGELI"
+ "JALOLDINOVA MADINA YTT";"998950301";"";"TV_BOSTONLIQ"
+ "JALOLIDDIN MARKET  MCHJ";"998770570";"";"TSH_YUNUSOBOD"
+ "JALOLIDDIN SAVDO MARKAZI XK";"99819662124";"";"TSH_MIRZO_ULUGBE"
+ "JALOL JAHON BIZNES";"+998 (90) 983-40-00";"";"TV_PISKENT"
+ "JALOL MAX";"+998 (90) 312-85-80";"";"TSH_UCHTEPA"
+ "JALOL OTA";"+998 (99) 927-12-99";"";"TSH_UCHTEPA"
+ "JALOL OTA ASADBEK  MCHJ";"(93) 514-3639";"";"TV_PISKENT"
+ "JALOLOVA NAZOKAT YTT";"(99) 890-1206";"";"TV_OLMALIK"
+ "JALOLOVA RISOLAT";"998909783700";"";"TSH_YASHNABOD"
+ "JALOLOV FAZLIDDIN  YTT";"+998 (97) 726-43-76";"";"TV_ZANGIOTA"
+ "JAMBUL MARKET OK";"+(99) 897-6461";"";"TV_PARKENT"
+ "JAMIL IBODULLAYEV  MCHJ";"+(33) 363-0908";"";"TSH_SERGELI"
+ "JAMOL GOLD TRADE  MCHJ";"+(99) 890-3501";"";"TSH_SERGELI"
+ "JAMOLIDDIN QODIROV";"+998977755632";"";"TSH_BEKTEMIR"
+ "JAMOL JALOL MARKET MCHJ";"+998 (99) 975-18-08";"";"TSH_SERGELI"
+ "JAMOLOV ABDOVOSIQ YTT";"+998 (97) 751-90-10";"";"TSH_UCHTEPA"
+ "JAMOLOVA SHAHNOZA  YTT";"+998998022";"";"TV_ZANGIOTA"
+ "JAMOL SHOIRA SAVDO  MCHJ";"998887881";"";"TV_KIBRAY"
+ "JAMSHID";"+998 (97) 812-13-42";"";"TV_YUKORI_CHIRCH"
+ "JAMSHID AKBAR BUSINESS";"998909157988";"";"TSH_YASHNABOD"
+ "JAMSHIDBEK NIGORA PANPU MCHJ";"998973298";"";"TSH_YASHNABOD"
+ "JAMSHIDBEK SAVDO  XK";"+998 (99) 801-22-16";"";"TV_TOYTEPA"
+ "JAMSHIDBEK ZIYO FARM";"+998 (97) 748-21-97";"";"TSH_SERGELI"
+ "JAMSHID FARM SERVIS";"+998 (97) 763-96-98";"";"TV_YANGI_YUL"
+ "JAMSHID FAYZ PLUS  MCHJ";"93 537 63 43";"";"TSH_SERGELI"
+ "JAMSHID FAYZ PLUS MCHJ";"+(99) 893-5376";"";"TSH_SERGELI"
+ "JAMSHID JASUR YUKSALISH  XK";"9983692711";"";"TSH_MIRZO_ULUGBE"
+ "JAMSHID PARFUME TRADE  MCHJ";"998977318919";"";"TSH_YANGIXAYOT"
+ "JAM XUR MARKET  MCHJ";"99800331338";"";"TV_KIBRAY"
+ "JANIBEK DAMIR BARAKA MCHJ";"998971595533";"";"TSH_MIRZO_ULUGBE"
+ "JASKA MARKET MCHJ";"998974145";"";"TSH_OLMAZOR"
+ "JASMIINA  MCHJ";"+998 (90) 788-61-61";"";"TV_ANGREN"
+ "JASMINA FARM";"+998 (71) 264-96-63";"";"TSH_MIRZO_ULUGBE"
+ "JASMINA ULUGBEK FARM  MCHJ";"+998994072225";"";"TSH_MIRZO_ULUGBE"
+ "JASMINA ZIYNAT SAVDO MCHJ";"998998216400";"";"TSH_YUNUSOBOD"
+ "JASMIN PARFUM 777  MCHJ";"998889006006";"";"TSH_BEKTEMIR"
+ "JASMIN SOBIRJON BARAKA  MCHJ";"+998 (94) 216-08-82";"";"TV_ANGREN"
+ "JASORAT BARAKA MCHJ";"998903470";"";"TSH_BEKTEMIR"
+ "JASURBEK BAXTIBEK OK";"+998 (97) 540-05-87";"";"TV_TOYTEPA"
+ "JASURBEK BIG STAR";"+998 (94) 365-78-38";"";"SR_QUYI_CHIRCHIK"
+ "Jasurbek Kafe";"+998971245675";"";"TSH_SERGELI"
+ "JASUR BEKTEMIROVICH QOZIBOEV";"+998 (99) 502-14-85";"";"TSH_YANGIXAYOT"
+ "JASUR JAHONGIR OMAD MCHJ";"998909228";"";"TSH_YASHNABOD"
+ "JASUR MANSUR GROUP MCHJ";"998977184345";"";"TSH_MIRZO_ULUGBE"
+ "JASUR QIZI RAYYONA  OK";"998500545897";"";"TV_KIBRAY"
+ "JASUR-SAVDO";"+998 (90) 315-90-24";"";"TSH_SERGELI"
+ "JASUR SAVDO MCHJ";"+(99) 894-6445";"";"TSH_CHILONZOR"
+ "JASUR VA SABINA";"998998569585";"";"TSH_YUNUSOBOD"
+ "JAUHUN PHARMACO";"+998 (91) 128-01-02";"";"TV_YANGI_YUL"
+ "Java";"+998907896565";"";"TSH_UCHTEPA"
+ "JAVLIEVA NIGORA";"998998112";"";"TSH_SHAYHONTOHUR"
+ "JAVLIYEVA GULNOZA  YTT";"+(99) 890-9034";"";"TSH_SERGELI"
+ "JAVLON-ASL BIZNES  MCHJ";"(99) 890-9981";"";"TSH_CHILONZOR"
+ "JAVLONBOYEV TEMURJON  YTT";"998998641919";"";"TV_TUMANI"
+ "JAVOHIR AKA";"88 131 96 93";"";"TSH_UCHTEPA"
+ "JAVOHIR FATXULLAYEV ZOIR OGLI  YTT";"+(99) 899-7777";"";"TSH_UCHTEPA"
+ "JAVOHIR FAYZ HAMKOR MCHJ";"+(99) 899-1056";"";"TSH_UCHTEPA"
+ "JAVOHIR JAVLON MCHJ";"(99) 899-7991";"";"TSH_CHILONZOR"
+ "JAVOHIR LYUKS 3";"(99) 888-4670";"";"TSH_CHILONZOR"
+ "JAVOHIR LYUKS MCHJ";"(99) 899-0012";"";"TSH_CHILONZOR"
+ "JAVOHIR MARKET  MCHJ";"998946337799";"";"TSH_OLMAZOR"
+ "JAVOHIR SHAXNOZA  MCHJ";"+(99) 894-0106";"";"TV_ORTA_CHIRCHIK"
+ "JAVOHIR SHOHJAHON SAVDO MCHJ";"+998 (90) 947-17-67";"";"TSH_UCHTEPA"
+ "JAVOHIRSHOX BIZNES MCHJ";"998973472";"";"TV_CHIRCHIQ"
+ "JAVOXIRBOY MCHJ";"998940088";"";"TSH_YUNUSOBOD"
+ "JAVOXIR BULDING XK";"+998 (90) 026-14-81";"";"TSH_MIROBOD"
+ "JAVOXIR LYUKS TREDE YTT";"(99) 899-0012";"";"TSH_YAKKASAROY"
+ "JAVOXIR POKIZA SAVDO";"998946510764";"";"TSH_OLMAZOR"
+ "JAXANGIROVA NIGOTA YTT";"998903729";"";"TSH_YUNUSOBOD"
+ "JAXONBOBO MARKET  OK";"911363635";"";"TSH_YANGIXAYOT"
+ "JAXONGIR BIZNES GROUP MCHJ";"+(99) 899-4530";"";"TSH_YANGIXAYOT"
+ "JAXONGIR TOSHTEMIROV ALISHER OGLI  YTT";"+(99) 899-4857";"";"TSH_UCHTEPA"
+ "JAYDARI BAZAR  MCHJ";"998900001074";"";"TSH_BEKTEMIR"
+ "JAYDARI MILLIY KAFE";"+998 (00) 000-00-00";"";"TSH_CHILONZOR"
+ "JAYHUN-OROM  MCHJ";"+998 (97) 510-78-40";"";"TSH_CHILONZOR"
+ "JAYLOVOV SIROJIDDIN  YTT";"998330100401";"";"TSH_SHAYHONTOHUR"
+ "JAYRONA FARM MCHJ";"+998 (97) 706-97-75";"";"TV_BOKA"
+ "JAYRONA FARM MCHJ";"+998 (99) 832-56-99";"";"TV_PISKENT"
+ "Jazz Zikirilla";"+998923456909";"";"TSH_UCHTEPA"
+ "J D FINANCE  MCHJ";"998983029229";"";"TSH_SHAYHONTOHUR"
+ "JENSHIN TEHNOFARM";"+998 (99) 816-57-66";"";"TSH_YUNUSOBOD"
+ "JETINK";"998958470990";"";"TSH_MIRZO_ULUGBE"
+ "JIGULI BAR";"+998901281661";"";"TSH_YASHNABOD"
+ "JIYDA M.T";"+998946418083";"";"TSH_YUNUSOBOD"
+ "JIZ";"+998998222645";"";"TSH_YUNUSOBOD"
+ "Jiz biz";"+998950648000";"";"TSH_CHILONZOR"
+ "Jiz Biz";"+998945678120";"";"TSH_SERGELI"
+ "Jizzax Fayz";"+998945029999";"";"TSH_CHILONZOR"
+ "JIZZAX FOOD MARKET MCHJ";"998883262";"";"TSH_YUNUSOBOD"
+ "Jizzax Taomlari";"+998933543434";"";"TSH_SERGELI"
+ "JOHON MEDIA XK";"+998 (99) 850-56-65";"";"TSH_MIROBOD"
+ "JOHON S MARKET  MCHJ";"+(99) 890-1399";"";"TSH_SERGELI"
+ "JONBOYEV DAVRON YTT";"+998 99 203 35 35";"";"TV_OHANGARON"
+ "JONIBEK AZIZ SAVDO BIZNES  MCHJ";"+(99) 888-1300";"";"TSH_UCHTEPA"
+ "Jonibekov Sherzod";"+998909248894";"";"TSH_SERGELI"
+ "JONIBEKOV SHERZOD  YTT";"(99) 890-9248";"";"TSH_SERGELI"
+ "JONON CHICKEN";"+000000000000";"";"TSH_SHAYHONTOHUR"
+ "JORABEK INVEST OMAD OK";"+998 (99) 797-94-85";"";"TV_PARKENT"
+ "JORABOYEVA DILNOZA  YTT";"998365986";"";"TV_KIBRAY"
+ "JORABOYEVA GULJAXON YTT";"+998 (90) 116-34-61";"";"TV_OHANGARON"
+ "JORABOYEVA NASIBA  YTT";"998946444283";"";"TV_KIBRAY"
+ "JORABOYEV M.SH  YTT";"998909642";"";"TSH_SHAYHONTOHUR"
+ "JO'RABOYEV YODGOR FARXOD O'G'LI";"998948750006";"";"TV_OHANGARON"
+ "JORABOY INOBAT FARM";"+998 (94) 409-74-41";"";"TV_OHANGARON"
+ "JORARABOYEV ISLOM YTT";"+998 (94) 646-64-19";"";"TV_PARKENT"
+ "JORAYEVA FERUZA  YTT";"+998 (95) 786-35-45";"";"TV_PARKENT"
+ "JORAYEVA GUZAL ERKANAZAROVNA";"+998 (88) 113-80-80";"";"SR_QUYI_CHIRCHIK"
+ "JORAYEVA MAFTUNA YTT";"998903214";"";"TSH_YUNUSOBOD"
+ "JORAYEVA MALIKAXON YTT";"+998 (97) 330-90-94";"";"TV_YANGI_YUL"
+ "JORAYEVA MUKARRAM ROZIEVNA YTT";"+(99) 890-9223";"";"TSH_YAKKASAROY"
+ "JORAYEV ILYOS  YTT";"+998 (97) 763-30-30";"";"TV_ZANGIOTA"
+ "JORAYEV MANSUR  YTT";"";"";"TV_ZANGIOTA"
+ "JORAYEV RASUL YTT";"998948916";"";"TV_BOSTONLIQ"
+ "JORAYEV RAVSHANBEK  YTT";"+998998240960";"";"TSH_OLMAZOR"
+ "JORAYEV SHERALI SHAVKAT OGLI  YTT";"+(99) 893-6601";"";"TSH_SERGELI"
+ "JORAYEV  SHOXRUX  YTT";"998955142";"";"TSH_MIRZO_ULUGBE"
+ "JORAYEV XK";"998935470117";"";"TSH_YUNUSOBOD"
+ "JORAYEV YTT";"998998334";"";"TV_BOSTONLIQ"
+ "JOVLON TURAKULOV ISMATULLO OGLI  YTT";"+(99) 890-9643";"";"TSH_SERGELI"
+ "JOVOHIR FARM MCHJ";"+998 (97) 016-29-93";"";"TV_TOYTEPA"
+ "JOVOHIR JURA MED FARM MCHJ";"+998 (90) 319-16-81";"";"TV_BOKA"
+ "JOXONGIROV JOVOHIR XK";"+998 (90) 926-6";"";"TSH_CHILONZOR"
+ "JOZIBA GRAND OK";"+998 (90) 667-64-61";"";"TV_PARKENT"
+ "JUDA ARZON  OK";"998917818790";"";"TSH_BEKTEMIR"
+ "JULXURS  MCHJ";"+998997858";"";"TSH_BEKTEMIR"
+ "JUMABOEV BAXROM SAFARBOYEVICH YTT";"+(99) 833-2322";"";"TSH_YANGIXAYOT"
+ "JUMABOZOR TEZKOR ALOQA  MCHJ";"+(99) 897-9764";"";"TV_PARKENT"
+ "JUMADULLAYEV SHOXRUX. YTT";"+998 (90) 931-74-05";"";"SR_QUYI_CHIRCHIK"
+ "JUMAIYAZOV AKMAL ULUG'BEKOVICH  YTT";"998946281010";"";"TSH_SHAYHONTOHUR"
+ "JUMANIYEV";"998977177";"";"TSH_YUNUSOBOD"
+ "JUMANOVA ARZIGUL  YTT";"998995322242";"";"TSH_YASHNABOD"
+ "JUMANOV ABDUQAYUM YTT";"+998 93 090 04 93";"";"TSH_CHILONZOR"
+ "JUMANOVA G";"+97)4645717";"";"TV_YANGI_YUL"
+ "JUMANOVA NOZIMA ZAFAR QIZI";"+998 (90) 960-19-99";"";"TV_TOYTEPA"
+ "JUMANOV JAVOHIRBEK YTT";"+998 (93) 185-61-77";"";"TV_OLMALIK"
+ "JUMANOV JORABEK YTT";"998974540894";"";"TSH_MIRZO_ULUGBE"
+ "JUMANOV MAQSUD  YTT";"";"";"TSH_MIRZO_ULUGBE"
+ "JUMANOV YTT";"+998 (97) 643-49-44";"";"TV_YANGI_YUL"
+ "JUMA SITIY ANORM MCHJ";"+998 (88) 434-64-82";"";"TV_PARKENT"
+ "JUMATOV JASUR YTT";"998976169";"";"TV_CHIRCHIQ"
+ "JUMAXUNOVA DILSORA YTT";"998990016092";"";"TV_OHANGARON"
+ "JUMAYEV RUZBEX YTT";"+(90) 121-1897";"";"TV_YANGI_YUL"
+ "JUMMAEV TURSUN YTT";"998919014";"";"TSH_YUNUSOBOD"
+ "JUMMAYEV JURABEK  YTT";"+(94) 292-5939";"";"TSH_UCHTEPA"
+ "JUMP BUSENES   MCHJ";"998998338";"";"TSH_SHAYHONTOHUR"
+ "JUNADILDAEV DONIYOR BAHTIYOR OGLI";"+998 (88) 238-85-87";"";"TSH_SERGELI"
+ "JUNAYTOVA OYGUL  YTT";"998935944600";"";"TV_CHIRCHIQ"
+ "JUNGLI Family club";"+998333020201";"";"TSH_YUNUSOBOD"
+ "JURABAYEV SHOVKAT YTT";"998909048734";"";"TSH_OLMAZOR"
+ "JURABEK BARAKA MARKET MCHJ";"998930062";"";"TSH_MIRZO_ULUGBE"
+ "JURABEKOVA DURDONA  YTT";"995886068";"";"TV_ZANGIOTA"
+ "JURABOYEV ABROR  MCHJ";"998998381798";"";"TSH_SHAYHONTOHUR"
+ "JURAEVA GOZAL INOYATOVNA OK";"+(99) 899-7610";"";"TSH_BEKTEMIR"
+ "JURAEVS MARKET  MCHJ";"998998696874";"";"TSH_MIRZO_ULUGBE"
+ "JURAYEV1-MARKET MCHJ";"+91 166 16 71";"";"TSH_YANGIXAYOT"
+ "JURAYEVA HOLNISA  YTT";"998683220";"";"TV_KIBRAY"
+ "JURAYEV AKMAL YTT";"+998 (99) 807-89-70";"";"TSH_UCHTEPA"
+ "JURAYEVA MAHLIYO  YTT";"+(99) 899-9197";"";"TV_ORTA_CHIRCHIK"
+ "JURAYEVA MAPURA  YTT";"998981219006";"";"TSH_SHAYHONTOHUR"
+ "JURAYEVA MUXLISA  YTT";"998908800807";"";"TSH_YASHNABOD"
+ "JURAYEVA SALIMA YTT";"998900119455";"";"TV_OHANGARON"
+ "JURAYEV BAXODIR YTT";"(99) 894-5878";"";"TV_OHANGARON"
+ "JURAYEV S K YTT";"998998001518";"";"TSH_SHAYHONTOHUR"
+ "JUST 25 RETAIL GROUP  MCHJ";"+(99) 863-3665";"";"TSH_YANGIXAYOT"
+ "JUST 25 RETAIL GROUP  MCHJ";"998881562211";"";"TSH_BEKTEMIR"
+ "JUVA (YANGIOBOD)";"998998201012";"";"TSH_BEKTEMIR"
+ "K10 Nabiyeva Nargiza";"+998 (99) 838-68-70";"";""
+ "Kabana Restobar";"+998900340227";"";"TSH_CHILONZOR"
+ "KABIROVA NAVBAXOR YTT";"(99) 897-6168";"";"TV_OLMALIK"
+ "KABIROV FARRUX  YTT";"+998 (91) 791-70-07";"";"TV_ANGREN"
+ "KABIROVICH SAVDO YTT";"+998 97 604 50 25";"";"TV_YANGI_YUL"
+ "KABULOV ASKAR JAFAROVICH YTT";"+(99) 890-8286";"";"TSH_MIROBOD"
+ "KADIROV D.I";"998998074";"";"TSH_SHAYHONTOHUR"
+ "KADIROV FARRUX  YTT";"+33 932 24 42";"";"TV_ANGREN"
+ "Kafe ATLANT";"+998903991334";"";"TSH_MIRZO_ULUGBE"
+ "Kafe BUXORO (A.TEMUR KO'CHASI)";"+998977279003";"";"TSH_YUNUSOBOD"
+ "Kafe DIADORA";"+000000000000";"";"TSH_MIRZO_ULUGBE"
+ "Kafe MAROQAND";"+998905033555";"";"TSH_BEKTEMIR"
+ "KAFE MILLENIUM";"+998946629966";"";"TSH_MIRZO_ULUGBE"
+ "KAFE PENNYA";"+998977287676";"";"TSH_YASHNABOD"
+ "kafe ROHAT";"+998971322352";"";"TSH_YASHNABOD"
+ "Kafe Shirin";"+998771198898";"";"TSH_UCHTEPA"
+ "Kafe TULPOR (UNIVERSA)";"+998971311381";"";"TSH_YUNUSOBOD"
+ "Kafe U LILI";"+998901688100";"";"TSH_YASHNABOD"
+ "Kafe U VLADA";"+998993070087";"";"TSH_YASHNABOD"
+ "Kafe VECHER";"+998903303745";"";"TSH_MIRZO_ULUGBE"
+ "Kafe YAGONA";"+998998995058";"";"TSH_MIRZO_ULUGBE"
+ "KAFOLAT SOLIQ MCHJ";"+998 (97) 976-46-49";"";"TV_PARKENT"
+ "KALDIBAYEV SHERZOD YTT";"+(99) 899-8440";"";"TSH_SERGELI"
+ "KALOMXODJAYEVA MUQADDAS  YTT";"998993391303";"";"TV_OHANGARON"
+ "KALYASOV BOBURJON  YTT";"998946796";"";"TV_KIBRAY"
+ "KAMALAK 2  XK";"998998645";"";"TV_KIBRAY"
+ "KAMALAK XK";"998935412";"";"TV_KIBRAY"
+ "KAMALOVA MAFTUNA  YTT";"998998505";"";"TV_BOSTONLIQ"
+ "KAMALOVA MARKET OK";"+(99) 899-8488";"";"TSH_SERGELI"
+ "KAMALOVA NARGIZA  YTT";"(99) 894-9209";"";"TV_OLMALIK"
+ "KAMALOVA OYNISA MCHJ";"";"";"TSH_YAKKASAROY"
+ "KAMALOV MUXAMMAJON YTT";"+998 (97) 016-03-94";"";"TV_TOYTEPA"
+ "KAMCHINOVA DILOBAR YTT";"998998015";"";"TV_BOSTONLIQ"
+ "KAMILOVA NOZIMA ROVSHAN QIZI  YTT";"998998533";"";"TSH_OLMAZOR"
+ "KAMOLA BAXTIYAROVNA SAGATOVA YTT";"+(99) 890-1890";"";"TSH_YANGIXAYOT"
+ "KAMOLA DARMON";"+998 (71) 253-53-10";"";"TSH_YAKKASAROY"
+ "KAMOLA FARM-PLYUS MCHJ";"998936685934";"";"TV_OLMALIK"
+ "KAMOLA OMAD FAYZ  MCHJ";"+997296929";"";"TV_ZANGIOTA"
+ "KAMOLIDDIN TEMUROV YTT";"+998 (90) 999-97-59";"";"TSH_UCHTEPA"
+ "KAMOLJONOV JALOLIDDIN";"+998990160407";"";"TSH_YANGIXAYOT"
+ "KAMOLOV ABDIQODIR  YTT";"998950040150";"";"TSH_BEKTEMIR"
+ "KAMOLOVA NIGINA  YTT";"998990025117";"";"TV_BOSTONLIQ"
+ "KAMOLOV ANVAR FAZILXUJAYEVICH OK";"+998971608";"";"TSH_BEKTEMIR"
+ "KAMOLOV  XK";"+998 99 926 05 35";"";"TSH_CHILONZOR"
+ "KAMOLXOJA MARKET MCHJ";"+998 (99) 908-27-23";"";"TV_YANGI_YUL"
+ "KAMOLXON AZIMBAYEV  YTT";"998909811777";"";"TV_ZANGIOTA"
+ "KAMRONBEK BILOLBEK YTT";"+998 (97) 537-20-43";"";"TV_YANGI_YUL"
+ "KAMRONBEK BIZNES  SITY  MCHJ";"+(99) 890-9839";"";"TSH_UCHTEPA"
+ "KAMRONBEK MED SERVIS";"998996545464";"";"TSH_OLMAZOR"
+ "KAMRON FAYZ 715 MCHJ";"(99) 888-1601";"";"TSH_MIROBOD"
+ "KAMRON MIRZO FARM";"998974171393";"";"TSH_CHILONZOR"
+ "KAMRON MIRZOS BUSINESS MCHJ";"+998 93 638 37 76";"";"TSH_MIRZO_ULUGBE"
+ "KAMRON MOHI GROUP  MCHJ";"998935307669";"";"TV_KIBRAY"
+ "KAMRON PHARM";"998950845544";"";"TSH_YUNUSOBOD"
+ "KAMRON YORQIN FARM2";"+998 (91) 776-03-83";"";"TV_CHIRCHIQ"
+ "KAMRON YORQIN FARM MCHJ";"+998 (99) 830-26-70";"";"TV_CHIRCHIQ"
+ "KANFETKA MCHJ";"+(99) 890-9513";"";"TSH_MIROBOD"
+ "KANSTOY";"998999906005";"";"TSH_MIRZO_ULUGBE"
+ "KANTAYEV QOQIR";"998974647";"";"TSH_YUNUSOBOD"
+ "KARABAYEVA NARGIZ  YTT";"998937021926";"";"TV_BOSTONLIQ"
+ "KARABAYEV MUZAFFAR YTT";"998935323212";"";"TV_OHANGARON"
+ "KARABAYEV TOLQIN";"998974202013";"";"TV_KIBRAY"
+ "KARADJANOVA ZULXUMOR  YTT";"998933786182";"";"TSH_OLMAZOR"
+ "KARAYEVA ZULAYXO  YTT";"97 728 81 81";"";"TV_KIBRAY"
+ "KARAYEV SAIDRAXIM  MCHJ";"(33) 335-5659";"";"SR_QUYI_CHIRCHIK"
+ "KARIMA UMIDJON MUHAMMADUMARJON BARAKA OK";"+(99) 893-2886";"";"TSH_CHILONZOR"
+ "KARIMBAYEVA MARHABO YTT";"+(99) 894-2137";"";"TV_OLMALIK"
+ "KARIMBEK-NUR-BIZNES";"+998 (91) 634-21-02";"";"TSH_CHILONZOR"
+ "KARIMBEK NUR BIZNES  XK";"+998977343535";"";"TSH_YUNUSOBOD"
+ "KARIM BERDI";"+998 (93) 698-55-55";"";"TV_OLMALIK"
+ "KARIMBERDIYEVA RANGINA  YTT";"998998742";"";"TV_CHIRCHIQ"
+ "KARIMBOYEV JAMSHID YTT";"998944281";"";"TV_BOSTONLIQ"
+ "KARIMBOYEV OTABEK  YTT";"+(99) 897-4555";"";"TV_ZANGIOTA"
+ "KARIMJON DODA MARKET";"+998 (90) 330-34-13";"";"TV_TOYTEPA"
+ "KARIMOVA AZIZA GAFUROVNA";"(93) 539-1100";"";"TSH_YUNUSOBOD"
+ "KARIMOV ABDULLO  YTT";"99809856325";"";"TSH_SHAYHONTOHUR"
+ "KARIMOVA IRODA YTT";"+998 (97) 434-76-79";"";"TV_YANGI_YUL"
+ "KARIMOVA MANZURA KUDRATOVNA";"998909819011";"";"TSH_MIRZO_ULUGBE"
+ "KARIMOVA MUXABBAT  YTT";"99877428228";"";"TSH_MIRZO_ULUGBE"
+ "KARIMOVA RANO ODILOVNA  YTT";"998934258756";"";"TSH_YUNUSOBOD"
+ "KARIMOVA SOJIGUL YTT";"998975477";"";"TV_CHIRCHIQ"
+ "KARIMOVA XILOLA YTT";"+998 (93) 600-14-74";"";"TV_OLMALIK"
+ "KARIMOVA XOLIDA  YTT";"+998 (99) 358-86-68";"";"TV_PARKENT"
+ "KARIMOV AZAMAT  YTT";"998977438747";"";"TV_TUMANI"
+ "KARIMOV AZIMJON YTT";"+(99) 897-4220";"";"TSH_SERGELI"
+ "KARIMOV DAVRON YTT";"998974331";"";"TSH_OLMAZOR"
+ "KARIMOV DONIYOR BARATBAYEVICH";"+998 (90) 044-77-85";"";"SR_QUYI_CHIRCHIK"
+ "KARIMOV ELDOR  YTT";"+(99) 899-4601";"";"TV_ORTA_CHIRCHIK"
+ "KARIMOV FATXULLA XABIBULLAYEVICH YTT";"998903591161";"";"TSH_YUNUSOBOD"
+ "KARIMOV MIRKOZIMJON  YTT";"+(99) 897-3429";"";"TSH_SERGELI"
+ "KARIMOV MUZAFFAR";"+998 (99) 377-00-40";"";"TSH_YANGIXAYOT"
+ "KARIMOV NIZOMIDDIN  YTT";"998909393777";"";"TSH_OLMAZOR"
+ "KARIMOV NODIR  YTT";"(99) 890-1128";"";"TV_ORTA_CHIRCHIK"
+ "KARIMOV ORIFJON  YTT";"998775332587";"";"TSH_OLMAZOR"
+ "KARIMOV SHAVVOZ YATT";"+998 (99) 400-14-55";"";"TV_PISKENT"
+ "KARIMOV S YTT";"998998239";"";"TSH_YUNUSOBOD"
+ "KARIMOV XASAN";"998909853";"";"TSH_OLMAZOR"
+ "KARIMOV XOJIAKBAR  YTT";"+998998203538";"";"TSH_OLMAZOR"
+ "KARIMQULOV D. YTT";"+998 (97) 424-26-05";"";"TV_OHANGARON"
+ "KARIMXUJAEVA MALIKA YTT";"(99) 893-5231";"";"TV_OLMALIK"
+ "KARINA DAVRON TREYD MCHJ";"998903369";"";"TSH_BEKTEMIR"
+ "KARIROV BAHTIYOR  YTT";"998998248624";"";"TSH_UCHTEPA"
+ "KARLMARKOS FOOD  OK";"998998877219";"";"TV_ORTA_CHIRCHIK"
+ "Karomat";"+998955177171";"";"TSH_UCHTEPA"
+ "KAROMAT XK";"998774513";"";"TV_KIBRAY"
+ "Karvon";"+998884248179";"";"TSH_SERGELI"
+ "KARZINKA";"";"";"TSH_SERGELI"
+ "KAS EXCLUSIVE GROUP  MCHJ";"+(99) 899-5304";"";"TSH_SERGELI"
+ "KASHKENBAEV JAMSHID YTT";"+(99) 893-2802";"";"TSH_MIROBOD"
+ "KASIMOVA LOBARXAN  YTT";"998970759995";"";"TSH_OLMAZOR"
+ "KASIMOVA NASIBA  YTT";"+998 (97) 446-19-89";"";"TV_ZANGIOTA"
+ "KASIMOVA XOLIDA  YTT";"998998059952";"";"TV_KIBRAY"
+ "KASIMOV BAXTIYAR  YTT";"998880182";"";"SR_QUYI_CHIRCHIK"
+ "KASIMOV FAZLIDDIN YTT";"+998983183231";"";"TSH_SERGELI"
+ "KASIMOV NODIR MAXSUDOV YTT";"998970771889";"";"TSH_SHAYHONTOHUR"
+ "KASIMOV XAMID  YTT";"+99 229 89 94";"";"TSH_CHILONZOR"
+ "Kattabekov Xakim YTT";"+998 (93) 224-06-56";"";"SR_QUYI_CHIRCHIK"
+ "KATTA HIRMON TEPA MCHJ";"998908211";"";"TSH_CHILONZOR"
+ "KATTA QANI SAVDO  MCHJ";"+(99) 897-7754";"";"TSH_UCHTEPA"
+ "Kattaqoʻrgʻon Kafesi";"+998956650594";"";"TSH_SERGELI"
+ "KATTA QOZIROBOD";"+998 (97) 717-02-13";"";"TSH_CHILONZOR"
+ "KAXAROV ZAFAR TORABAEVICH  YTT";"998977424000";"";"TV_BOSTONLIQ"
+ "KAXOROV XOLMUROD XODJIMURATOVICH YTT";"998935628";"";"TSH_SHAYHONTOHUR"
+ "KAXXAROVA MUYASAR SADULLAYEVNA YTT";"+(99) 897-1153";"";"TSH_SHAYHONTOHUR"
+ "KAYIPOV KAYRAT ISMAYLOVICH YTT";"998993145";"";"TSH_YUNUSOBOD"
+ "KAYUMOVA MANZURA  YTT";"998772108696";"";"TSH_YUNUSOBOD"
+ "KAYUMOVA UMIDA  YTT";"+998 (94) 066-15-17";"";"TV_ANGREN"
+ "KAZAKBAYEVA SADOQAT  YTT";"+998 (94) 923-79-11";"";"TV_ANGREN"
+ "KAZAKOV MUXAMMAD SHERZODBEK TOLQINBEK OGLI  YTT";"+(99) 897-2991";"";"TSH_UCHTEPA"
+ "KBA NEW BUSNESS";"+998 (94) 713-55-44";"";"TSH_SERGELI"
+ "KBA NEW BUSNESS MCHJ";"+998947135544";"";"TSH_YANGIXAYOT"
+ "KBAR RICH MCHJ";"998994070";"";"TV_CHIRCHIQ"
+ "KEBABIKA (MINOR SOMSA)";"+998909631277";"";"TSH_YUNUSOBOD"
+ "Kefsi Hod Dog Burgers";"+998990111212";"";"TSH_CHILONZOR"
+ "KELAJAK FARM";"+998 98 654 58 98";"";"TV_ORTA_CHIRCHIK"
+ "KELAJAK ZAMIR POYDEVORI MCHJ";"998911358987";"";"TSH_YUNUSOBOD"
+ "KELES SAVDO MARKET MCHJ";"998946437";"";"TV_TUMANI"
+ "KENDJAEV MUROD ANVAR OGLI  YTT";"998946601919";"";"TSH_MIRZO_ULUGBE"
+ "KENENBAYEVA MADINA YTT";"998333564";"";"TV_KIBRAY"
+ "KENJABEK MUHTABAR OK";"998112149";"";"TV_KIBRAY"
+ "KENJA BOBO MOMINOV  MCHJ";"+998971339292";"";"TSH_SERGELI"
+ "KENJABOTIROV NAFISBEK  YTT";"+998 88 113 32 23";"";"TV_CHIRCHIQ"
+ "KENJABOYEV GAYRAT  YTT";"(99) 890-0028";"";"TSH_CHILONZOR"
+ "KENJABOYEV NIGMAT YTT";"+998 (77) 712-01-12";"";"TV_YANGI_YUL"
+ "KENJAEVA DILAFRUZ  YTT";"+(99) 897-1314";"";"TSH_SERGELI"
+ "KENYA";"+998 (90) 332-94-94";"";"TV_BOKA"
+ "KERVAN Turkish kafe";"+998993028030";"";"TSH_MIRZO_ULUGBE"
+ "KESH GABRIS  MCHJ";"(77) 001-9171";"";"TSH_CHILONZOR"
+ "KESH SHUMQORI  MCHJ";"943357472";"";"TSH_CHILONZOR"
+ "KESH YASHIL  MCHJ";"998908090";"";"TSH_OLMAZOR"
+ "KESH YASHIL  MCHJ-2";"998944724946";"";"TSH_OLMAZOR"
+ "KHASAN BUYUK";"+998 (97) 122-66-65";"";"TSH_UCHTEPA"
+ "KIDIRBOYEVA NAFISA YTT";"(99) 893-4940";"";"TV_PARKENT"
+ "KIDSTOWN";"";"";"TV_ZANGIOTA"
+ "KIMPAB";"+998 (00) 000-00-00";"";"TSH_YAKKASAROY"
+ "KIM PEN XVA MARKET  MCHJ";"+(99) 893-1151";"";"TV_ORTA_CHIRCHIK"
+ "KINDER KIDS MARKET XK";"998770767";"";"TSH_MIRZO_ULUGBE"
+ "KINIJNAYA DOKON";"+998 (90) 989-73-77";"";"TV_OQQORGON"
+ "KIRKLAND";"998977176";"";"TSH_MIRZO_ULUGBE"
+ "KISHI MARKET MCHJ";"+(99) 899-8442";"";"TSH_MIROBOD"
+ "KISH MISH";"+998954757300";"";"TSH_MIRZO_ULUGBE"
+ "KIWI CORP  MCHJ";"998995948684";"";"TSH_OLMAZOR"
+ "KIWI PLUS MCHJ";"+(99) 897-1187";"";"TV_YANGI_YUL"
+ "KLIN CO";"+998 (88) 069-72-71";"";"TSH_YANGIXAYOT"
+ "KÖFTECI by SALIKHOV";"+998 (00) 000-00-00";"";"TSH_CHILONZOR"
+ "KO'HNA KHIVA Kafesi";"+998939017772";"";"TSH_YASHNABOD"
+ "KOKAND IDEAL BIZNES";"998911122228";"";"TSH_MIRZO_ULUGBE"
+ "KOKE MARKET. MCHJ";"+998 97 132 41 22";"";"TV_ORTA_CHIRCHIK"
+ "KOKE MARKET YTT";"+998 (97) 358-08-09";"";"TV_YANGI_YUL"
+ "KOKO GROUP YTT";"+(99) 894-6091";"";"TSH_YAKKASAROY"
+ "KOK SULTON XK";"+998 (93) 182-43-06";"";"TV_OLMALIK"
+ "KOMILA ABDUMANNOP  OK-2";"99808251981";"";"TSH_MIRZO_ULUGBE"
+ "KOMILA ABDUMANNOP SAVDO";"998994614";"";"TSH_MIRZO_ULUGBE"
+ "KOMILA CHORVOQ BIZNES MCHJ";"998917796";"";"TV_BOSTONLIQ"
+ "KOMILA FAYZ  SAVDO MCHJ";"+(99) 890-0000";"";"TSH_MIROBOD"
+ "KOMILA MARKET PRO OK";"998998534";"";"TSH_MIRZO_ULUGBE"
+ "KOMIL EVEREST SAVDO MCHJ";"+(99) 899-0332";"";"TSH_YAKKASAROY"
+ "KOMIL GOLD  MCHJ";"";"";"TSH_MIRZO_ULUGBE"
+ "KOMILJON MIRODJON OK";"+998 (94) 634-49-40";"";"TV_PARKENT"
+ "KOMILJONOVA DILDORA  YTT";"998990028689";"";"TV_CHIRCHIQ"
+ "KOMILOVA MOHIRA  YTT";"+998 (93) 922-77-87";"";"TV_ANGREN"
+ "KOMILOV GULOM GAFUROVICH  MCHJ";"+(99) 890-3360";"";"TSH_SERGELI"
+ "KOMILOV IBROHIM YATT";"+998 (90) 177-69-60";"";"TV_TOYTEPA"
+ "KOMILOV SHAXZOD ASQARJON OGLI  YTT";"998974210712";"";"TV_TUMANI"
+ "KOMILYA TECH MCHJ";"9983387073";"";"TV_CHIRCHIQ"
+ "KOMOLA LOBAR TRADE MCHJ";"998998948";"";"TV_CHIRCHIQ"
+ "KOMOLLIDDIN HOJI BIZNES FARM";"+998 (88) 210-48-98";"";"TSH_BEKTEMIR"
+ "KOMOLON MARKAZI MCHJ";"998935188447";"";"TSH_SHAYHONTOHUR"
+ "KOMOLON OSH";"+000000000000";"";"TSH_SHAYHONTOHUR"
+ "KOMOLOT OBOD MCHJ";"998909569090";"";"TSH_BEKTEMIR"
+ "KOMOLOV FATXULA YTT";"(99) 897-5461";"";"TSH_SERGELI"
+ "KOM SAM  MCHJ";"998777762";"";"TSH_YUNUSOBOD"
+ "KOMUNA GILD MCHJ";"+(99) 891-0062";"";"TSH_MIROBOD"
+ "KONYACHNIY DOMIK  MCHJ";"";"";"TV_KIBRAY"
+ "KOSHONA FAYZLI MARKET MCHJ";"+998998445256";"";"TV_YANGI_YUL"
+ "KOSIMOVA ZULAYXO YTT";"998931217";"";"TV_BOSTONLIQ"
+ "KOSTKO ANGREN  MCHJ";"+998 (93) 128-08-11";"";"TV_ANGREN"
+ "KOSTKO ANGREN MCHJ-3";"(94) 400-9587";"";"TV_ANGREN"
+ "KOXINIR YTT";"+998 97 720 03 83";"";"TV_YANGI_YUL"
+ "KOXNA KESH";"+998 (94) 922-26-42";"";"TSH_CHILONZOR"
+ "KOZIMJON OLIMJON BIZNES MCHJ";"+998 (99) 138-63-65";"";"TV_TOYTEPA"
+ "KRASNIY SAD  MCHJ";"998900082883";"";"TSH_YASHNABOD"
+ "KRASNIY SAD  MCHJ";"+(99) 894-0565";"";"TSH_UCHTEPA"
+ "KRICTAL MC BIZNES  OK";"998946200024";"";"TSH_YASHNABOD"
+ "KRIDENS SERVIS";"+99 847 43 49";"";"TV_ZANGIOTA"
+ "KRISTAL SAPFIR MCHJ";"998901279191";"";"TV_CHIRCHIQ"
+ "KROWN FOOD  MCHJ";"998953884";"";"TSH_BEKTEMIR"
+ "KUCHKAROVA MATLYUBA YTT";"(99) 899-3160";"";"TV_OHANGARON"
+ "KUCHKAROVA MUXABBAT SAYDALIYEVNA";"+998 (98) 366-52-57";"";"TV_TOYTEPA"
+ "KUCHKAROV NURILLA YTT";"+(99) 893-6117";"";"TV_OLMALIK"
+ "KUCH SAVDOQ";"+998 (90) 996-65-52";"";"TSH_CHILONZOR"
+ "KUDAYBERGANOV JANDOS";"998998850695";"";"TSH_YASHNABOD"
+ "KUDRATOVA ADIBA  YTT";"+(99) 893-5937";"";"TV_OLMALIK"
+ "KUDRATOVA MUBORAK  YTT";"998933958773";"";"TSH_SHAYHONTOHUR"
+ "KUDRATOV ZAYNIDDIN  YTT";"(88) 877-8708";"";"SR_QUYI_CHIRCHIK"
+ "KULBAYEV OTKIR  YTT";"+(99) 899-4999";"";"TV_YANGI_YUL"
+ "KULDASHEVA NAZIRA NAVRUZOVNA  YTT";"+(99) 894-4248";"";"TV_OLMALIK"
+ "Kuldja Xogo Uygur Taomlari";"+998951887868";"";"TSH_SERGELI"
+ "KULDOSHOVA OZODA  YTT";"+(99) 899-6158";"";"TV_ORTA_CHIRCHIK"
+ "KULFIDINOVA SADOKAT  YTT";"998935667723";"";"TV_KIBRAY"
+ "KULOLQORGON MARKET PLUS  MCHJ";"998977025";"";"TSH_YUNUSOBOD"
+ "KUMUSH BIBI  OK";"+(99) 894-4557";"";"TV_ORTA_CHIRCHIK"
+ "KUMUSH FARM PLYUS  MCHJ";"+998 (99) 871-6";"";"TV_OHANGARON"
+ "KUMUSHKENT FARM SAVDO  MCHJ";"998905133623";"";"TSH_SHAYHONTOHUR"
+ "KUMUSH MARKET";"+998 (90) 940-03-01";"";"TV_TOYTEPA"
+ "KUNDALIK XARID SAVDO 2  MCHJ";"998971992724";"";"TV_TUMANI"
+ "KUNDUZOV SAYSIMUROD YTT";"+998 (93) 130-44-13";"";"TV_PISKENT"
+ "KUNIJBAEV SHERZOD ESHIMOVICH";"+998 (98) 809-08-75";"";"TV_OHANGARON"
+ "KUNNALIYEVA GULNORA YTT";"(99) 899-8103";"";"TV_OHANGARON"
+ "KURBANOVA DILNOZA  YTT";"998958442050";"";"TV_KIBRAY"
+ "KURBANOVA MINAVAR  YTT";"998771024040";"";"TSH_SHAYHONTOHUR"
+ "KURBANOVA MUNISA YTT";"+998 (94) 920-19-07";"";"TV_ANGREN"
+ "KURBANOV DILSHOD  YTT";"998941251618";"";"TSH_SHAYHONTOHUR"
+ "KURBANOV DONIYOR  YTT";"+998998392";"";"TSH_BEKTEMIR"
+ "KURBANOV ELDAR  YTT";"998998183";"";"TSH_YASHNABOD"
+ "KURBANOV HUSAN ILYASXODJAYEVICH YTT";"998903204404";"";"TSH_SHAYHONTOHUR"
+ "KURBANOV ISMOIL  YTT";"998935806060";"";"TSH_BEKTEMIR"
+ "KURBONOVA DILNORA ERKIN QIZI YTT";"+998 (93) 110-96-30";"";"TV_OLMALIK"
+ "KURBONOVA SHAFOAT YTT";"+998 (90) 442-82-79";"";"TSH_BEKTEMIR"
+ "KURGANOV BAXTIYOR  YTT";"998971345851";"";"TSH_BEKTEMIR"
+ "KUROLOV BEGJON YTT";"9983664676";"";"TV_KIBRAY"
+ "KUVSHIN M.T";"+998957011166";"";"TSH_BEKTEMIR"
+ "KUVVATOVA DILOROM   YTT";"998942162";"";"TV_CHIRCHIQ"
+ "KUZIBAYEV ALISHER  YTT";"998990518349";"";"TV_BOSTONLIQ"
+ "KUZIEVA SHAHRIBONU YTT";"+998 (94) 140-11-58";"";"TV_OLMALIK"
+ "KUZIYEVA MUHAYYO YTT";"998977342";"";"TV_KIBRAY"
+ "LACTA DISTR  MCHJ";"998998566800";"";"TV_CHIRCHIQ"
+ "LA DEJIA XITOY OSHXONASI";"+998 (00) 000-00-00";"";"TSH_CHILONZOR"
+ "LADUSHKI TRADING";"998903457";"";"TSH_MIRZO_ULUGBE"
+ "LADY GULI MCHJ";"998998023355";"";"TSH_MIRZO_ULUGBE"
+ "LAGMANCHIK N1";"+998 (00) 000-00-00";"";"TSH_YAKKASAROY"
+ "LAGMAN &  MANGAL";"+998909121505";"";"TSH_BEKTEMIR"
+ "LAGORA";"+(99) 890-1155";"";"TV_ORTA_CHIRCHIK"
+ "LAGUSTO";"+998 (93) 314-15-14";"";"TSH_CHILONZOR"
+ "Lajiya lagmonhonasi";"+998777765667";"";"TSH_SERGELI"
+ "LALAKU";"+998903570039";"";"TSH_SERGELI"
+ "LALAKU";"998998045999";"";"TSH_YASHNABOD"
+ "LALAKU MAGAZIN";"+998 (99) 804-59-99";"";"TSH_YASHNABOD"
+ "LALAKU MAGAZIN";"+998 (77) 001-00-05";"";"TSH_MIRZO_ULUGBE"
+ "LALAKU MAGAZIN";"998970088487";"";"TSH_SERGELI"
+ "LALAKU MAGAZIN";"+998 (99) 804-59-99";"";"TSH_YASHNABOD"
+ "LALI Family Garden";"+998503335757";"";"TSH_YUNUSOBOD"
+ "LA MAKON HORECA MCHJ";"+998906840551";"";"TSH_YASHNABOD"
+ "LAMEREAL TRADE  XK";"+(97) 400-0708";"";"TSH_MIRZO_ULUGBE"
+ "Lamiya Kuhna";"+998911765623";"";"TSH_SERGELI"
+ "LANDSCAPE OF GOLDEN VALLEY  MCHJ";"998935132155";"";"TSH_YASHNABOD"
+ "LANF SAVDO";"+998 (97) 708-18-34";"";"TSH_CHILONZOR"
+ "LANF SAVDO";"998977081834";"";"TSH_CHILONZOR"
+ "LA SHAFAR BUSINESS  MCHJ";"+(99) 895-4500";"";"TV_ZANGIOTA"
+ "LASKAR  XF";"998946757216";"";"TV_KIBRAY"
+ "LA SMART TRADE 01 MCHJ";"998912637670";"";"TSH_SHAYHONTOHUR"
+ "LA SMART TRADE 01 MCHJ";"998936153604";"";"TSH_MIRZO_ULUGBE"
+ "LATIFJON OTA GOLD  MCHJ";"+998 (93) 608-99-99";"";"TV_ANGREN"
+ "LATIPA SADIKOVA YTT";"998935431";"";"TSH_YUNUSOBOD"
+ "LATIPOV QOBIL  YTT";"+998934854543";"";"TV_ZANGIOTA"
+ "LATIPOV SHOHRUH  YTT";"998339684151";"";"TSH_YASHNABOD"
+ "LATOFAT DILNOZA FARM";"+998 (91) 923-67-14";"";"TSH_UCHTEPA"
+ "LATOFATXON FAYZ OMAD OK";"998935382673";"";"TV_OHANGARON"
+ "LAVASH HAGGI Bir zumda(brodvey)";"+998900067106";"";"TSH_YUNUSOBOD"
+ "LAYK TRED";"+(90) 174-3550";"";"TSH_SHAYHONTOHUR"
+ "LAYLO PLYUS SHUXRAY YTT";"+998 (93) 494-04-05";"";"TV_PARKENT"
+ "LAZIZA BONU MCHJ";"998904161";"";"TV_CHIRCHIQ"
+ "LAZIZA NARGIZA FARM";"+998 (88) 703-09-18";"";"TSH_CHILONZOR"
+ "LAZIZA ROBIYA  OK";"998935631";"";"TV_KIBRAY"
+ "LAZIZAXONIM";"+998 (99) 870-12-12";"";"TSH_YANGIXAYOT"
+ "LAZIZBEK ABDULATIF";"998997374449";"";"TSH_OLMAZOR"
+ "LAZIZBEK OMAD SAVDO  MCHJ";"(99) 890-6648";"";"TV_ORTA_CHIRCHIK"
+ "LAZIZBEK ULUGBEK  YTT";"+(99) 897-8720";"";"TV_ORTA_CHIRCHIK"
+ "LAZOKAT MUXABAT  XK";"99876167778";"";"TV_CHIRCHIQ"
+ "Lazzaro Burger Pizza";"+998946252212";"";"TSH_UCHTEPA"
+ "LAZZAT KAFE";"+998937805560";"";"TSH_YUNUSOBOD"
+ "LAZZAT MARKET YTT";"+998 (97) 369-45-58";"";"TV_YANGI_YUL"
+ "LEADER PHARM";"+998 (94) 751-99-66";"";"TSH_YUNUSOBOD"
+ "LEAL FARMASTE";"+998 (97) 788-70-15";"";"TSH_OLMAZOR"
+ "LEAL FARMASTE";"+998 (93) 055-44-66";"";"TSH_OLMAZOR"
+ "LEKAR MED MCHJ";"+998 (91) 966-99-91";"";"TSH_CHILONZOR"
+ "LEKLAYN FARM";"+998 (93) 282-18-76";"";"TSH_OLMAZOR"
+ "LENTA BIZNES MCHJ";"+998978052390";"";"TV_YANGI_YUL"
+ "LEYLEK KIDS";"+998 (88) 818-44-14";"";"TSH_CHILONZOR"
+ "LFAA HAMKOR  MCHJ";"700461234";"";"TSH_UCHTEPA"
+ "LIFE MARKET MCHJ";"998998220";"";"TSH_OLMAZOR"
+ "LIFE TREDE SERVISE OK";"998905824";"";"TSH_SHAYHONTOHUR"
+ "LIGA XK";"94 369 06 89";"";"TV_OLMALIK"
+ "LIKE SUSHI";"+998919122777";"";"TSH_MIRZO_ULUGBE"
+ "LILYA TRADE MCHJ";"+998 (97) 268-40-40";"";"TSH_MIROBOD"
+ "LOBAR LUTFULLO BIZNES MCHJ";"+998 (93) 767-8";"";"TSH_CHILONZOR"
+ "LOBAR POZILOVA ISRAILOVNA YTT";"+(99) 897-2605";"";"TSH_SERGELI"
+ "LOCHIN FARM";"+998 (90) 924-37-44";"";"TSH_SERGELI"
+ "LODIY DOKONI";"998909772330";"";"TV_TUMANI"
+ "LODYY";"998998856162";"";"TV_TUMANI"
+ "LOKATSIYA MARKET MCHJ";"+(99) 890-8862";"";"TSH_SERGELI"
+ "LOKO MARKET MCHJ";"99846659556";"";"TSH_MIRZO_ULUGBE"
+ "LOLA MARKET";"998991118990";"";"TV_CHIRCHIQ"
+ "LOLA XILOLA BIZNES MCHJ";"+998998731821";"";"TSH_YUNUSOBOD"
+ "LOLAXON HADICHA FAYZ MCHJ";"(99) 893-5714";"";"TSH_SERGELI"
+ "LOLO MARKET";"998983135868";"";"TSH_YUNUSOBOD"
+ "LOLO MARKET";"998983135";"";"TSH_YUNUSOBOD"
+ "LONDON-BIZNES  MCHJ";"+998 (90) 811-3";"";"TSH_CHILONZOR"
+ "LONG TERM TRADE";"998909575556";"";"TSH_MIRZO_ULUGBE"
+ "LORINGOMED PRO";"+998 (90) 128-55-00";"";"TSH_OLMAZOR"
+ "LOS ANGELES CHP";"998993731";"";"TSH_SHAYHONTOHUR"
+ "LOTE MART  MCHJ";"+712151821";"";"TSH_SERGELI"
+ "LOTOS FARM";"+998 (88) 700-47-10";"";"TSH_YASHNABOD"
+ "LOUNGE MEET CAFE 24/7";"+998949882524";"";"TSH_YASHNABOD"
+ "LOVELY CHOCOLATE";"+998 (90) 377-40-00";"";"TSH_SHAYHONTOHUR"
+ "LOVELY CHOCOLATE";"+998 (93) 586-36-56";"";"TSH_SHAYHONTOHUR"
+ "LOYAL SHOP  MCHJ";"998946897566";"";"TSH_YUNUSOBOD"
+ "LOYIQ AKA 4.66";"991350492";"";"TSH_UCHTEPA"
+ "LSM FARM";"998901277447";"";"TV_CHIRCHIQ"
+ "LUCK BRANCH STAR";"+998 (33) 500-00-01";"";"TV_YANGI_YUL"
+ "LUCKY LIFE";"+998 (90) 939-50-41";"";"TSH_YASHNABOD"
+ "LUCKY LIFE  MCHJ";"998932920990";"";"TSH_BEKTEMIR"
+ "LUIZA AZIM 777  MCHJ";"998995687979";"";"TV_CHIRCHIQ"
+ "LUTFULLA N YTT";"+998 (71) 227-77-70";"";"TSH_OLMAZOR"
+ "LUTFULLAYEV JASURBEK  YTT";"+998998799";"";"TSH_YANGIXAYOT"
+ "LUXURY FOOD  MCHJ";"998500402043";"";"TSH_YUNUSOBOD"
+ "LUXURY FOOD  MCHJ";"998500402043";"";"TSH_YUNUSOBOD"
+ "LUXURY MEAT MCHJ";"998881417997";"";"TSH_YUNUSOBOD"
+ "Machete Game Club";"+998909047801";"";"TSH_UCHTEPA"
+ "MADAD FARM";"+998 (71) 225-59-19";"";"TSH_YUNUSOBOD"
+ "MADAD MED";"+998 (94) 644-32-13";"";"TSH_SERGELI"
+ "MADALI AND ASMIRA  MCHJ";"+(99) 891-3393";"";"TSH_SHAYHONTOHUR"
+ "MADAMINOTA MARKET  MCHJ";"99883252530";"";"TSH_CHILONZOR"
+ "MADAMINOVA MADINA YTT";"+998 (71) 298-66-62";"";"TV_YANGI_YUL"
+ "MADAMINOVA SAYYARA YTT";"99875990550";"";"TV_CHIRCHIQ"
+ "MADAMINOV ISLOMJON MAXMUD OGLI  YTT";"998888885316";"";"TSH_MIRZO_ULUGBE"
+ "MADAMINOV YAXYO  YTT";"+998 (93) 604-00-42";"";"TV_ANGREN"
+ "MADINA ABDULLOH BARAKA  MCHJ";"998935861";"";"TSH_SHAYHONTOHUR"
+ "MADINA AZIZ QIZI AGZAMOVA";"+998 (94) 685-83-08";"";"TSH_MIROBOD"
+ "MADINA BIZNES FARM";"998909518875";"";"TSH_YASHNABOD"
+ "MADINA BIZNES SAVDO";"998770172656";"";"TV_YANGI_YUL"
+ "MADINABONU BIZNES  XK";"+998 (90) 354-51-15";"";"TV_TOYTEPA"
+ "MADINA DILSHOD SAVDO";"998990334020";"";"TSH_BEKTEMIR"
+ "MADINA FOOD";"+998 (97) 710-64-81";"";"TSH_CHILONZOR"
+ "MADINA FOOD M.T";"+998951952995";"";"TSH_YASHNABOD"
+ "MADINA OFTOBHON FARM";"+998 (97) 727-63-06";"";"TSH_BEKTEMIR"
+ "MADINA OMAD";"+998 (88) 001-09-09";"";"TV_YANGI_YUL"
+ "MADINA-OYBEK  MCHJ";"998997856930";"";"TV_ZANGIOTA"
+ "MADINA SHIFO NUR 1   MCHJ";"998997999929";"";"TSH_OLMAZOR"
+ "MADINA SHIFO NUR  MCHJ";"998773751179";"";"TSH_CHILONZOR"
+ "MADINAT AL SALAM XK";"(99) 893-5101";"";"TSH_CHILONZOR"
+ "MADINAXON MARKET YTT";"+998996371077";"";"TV_PARKENT"
+ "MADINA YANGI MARKET XK";"(99) 899-9255";"";"TSH_CHILONZOR"
+ "Madiyarova Nodira YTT";"+998999303696";"";"TV_OLMALIK"
+ "MADOR MILLIY TAOMLARI";"+998935172333";"";"TSH_OLMAZOR"
+ "MADRAIMOVA GULCHEHRA";"+998 (93) 188-79-49";"";"TV_OHANGARON"
+ "MADRAXIMOV XAYRULLO  YTT";"998995330347";"";"TV_TUMANI"
+ "MADRIMOVA MUXABBO YTT";"998917983511";"";"TSH_MIRZO_ULUGBE"
+ "MAFTUNA MARJONA PLUS MCHJ";"998992360";"";"TSH_MIRZO_ULUGBE"
+ "MAFTUNA NAZAROVA MUXIDDINOVNA  YTT";"+(99) 899-1530";"";"TSH_SERGELI"
+ "MAGAZ-07 MCHJ";"+998 (90) 844-91-11";"";"TSH_CHILONZOR"
+ "MAGAZ-OK OK";"998974248";"";"TSH_YASHNABOD"
+ "MAGIC SHOP  MCHJ";"998935533639";"";"TSH_YUNUSOBOD"
+ "MAGMUTOV RAXMANJAN YTT";"998973042222";"";"TV_ZANGIOTA"
+ "MAGNA GROUP FAMILY OK";"+998 (90) 973-45-55";"";"TV_TOYTEPA"
+ "MAGNUM";"";"";"TSH_CHILONZOR"
+ "MAGSNAB  MCHJ";"+998945382042";"";"TV_TUMANI"
+ "MAHALLA 90";"";"";"TSH_YUNUSOBOD"
+ "MAHALLA MILLIY TAOMLAR";"+999998211851";"";"TSH_SHAYHONTOHUR"
+ "MAHAMADALIYEV  QUTBIDDIN SAYFUTDINOVICH  YTT";"+(99) 890-9458";"";"TSH_UCHTEPA"
+ "MAHKAMBAEV  XK";"998992906666";"";"TV_TUMANI"
+ "MAHKAM NUR FAYZ  MCHJ";"+(99) 899-8138";"";"TSH_UCHTEPA"
+ "MAHKAMOVA F";"998971332";"";"TSH_YUNUSOBOD"
+ "MAHKAMOVA GULCHEXRA";"+998 (94) 011-28-68";"";"SR_QUYI_CHIRCHIK"
+ "MAHKAMOVA HOLIDA YTT";"998903296";"";"TV_CHIRCHIQ"
+ "MAHMADAMINOV ASROR  YTT";"998976170790";"";"TSH_SERGELI"
+ "MAHMADUSTOVA SOHIBA ORAL QIZI  YTT";"998940311957";"";"TV_CHIRCHIQ"
+ "MAHMUDOVA NODIRA YATT";"+(99) 899-2724";"";"TV_BOKA"
+ "MAHMUDOVA SEVARA  YTT";"+998977556369";"";"TV_ZANGIOTA"
+ "MAHMUDOVICH GROUP  MCHJ";"998884113399";"";"TSH_YUNUSOBOD"
+ "MAHMUDOV NOSIRJON SHAVKAT OGLI  YTT";"+(99) 898-1555";"";"TSH_SERGELI"
+ "MAHMUDOV XASAN  YTT";"+998 (99) 900-28-90";"";"TV_YANGI_YUL"
+ "MAJESTIC CONSULTOR GOLD PORT MCHJ";"998949415";"";"TSH_YASHNABOD"
+ "MAJIDOVA GUZAL";"90 678 60 68";"";"TSH_UCHTEPA"
+ "MAJIDOVA SHOIRA YATT";"+(99) 899-7930";"";"TV_BOKA"
+ "MAJIT OTA MCHJ";"998999210";"";"TSH_OLMAZOR"
+ "MAJITOVLAR  OK";"998903462545";"";"TV_CHIRCHIQ"
+ "MAJITOV SHODIYOR  YTT";"998883357997";"";"TV_CHIRCHIQ"
+ "MAKETIM MARKET  OK";"99872648364";"";"TV_KIBRAY"
+ "MAKHA GROUP  XK";"998993931661";"";"TSH_CHILONZOR"
+ "MAKON M.T";"+998993966366";"";"TSH_YUNUSOBOD"
+ "MAKON M.T";"+998996440474";"";"TSH_YUNUSOBOD"
+ "MAKON STORE";"998999315";"";"TSH_SHAYHONTOHUR"
+ "Makro";"";"";"TSH_BEKTEMIR"
+ "Makro";"";"";"TSH_SERGELI"
+ "MAKS BIZNES";"(99) 897-7015";"";"TSH_CHILONZOR"
+ "MAKS FRESH BIZNES MCHJ";"+998 (93) 600-52-02";"";"TV_OLMALIK"
+ "MAKSUDOV BAHROM  YTT";"998974507059";"";"TSH_YASHNABOD"
+ "MAKSUDOV NODIR MIROLIMOVICH  YTT";"998900033443";"";"TSH_BEKTEMIR"
+ "MALAGMAN";"+998 (00) 000-00-00";"";"TSH_YAKKASAROY"
+ "Malak Home MCHJ";"+998881919996";"";"TSH_SERGELI"
+ "MALAK MARKET  MCHJ";"+(99) 888-1919";"";"TSH_SERGELI"
+ "MALHAM GROUP MCHJ";"+998 (88) 141-20-24";"";"TSH_MIROBOD"
+ "MALIAN";"+998 (97) 735-20-17";"";"TSH_CHILONZOR"
+ "Malika";"+998977123432";"";"TSH_SERGELI"
+ "MALIKA BEGIM GOLD  MCHJ";"998901184545";"";"TV_ZANGIOTA"
+ "MALIKA DSH  XK";"998998335633";"";"TSH_MIRZO_ULUGBE"
+ "MALIKA FARXAT";"998997604999";"";"TV_PARKENT"
+ "MALIKA GULI";"998902997091";"";"TSH_OLMAZOR"
+ "Malika Hotel";"+998900081232";"";"TSH_CHILONZOR"
+ "MALIKAKOMIL  MCHJ";"+998943711";"";"TSH_MIROBOD"
+ "MALIKA MARKET YTT";"+998 (98) 123-25-63";"";"TV_YANGI_YUL"
+ "MALIKA MOHINURBEGIM XK";"(99) 891-7800";"";"SR_QUYI_CHIRCHIK"
+ "MALIKAXON FAYZ 2";"998996546";"";"TV_BOSTONLIQ"
+ "MALIKAXON FAYZ SAVDO XK";"998990549";"";"TV_BOSTONLIQ"
+ "MALIKAXON OMAD MARKET MCHJ";"998971005";"";"TSH_YUNUSOBOD"
+ "MALIKBIZNES MCHJ";"+(97) 157-2010";"";"TSH_SERGELI"
+ "Malik Broast";"+998996990299";"";"TSH_CHILONZOR"
+ "MALIKOOVA GULNORA YTT";"+998 (99) 989-46-46";"";"TV_PARKENT"
+ "MALIKOVA DILOBAR";"998909330200";"";"TSH_OLMAZOR"
+ "MALIKOV BAXODIR ABDURASULOVICH YTT";"998974298146";"";"TSH_YUNUSOBOD"
+ "MALIKOV BOBURJON";"+998 (99) 516-09-92";"";"TV_ZANGIOTA"
+ "MALIKOV SHAHBOZ YTT";"+998 (93) 160-24-07";"";"TV_OLMALIK"
+ "MALINKA MCHJ";"+998 (90) 995-00-06";"";"TSH_YUNUSOBOD"
+ "MALLABOYEVA MUXAYYO O.K";"998935076848";"";"TSH_MIRZO_ULUGBE"
+ "MALLAYEVA DILOROM  YTT";"+(99) 891-1651";"";"TSH_MIROBOD"
+ "MALL HOUSE ELITE";"+998 (99) 553-33-35";"";"TSH_YUNUSOBOD"
+ "MALUMA GOZAL  MCHJ";"+(99) 899-8683";"";"TV_ZANGIOTA"
+ "MAMADALIYEVA MAXSUMA  YTT";"+998 (94) 933-17-74";"";"TV_ANGREN"
+ "MAMADALIYEVA  SAIDA YTT";"998944095555";"";"TSH_YUNUSOBOD"
+ "MAMADALIYEV MAMURJAN  YTT";"+998977052009";"";"TV_YANGI_YUL"
+ "MAMADALIYEV MUHAMMADJON  YTT";"998974290007";"";"TV_KIBRAY"
+ "MAMADISAYEVA SHAHIDA YATT";"+998 (97) 877-32-74";"";"TV_TOYTEPA"
+ "MAMAJONOV SHOVKAT  YTT";"+(99) 897-4027";"";"SR_QUYI_CHIRCHIK"
+ "MAMANAZIROVA DILOROMXON YTT";"+(99) 894-6482";"";"TV_OHANGARON"
+ "MAMANOVA FERUZA YTT";"(99) 895-0410";"";"SR_QUYI_CHIRCHIK"
+ "MAMARASULOV SHERZOD  YTT";"+998935965";"";"TSH_SERGELI"
+ "MAMARAXIMOV IZZATILLA YTT";"(93) 608-0033";"";"TV_ORTA_CHIRCHIK"
+ "MAMARAXIMOV SARDORBEK YYT";"+998 (93) 210-44-49";"";"TV_OLMALIK"
+ "MAMARAZZOKOV MEXRIDDIN  YTT";"998971414243";"";"TSH_MIRZO_ULUGBE"
+ "MAMASOBIROVA DURDONA YTT";"+998 (99) 809-93-77";"";"TV_ANGREN"
+ "MAMASOLIYEVA IRODAXON  YTT";"+(99) 891-1273";"";"TSH_SERGELI"
+ "MAMATKULOVA MUXAYYO XUSAN QIZI";"+998 (93) 627-44-43";"";"TV_TOYTEPA"
+ "MAMATKULOV DILMUROD XAMIDULLAEYICH";"998900312381";"";"TV_OHANGARON"
+ "MAMATKULOV MUSLIDDIN YTT";"+998 (90) 110-96-02";"";"SR_QUYI_CHIRCHIK"
+ "MAMATKULOV NODIR OLIMOVICH  YTT";"998973815114";"";"TSH_YASHNABOD"
+ "MAMATOVA GULNOZA YTT";"+(99) 897-6551";"";"TV_YANGI_YUL"
+ "MAMATOVA NILUFAR YTT";"998774929622";"";"TV_OHANGARON"
+ "MAMATOV FARXOD YTT";"+(99) 893-4765";"";"TV_OHANGARON"
+ "MAMATOV QAYUM";"+998 (94) 677-20-11";"";"TSH_SERGELI"
+ "MAMATQOBILOV UMURZOQ YTT";"998931665";"";"TSH_YUNUSOBOD"
+ "MAMATQULOVA MAHLIYA BAXRAMOVNA";"+998 (99) 849-16-94";"";"TV_OLMALIK"
+ "MAMATQULOVA NASIBA  YTT";"998917789";"";"TV_CHIRCHIQ"
+ "MAMATQULOV BOBOMUROD  YTT";"+998 (97) 751-3";"";"TSH_MIROBOD"
+ "MAMATQULOV MURODJON YATT";"+(99) 894-2128";"";"TV_BOKA"
+ "MAMATRIZAYEV SHOXRO'Z  YTT";"+998994019988";"";"TV_OLMALIK"
+ "MAMATXANOV JASUR  YTT";"998998452535";"";"TV_TUMANI"
+ "MAMETOV ALIJON  YTT";"998996457785";"";"TV_TUMANI"
+ "MAMIROV DILSHODBEK O'KTAM OGLI";"+998907708601";"";"TSH_YUNUSOBOD"
+ "MAMIROV DIMA YTT";"998909858";"";"TSH_BEKTEMIR"
+ "MAMLAKAT MARKET MCHJ";"998966000";"";"TV_KIBRAY"
+ "MAMMAZIMOV SHOXRUX  YTT";"99859925922";"";"TV_KIBRAY"
+ "MAMURJONXOJI OTA  MCHJ";"998338917554";"";"TSH_BEKTEMIR"
+ "MA'MUR OTA BARAKA OK";"998935469199";"";"TV_KIBRAY"
+ "MAMUROV ISMOIL  YTT";"+881442511";"";"TSH_SERGELI"
+ "MAMUROV MANSURJON  YTT";"998917437190";"";"TSH_BEKTEMIR"
+ "MANBA PLUS OK";"998951117363";"";"TSH_SHAYHONTOHUR"
+ "MANDARIN1";"+998 (93) 968-90-08";"";"TSH_CHILONZOR"
+ "MANDARIN MARKET BARAKA MCHJ";"+998881304555";"";"TSH_SHAYHONTOHUR"
+ "Mangal Time";"+998844121200";"";"TSH_SERGELI"
+ "MANGO SHIRIN  MCHJ";"+(94) 829-0873";"";"TV_YANGI_YUL"
+ "Manilshoh farm";"(90) 891-9199";"";"TSH_YUNUSOBOD"
+ "MANIT FARIM";"+998 (99) 857-62-64";"";"TSH_SERGELI"
+ "MANNANOVA UMIDA ABDULXAYEVNA  YTT";"998946921";"";"TSH_OLMAZOR"
+ "MANNAPOVA DILDORA  YTT";"(93) 234-9175";"";"TV_OHANGARON"
+ "MANNOPOV BEKMUROD YTT";"998977646";"";"TV_KIBRAY"
+ "MANNOPOV D D YTT";"+(99) 890-7569";"";"TSH_CHILONZOR"
+ "MANNOPOV UMIDJON XK";"+(99) 897-7167";"";"TSH_CHILONZOR"
+ "MANOPOV XUSHNUD YTT";"+998 (93) 481-02-65";"";"TV_PARKENT"
+ "MANSUR AZIZBEK FARM MCHJ";"998901528623";"";"TSH_CHILONZOR"
+ "MANSUROV JASUR  YTT";"+998 (99) 843-46-66";"";"TV_ZANGIOTA"
+ "MANSUROV SARVAR SURATOVICH YTT";"998946906883";"";"TSH_YUNUSOBOD"
+ "MANSUROV SHORUSTAM  YTT";"998944081800";"";"TV_ZANGIOTA"
+ "MANTI-GUMMA-XONIM";"+998777927174";"";"TSH_YUNUSOBOD"
+ "MANZURA FARM";"+998 (97) 477-04-64";"";"TSH_SERGELI"
+ "MANZUR MARKET XK";"998987775353";"";"TSH_YUNUSOBOD"
+ "MAQSAD BIZNES FARM";"+998 (90) 910-33-55";"";"TSH_BEKTEMIR"
+ "MAQSAD FARM";"+998 (90) 910-33-55";"";"TSH_BEKTEMIR"
+ "MAQSAD FARM";"+998 (90) 910-33-55";"";"TSH_BEKTEMIR"
+ "MAQSUDOVA FATIMA  YTT";"998333340011";"";"TSH_SHAYHONTOHUR"
+ "MAQSUDOV ZIYOUDDINXON BAHODIRXON O'G'LI  YTT";"998951900011";"";"TSH_OLMAZOR"
+ "MARAJAPOV BAXODIR  YTT";"936088096";"";"TV_PARKENT"
+ "MARASULOV ABDIXAMIT";"+998 (94) 947-61-01";"";"TV_OLMALIK"
+ "MARDON 777 YTT";"+(99) 895-8506";"";"TSH_YAKKASAROY"
+ "MARDON DAVRON FARM MCHJ";"+998 33 127 35 35";"";"TV_BOKA"
+ "MARIFXANOV JAMOLIDDIN FAHRIDDINOVICH  YTT";"+(99) 897-1997";"";"TSH_UCHTEPA"
+ """Mari Pharm"" MCHJ";"";"";"TSH_BEKTEMIR"
+ "MARJONA MCHJ";"+998 (99) 887-10-41";"";"TV_PARKENT"
+ "MARJONA OMAD XK";"(99) 898-3121";"";"TSH_MIROBOD"
+ "MARJONA SHUKRONA BUSINESS XK";"998917776";"";"TV_CHIRCHIQ"
+ "MARJON BOBUR JASMINA  MCHJ";"+998 93 305 64 00";"";"TV_ORTA_CHIRCHIK"
+ "MARJON MILLIY TAOMLARI";"+998999985444";"";"TSH_YASHNABOD"
+ "MARKAZ KAFE";"+998935662266";"";"TSH_YUNUSOBOD"
+ "MARKET";"+998 (88) 202-21-21";"";"TSH_YAKKASAROY"
+ "MARKET";"+998 (91) 795-06-66";"";"TV_YANGI_YUL"
+ "MARKET 23";"+998 (97) 940-18-16";"";"TV_PARKENT"
+ "MARKET AL KABIR MCHJ";"998983081";"";"TSH_YUNUSOBOD"
+ "MARKET CITY MCHJ";"+(99) 888-1745";"";"TSH_YAKKASAROY"
+ "MARKET DIYDOR BIZNES  MCHJ";"998974543777";"";"TV_TUMANI"
+ "MARKETMANIA  XK";"998974705522";"";"TSH_SHAYHONTOHUR"
+ "MARKET MASSIVV  XK";"998996965906";"";"TSH_MIRZO_ULUGBE"
+ "MARKET MMM FAMILY MCHJ";"998936393";"";"TSH_YASHNABOD"
+ "MARKET ORZU MCHJ";"998973971";"";"TSH_YUNUSOBOD"
+ "MARKET RAYYONA  MCHJ";"(99) 894-4676";"";"TV_OLMALIK"
+ "Marmara Restaran";"+998973662525";"";"TSH_SERGELI"
+ "MARMAR FARTUNA OK";"998909963";"";"TSH_BEKTEMIR"
+ "MARS FAMILY OK";"998972636";"";"TSH_BEKTEMIR"
+ "MARUF BARAKA DOKONI  MCHJ";"998954995552";"";"TSH_YASHNABOD"
+ "MARVARID Oilaviy Restoran";"+998946025956";"";"TSH_YUNUSOBOD"
+ "MARVARID TREDING";"998993991551";"";"TV_PARKENT"
+ "MARVELOUS SALES  MCHJ";"998970012231";"";"TSH_MIRZO_ULUGBE"
+ "MARXAMAD MCHJ";"+(99) 899-7212";"";"TSH_MIROBOD"
+ "MARXAMAT MED PHARM  MCHJ";"998946340000";"";"TSH_SHAYHONTOHUR"
+ "MARXUMOV XUSNUDIN YTT";"(99) 899-0600";"";"SR_QUYI_CHIRCHIK"
+ "MASHARIPOVA GULBAHOR  YTT";"998936662363";"";"TV_ANGREN"
+ "MASHARIPOVA MADINA  YTT";"+998 (99) 406-02-04";"";"TV_ZANGIOTA"
+ "MASHARIPOV SHAVKAT  YTT";"998998760078";"";"TSH_CHILONZOR"
+ "MASHHURBEK FARM  MCHJ";"+998931029996";"";"TSH_SERGELI"
+ "MASHRUBA-BAHODIR  MCHJ";"";"";"TV_PARKENT"
+ "MASHXURA BILOL BIZNES MCHJ";"99873450586";"";"TV_CHIRCHIQ"
+ "MASIDIKOV IXTIYOR YTT";"+998 (99) 082-97-27";"";"TV_OLMALIK"
+ "MASIDIKOVVA RUXSHONA  YTT";"+998 (94) 213-98-95";"";"TV_ANGREN"
+ "MASSIDDINOV SUXROB YTT";"998917783883";"";"TV_CHIRCHIQ"
+ "MASSRESALE MARKET MCHJ";"933770951";"";"TSH_SERGELI"
+ "MASTAVAJON Uyg'ur taomlari";"+998996574488";"";"TSH_YUNUSOBOD"
+ "MASTER SHOP TRADE  MCHJ";"998946513";"";"TSH_SHAYHONTOHUR"
+ "MASTONA BONU  MCHJ";"998917760144";"";"TV_BOSTONLIQ"
+ "MASTONA BONU  MCHJ-2";"998951690050";"";"TV_CHIRCHIQ"
+ "MASTONA BONU  MCHJ-3";"998977772896";"";"TV_CHIRCHIQ"
+ "MASTURA ONA XK";"+998 (88) 539-61-66";"";"TV_TOYTEPA"
+ "MASUDJON MAMURJON OGLI YTT";"998998817265";"";"TSH_YUNUSOBOD"
+ "MATKARIMOVA SHAXLO YTT";"+998 (94) 650-76-03";"";"TV_OLMALIK"
+ "MATKASIMOVA AKIDA  YTT";"+998 (94) 409-38-88";"";"TV_ANGREN"
+ "MATKASIMOVA DILDORA  YTT";"+998 (99) 539-61-36";"";"TV_ANGREN"
+ "MATLUBA BEGIM FARZANDLARI  XK";"+998 (90) 320-94-44";"";"TSH_UCHTEPA"
+ "MATLUBA OMAD PLYUS  MCHJ";"(94) 937-8999";"";"TV_OLMALIK"
+ "MATLUBA SADIYA MARKET OK";"998998730821";"";"TSH_BEKTEMIR"
+ "MATLUBA SAVDO  XK";"+998974450059";"";"TV_ZANGIOTA"
+ "MATLUBAXON ONA OMAD XK";"+998 (99) 909-01-40";"";"TV_OHANGARON"
+ "MATLYUBA BEGIM FARZANDLARI  OK";"+(99) 899-9426";"";"TSH_OLMAZOR"
+ "MATNAZAR FARM";"998936078889";"";"TV_CHIRCHIQ"
+ "MATQOBILOVA EZOZAXON";"+998 (91) 164-60-70";"";"TV_OLMALIK"
+ "MATSKO VADIM YUREVICH YTT";"998977865577";"";"TSH_YASHNABOD"
+ "MATYAKUPOV BAHRAM YULDASHOVICH XK";"998946906";"";"TSH_MIRZO_ULUGBE"
+ "Mavi Restoran";"+998914131002";"";"TSH_SERGELI"
+ "MAVJUDA AYA  MCHJ-2";"998909697";"";"TSH_OLMAZOR"
+ "MAVJUDA AYA YTT";"998998145";"";"TSH_OLMAZOR"
+ "MAVJUDA INAYATOVNA KIPCHAKOVA YTT";"+(99) 899-8815";"";"TSH_YANGIXAYOT"
+ "MAVJUDA OPA MARKET  XK";"+998999999";"";"TSH_SERGELI"
+ "MAVJUDA XALOL SAVDO  OK";"+(99) 895-0900";"";"TV_ORTA_CHIRCHIK"
+ "MAVJUTALIYEV AZIZBEK  YTT";"+998 (94) 148-00-80";"";"TV_ANGREN"
+ "MAVLON M MARKET MCHJ";"998900054425";"";"TSH_SHAYHONTOHUR"
+ "MAVLONOVA NARGIZA YTT";"99883459777";"";"TV_CHIRCHIQ"
+ "MAVLONOV BAHODIR BOTIROVICH YTT";"+(99) 898-3644";"";"TSH_YANGIXAYOT"
+ "MAVLONOV FAZLIDDIN KUVANDIKOVICH YTT";"+(99) 891-5038";"";"TSH_SERGELI"
+ "MAVLUDA AROFAT OMAD FAYZ  OOO";"998935333135";"";"TV_TUMANI"
+ "MAVLUDAXON XOJIAYA MCHJ";"+998 (90) 398-79-98";"";"TV_TOYTEPA"
+ "MAVZUM";"+998 (94) 338-87-06";"";"TSH_UCHTEPA"
+ "MAVZUNA ZUMRAD  MCHJ-1";"998999528";"";"TSH_BEKTEMIR"
+ "MAXAMADJONOV YTT";"+(94) 050-5400";"";"TV_ZANGIOTA"
+ "MAXAMAJONOV KAMOLIDDIN FAXRIDDIN OGLI";"+998 (93) 108-01-42";"";"TV_PISKENT"
+ "MAXAMATJON OTA MCHJ";"+998 (99) 468-88-68";"";"TSH_UCHTEPA"
+ "MAXAMEDOVA MALOHAT  YTT";"+998909827662";"";"TSH_CHILONZOR"
+ "MAXAMEDOV MAMURJON  YTT";"998973435";"";"TV_TUMANI"
+ "MAXAMMADIYEV OLMOS MCHJ";"+(97) 633-1099";"";"TSH_SERGELI"
+ "MAXATOV MUHAMMADIYOR";"+998 (88) 198-86-18";"";"SR_QUYI_CHIRCHIK"
+ "MAX BIZNES FARM";"+998 (99) 550-03-43";"";"TSH_OLMAZOR"
+ "MAXBUBA MASHXURA FAYZ FX";"(99) 894-4291";"";"SR_QUYI_CHIRCHIK"
+ "MAXBUBA XIDIROVA MIRZAXMATOVNA  YTT";"998917123660";"";"TSH_YUNUSOBOD"
+ "MAX FILMS MCHJ";"998946002";"";"TSH_OLMAZOR"
+ "MAXIMA FARM";"+998 (99) 796-79-46";"";"TSH_YAKKASAROY"
+ "MAXIMUM BIZNES MCHJ";"998909017210";"";"TV_OHANGARON"
+ "MAXKAMBOYEV KAMOLIDDIN YTT";"(99) 899-5230";"";"SR_QUYI_CHIRCHIK"
+ "MAXKAMOVA FERUZA SHOKIRJONOVNA  YTT";"";"";"TV_KIBRAY"
+ "MAXKAMOVA MUHABBAT  YTT";"998975461020";"";"TV_CHIRCHIQ"
+ "MAXKAMOVA NODIRA  YTT  (ERKIN)";"998977729";"";"TV_ZANGIOTA"
+ "MAXKAMOV BURXON  YTT";"998977613073";"";"TV_TUMANI"
+ "MAXKAMOV DILMUROD YTT";"+998 88 114 71 73";"";"TV_YANGI_YUL"
+ "MAXKAMOV JAVOXIR  YTT";"+998977208378";"";"TV_ZANGIOTA"
+ "MAXKAMOV SANJAR YTT";"+998 (90) 961-11-11";"";"TSH_UCHTEPA"
+ "MAXKAMOV SHERZOD RASULJONOVICH";"+998 (95) 007-85-21";"";"TV_ANGREN"
+ "MAXKAMOV SHUXRAT YTT";"+998 (99) 404-38-54";"";"TV_OLMALIK"
+ "MAXKAMOV UMID  YTT";"+998 (97) 333-69-65";"";"TV_ZANGIOTA"
+ "MAXKAMOV XURSHID BOTIROVICH";"+998 (97) 351-08-25";"";"TSH_CHILONZOR"
+ "MAXMADALIYEV ASADBEK  YTT";"998974280180";"";"TSH_YASHNABOD"
+ "MAXMADALIYEV ULUGBEK  YTT";"+998974637744";"";"TSH_SHAYHONTOHUR"
+ "MAXMADAMENOV ASROR XK";"+(99) 897-6170";"";"TSH_CHILONZOR"
+ "MAXMATMUROD FARM BIZNESS";"+998 (93) 503-56-85";"";"TSH_SHAYHONTOHUR"
+ "MAXMUDA JURAYEVA YTT";"998935852309";"";"TSH_MIRZO_ULUGBE"
+ "MAXMUD ASIL BARAKA  MCHJ";"998958371";"";"TSH_MIRZO_ULUGBE"
+ "MAXMUD FAYZ BARAKA MCHJ";"+(99) 895-8176";"";"TSH_MIROBOD"
+ "MAXMUDJON AXMEDOV  YTT";"+998971222280";"";"TV_ZANGIOTA"
+ "MAXMUDJON SADULLA  MCHJ";"998990873550";"";"TV_TUMANI"
+ "MAXMUD MARKET";"+998 (90) 955-14-15";"";"TSH_YANGIXAYOT"
+ "MAXMUD MAXSUD MOVLON MUMTOZ  MCHJ";"+998994092";"";"TV_BOSTONLIQ"
+ "MAXMUDOVA ANORAXON MCHJ";"998950861";"";"TSH_OLMAZOR"
+ "MAXMUDOVA DILDOR BOBODUSTOVNA YTT";"+(99) 899-8343";"";"TSH_YANGIXAYOT"
+ "MAXMUDOVA OLTINOY   YTT";"998992727";"";"TV_CHIRCHIQ"
+ "MAXMUDOV SAIDMUXAMAD MCHJ";"+(99) 833-8505";"";"TSH_MIROBOD"
+ "MAXMUDOV SAMAD  YTT";"998900007776";"";"TSH_BEKTEMIR"
+ "MAXMUDOV T A YTT";"+(99) 890-9213";"";"TSH_UCHTEPA"
+ "MAXMUDOV VALIJON DOVLATOVICH YTT";"+(99) 890-1336";"";"TSH_YANGIXAYOT"
+ "MAXMUDOV ZIYODJON YTT";"(99) 899-8993";"";"TSH_CHILONZOR"
+ "MAXMUNA FARM";"+998 (97) 703-42-52";"";"TV_YANGI_YUL"
+ "MAXMUNA-PHARM";"+998 (97) 703-42-52";"";"TV_YANGI_YUL"
+ "MAXMUTOV BAURJON  YTT";"+(99) 890-3920";"";"TV_ORTA_CHIRCHIK"
+ "MAXPHARM TRADE  MCHJ";"998937775096";"";"TSH_CHILONZOR"
+ "MAX POWER MODERN MCHJ";"+998712651726";"";"TSH_MIRZO_ULUGBE"
+ "MAXSUDOV SAYDULLA LATIFXOJAEVICH YATT";"90 332 85 53";"";"SR_QUYI_CHIRCHIK"
+ "MAXSUMA ONA MARKET   MCHJ";"998917941";"";"TSH_SHAYHONTOHUR"
+ "MAXSUTOV ELYOR  YTT";"998909032000";"";"TSH_BEKTEMIR"
+ "MaxWay";"+998911762020";"";"TSH_CHILONZOR"
+ "MAYDON MARRKET  MCHJ";"+998 (77) 030-00-96";"";"TV_ANGREN"
+ "MAYIN SABO OK";"+998 (94) 394-97-76";"";"TV_PARKENT"
+ "MAYNUSOV RASUL YTT";"+998 (94) 942-48-41";"";"TV_OLMALIK"
+ "MAYRAM ONAXON XK";"998946737";"";"TSH_MIRZO_ULUGBE"
+ "MAZALI KABOB";"+998909095050";"";"TSH_YUNUSOBOD"
+ "MAZZA DELUXE MCHJ";"+998 (99) 460-88-78";"";"TV_YANGI_YUL"
+ "M-BAZAR GROUP XK";"97 446 66 90";"";"TSH_OLMAZOR"
+ "MCHAYITBOY DODA QISHLOQ HOJALIGI OZIQ OVQAT MARKETHJ";"998998868878";"";"TSH_SHAYHONTOHUR"
+ "MCHJ AS HAMKOR- SAVDO";"998995117228";"";"TSH_SHAYHONTOHUR"
+ "MCHJ ASIL KANSTAVAR";"998946460080";"";"TSH_YASHNABOD"
+ "MCHJ AVAZ SAVDO BUSSINES";"998912046";"";"TSH_BEKTEMIR"
+ "MCHJ BILOL ROBIYA RISQ";"998335383303";"";"TSH_BEKTEMIR"
+ "MCHJ BOBUR VA QOBUL";"998990730770";"";"TSH_SHAYHONTOHUR"
+ "MCHJ CHAYKA SHOP";"+998 (93) 501-11-02";"";"TSH_YUNUSOBOD"
+ "MCHJ CHINA GOLD TEXNIKA";"998910163636";"";"TSH_SHAYHONTOHUR"
+ "MCHJ DAVN-MARKET";"998900011200";"";"TSH_SHAYHONTOHUR"
+ "MCHJ DEKOR KANTROL SERVIS";"998936555077";"";"TSH_SHAYHONTOHUR"
+ "MCHJ DUNYO LIDER 777";"+998 (93) 353-00-25";"";"TV_OHANGARON"
+ "MCHJ ELIXIR GROUP";"+998 (93) 320-03-73";"";"TSH_SHAYHONTOHUR"
+ "MCHJ EVROFARMEKS";"+998 (91) 162-00-21";"";"TSH_SHAYHONTOHUR"
+ "MCHJ GENEROUS FARM";"+998 (90) 968-36-86";"";"TSH_OLMAZOR"
+ "MCHJ HUSAN BOBO MARKET";"998900674017";"";"TSH_SHAYHONTOHUR"
+ "mchj insof farm";"(99) 871-2948";"";"TSH_SERGELI"
+ "MCHJ INSOF FARM";"+998 (71) 294-85-87";"";"TSH_YASHNABOD"
+ "MCHJ JAMOLIDDIN BIZNES HOLDING";"998977710012";"";"TSH_SHAYHONTOHUR"
+ "MCHJ JAVLONBEK JASUR OMAD PLYUS";"(99) 893-7016";"";"TV_OLMALIK"
+ "MCHJ LEKLAYN FARM";"+998 (93) 563-55-68";"";"TSH_OLMAZOR"
+ "MCHJMERLIN SWEET GROUP";"998944212443";"";"TSH_BEKTEMIR"
+ "MCHJMERLIN SWEET GROUP";"998944212";"";"TSH_BEKTEMIR"
+ "MCHJ MIRORIP OTA";"998998318724";"";"TSH_SHAYHONTOHUR"
+ "MCHJ MOXI MALIKA";"+998 (99) 607-0";"";"TV_ORTA_CHIRCHIK"
+ "MCHJMUYASSARXNIM FAYZ";"998988094";"";"TSH_BEKTEMIR"
+ "MCHJ NAVROZ ABDUAHATOV";"998946938822";"";"TSH_SHAYHONTOHUR"
+ "MCHJ NURILLAYEV 2222";"998983690700";"";"TSH_SHAYHONTOHUR"
+ "MCHJ "" OLIM BEXZOD SAVDO """;"+(99) 890-3744";"";"TSH_MIROBOD"
+ "MCHJ OPTIMAL  AL MED PLUS";"+998 (88) 017-07-90";"";"TSH_OLMAZOR"
+ "MCHJ ORGANIC BEST PRODUKT";"(99) 893-6684";"";"TV_OLMALIK"
+ "MCHJOZODBEK DILAFRUHON BIZNES1";"998901207078";"";"TSH_BEKTEMIR"
+ "MCHJ PHARMACOSMOS";"+998 (71) 274-74-61";"";"TSH_UCHTEPA"
+ "MCHJ PHARZAM PHARM";"+998 (90) 510-60-00";"";"TSH_SHAYHONTOHUR"
+ "MCHJ QORA QAMISH DORIXONALARI";"+998 (99) 401-03-03";"";"TSH_OLMAZOR"
+ "MCHJ RAXMATJON OTA";"(99) 890-9949";"";"TSH_MIROBOD"
+ "MChJ Rombik";"+998 (93) 397-3";"";"TSH_SHAYHONTOHUR"
+ "MCHJ SAIDALO PHARN";"+998 (90) 964-99-29";"";"TSH_OLMAZOR"
+ "MCHJ SARDOR KAPSULA PHARM";"+998 (97) 728-50-68";"";"TSH_OLMAZOR"
+ "MCHJ SEBZOR STYIE GRUOP";"90 121 77 94";"";"TSH_MIROBOD"
+ "MCHJ SHAXZODBEK TURDIBEKOV";"998933960606";"";"TSH_SHAYHONTOHUR"
+ "MCHJ UNIVERSAL LOTUS PRINTING";"+998909491116";"";"TSH_CHILONZOR"
+ "MCHJ VISOTOV FORTUNA";"998903919575";"";"TV_OLMALIK"
+ "MCHJ YASINA";"998940826000";"";"TSH_SHAYHONTOHUR"
+ "MDEF SERVIS  OK";"+(99) 899-8781";"";"TV_ORTA_CHIRCHIK"
+ "MEAT & BEER";"+998993075933";"";"TSH_YASHNABOD"
+ "MEDETOVA TURSUNOY  YTT";"998946528";"";"TV_TUMANI"
+ "MEDEX GROUP PHARM";"+998 (97) 009-00-22";"";"TSH_YASHNABOD"
+ "MEDGLOBALSHOP  MCHJ";"998937336";"";"TSH_SERGELI"
+ "MEDICAL AMINA FARM";"998994070755";"";"TV_CHIRCHIQ"
+ "MEDICAL BREND OF INDASTRYUS MCHJ";"(99) 894-3480";"";"TSH_SERGELI"
+ "MEDICAL TREND";"998909196035";"";"TSH_MIRZO_ULUGBE"
+ "MEDIKAL FARM SHIFO  MCHJ";"998930001744";"";"TSH_OLMAZOR"
+ "MEDIPHARM LYUKS";"+998 (93) 174-13-13";"";"TV_CHIRCHIQ"
+ "MED KAPSULA";"998946871798";"";"TV_TUMANI"
+ "MED ONE PLUS";"+998 (93) 331-76-54";"";"TSH_SERGELI"
+ "MEGA BIZNES JOON  MCHJ";"+998971940011";"";"TSH_SERGELI"
+ "MEGA DORILAR";"998943639586";"";"TV_CHIRCHIQ"
+ "MEGA KOMFORT YUKSALISH MCHJ";"998909348";"";"TSH_YUNUSOBOD"
+ "MEGA LUX PHARM MCHJ";"+998 (93) 311-36-18";"";"TSH_MIRZO_ULUGBE"
+ "MEGA PARFYUM";"998998726642";"";"TSH_CHILONZOR"
+ "MEGA SOF FARM";"(99) 897-6306";"";"SR_QUYI_CHIRCHIK"
+ "MEGA STROY BEST  MCHJ";"+998 (90) 997-94-45";"";"TV_ANGREN"
+ "MEGAUZ MCHJ";"998998035865";"";"TSH_MIRZO_ULUGBE"
+ "MEHRAN SABRINA BIZNESS  OK";"998992255637";"";"TV_BOSTONLIQ"
+ "MEHRIGIYO FARM";"998946011786";"";"TV_PARKENT"
+ "MEHRINISO MOHIR XK";"998336965";"";"TV_KIBRAY"
+ "MEHR MAKC SERVIS";"+998 (90) 016-10-03";"";"TSH_CHILONZOR"
+ "MEHR MAKC SERVIS";"998900161";"";"TSH_CHILONZOR"
+ "Mehr oila Market";"";"";"TSH_SERGELI"
+ "MEHROJ OTABEK OGLI ABDULLAEV";"998777777864";"";"TSH_YASHNABOD"
+ "MEKRO PUL";"+998503014848";"";"TSH_UCHTEPA"
+ "MELIBOYEV AZIZ  YTT";"+998991473555";"";"TV_ZANGIOTA"
+ "MELIBOYEV MAXMUD XAYRULLAYEVICH";"990976332";"";"TV_OHANGARON"
+ "MELIBOYEV SHOHRUH  YTT";"998977179721";"";"TSH_YANGIXAYOT"
+ "MELIVOYEV SARDOR  YTT";"97 728 51 81";"";"TSH_OLMAZOR"
+ "M ELVINA FARM 2";"+998 (99) 402-32-38";"";"TV_CHIRCHIQ"
+ "M ELVINA FARM 3";"+998 (97) 345-21-38";"";"TV_CHIRCHIQ"
+ "MENGLIYEVA AYSOAT YTT";"+(99) 893-1857";"";"TV_OHANGARON"
+ "MENGLIYEVA NASIBA  YTT";"998909249390";"";"TSH_YASHNABOD"
+ "MENGLIYEV ILYOS  YTT";"998998327571";"";"TSH_BEKTEMIR"
+ "MENGNIYOZOVA SABOXAT  YTT";"998991010492";"";"TSH_SERGELI"
+ "MENTA FARM";"+998 (99) 077-80-02";"";"TSH_UCHTEPA"
+ "MERKURY TRENT";"+998 (90) 126-90-92";"";"TSH_YANGIXAYOT"
+ "MEROJ MED";"+998 (99) 608-77-87";"";"TSH_YUNUSOBOD"
+ "Meros Mazzalu Makon";"+998981500100";"";"TSH_CHILONZOR"
+ "MEROS MIX MCHJ";"+998 (93) 402-37-97";"";"TV_PARKENT"
+ "Merry Me Street foods";"+998946508688";"";"TSH_SERGELI"
+ "METIN-MARKET-2 MCHJ";"998971996062";"";"TSH_SERGELI"
+ "METIN MARKET  MCHJ";"+998997144161";"";"TSH_BEKTEMIR"
+ "METIN-MARKET MCHJ";"+998 (97) 199-61-26";"";"TSH_YANGIXAYOT"
+ "METIN-MARKET MCHJ";"+998971996126";"";"TSH_SERGELI"
+ "METRO MARKET BAXOR XK";"(99) 894-2742";"";"TSH_CHILONZOR"
+ "MEVACHI";"+998 (97) 624-96-56";"";"TSH_CHILONZOR"
+ "MEVANOUSE   MCHJ";"998978887";"";"TSH_YUNUSOBOD"
+ "MEVAZOR MARKET";"+998 (97) 411-83-33";"";"TSH_CHILONZOR"
+ "MEVAZOR YTT";"+998 (97) 645-54-54";"";"TV_YANGI_YUL"
+ "MEXMONQOZI OTA BARAKA  MCHJ";"+(99) 833-1684";"";"TV_ORTA_CHIRCHIK"
+ "MEXRI GIYO";"(99) 890-3182";"";"TV_OQQORGON"
+ "MEXRIMOX SAFIYA MCHJ";"998905359";"";"TSH_OLMAZOR"
+ "MEXRINISO AKBAR MCHJ";"998998433960";"";"TV_BOSTONLIQ"
+ "MEXRI XONM";"+998 (91) 779-79-82";"";"TSH_SERGELI"
+ "Mexri Zebi Market";"+998947886116";"";"TSH_SERGELI"
+ "MEXRI ZEBI MARKET MCHJ";"+(99) 899-0974";"";"TSH_SERGELI"
+ "MEXRULLAYEV JAVLONBEK  YTT";"998889006565";"";"TSH_SERGELI"
+ "MEYLIKOVA SOJIDA";"+998909840965";"";"TSH_CHILONZOR"
+ "MEYMANOVA ZUXRA MUXITDINOVNA  YTT";"998900022622";"";"TSH_YUNUSOBOD"
+ "MEYRAMBEK PLYUS MCHJ";"998917760232";"";"TV_CHIRCHIQ"
+ "MEZBAN FAMILY RESTAURANT";"+998 (00) 000-00-00";"";"TSH_YAKKASAROY"
+ "MFARM TRADE";"+998 (90) 186-99-77";"";"TSH_MIRZO_ULUGBE"
+ "MF FAYZ MARKET MCHJ";"998919581";"";"TSH_YASHNABOD"
+ "MIG BISTRO";"";"";"TSH_MIRZO_ULUGBE"
+ "MIG NOVA  OK";"998998868874";"";"TSH_MIRZO_ULUGBE"
+ "MIGROS TAS MCHJ";"+998 (97) 343-85-55";"";"TSH_UCHTEPA"
+ "Mijoz B (dublikat)";"+998901112233";"";""
+ "MIKS MARKET 2024  OK";"+(77) 051-0231";"";"TSH_YANGIXAYOT"
+ "MIKS NUTS  MCHJ";"998994888";"";"TSH_YUNUSOBOD"
+ "MILAN MARKET  MCHJ";"99840819981";"";"TSH_SHAYHONTOHUR"
+ "MILLENNUM SODIQOV";"+998 (97) 443-57-57";"";"TSH_UCHTEPA"
+ "Milliy Mangal";"+998946930313";"";"TSH_CHILONZOR"
+ "Milliy Taom";"+998971345665";"";"TSH_SERGELI"
+ "Milliy Taom";"+998946661330";"";"TSH_UCHTEPA"
+ "Milliy Taom Chorsu";"+998771218118";"";"TSH_SERGELI"
+ "Milliy Taomlar";"+998901003489";"";"TSH_UCHTEPA"
+ "Milliy Taomlar";"+998912227756";"";"TSH_UCHTEPA"
+ "Milliy Taomlar";"+998909079040";"";"TSH_SERGELI"
+ "Milliy Taomlar";"+998905672343";"";"TSH_SERGELI"
+ "Milliy Taomlar";"+998977125665";"";"TSH_UCHTEPA"
+ "Milliy Taomlar";"+998987132345";"";"TSH_UCHTEPA"
+ "MILLIY TAOMLAR (";"+998 (00) 000-00-00";"";"TSH_YAKKASAROY"
+ "MILLIY TAOMLAR (QAZI MAHALLA)";"+998998239545";"";"TSH_MIRZO_ULUGBE"
+ "Milliy Taomlar Sergili";"+998990415517";"";"TSH_SERGELI"
+ "MILLIY VA YEVROPA TAOMLARI DUBOVIY MAROJNIY";"+998998125809";"";"TSH_YASHNABOD"
+ "MINAGMEDOVA ZEBO  YTT";"998978717";"";"TV_CHIRCHIQ"
+ "MINARA MARKET MCHJ";"+998 (90) 676-48-48";"";"TV_PARKENT"
+ "MINGBAYEV JAHONGIR";"+998 (99) 627-69-69";"";"TV_ANGREN"
+ "Ming Chinor";"+998971990033";"";"TSH_CHILONZOR"
+ "MINI MARKET";"998951117191";"";"TV_BOSTONLIQ"
+ "MINI MARKET 1";"+998910839994";"";"TSH_CHILONZOR"
+ "MINOR BARAKA SAVDO MCHJ";"998909751216";"";"TSH_YUNUSOBOD"
+ "MINOR M.T";"+998933758483";"";"TSH_YUNUSOBOD"
+ "MINOR OSH";"+998908107157";"";"TSH_YUNUSOBOD"
+ "MINOR SOMSA uzgidramet";"+000000000000";"";"TSH_YUNUSOBOD"
+ "Minutka";"+998933480040";"";"TSH_CHILONZOR"
+ "MIRAABOS PHARM";"+998 (93) 588-54-58";"";"TSH_OLMAZOR"
+ "MIRABBOS FARM";"+998 (93) 568-23-86";"";"TSH_OLMAZOR"
+ "MIRABROR MARKET  MCHJ";"998999058";"";"TSH_SHAYHONTOHUR"
+ "MIRABZAL BIZNES  OK";"998935484886";"";"TSH_BEKTEMIR"
+ "MIRABZALOV MIRQOBIL YTT";"+998 (97) 444-11-70";"";"TSH_UCHTEPA"
+ "MIRACLE MAX FARM";"+998 (90) 089-56-56";"";"TSH_SHAYHONTOHUR"
+ "MIRACLE MAX PHARM";"+998 (93) 586-93-65";"";"TSH_SHAYHONTOHUR"
+ "MIR AGZAM BIZNES MCHJ";"+(99) 897-4649";"";"TSH_YAKKASAROY"
+ "MIRAGZAMOV-GROUP MCHJ";"998977454";"";"TSH_OLMAZOR"
+ "MIRAIMOVA GULNOZA  YTT";"998334549855";"";"TV_CHIRCHIQ"
+ "MIRAKI MADAD MCHJ";"998900110875";"";"TSH_YUNUSOBOD"
+ "MIRANDI OILAVIY RESTORAN";"+998998612020";"";"TSH_YUNUSOBOD"
+ "MIRAN SALE MCHJ";"+998999000035";"";"TSH_CHILONZOR"
+ "MIRAS restaurant";"+998908188518";"";"TSH_MIRZO_ULUGBE"
+ "MIRAZIM FARM";"998903337156";"";"TSH_SERGELI"
+ "MIRAZIZ AZAMAT BIZNES XK";"998903230";"";"TSH_BEKTEMIR"
+ "MIRBABAYEV AVAZXON  YTT";"998977336226";"";"TSH_SHAYHONTOHUR"
+ "MIRBIBOYEV MIRHAYT YTT";"998707122525";"";"TV_CHIRCHIQ"
+ "MIRBOBOYEVA  RUSHANA  YTT";"998994868066";"";"TV_CHIRCHIQ"
+ "MIRDADAYEVA MUXABBAT  YTT";"998981252123";"";"TSH_OLMAZOR"
+ "MIRDADAYEVA NAZIRA TORABEKOVNA  YTT";"+(99) 897-4505";"";"TSH_SERGELI"
+ "MIRDJALALOV MIRTAXIR  YTT";"998977506062";"";"TSH_OLMAZOR"
+ "MIR FARM OPTICAL";"+998 (71) 281-11-11";"";"TSH_YAKKASAROY"
+ "MIRHABIBOV MIRAZIZ BAXODIROVICH YTT";"998971505252";"";"TSH_YUNUSOBOD"
+ "MIRHAYAT BIZNES";"+998973443382";"";"TV_KIBRAY"
+ "MIRISLOM MUHRIDIN XK";"(99) 891-8201";"";"TSH_CHILONZOR"
+ "MIRJALIL MIRMUHSIN MARKET  MCHJ";"998977075339";"";"TV_TUMANI"
+ "MIRJALOL 1/80";"(91) 2044145";"";"TSH_UCHTEPA"
+ "MIRJALOL MUSURMONOV ORTIQ OGLI YTT";"(99) 897-3899";"";"TSH_SERGELI"
+ "MIRJALOL SH  MCHJ";"998977168786";"";"TV_TUMANI"
+ "MIRJAMOL QIZI ODINAXON";"998909213787";"";"TSH_YASHNABOD"
+ "MIRKARIMOV MIRISLOM  YTT";"998990002";"";"TSH_BEKTEMIR"
+ "MIRKOMILOV FARHOD  YTT";"+998 (90) 123-75-37";"";"TV_YANGI_YUL"
+ "MIRKURBOBOVA XOLIDA YTT";"998992220";"";"TV_CHIRCHIQ"
+ "MIRMAXKENT MCHJ";"(99) 895-2720";"";"TSH_CHILONZOR"
+ "MIROBID AMRILLAYEVICH MAVSUMOV  YTT";"+(99) 890-1771";"";"TSH_UCHTEPA"
+ "MIROBOD MARKET  MCHJ";"998946951777";"";"TSH_SHAYHONTOHUR"
+ "MIRO MARKET OK";"+998 (97) 640-58-59";"";"TV_PARKENT"
+ "MIRONSHOH 2";"998976811919";"";"TV_BOSTONLIQ"
+ "MIRPAYZIYEV YTT";"998977805";"";"TSH_OLMAZOR"
+ "MIR-PERFEKT FULL  XK";"998970571917";"";"TV_ZANGIOTA"
+ "MIRQOBILOV AZIZ YATT";"+998 (90) 355-29-29";"";"TV_PISKENT"
+ "MIRSAFARBEK FARZANDLARI MCHJ";"998998073";"";"TV_CHIRCHIQ"
+ "MIRSAGATOV BAHROM YTT";"+998 (90) 323-77-76";"";"TSH_UCHTEPA"
+ "MIRSAGATOV NURIXAN  YTT";"+998338723333";"";"TSH_UCHTEPA"
+ "MIRSAITOVA MATLYUBA YTT";"998944107710";"";"TV_OHANGARON"
+ "MIRSALIMOV SHORUSTAM DILMURODOVICH  MCHJ";"(93) 443-6666";"";"TV_ANGREN"
+ "MIRSALIXOV MIRVALI XALILOVICH MCHJ";"998900680101";"";"TSH_YUNUSOBOD"
+ "MIRSAYFIYEV ISMOIL  YTT";"998990909075";"";"TSH_YUNUSOBOD"
+ "MIRSHODBEK MOXINUR BIZNES MCHJ";"+(99) 898-3000";"";"TV_OHANGARON"
+ "MIRSHOD NUR TRADE  MCHJ";"998977275065";"";"TSH_YUNUSOBOD"
+ "MIRSODIQ OTA DILFUZA ONA  OK";"998974105445";"";"TV_BOSTONLIQ"
+ "MIRSOLIXOV MIRMUHAMMAD  YTT";"909012252";"";"TSH_CHILONZOR"
+ "MIRSOLIXOV SIROJIDDIN FAYZULLA OGLI  YTT";"998971826560";"";"TV_KIBRAY"
+ "MIRSULTON OTA BARAKA  OK";"998949383196";"";"TV_BOSTONLIQ"
+ "MIRTULLAYEVA NOZANIN   YTT";"998940437";"";"TV_CHIRCHIQ"
+ "MIR TURSUN OTA   XK";"998981210";"";"TV_BOSTONLIQ"
+ "MIRXABIBOVA KAROMAT SAYDIGALIYEVNA  YTT";"+998974920909";"";"TSH_YUNUSOBOD"
+ "MIRXAITOVA DIOMIRA YTT";"998993000";"";"TV_CHIRCHIQ"
+ "MIRXAMIDOVA LOLA KARIMOVNA YTT";"+998 (97) 733-44-47";"";"TSH_UCHTEPA"
+ "MIRXOSHIMOV MIRKOMIL  YTT";"88 728 33 13";"";"TV_ZANGIOTA"
+ "MIRXOSIL AZIZ  OK";"(99) 890-1865";"";"TSH_CHILONZOR"
+ "MIRXOSIL FAYZ  MCHJ";"998933937373";"";"TV_TUMANI"
+ "MIRYUSUPOVA";"998935283";"";"TSH_YUNUSOBOD"
+ "MIRZAAXMEDOVA DILXUSH DAVLATYAROVNA YTT";"998352846";"";"TSH_YUNUSOBOD"
+ "Mirzaaxmedova dz";"+998909944879";"";"TSH_YUNUSOBOD"
+ "MIRZAAXMEDOV DILSHOD  YTT";"";"";"TSH_SHAYHONTOHUR"
+ "MIRZAAXMEDOV D.Z  YTT";"998909944";"";"TSH_YUNUSOBOD"
+ "MIRZAAXMEDOV MIRAKBAR  YTT";"998944021";"";"TSH_YASHNABOD"
+ "MIRZABAYEV IXTIYOR  YTT";"998994635333";"";"TSH_OLMAZOR"
+ "MIRZAEV ABDURAUF YAKUBDJONOVICH";"+998 (97) 706-89-56";"";"TSH_SERGELI"
+ "MIRZAJONOV MIRXOKIM YTT";"+998 (90) 949-76-03";"";"SR_QUYI_CHIRCHIK"
+ "MIRZAKARIMOVA LATAFAT KOMILJONOVNA";"998998148";"";"TV_CHIRCHIQ"
+ "MIRZAKARIMOVA MAYLYUDA YTT";"+(99) 899-3467";"";"TV_OHANGARON"
+ "MIRZAKARIMOV DILSHAT  YTT";"998315129";"";"TV_KIBRAY"
+ "MIRZAKARIMOV MIRAZIZ MIRZAVALI OGLI";"+998 (94) 408-87-87";"";"TV_OHANGARON"
+ "MIRZAKULOV DILSHOD  YTT";"+998 (97) 874-66-44";"";"TV_ANGREN"
+ "MIRZALIEV SUYUN  MCHJ";"99830010018";"";"TSH_MIRZO_ULUGBE"
+ "MIRZAMATOVA SHAXNOZA  YTT";"+998 (93) 443-65-56";"";"TV_ANGREN"
+ "MIRZAMIDDINOVA KIMMATOY  YTT";"+998 (94) 404-00-96";"";"TV_ANGREN"
+ "MIRZAMUROD AYUBXON  OK";"998991045050";"";"TV_TUMANI"
+ "MIRZANOSIROVA HILOLA  YTT";"998911644232";"";"TSH_YUNUSOBOD"
+ "MIRZAOLIM DUSTIM XK";"+998 (90) 520-1";"";"TSH_CHILONZOR"
+ "MIRZARAXIMOVA MADINAXON  YTT";"998933220791";"";"TSH_YASHNABOD"
+ "MIRZATILLAEVA YTT";"+(99) 890-3318";"";"TSH_YANGIXAYOT"
+ "Mirzaxidov Miraziz Mirsamat o'g'li";"+998998665054";"";"TSH_SERGELI"
+ "MIRZAXMATOVA SHAXNOZA  YTT";"+998 (93) 858-95-00";"";"TV_ANGREN"
+ "MIRZAXMEDOVA MAVLYUDA  YTT";"(99) 519-4402";"";"TV_ANGREN"
+ "MIRZAXMEDOVA ZULFIYA  YTT";"998977004703";"";"TV_TUMANI"
+ "MIRZAYEVA ADOLAT  YTT";"998997145447";"";"TSH_YASHNABOD"
+ "MIRZAYEV ABDURAUF  YTT";"88 159 18 08";"";"TSH_SERGELI"
+ "MIRZAYEVA FERUZA  YTT";"998999141307";"";"TSH_BEKTEMIR"
+ "MIRZAYEVA MALIKA  YTT";"";"";"TV_YANGI_YUL"
+ "MIRZAYEV B";"998946664393";"";"TSH_BEKTEMIR"
+ "MIRZAYEV MURODJON YTT";"770105759";"";"TSH_SERGELI"
+ "Mirzayev Murotjon";"+998770105575";"";"TSH_SERGELI"
+ "MIRZAYEV NODIR YTT";"998949416781";"";"TV_BOSTONLIQ"
+ "MIRZAYEV  OK";"998977707488";"";"TSH_YASHNABOD"
+ "MIRZAYEV SHUXRAT BARAKA  MCHJ";"998999119071";"";"TV_TUMANI"
+ "MIRZAYEV TRADE GROUP OK";"+998 (91) 135-26-22";"";"TSH_UCHTEPA"
+ "MIRZIYA BIZNES  OK";"998909909306";"";"TSH_YASHNABOD"
+ "MIRZOEV RUSLAN  YTT";"(99) 895-1172";"";"TV_OLMALIK"
+ "MIRZORAIMOVA SABINA  YTT";"998936152037";"";"TV_BOSTONLIQ"
+ "MIRZO ULUGBEK BARAKA";"+998 (97) 314-09-85";"";"TSH_CHILONZOR"
+ "MIRZOYEV VAGID YTT";"(99) 895-1172";"";"TV_OLMALIK"
+ "MISS FARM ZAMIRAXON MUHIDDIN OK";"+998 (99) 369-98-12";"";"TV_CHIRCHIQ"
+ "Mittivoy market MT-05";"77 014 00 40";"";"TSH_UCHTEPA"
+ "Mix Food";"+998998561065";"";"TSH_UCHTEPA"
+ "MIX MARKET   MCHJ";"(99) 894-9257";"";"TV_OLMALIK"
+ "MIX MAX MARKET OK";"+998 (97) 700-81-80";"";"TSH_UCHTEPA"
+ "MIXMONXONOV T  YTT";"998935881";"";"TSH_SHAYHONTOHUR"
+ "MIXNO VILODIMR  YTT";"+998 (98) 465-45-45";"";"TV_ZANGIOTA"
+ "MIX TRADE FIRST  MCHJ";"(99) 899-0220";"";"TV_ANGREN"
+ "MIX TRADE PARTNERS  OK";"99847992974";"";"TSH_MIRZO_ULUGBE"
+ "MIYASSAR JAXONGIR MCHJ";"+(99) 893-3123";"";"TSH_SERGELI"
+ "MKA SHUXRAT OK";"+998938068790";"";"TV_PARKENT"
+ "MK IMMUNITY FARM";"+998 (70) 715-11-33";"";"TV_CHIRCHIQ"
+ "M KLIM OK";"+998 (94) 646-13-13";"";"TV_PARKENT"
+ "MM EVENT SERVICES AND LOGS YTT";"+(99) 897-5507";"";"TSH_YAKKASAROY"
+ "MMM SHUKUR  OK";"998998401806";"";"TSH_BEKTEMIR"
+ "MM OGABEK CHAROS  MCHJ";"+(99) 890-3597";"";"TSH_YAKKASAROY"
+ "MMOS  MCHJ";"998994000009";"";"TSH_YUNUSOBOD"
+ "MMS XADICHA   OK";"+(99) 893-1603";"";"TSH_UCHTEPA"
+ "MobilTest_204909";"998901234567";"Mobil";""
+ "Mobil Test 23146929";"+998900051260";"Toshkent";""
+ "MOBIL TEZKOR ALOQA MCHJ";"99808211212";"";"TSH_YASHNABOD"
+ "MODERN BUSINESS CITY TOSHKENT  MCHJ";"998880958880";"";"TV_KIBRAY"
+ "MODERN DOCTOR  MCHJ";"998903550667";"";"TSH_SHAYHONTOHUR"
+ "MODERN PROJEKT 571 MCHJ";"998935302";"";"TSH_MIRZO_ULUGBE"
+ "MOHICHEHRA KELAJAK  XK";"998901104";"";"SR_QUYI_CHIRCHIK"
+ "MOHINISO SAVDO MCHJ";"998900037174";"";"TSH_MIRZO_ULUGBE"
+ "MOHINUR BONU FARM";"+998 (93) 538-75-21";"";"TV_YANGI_YUL"
+ "MOHIRA GROUUP  OK";"998974773";"";"TSH_OLMAZOR"
+ "MOHIRA MARKET XK";"(99) 851-1817";"";"TSH_CHILONZOR"
+ "MOHIRA SHIFO";"+998 (93) 506-46-49";"";"TSH_SHAYHONTOHUR"
+ "MO'HIRIDDIN OSH MARKAZI";"+998939420494";"";"TSH_YUNUSOBOD"
+ "MO'HRODDIN OSH 2";"+998939420494";"";"TSH_OLMAZOR"
+ "Moʻjiza Kafesi";"+998911672323";"";"TSH_UCHTEPA"
+ "Môjal Milliy Yevropa Taomlari";"+998974677134";"";"TSH_UCHTEPA"
+ "MO'JIZA 777 MCHJ";"+998974036053";"";"TV_YANGI_YUL"
+ "MOJIZA SIFAT GROUP  MCHJ";"888033100";"";"TV_ZANGIOTA"
+ "MOLEKULA FARM";"998950063433";"";"TV_CHIRCHIQ"
+ "MOMINBAYEVA BAGILA YTT";"(99) 899-4010";"";"SR_QUYI_CHIRCHIK"
+ "MOMIN OTA OO";"998983055";"";"TSH_OLMAZOR"
+ "MOMIN OTA YTT";"+998 (97) 647-84-97";"";"TV_YANGI_YUL"
+ "MOMINOV AZAMAT YTT";"+998 (94) 059-10-22";"";"TV_YANGI_YUL"
+ "MOMINOV JAMSHID  YTT";"998998232120";"";"TSH_CHILONZOR"
+ "MOMINXODJAYEVA IRODA YTT";"+998 (99) 919-63-65";"";"TSH_UCHTEPA"
+ "MONOLIТH ASIA";"";"";"TSH_YASHNABOD"
+ "MORSKOY BERG OK";"+998 (97) 043-41-04";"";"TV_PARKENT"
+ "MOTABAR";"+998 (99) 631-75-25";"";"TSH_SERGELI"
+ "MOTABAR";"998998804";"";"TSH_OLMAZOR"
+ "MOTABAR MARKET  MCHJ-2";"998971335500";"";"TV_TUMANI"
+ "MOTABAR OPTOM";"+998 (99) 631-75-25";"";"TSH_SERGELI"
+ "MOTABAR OPTOM";"+998 (99) 631-75-25";"";"TSH_SERGELI"
+ "MOTABAR SOGLOM FARM";"+998 (94) 617-38-66";"";"TSH_SERGELI"
+ "MOTHER AND CHILD MCHJ";"998998541171";"";"TSH_CHILONZOR"
+ "MOVIY XAYOT MCHJ";"+(99) 891-2636";"";"TSH_YAKKASAROY"
+ "MOVLAN RETAIL GROUP";"+998 (97) 705-55-85";"";"TSH_CHILONZOR"
+ "MOVLUDA BIZNES BARAKA YTT";"+998 (97) 568-08-28";"";"TV_YANGI_YUL"
+ "MOVZIRXOJA BIZNES  XK";"998908282341";"";"TSH_SHAYHONTOHUR"
+ "MOXIGUL MAXMATQULOVA PARDAYEVNA";"+998 (97) 111-06-82";"";"TSH_SERGELI"
+ "MOXI MALIKA";"998903583001";"";"TV_ORTA_CHIRCHIK"
+ "MOXIR 1  OK";"+998 (93) 187-87-00";"";"TV_ANGREN"
+ "MOXIRA MUQADDAS BUSINESS";"+998946377266";"";"TV_ZANGIOTA"
+ "MOXIRA  SHIFO FARM";"+998 (94) 406-33-30";"";"TSH_SHAYHONTOHUR"
+ "MOXISARD";"+998 (99) 823-35-35";"";"TSH_UCHTEPA"
+ "MOXMAD  OOO";"+(99) 833-0111";"";"TSH_SHAYHONTOHUR"
+ "MOYINJONOV AKMAL YTT";"+998 (98) 303-21-20";"";"TSH_UCHTEPA"
+ "MOYNOQ SAXOVAT MCHJ";"998977399";"";"TSH_BEKTEMIR"
+ "MOZZI BALIQ 2";"+998998757889";"";"TSH_YUNUSOBOD"
+ "M RIZO";"998977668089";"";"TSH_MIRZO_ULUGBE"
+ "MR.NIU Лапша";"+998900108144";"";"TSH_MIRZO_ULUGBE"
+ "M S A COMMERCE  XK";"+998 (90) 345-07-08";"";"TSH_YANGIXAYOT"
+ "M SULTONOV BUSINESS OK";"93)5632210";"";"TSH_SERGELI"
+ "MUAMMOLI QARZDORLIK TOSHKENT LLK";"";"";"TSH_OLMAZOR"
+ "MUAZ FAMILY MCHJ";"998953400";"";"TSH_OLMAZOR"
+ "MUAZ GROUP  OK";"+998910021195";"";"TSH_CHILONZOR"
+ "MUBARAK KAYUMOVA  YTT";"998770078899";"";"TV_KIBRAY"
+ "MUBINA ASSATULAYEVA";"+998 (93) 556-83-86";"";"TSH_OLMAZOR"
+ "MUBINA AZIZBEK MINI MARKET MCHJ";"+(99) 893-3416";"";"TSH_SERGELI"
+ "MUBINA BEST PARFYUM";"+94) 692 64 82";"";"TSH_SERGELI"
+ "MUBINA BONU YTT";"+(99) 877-3657";"";"TV_YANGI_YUL"
+ "MUBINA KAFE";"+998 (88) 010-52-61";"";"TV_YANGI_YUL"
+ "MUBINA MINAVAR FAYZ  MCHJ";"(99) 890-9725";"";"TV_ORTA_CHIRCHIK"
+ "MUBINA NURLI BIZNES";"998977748";"";"TSH_MIRZO_ULUGBE"
+ "MUBINA RIZQ MCHJ";"998998801064";"";"TSH_MIRZO_ULUGBE"
+ "MUBINA SAMIRA NIGINA OK";"+998 (90) 733-7";"";"TSH_CHILONZOR"
+ "MUBINA SHAXINA MARKET  MCHJ-2";"+(97) 830-0091";"";"TSH_YANGIXAYOT"
+ "MUBINA SHIFO FARM PLUS";"+998 (88) 304-44-04";"";"TV_YANGI_YUL"
+ "MUBINA SOLIHA TRADE 2  MCHJ";"998998034482";"";"TSH_MIRZO_ULUGBE"
+ "MUBINA SOLIHA TRADE  MCHJ";"998999993119";"";"TSH_MIRZO_ULUGBE"
+ "MUBINAXON FARM";"+998 (93) 695-64-98";"";"TV_OHANGARON"
+ "MUBINAXON LADY BIZNES";"+998 (99) 308-07-40";"";"TV_PISKENT"
+ "MUBORAK-BOXODIR XK";"998881412024";"";"TSH_BEKTEMIR"
+ "MUBORAK MARKET  OK";"+(99) 893-5017";"";"TV_ORTA_CHIRCHIK"
+ "MUBORAK ZOKIROVA MUHIDDINOVA";"77 728 98 28";"";"TV_ZANGIOTA"
+ "MUFASSAL MEDICAL";"+998 (93) 544-02-81";"";"TSH_SHAYHONTOHUR"
+ "Muhabbat Ona Somsalari";"+998330377776";"";"TSH_CHILONZOR"
+ "MUHABBAT OPA 4.147";"938128582";"";"TSH_UCHTEPA"
+ "MUHAMADALI FARM";"+998 (99) 523-99-66";"";"TV_YANGI_YUL"
+ "MUHAMADNUR BARAKA ISHONCH. XK";"998977618";"";"TSH_SHAYHONTOHUR"
+ "MUHAMEDOVA AROFAT  YTT";"+998 (97) 741-01-27";"";"TV_ZANGIOTA"
+ "MUHAMEDOVA MUNOJAT  YTT";"+998998146541";"";"TV_ZANGIOTA"
+ "MUHAMMADDIYOR MOHINUR MUFAZZALA OK";"+(99) 899-8760";"";"TSH_BEKTEMIR"
+ "Muhammadeva";"+(99) 890-0110";"";"TSH_SERGELI"
+ "MUHAMMADIYEV JAVOHIR  YTT";"+998 (93) 604-00-55";"";"TV_ANGREN"
+ "MUHAMMADJONOV";"+998 (71) 233-65-27";"";"TSH_YUNUSOBOD"
+ "MUHAMMAD SODIQ  YTT";"(99) 899-4815";"";"SR_QUYI_CHIRCHIK"
+ "MUHAMMAD SOLIH BARAKA SAVDO  OK";"998946558383";"";"TSH_YASHNABOD"
+ "MUHARRAM BIZNES MCHJ";"998944073449";"";"TV_OHANGARON"
+ "MUHHAYO TRADE";"(99) 894-6928";"";"TSH_MIROBOD"
+ "MUHIBAHON ONA SAVDO MCHJ";"+998 (93) 557-03-33";"";"TV_OLMALIK"
+ "MUHIDDIN BARACO  MCHJ";"998915138481";"";"TSH_SHAYHONTOHUR"
+ "MUHIDDIN BARACO  MCHJ-2";"998915138481";"";"TSH_SHAYHONTOHUR"
+ "MUHIDINOVA1";"998935391";"";"TSH_YUNUSOBOD"
+ "MUHRIDIN YTT";"+998 (90) 906-76-64";"";"TV_PARKENT"
+ "MUHSIN FARM";"+998 (94) 699-44-49";"";"TSH_UCHTEPA"
+ "Muhsin Hotel";"+998911442123";"";"TSH_CHILONZOR"
+ "MUHSUN MARKET  MCHJ";"998977110712";"";"TV_CHIRCHIQ"
+ "MUHTAROV SHUXRAT";"+97 781 49 51";"";"TV_ZANGIOTA"
+ "MUHTOROV SHUHRAT  YTT";"+998978834555";"";"TV_ZANGIOTA"
+ "MUHZO 2 MCHJ";"998996067086";"";"TV_BOSTONLIQ"
+ "MUHZO MCHJ";"+998 (99) 606-70-86";"";"TV_CHIRCHIQ"
+ "MUKARAMMA MOHINUR MOHIRA";"+998 (94) 070-66-62";"";"TV_ZANGIOTA"
+ "MUKARRAM HALILOVA  YTT";"998933158";"";"TSH_YUNUSOBOD"
+ "MUKHAMMADUMAR BIZNES  MCHJ";"+(88) 810-1717";"";"TSH_YANGIXAYOT"
+ "MULLA DO'ST RESTAURANT";"+998337330000";"";"TSH_YASHNABOD"
+ "MULLAYEVA BARNO YATT";"+998 (99) 224-62-62";"";"TV_TOYTEPA"
+ "MULTEX MCHJ";"+998 (95) 069-86-90";"";"TV_OHANGARON"
+ "MULTI 888  MCHJ";"998958397911";"";"TSH_MIRZO_ULUGBE"
+ "MUMINOV ABDUNOFI YTT";"+998 (90) 175-18-59";"";"TV_OLMALIK"
+ "MUMINOVA IRODA  YTT";"+(99) 894-5414";"";"TV_ORTA_CHIRCHIK"
+ "MUMINOVA MARGUBA YTT";"998973431";"";"TV_BOSTONLIQ"
+ "MUMINOVA ZUXRA  YTT";"998993063232";"";"TSH_YASHNABOD"
+ "MUMINOV BEGZOD  YTT";"+(99) 897-7778";"";"TSH_SERGELI"
+ "MUMINOV BEKMUROD  YTT";"99806075887";"";"TSH_MIRZO_ULUGBE"
+ "MUMINOV DOSTON  YTT";"(99) 894-6801";"";"TV_ORTA_CHIRCHIK"
+ "MUMINOV RAYIMJON ALIMJONOVICH  YTT";"998990054559";"";"TV_TUMANI"
+ "MUNAVAR FAYZ MARKET  OK";"998935343097";"";"TSH_SERGELI"
+ "MUNAVAR MARKET1";"+(99) 890-9336";"";"TSH_SHAYHONTOHUR"
+ "MUNAVAR MARKET2";"+(99) 890-9336";"";"TSH_SHAYHONTOHUR"
+ "MUNAVAROVA NIGORA YTT";"+998 (94) 489-33-33";"";"TV_OLMALIK"
+ "MUNAVVAR BARAKA GROUP  MCHJ";"998909193993";"";"TSH_YASHNABOD"
+ "MUNISA ELEGANT  MCHJ";"+(99) 893-2470";"";"TSH_CHILONZOR"
+ "MUNISALIYEVA SHAXODAT  YTT";"998977249";"";"TV_TUMANI"
+ "MUNISA MILLIY TAOMLAR";"+998953030770";"";"TSH_YASHNABOD"
+ "MUNISA M/T";"+998994817007";"";"TSH_MIRZO_ULUGBE"
+ "MUNISA TAOMLARI (SELXOZ)";"+998994085223";"";"TSH_MIRZO_ULUGBE"
+ "MUNIS BIZNES  MCHJ";"+(99) 871-2565";"";"TSH_MIROBOD"
+ "MUNIS MIRMARKET  MCHJ";"998983603002";"";"TSH_YASHNABOD"
+ "MUNIS NUR FARM XK";"+998 (93) 607-34-43";"";"TV_BOKA"
+ "MUNIS SAFI MARKET  MCHJ";"998998480304";"";"TSH_YASHNABOD"
+ "MUQADAM MARKET  XK";"+(99) 897-7504";"";"TSH_SHAYHONTOHUR"
+ "MUQADDAS NURLI FAYZ MCH";"+998 (94) 214-31-60";"";"TV_OLMALIK"
+ "MUQADDAS NURLI FAYZ MCH 1";"(99) 894-2143";"";"TV_OLMALIK"
+ "MUQADDAS NURLI FAYZ MCH 2";"(99) 894-2143";"";"TV_OLMALIK"
+ "MUQADDAS NURLI FAYZ OK";"+998931857186";"";"TV_OLMALIK"
+ "MUQIMOV FAZLIDDIN YTT";"+(99) 891-1658";"";"TSH_CHILONZOR"
+ "MUQIMOV TO'LQIN  YTT";"998998420868";"";"TV_CHIRCHIQ"
+ "MUQIMOV YTT";"+(99) 894-6480";"";"TSH_OLMAZOR"
+ "MURADOVA MUHABAT  YTT";"+998 (90) 372-97-93";"";"TV_ZANGIOTA"
+ "MURADOV DIYOR  YTT";"(90) 988-2627";"";"TSH_CHILONZOR"
+ "MURADOV SHAHBOZBEK BAHODIR OGLI";"+998996324647";"";"TSH_UCHTEPA"
+ "MURADULLA OVQATLANISH MASKANI XK";"99874257950";"";"TSH_YUNUSOBOD"
+ "MURATOVA DILNURA  YTT";"";"";"TSH_UCHTEPA"
+ "MURAYEVA LOLA  YTT";"+998 (97) 539-77-81";"";"TV_YANGI_YUL"
+ "MURODALIEVA IRODA";"998977233093";"";"TSH_MIRZO_ULUGBE"
+ "MUROD BARAKA";"+998 (88) 707-87-07";"";"TSH_SERGELI"
+ "MUROD BARAKA BUSINESS  MCHJ";"+(99) 890-9847";"";"TSH_SERGELI"
+ "MUROD BARAKA  MCHJ";"+998993555880";"";"TV_ZANGIOTA"
+ "MUROD BUSINESS CENTR  MCHJ";"+99834110721";"";"TSH_SERGELI"
+ "MURODILLA SAVDO BIZNES  MCHJ";"998998298189";"";"TSH_BEKTEMIR"
+ "MURODILLAYEV MIRSAID YTT";"+998 (99) 033-77-79";"";"TSH_SERGELI"
+ "MUROD ISHONCH RIVOJ  MCHJ";"+998996597677";"";"TV_PARKENT"
+ "MURODJON BUSINES  MCHJ";"998999322079";"";"TSH_YASHNABOD"
+ "MURODJON MIRXAMID OGLI MIRXAMIDOV  YTT";"998977284";"";"TSH_OLMAZOR"
+ "MURODJON OTA BIZNES XK";"+(99) 890-3243";"";"TSH_MIROBOD"
+ "MURODJON SERVIS SAVDO";"998977135";"";"TSH_YUNUSOBOD"
+ "MUROD MAKSMUM MARKET MCHJ";"+998903234";"";"TV_TUMANI"
+ "MURODOVA LAZIZA YATT";"+998 (97) 539-13-35";"";"TV_TOYTEPA"
+ "MURODOV OZODBEK RAVSHANJON OGLI";"+998 (99) 870-07-08";"";"TV_OHANGARON"
+ "MURODOV SADRIDDIN YTT";"+998 (90) 944-73-95";"";"TSH_UCHTEPA"
+ "MURODOV UMID";"+998 (93) 507-98-58";"";"TSH_SERGELI"
+ "MURTAZAYEV IZZATILLA YTT";"94 334 60 69";"";"TSH_CHILONZOR"
+ "Murtazo med pharm";"";"";"TSH_MIROBOD"
+ "MURTOZAYEV BAHODIR";"998976340197";"";"TSH_YASHNABOD"
+ "MUSABOY OTA MCHJ";"+998971174";"";"TV_TUMANI"
+ "MUSAEV ALIMJAN ABDULLAEVICH  YYT";"998903167";"";"TV_CHIRCHIQ"
+ "MUSAEVA RANO  YTT";"+(99) 894-6851";"";"TV_ORTA_CHIRCHIK"
+ "MUSAEVA SEVARA YTT";"(99) 899-9703";"";"SR_QUYI_CHIRCHIK"
+ "MUSAFFO DILSHOD OK";"998998208";"";"TV_KIBRAY"
+ "MUSAFO BARAKA";"+998 (93) 563-25-63";"";"TSH_OLMAZOR"
+ "MUSAJONOF HUSAN";"998973430211";"";"TSH_OLMAZOR"
+ "MUSAKULOVA MARXABO YTT";"+998 94 366 36 35";"";"TV_OHANGARON"
+ "MUSAMATOVA MUYASSAR   YTT";"998993806";"";"TV_CHIRCHIQ"
+ "MUSAMETOV NEMAT YTT";"(99) 890-0424";"";"TV_OHANGARON"
+ "MUSAYEVA MAXPUZA  YTT";"998337028";"";"TSH_YASHNABOD"
+ "MUSAYEVA NIGORA  YTT";"998887211515";"";"TSH_YASHNABOD"
+ "MUSAYEV JAXONGIR YTT";"+998 (94) 673-79-78";"";"TV_PARKENT"
+ "MUSAYEV SHERZOD MCHJ";"+(99) 888-7211";"";"TSH_MIROBOD"
+ "MUSAYEV  YTT";"998901867";"";"TSH_SHAYHONTOHUR"
+ "MUSHTARIYBEGIM SHIFO FARM  MCHJ";"998914142000";"";"TSH_UCHTEPA"
+ "MUSHTARIYBONU SUPER MARKET MCHJ";"+998 (94) 402-89-77";"";"TV_OLMALIK"
+ "MUSHTARIY KAMRON YTT";"+998 (97) 434-64-64";"";"TV_PARKENT"
+ "MUSHTARIY MEXRIBON  MCHJ";"(99) 890-9268";"";"SR_QUYI_CHIRCHIK"
+ "MUSHTARIY SAMIRA";"+998 (94) 944-42-21";"";"TV_YANGI_YUL"
+ "MUSIRMONQULOV BILOL NURALI  YTT";"998909035";"";"TSH_BEKTEMIR"
+ "MUSLIMA ASN  XK";"998998242";"";"TV_BOSTONLIQ"
+ "MUSLIMA FARZONA MCHJ";"998933381";"";"TSH_YUNUSOBOD"
+ "MUSLIMA MAHMUDJON MCHJ";"+998 (97) 791-97-00";"";"TV_YANGI_YUL"
+ "MUSLIMA MEHROJ MCHJ";"998903290089";"";"TSH_YUNUSOBOD"
+ "MUSLIMA MUBINA FARM";"+998 (90) 018-79-73";"";"TSH_YASHNABOD"
+ "MUSLIMA MUNISA TRADE  OK";"+(97) 769-1053";"";"TV_YANGI_YUL"
+ "MUSLIMA SOLIHA MCHJ";"+998 (99) 686-05-02";"";"TV_OLMALIK"
+ "MUSLIMAXON MUXARRAMXON SAVDO";"+998 (91) 561-09-91";"";"TSH_CHILONZOR"
+ "MUSLIMAXON SAVDO OK";"998909756029";"";"TSH_YUNUSOBOD"
+ "MUSLIMOV ANVAR  YTT";"998901760";"";"TSH_YUNUSOBOD"
+ "MUSLIMOV BAHTIYOR";"+998 (93) 792-45-45";"";"TSH_CHILONZOR"
+ "MUSLIMXON SAVDO  MCHJ";"998970114222";"";"TV_ZANGIOTA"
+ "MUSO BARAKA SAVDO  MCHJ";"998977012";"";"TSH_SHAYHONTOHUR"
+ "MUSO MARKET 85 MCHJ";"+(99) 897-3199";"";"TSH_OLMAZOR"
+ "MUSOYEV UROZALI YTT";"(99) 893-5939";"";"TV_OLMALIK"
+ "MUSTAFAYEVA GULJAXON MURTAZAYEVNA  YTT";"+(99) 897-1016";"";"TSH_SERGELI"
+ "MUSTAFAYEV SUXROB  YTT";"+(88) 805-4994";"";"TSH_SERGELI"
+ "MUSTAFO ALIYA FINE MCHJ";"998976161";"";"TV_CHIRCHIQ"
+ "MUSTAFO BIZNES MCHJ";"+998 95 126 51 51";"";"TV_TOYTEPA"
+ "MUSTAFO FARM SAVDO";"+998 (71) 212-21-00";"";"TSH_YUNUSOBOD"
+ "MUSTAFO KIDS";"+998974421116";"";"TSH_YUNUSOBOD"
+ "MUSTAFOYEV ELDOR  YTT";"998900030";"";"TV_CHIRCHIQ"
+ "MUSTAHKAM FAYZLI MARKET  MCHJ";"998904774122";"";"TSH_YUNUSOBOD"
+ "MUSULMONA SHAHODAT";"+998 (91) 233-04-44";"";"TV_YANGI_YUL"
+ "MUSURMON DUSBERDIYEV YTT";"+998 (93) 595-10-61";"";"TSH_UCHTEPA"
+ "MUSURMONOVA ODINA  YTT";"998906178687";"";"TSH_YASHNABOD"
+ "MUTALIMOVA DILORAM YTT";"(99) 893-6276";"";"TV_OLMALIK"
+ "MUXABBAT ILHOMJON MCHJ";"+998 (97) 698-52-25";"";"TV_YANGI_YUL"
+ "MUXABBAT MARGUBA HAMKOR  OK";"998949441730";"";"TV_TUMANI"
+ "MUXABBAT UMAROVA YTT";"+998 (95) 074-03-07";"";"TSH_UCHTEPA"
+ "MUXAMEDJANOVA NASIBA YTT";"+998 (90) 079-00-70";"";"TSH_UCHTEPA"
+ "MUXAMEDJANOV DAVRON YTT";"+998 (99) 100-71-77";"";"TSH_UCHTEPA"
+ "MUXAMEDJANOV RUSTAM  YTT";"998983025";"";"TV_TUMANI"
+ "MUXAMEDOVA M S  YTT";"998972681166";"";"TV_TUMANI"
+ "MUXAMEDOVA SHAXNOZA  YTT";"+93 001 50 50";"";"TV_YANGI_YUL"
+ "MUXAMEDOVA XILOLA  YTT";"+998977547585";"";"TV_ZANGIOTA"
+ "MUXAMEDOV BAXTIYOR YTT";"+998 (90) 960-40-08";"";"TSH_UCHTEPA"
+ "MUXAMEDOV QODIRJON YTT";"+998 (95) 076-76-86";"";"TSH_UCHTEPA"
+ "MUXAMMAD ALI BUSINESS CENTRE MCHJ";"998994034";"";"TV_CHIRCHIQ"
+ "MUXAMMADALI MAXAMADJONOV  YTT";"9981705010";"";"TV_ZANGIOTA"
+ "MUXAMMADAMIR TEMUR OGLI MCHJ";"99857992172";"";"TV_CHIRCHIQ"
+ "MUXAMMADAZIMOVA SHARIFA  YTT";"+(99) 899-8412";"";"SR_QUYI_CHIRCHIK"
+ "MUXAMMADBEK 151";"909606034";"";"TSH_UCHTEPA"
+ "MUXAMMADIEV UKTAM YTT";"+998 (99) 903-75-19";"";"TV_OLMALIK"
+ "MUXAMMAD-ISMOIL  MCHJ";"+(99) 899-8771";"";"TSH_UCHTEPA"
+ "MUXAMMADIYEVA FERUZA";"+998 (91) 556-72-66";"";"TV_OLMALIK"
+ "MUXAMMADIYEV SARVAR  YTT";"998970025200";"";"TSH_MIRZO_ULUGBE"
+ "MUXAMMADIYEV SUHROB  YTT";"+(99) 893-5547";"";"TSH_UCHTEPA"
+ "MUXAMMADJONOV BEGZOD  YTT";"998950222332";"";"TV_TUMANI"
+ "MUXAMMADJONOV SHOXRUX  YTT";"+77 377 11 71";"";"TSH_YANGIXAYOT"
+ "MUXAMMADQODIR QAXRAMON OGLI SAVDO  OK";"(99) 890-9481";"";"TV_ORTA_CHIRCHIK"
+ "MUXAMMADYUSUF MAXAMADJONOV SHAVKAT OGLI  YTT";"+(99) 899-8877";"";"TSH_SHAYHONTOHUR"
+ "MUXAMMAD ZIYO NURLI BARAKA  MCHJ";"998998391523";"";"TSH_MIRZO_ULUGBE"
+ "MUXAMMEDOVA LOLA ISMOILOVNA YTT";"998996322213";"";"TSH_OLMAZOR"
+ "MUXAMMEDOVA SABINA YTT";"998997908";"";"TSH_MIRZO_ULUGBE"
+ "MUXAMMEDOVLAR  OK";"+(99) 890-0139";"";"TSH_SERGELI"
+ "MUXAMNAR  MCHJ";"998909120862";"";"TSH_MIRZO_ULUGBE"
+ "MUXAYYO OMAD SAMARA MCHJ";"998552665";"";"TV_KIBRAY"
+ "MUXAYYO TRADE-3 MCHJ (MAGNIT)";"98 300 26 22";"";"TSH_SHAYHONTOHUR"
+ "MUXAYYO TRADE-4 MCHJ MAGNIT";"998909141331";"";"TSH_OLMAZOR"
+ "MUXAYYO TRADE-7 (MAGNIT)";"998971571917";"";"TSH_SHAYHONTOHUR"
+ "MUXIDDINOVA DILFUZAXON  YTT";"+998 (94) 420-82-95";"";"TV_ANGREN"
+ "MUXIDDINOVA SANOAT YTT";"998998335314";"";"TSH_YUNUSOBOD"
+ "MUXIDDINOV SARDOR  YTT";"(88) 624-0055";"";"TV_OHANGARON"
+ "MUXIDINOVA GULCHEHRA";"+998998025916";"";"TSH_CHILONZOR"
+ "MUXITDINOV JALOLIDDIN  YTT";"998971315";"";"TSH_SHAYHONTOHUR"
+ "MUXLISA AND MUSTAFO  YTT";"+998 (91) 003-99-03";"";"TV_ZANGIOTA"
+ "MUXLISA FIRDAVS SAVDO  XK";"+998 (90) 052-46-59";"";"TSH_CHILONZOR"
+ "Muxlisa Food";"+998958016080";"";"TSH_SERGELI"
+ "MUXLISA OMAD  MCHJ";"+998 (99) 599-21-55";"";"TV_ANGREN"
+ "MUXLISA SAXRIZODA IMONA  OK";"+(99) 890-9919";"";"SR_QUYI_CHIRCHIK"
+ "MUXSIN MARKET INVEST  MCHJ";"+(99) 890-4742";"";"TSH_SERGELI"
+ "MUXSINOV JASUR ISKANDAROVICH YTT";"998947176262";"";"TSH_YUNUSOBOD"
+ "MUXSUM KARVON  MCHJ-1";"998901382368";"";"TSH_BEKTEMIR"
+ "MUXSUM KARVON  MCHJ-2";"998977456914";"";"TSH_BEKTEMIR"
+ "MUXTABAR SAVDO";"998981232";"";"TSH_MIRZO_ULUGBE"
+ "MUXTABAR ZULAYXO ONA  MCHJ";"+(99) 897-4078";"";"TSH_SERGELI"
+ "MUXTARAM ALIM SAVDO  OK";"+(99) 899-8247";"";"TSH_SERGELI"
+ "MUXTAROV ZIYOVUDDIN KAMOLIDDIN O'G'LI";"998777024414";"";"TV_TOYTEPA"
+ "MUXTAROV ZIYOVUDDIN  YTT";"+(99) 891-2631";"";"TV_ORTA_CHIRCHIK"
+ "MUXTASHAM ASR 2    MCHJ";"+(99) 897-4504";"";"TV_YANGI_YUL"
+ "MUXTASHAM ASR OK";"+(99) 897-7406";"";"TV_YANGI_YUL"
+ "MUXTOROVA VIKTORIYA  YTT";"";"";"TV_YANGI_YUL"
+ "MUZA";"+998901124730";"";"TSH_MIRZO_ULUGBE"
+ "MUZABAROV M.Z YATT";"998881221133";"";"TSH_MIRZO_ULUGBE"
+ "Muzaffar";"";"";"TSH_YUNUSOBOD"
+ "MUZAFFAR KAPITAL SERVIS YTT";"998998983";"";"TSH_BEKTEMIR"
+ "MUZAFFARXOJA HILOLA";"+(99) 871-2975";"";"TSH_YASHNABOD"
+ "MUZAFFARXOJA MUMTOZXOJAYEV MUMTOZXOJA OGLI  YTT";"998946280";"";"TSH_OLMAZOR"
+ "MUZAFFAR YOZIYEV  YTT";"998977655";"";"TSH_SHAYHONTOHUR"
+ "MUZAMMADIYEVA NIGORA  YTT";"+77)4147811";"";"TSH_SERGELI"
+ "MY ZAFARON";"+998 (89) 365-96-39";"";"TSH_OLMAZOR"
+ "MZAAM 5";"+998 (33) 789-12-99";"";"TSH_OLMAZOR"
+ "MZAAM 5 MCHJ";"(99) 833-7891";"";"TSH_OLMAZOR"
+ "MZAAM 5 MCHJ";"+998 (33) 789-33-11";"";"TSH_OLMAZOR"
+ "NABIKULOV XAYRULLA ISMATILLA O'GLI";"93 604 44 47";"";"TV_OLMALIK"
+ "NABIKULOV XAYRULLA ISMATILLA O'GLI";"+93 604 44 47";"";"TV_OLMALIK"
+ "NABIXAJAYEVA";"998654052226";"";"TV_KIBRAY"
+ "NABIYEVA GOZALABDUGAFOROVNA YTT";"998935772964";"";"TSH_SHAYHONTOHUR"
+ "NABIYEVA KIMYOXON YTT";"998946343439";"";"TV_ORTA_CHIRCHIK"
+ "NABIYEVA MALOHAT  YTT";"998778546";"";"TV_KIBRAY"
+ "NABIYEVA MOXIRA. YTT";"+998 (90) 946-46-49";"";"TV_PARKENT"
+ "NABIYEVA NARGIZA";"99 838 78 70";"";"TSH_UCHTEPA"
+ "NABIYEVA SHAGZODA YTT";"+998 99 081 93 93";"";"TV_BOSTONLIQ"
+ "NABIYEV BOXODIR NODIR OGLI";"998903316";"";"TSH_SHAYHONTOHUR"
+ "NABIYEV NODIR";"998998411541";"";"TSH_YUNUSOBOD"
+ "NABIYEV SHOX NUR  MCHJ";"+998 (90) 034-10-66";"";"TV_ZANGIOTA"
+ "NADIROV GAFURDJAN  YTT";"998977055214";"";"TV_KIBRAY"
+ "NAEMAT OTA 7777 XK";"+(99) 890-1140";"";"TV_ORTA_CHIRCHIK"
+ "NAFISA MOVLUDA MADINA  OK";"(99) 897-7828";"";"TV_ORTA_CHIRCHIK"
+ "NAFISA MUHAMMADJON SAVDO  MCHJ";"998901178998";"";"TSH_BEKTEMIR"
+ "NAFIS HUSIN MCHJ";"+998 (33) 527-75-56";"";"TV_ZANGIOTA"
+ "NAFIS SAVDO SALTANAT MCHJ";"998998760";"";"TV_CHIRCHIQ"
+ "NAIMA NISHONBOYEVA  YTT";"998998450";"";"TV_CHIRCHIQ"
+ "NAJIMOV I.N  YTT";"+998712217";"";"TSH_YUNUSOBOD"
+ "NAJIMOV LAZIZJON  YTT";"998996358322";"";"TSH_YASHNABOD"
+ "NAJIMOV MUSURMON ASLIDDIN OGLI  YTT";"998939379951";"";"TSH_OLMAZOR"
+ "NAJMIDINOVA RUHSORA  YTT";"+998 (90) 931-01-02";"";"TV_ZANGIOTA"
+ "NAJMUDDINOVA NURBUJAN XALMETOVNA";"998970171802";"";"TV_CHIRCHIQ"
+ "NAJOT FARM";"+998 (90) 805-11-20";"";"TSH_YASHNABOD"
+ "NAJOT FARM PLUS";"+998 (99) 876-93-97";"";"TV_YANGI_YUL"
+ "NAMANGAN ISTIQLOL BOGI";"+998 (94) 359-22-20";"";"TV_PARKENT"
+ "NAMAZBAYEV AXROR  YTT";"+998 (94) 616-10-01";"";"TV_ANGREN"
+ "NAMAZOV MARUFJON INAMOVICH";"+998 (94) 009-11-84";"";"TV_BOKA"
+ "NAMOZOVA DILAFRUZ  YTT";"998991199";"";"TSH_BEKTEMIR"
+ "NAMOZOVA XOSILA  YTT";"9989014780";"";"TSH_YUNUSOBOD"
+ "NAMOZOV XUSNIDDIN YATT";"+(99) 894-9452";"";"TV_BOKA"
+ "NANO NEW WORLD MCHJ";"+(99) 897-6330";"";"TSH_SERGELI"
+ "NAPALONDOR";"+998 (94) 672-66-79";"";"TSH_CHILONZOR"
+ "NAPALONDOR 2";"998938786868";"";"TSH_CHILONZOR"
+ "NAPALONDOR 2";"+998 (93) 878-68-68";"";"TSH_CHILONZOR"
+ "NAPASOV ELDOR  YTT";"+93 428 97 27";"";"TSH_SERGELI"
+ "NAQQOWLIK SAVDO MCHJ";"998946316";"";"TSH_CHILONZOR"
+ "NARGIZA MARKET MCHJ";"+998994648286";"";"TV_ZANGIOTA"
+ "NARGIZA MIKRO ECO MARKET MCHJ";"998903948";"";"TV_CHIRCHIQ"
+ "NARGIZA PHARM  MCHJ";"998330033323";"";"TV_TUMANI"
+ "NARGIZA SHIRIN TAOMLARI  MCHJ";"+998 (93) 186-86-99";"";"TV_ANGREN"
+ "NARGIZA TASHPULATOVA YTT";"+998 (97) 325-33-66";"";"TSH_UCHTEPA"
+ "NARGIZA XUDOYQULOVNA MCHJ";"(99) 894-4040";"";"TSH_CHILONZOR"
+ "NARKULOV RASUL  YTT";"998974236";"";"TSH_SHAYHONTOHUR"
+ "NARPAY IBROHIM";"+998 (93) 517-30-17";"";"TSH_CHILONZOR"
+ "NARZULLAYEVA NASIBA  YTT 1.64";"998909998504";"";"TSH_UCHTEPA"
+ "NASAF MED FARM  MCHJ";"998950141901";"";"TSH_YANGIXAYOT"
+ "NASIBA AKMAL MCHJ";"+998 (90) 255-14-82";"";"TSH_SHAYHONTOHUR"
+ "NASIBAM OILAVIY BARAKA XK";"998946079";"";"TV_BOSTONLIQ"
+ "NASIBA ONA FAYZ";"+998 (90) 137-57-03";"";"TV_TOYTEPA"
+ "NASIBAXON XUSHBAQOVA  MCHJ";"998906160";"";"TSH_YUNUSOBOD"
+ "NASIBA YAHYOBEK YUKSALISH";"+998 99 603 33 66";"";"TV_TOYTEPA"
+ "NASIMJON FARM";"+998 (91) 077-00-72";"";"TSH_MIROBOD"
+ "NASIMOVA SHAXNOZA TURDALI";"998900350377";"";"TV_OLMALIK"
+ "NASLINISA-BIZNES  MCHJ";"9989909506070";"";"TV_TUMANI"
+ "NASREDDINOV ANVAR  YTT";"+998 (94) 574-32-33";"";"TV_ANGREN"
+ "NASRIDDINOV ZARIF  YTT";"+998 (94) 928-32-33";"";"TV_ANGREN"
+ "NASRIDDIN SAVDO BIZNES";"+998 (90) 988-35-05";"";"TSH_YUNUSOBOD"
+ "NASRULLAYEVASHAHNOZA  YTT";"+998 99 855 62 73";"";"TSH_OLMAZOR"
+ "NASTARIN NOZANIN XK";"998909260";"";"TV_BOSTONLIQ"
+ "NASTARIN SAVDO MCHJ";"998909037970";"";"TSH_MIRZO_ULUGBE"
+ "NASULLO NURLI  MCHJ";"998903238002";"";"TSH_YASHNABOD"
+ "NATALYA VIKTOROVNA MIGACHOVA";"998909613635";"";"TSH_YASHNABOD"
+ "NATALYA VIKTOROVNA MIGACHOVA-2";"998909613635";"";"TSH_YASHNABOD"
+ "NAUTILIUS PAMPILIUS  XK";"+998 (93) 605-67-33";"";"TV_ANGREN"
+ "NAV NIHOL FAYZ  MCHJ";"998977535049";"";"TV_CHIRCHIQ"
+ "NAVNIHOL KORKAM";"+998 (90) 986-77-82";"";"TV_BOKA"
+ "NAVROZBEK OMAD MCHJ";"998998456";"";"TSH_YUNUSOBOD"
+ "NAVRUZA SHAHBOZ MCHJ";"998932881177";"";"TV_CHIRCHIQ"
+ "NAVRUZBEK RAHMATOV RAHMAT OGLI";"+998 (77) 753-13-77";"";"TSH_CHILONZOR"
+ "NAXLATUN X  YTT";"+(99) 897-8522";"";"TV_YANGI_YUL"
+ "NAYIMBAYEVA SAODAT YTT";"+998 (97) 878-05-00";"";"TV_YANGI_YUL"
+ "NAYMAN TRADING  MCHJ";"+998974473001";"";"TSH_SERGELI"
+ "NAZAR ASROROVICH MARKET MCHJ";"+(99) 891-3182";"";"SR_QUYI_CHIRCHIK"
+ "NAZARBEK IDEA FARM";"+998 (91) 324-62-28";"";"TV_YANGI_YUL"
+ "NAZAR KELAJAK SAVDO";"+998 (90) 912-12-13";"";"TSH_OLMAZOR"
+ "NAZAR KELAJAK SAVDO";"+998 (99) 090-93-93";"";"TSH_YUNUSOBOD"
+ "NAZAR KELAJAK SAVDO MCHJ";"+998 (90) 912-12-13";"";"TSH_OLMAZOR"
+ "NAZARMATOVA SHARAPAT  YTT";"998999145522";"";"TSH_UCHTEPA"
+ "NAZARMATOV ROVSHAN YTT";"+998 (97) 523-33-34";"";"TV_YANGI_YUL"
+ "NAZAROVA DILFUZA YTT";"+(99) 890-9950";"";"TSH_MIROBOD"
+ "NAZAROVA GULCHEXRA YTT";"+(99) 897-4552";"";"TV_YANGI_YUL"
+ "NAZAROVA HILOLA MCHJ";"+(99) 890-0936";"";"TSH_SERGELI"
+ "NAZAROVA KAMOLA YTT";"998886524";"";"TV_KIBRAY"
+ "NAZAROVA NARGIZA YATT";"+998 (99) 365-26-25";"";"TV_TOYTEPA"
+ "NAZAROVA  OK";"(99) 890-8523";"";"TV_ORTA_CHIRCHIK"
+ "NAZAROV BEHZOD SOATLI OGLI  MCHJ";"998881312112";"";"TSH_YASHNABOD"
+ "NAZAROV OPTOM";"(99) 897-4800";"";"TSH_OLMAZOR"
+ "NAZAROV OPTOM";"998974800701";"";"TSH_OLMAZOR"
+ "NAZAROV PARIFJON YTT";"+998 (94) 667-49-99";"";"TSH_UCHTEPA"
+ "NAZAROV SUXROB YTT";"+(99) 894-9709";"";"TV_OLMALIK"
+ "NAZIFE YTT";"+998 (94) 346-46-18";"";"TV_PARKENT"
+ "NAZIRA SHERZOD BARAKA  OK";"(99) 890-9551";"";"TV_ORTA_CHIRCHIK"
+ "NAZIRHONOVA SEVARA  YTT";"9987232262";"";"TV_KIBRAY"
+ "NAZIROVA DILFUZA  YTT";"(99) 302-2931";"";"SR_QUYI_CHIRCHIK"
+ "NAZIROV FARXOD YTT";"(99) 893-6005";"";"TV_OHANGARON"
+ "NAZIRTAYEVA MALIKA YTT";"+998 (97) 708-95-50";"";"TSH_SERGELI"
+ "NAZIRXOJA OTA  XK";"+998977696950";"";"TV_ZANGIOTA"
+ "NAZM NUR PROGRES MCHJ";"(99) 890-0382";"";"TSH_YANGIXAYOT"
+ "NAZOKAT ONA BUSINESS  MCHJ";"998980107171";"";"TSH_YASHNABOD"
+ "NAZOKAT SAVDO XK";"+998 (99) 405-75-90";"";"TV_TOYTEPA"
+ "NAZORA HOTAMOVA YTT";"998946390";"";"TSH_SHAYHONTOHUR"
+ "ND FEMALE GROUP 2 MCHJ";"+(99) 894-3649";"";"TV_OLMALIK"
+ "NE BOLEYKA";"+998 (99) 966-85-36";"";"TV_CHIRCHIQ"
+ "NEGMATOV NURIDDIN  YTT";"998935271";"";"TSH_YUNUSOBOD"
+ "NEKOVA XOLIDA XOJAQULOVNA  YTT";"998958815";"";"TV_CHIRCHIQ"
+ "NELDIGO MCHJ";"998999804674";"";"TSH_YUNUSOBOD"
+ "NELLYA PATROSYAN";"998909954774";"";"TSH_BEKTEMIR"
+ "NEMATILLA FAYZ  XK";"(99) 894-5605";"";"TV_ORTA_CHIRCHIK"
+ "NEMATJONOV ALISHER YTT";"998933226737";"";"TSH_UCHTEPA"
+ "NEMAT MAMAT OGLI SOBIROV YTT";"+(99) 895-8282";"";"TSH_YANGIXAYOT"
+ "NEMAT OTA 7777";"+(99) 850-0072";"";"TV_ORTA_CHIRCHIK"
+ "NEMAT OTA 7777  XK";"(99) 894-6757";"";"TV_ORTA_CHIRCHIK"
+ "NEMAT OTA GROUP  MCHJ";"99871439994";"";"TSH_MIRZO_ULUGBE"
+ "Nemat ota nabirali";"+998931350108";"";"TSH_BEKTEMIR"
+ "NEMATOVA MUNAVVARXON YTT";"(99) 893-7696";"";"TV_OHANGARON"
+ "NEO GRANTD";"+998 (93) 593-10-26";"";"TSH_BEKTEMIR"
+ "NEOMED BOLALAR KLINIKASI MCHJ";"+998 (94) 429-50-40";"";"TV_BOKA"
+ "NEO MED FARM";"+998 (95) 094-11-02";"";"TSH_OLMAZOR"
+ "NEO MED FARM";"+998 (93) 506-46-43";"";"TSH_SHAYHONTOHUR"
+ "NETWORK OF SEVEN  MCHJ";"998998064";"";"TV_TUMANI"
+ "NEVICH MARKET UNVERSAL";"+978753737";"";"TV_PARKENT"
+ "NEV UNVIERSAL MCHJ";"+(99) 899-8874";"";"TSH_YAKKASAROY"
+ "NEW ASILBEK BIZNES  MCHJ";"+998 (90) 168-0";"";"TSH_MIROBOD"
+ "NEW BRIGHT PAGE  OK";"998999334127";"";"TV_YANGI_YUL"
+ "NEWCASTLE BIZNES MCHJ";"998771217";"";"TSH_YASHNABOD"
+ "NEW DAWN  MCHJ";"+(99) 890-0325";"";"TSH_UCHTEPA"
+ "NEW DIAMOND PHARM";"+998 (33) 334-34-33";"";"TSH_OLMAZOR"
+ "NEW DIAMOND PHARMA";"+998 (95) 069-50-05";"";"TSH_OLMAZOR"
+ "NEW EWEREST MCHJ";"998977000590";"";"TSH_YUNUSOBOD"
+ "NEW LIFE STAR PHARM";"+998 (93) 569-63-85";"";"TSH_SHAYHONTOHUR"
+ "NEW MOSCOV TRADIN MCHJ";"+998 (91) 046-7";"";"TV_PARKENT"
+ "NEW SAFIYA  MCHJ";"(99) 899-5154";"";"TSH_CHILONZOR"
+ "NEW STEP EXCELLENT MCHJ";"998933434";"";"TSH_OLMAZOR"
+ "NFF BAXT SAVDO XK";"998946053694";"";"TSH_YUNUSOBOD"
+ "NIAGARA MARKET  MCHJ";"+(99) 899-8822";"";"TSH_CHILONZOR"
+ "NICE MARKET MCHJ";"+998 (90) 065-91-00";"";"TSH_SERGELI"
+ "NICE MARKET MCHJ";"+998 (90) 828-47-57";"";"TSH_SERGELI"
+ "NICE PRICE GROUP";"+998 (93) 234-96-34";"";"TSH_CHILONZOR"
+ "NICE ROSE  MCHJ";"998946654589";"";"TV_KIBRAY"
+ "NICE WONDERFUL TRADE  MCHJ";"998994075";"";"TV_BOSTONLIQ"
+ "Night Club Boss";"+998946578908";"";"TSH_CHILONZOR"
+ "NIGINA XUSAN  OK";"+998 (94) 605-69-74";"";"TV_PARKENT"
+ "NIGMANJAN ABDUNABIYEVICH KUCHKAROV YTT";"998946010581";"";"TSH_SHAYHONTOHUR"
+ "NIGMANOVA YEKUTXAN  YTT";"998946258844";"";"TSH_OLMAZOR"
+ "NIGMATJONOV IZZATULLO YTT";"998946885";"";"TSH_OLMAZOR"
+ "NIGMATOVA K A YTT";"+(99) 891-1646";"";"TSH_SERGELI"
+ "NIGMATOVA SAODAT  YTT";"+998936699070";"";"TSH_SHAYHONTOHUR"
+ "NIGMATOV BAXODIR  YTT";"998773932120";"";"TSH_YUNUSOBOD"
+ "NIGMATOV SHUKUR BAXTIYOROVICH  YTT";"+(99) 899-4921";"";"TSH_SERGELI"
+ "NIGMATOV ULUGBEK YTT";"998770813434";"";"TSH_SHAYHONTOHUR"
+ "NIGMATOV XABIBULLO  YTT";"+998998533804";"";"TV_ZANGIOTA"
+ "NIGMATULLAYEVA LEYLA  YTT";"998908298313";"";"TV_CHIRCHIQ"
+ "NIGMATULLAYEV RAVSHAN YTT";"998707120";"";"TV_CHIRCHIQ"
+ "NIGMETOVA MAVJUDA MIRZORAIMOVNA";"998909629317";"";"TSH_MIRZO_ULUGBE"
+ "NIGORA ESHIMOVA XOMIDOVNA YTT";"+(99) 893-5137";"";"TSH_YAKKASAROY"
+ "NIGORAHON YOQUBBEK";"+998 (90) 004-40-75";"";"TSH_UCHTEPA"
+ "NIGORA SAVDO BIZNES   XK";"+998 (71) 216-48-59";"";"TSH_CHILONZOR"
+ "Nigora Xojiakbar";"99800122282";"";"TSH_SHAYHONTOHUR"
+ "NIGORAXON MARKETI  OK";"(99) 897-7511";"";"TV_ORTA_CHIRCHIK"
+ "NIHOL PREMIUM KLASS  MCHJ";"+998 (99) 886-10-07";"";"TV_ANGREN"
+ "NIHOL TABAKA";"+000000000000";"";"TSH_OLMAZOR"
+ "NILANS  OK";"+998977121463";"";"TSH_MIROBOD"
+ "NILUFAR FARM TRED";"+998 (99) 222-33-57";"";"TSH_MIROBOD"
+ "NILUFAR KASIMOVA SHOMURATOVNA";"+998 (93) 504-35-18";"";"TSH_CHILONZOR"
+ "NILUFAR LOLA IFORI  OK";"998777124045";"";"TV_TUMANI"
+ "NILUFAR MADINA  OK";"+(99) 894-4211";"";"TV_PARKENT"
+ "NILUFAR MALIKOVA  YTT";"+998 (99) 827-96-19";"";"TV_ANGREN"
+ "NILU FARM KAMOL";"+998 (90) 001-22-02";"";"TV_YANGI_YUL"
+ "NILUFAR OPA";"97 747 39 19";"";"TSH_UCHTEPA"
+ "NILUFAR SHAXRIZODA";"+998 (97) 778-84-80";"";"TV_TOYTEPA"
+ "NILUFARXON FARM TRADE  MCHJ";"+998937772248";"";"TSH_CHILONZOR"
+ "NILUFARXON FARM TRADE  MCHJ-2";"998937772248";"";"TSH_MIRZO_ULUGBE"
+ "NILUFFAR GAFFOROVA";"+998 (97) 701-54-04";"";"TSH_CHILONZOR"
+ "NINE ONE ONE PHARM MCHJ";"+998935345554";"";"TSH_MIRZO_ULUGBE"
+ "NINOSH MCHJ";"+998 (94) 348-60-09";"";"TV_ANGREN"
+ "NISHANBAYEVA ZILOLA  XK";"(94) 921-8767";"";"TV_OHANGARON"
+ "NISHANOV SARDOR  YTT";"998991001014";"";"TSH_OLMAZOR"
+ "NISHONOV AFRUZ YTT";"+998 (99) 422-27-05";"";"TV_OHANGARON"
+ "NISHONOVA GULNORA JAXONGIR QIZI  YTT";"998977676032";"";"TV_TUMANI"
+ "NISHONOVA GULNOZA AXMADOVNA  YTT";"+(99) 871-2720";"";"TSH_UCHTEPA"
+ "NISHONOVA NARGIZA YTT";"+998 (99) 408-77-18";"";"TV_OLMALIK"
+ "NISHONOVA RANO YTT";"(99) 894-9269";"";"TV_OLMALIK"
+ "NIVEYA";"+998 (90) 928-21-25";"";"TV_ANGREN"
+ "NIYAZMETOV TEMUR  YTT";"+(99) 899-1221";"";"TV_ORTA_CHIRCHIK"
+ "NIYAZOVA FERUZA YTT";"998942123507";"";"TV_OHANGARON"
+ "NIYAZOVA X.N  YTT";"998935078514";"";"TSH_YASHNABOD"
+ "NIYAZOV M X  YTT";"+998 (99) 923-28-85";"";"TV_ANGREN"
+ "NIYOZOVA ZUMRAD  YTT";"998909108390";"";"TSH_MIRZO_ULUGBE"
+ "NIYOZOV ERKIN  YTT";"+998 (97) 588-88-55";"";"TSH_CHILONZOR"
+ "NIYOZOV UMID YTT";"+(99) 893-7171";"";"TV_OHANGARON"
+ "NIZAMOV ABROR  YTT";"998973430240";"";"TV_KIBRAY"
+ "NIZAMOV KABILJAN  YTT";"998946362885";"";"TV_TUMANI"
+ "NIZAMXOJAYEV SAYDAXMADXOJA  YTT";"+998 (90) 905-13-16";"";"TV_ZANGIOTA"
+ "NIZOM FARM MCHJ";"+998 (94) 945-24-40";"";"TV_BOKA"
+ "NIZOMIDDIN RIVOJ XK";"998998977";"";"TV_TUMANI"
+ "NIZOMJON ASL SAVDO  MCHJ-1";"998903835";"";"TSH_BEKTEMIR"
+ "NIZOMOV ISLOM  YTT";"+998998130205";"";"TV_ZANGIOTA"
+ "NOBEL RICH MAN   MCHJ";"998935582770";"";"TV_TUMANI"
+ "NODIR 999 MCHJ";"998997631";"";"TV_BOSTONLIQ"
+ "NODIRA OPA ORZU QATOR 148";"94 650 82 59";"";"TSH_UCHTEPA"
+ "NODIRA XADICHA TRADE  MCHJ";"998974924477";"";"TV_TUMANI"
+ "NODIRA YAYRA SHAXZODA MCHJ";"+(99) 899-8457";"";"TSH_MIROBOD"
+ "NODIRBEK BIZNES FAYZ  XK";"998977846772";"";"TSH_BEKTEMIR"
+ "NODIRBEK KOMILJON BIZNES  OK";"+(99) 897-4019";"";"TSH_SERGELI"
+ "NODIRBEK SHIRIN BUSINESS MCHJ";"99847404868";"";"TV_BOSTONLIQ"
+ "NODIR BIZNES1";"998944257";"";"TSH_YUNUSOBOD"
+ "NODIR BIZNES3";"998944257271";"";"TSH_YUNUSOBOD"
+ "NODIR D  MCHJ";"+998933951153";"";"TV_ZANGIOTA"
+ "NODIRJON ABDUGOFUR OGLI YTT";"+(99) 890-9999";"";"TSH_YAKKASAROY"
+ "NODIRJON ARIFOV  YTT";"+998 (93) 650-30-80";"";"TV_ANGREN"
+ "NODIR LAYTING";"998950788121";"";"TSH_OLMAZOR"
+ "NODIR MARKET MCHJ";"+998 (06) 431-18-28";"";"TV_PARKENT"
+ "NODIR NOSIR  MCHJ-1";"998930707";"";"TSH_BEKTEMIR"
+ "NODIR NOSIR  MCHJ-2";"998930707";"";"TSH_BEKTEMIR"
+ "NODIROV SARVAR YTT";"(99) 893-5403";"";"TV_OHANGARON"
+ "NODIROV TOHIR YTT";"998977774";"";"TV_KIBRAY"
+ "NODIR QOCHQOROV  YTT";"+998999973311";"";"TV_ZANGIOTA"
+ "NODIR YTT";"+998 (97) 374-84-04";"";"TV_PARKENT"
+ "NODRA OPA";"+998 (95) 950-65-30";"";"TV_ORTA_CHIRCHIK"
+ "NOIR CLUB";"+998770028322";"";"TSH_YUNUSOBOD"
+ "Nomdor Hamza";"+998949488788";"";"TSH_CHILONZOR"
+ "NOMDOR SOMSA";"+998946996461";"";"TSH_YUNUSOBOD"
+ "NOMDOR SOMSA Qazi mahalla";"+998995241346";"";"TSH_MIRZO_ULUGBE"
+ "NOMOZOV OYBEK GULOM OGLI";"+998 (97) 414-14-16";"";"TSH_YANGIXAYOT"
+ "NON BARAKA CHIRCHIQ MCHJ";"998999866";"";"TV_CHIRCHIQ"
+ "Non Kabob";"+998881676700";"";"TSH_SERGELI"
+ "Non Kabob Sergili";"+998979009520";"";"TSH_SERGELI"
+ "NORBOYEVA BUZAXRO  YTT";"";"";"TV_PARKENT"
+ "NORBOYEVA OYGUL  YTT";"";"";"TSH_MIROBOD"
+ "NORD-1 MCHJ";"+(99) 894-6750";"";"TV_OLMALIK"
+ "NORIYEVA YTT";"(99) 897-9411";"";"TV_PARKENT"
+ "NORKULOVA ZARINA ZIYODULLAYEVNA YTT";"998933884";"";"TSH_BEKTEMIR"
+ "NORMAMAT BARAKA BIZNES  MCHJ";"998958620907";"";"TV_CHIRCHIQ"
+ "NORMAMATOV SODIQ SHAHRIDDIN OGLI  YTT";"998900040548";"";"TSH_MIRZO_ULUGBE"
+ "NORMANOV ABDUJALIL  YTT";"998971389";"";"TSH_YASHNABOD"
+ "NORMATOV ABDUJALOL  YTT";"998935487758";"";"TV_KIBRAY"
+ "NORMATOVA DILOROM SHARIFOVNA YTT";"998998787171";"";"TSH_YUNUSOBOD"
+ "NORMATOV ALISHER ABDUMUTALOVICH  YTT";"(99) 894-4030";"";"TV_OLMALIK"
+ "NORMATOVA MAKTUBA YTT";"998994000721";"";"TV_BOSTONLIQ"
+ "NORMATOVA MALOXAT YTT";"998998346";"";"TV_KIBRAY"
+ "NORMATOVA SEVARA  YTT";"(94) 365-1011";"";"TV_ANGREN"
+ "NORMATOV DAVRON YTT";"+998 (99) 853-49-75";"";"TV_YANGI_YUL"
+ "NORMATOV SAVDO";"+998 (90) 002-18-18";"";"TSH_CHILONZOR"
+ "NORMIRZAYEVA DILAFROZ OZOTOVNA";"998997870509";"";"TSH_MIRZO_ULUGBE"
+ "NORMUXAMMEDOV AKROM";"+998909562435";"";"TSH_BEKTEMIR"
+ "NOROVA MEXRINISO AZAMAT QIZI  YTT";"998940885144";"";"TSH_BEKTEMIR"
+ "NORQOBILOV SANJAR  YTT";"998936122225";"";"TSH_SERGELI"
+ "NORQULOVA DILARA  YTT";"(99) 899-9173";"";"TV_ORTA_CHIRCHIK"
+ "NORTOJIYEVA ZIYODA YTT";"+998 (97) 648-46-48";"";"TV_YANGI_YUL"
+ "NORTOYEV QODIRJON  YTT";"+998977261530";"";"TV_TUMANI"
+ "NOSIRBEK NUR GROUP";"+998 (90) 894-38-22";"";"TSH_CHILONZOR"
+ "NOSIROVA GULAMDOM  YTT";"";"";"TSH_UCHTEPA"
+ "NOSIROV RAVSHAN  YTT";"+998974340272";"";"TV_TUMANI"
+ "NOSIROV ZUXRIDDIN  YTT";"998903302";"";"TSH_YASHNABOD"
+ "NOSIR ZOKIR FARM";"+998 (99) 222-88-82";"";"TSH_CHILONZOR"
+ "Novda";"+998915673434";"";"TSH_SERGELI"
+ "NOVZA MARKET";"+998 (99) 690-08-18";"";"TSH_CHILONZOR"
+ "NOYLAPA";"998933035";"";"TSH_SHAYHONTOHUR"
+ "NOZA MARKET";"998901865264";"";"TSH_MIRZO_ULUGBE"
+ "NOZIMA CLASS SAVDO  MCHJ";"998909700586";"";"TSH_YASHNABOD"
+ "NOZIMA CLASS SAVDO  MCHJ-2";"998909320151";"";"TSH_YASHNABOD"
+ "NOZIMA SHAVKAT CHP";"+998 (99) 853-04-25";"";"TSH_SERGELI"
+ "NOZIMA SHAVKAT CHP 2";"+998 (99) 853-04-25";"";"TSH_SERGELI"
+ "NOZIMA SHOXRUX FARM MCHJ";"(99) 897-2657";"";"TV_KIBRAY"
+ "NOZIMJONOVA SARVINOZ YTT";"+998 (94) 905-78-17";"";"TV_OLMALIK"
+ "NOZIYA MILLIY TAOMLAR";"+998 (00) 000-00-00";"";"TSH_YAKKASAROY"
+ "NOZLIYA JAMSHID MCHJ";"+998 (93) 813-14-41";"";"TSH_OLMAZOR"
+ "NOZ NEMAT SAVDO MCHJ";"+(99) 871-2583";"";"TSH_YANGIXAYOT"
+ "N PRESTIGE MCHJ";"+(99) 895-0220";"";"TSH_MIROBOD"
+ "NRR GROW 2  MCHJ";"998998785357";"";"TSH_YASHNABOD"
+ "NRR GROW  MCHJ";"998935407959";"";"TSH_BEKTEMIR"
+ "NSMAA";"+998 (71) 277-05-58";"";"TSH_CHILONZOR"
+ "NUMBER ONE DRINK MCHJ";"998977542";"";"TSH_BEKTEMIR"
+ "NURAFSHON BEST FARM MCHJ";"998998520647";"";"TV_OHANGARON"
+ "NURAFSHON ECO MARKET MCHJ";"(99) 877-0167";"";"TV_PARKENT"
+ "Nurafshon Number One Farm";"+998 88 177 17 75";"";"TV_TOYTEPA"
+ "NURAFSHON TAMINOT MCHJ";"998998187447";"";"TV_TUMANI"
+ "NURAFSHON TERMINAL MCHJ";"+998 (90) 392-58-08";"";"TV_TOYTEPA"
+ "NURALIFAYZ MCHJ";"998973259690";"";"TSH_OLMAZOR"
+ "NURALIYEV ADHAM XUJAQUOL UGLI  YTT";"998700230602";"";"TSH_YUNUSOBOD"
+ "NURALIYEV SHERZOD  YTT";"+998 (95) 545-54-86";"";"TV_ZANGIOTA"
+ "NUR ANNA MCHJ";"9986069286";"";"TV_KIBRAY"
+ "NUR BAHT ISABAYEV OK";"998999046";"";"TV_KIBRAY"
+ "NURBIZNES  MCHJ";"+998 (97) 448-04-41";"";"TV_ZANGIOTA"
+ "NURGALIYEV YTT";"+998 (94) 885-58-00";"";"TV_PARKENT"
+ "NUR GOLD TRADING  MCHJ";"97 347 47 95";"";"TV_PARKENT"
+ "NUR HAYOT BIZNES MCHJ";"(99) 899-0088";"";"TSH_CHILONZOR"
+ "NURIDDIN";"+998999030214";"";"TSH_CHILONZOR"
+ "NURIDDIN BAROKAT FAYZ  OK";"998998891080";"";"TV_TUMANI"
+ "NURIDDIN BUSSINES  MCHJ";"+(99) 893-1945";"";"TSH_MIROBOD"
+ "NURIDDIN FAYZ OMAD BARAKA YTT";"+998 (97) 648-73-48";"";"TV_YANGI_YUL"
+ "NURIDDIN FOTIMA OMAD SAVDO  OK";"+(99) 894-0660";"";"TV_ORTA_CHIRCHIK"
+ "NURIDDINOVA XULKAR RUSTAMOVNA";"+998 (99) 613-91-69";"";"TSH_CHILONZOR"
+ "NURIDDINOVA XULKAR  YTT";"+907992323";"";"TSH_CHILONZOR"
+ "NURIDDINOV UMID YTT";"+998 (94) 656-39-96";"";"TSH_UCHTEPA"
+ "NURIDDIN RUSTAM  OK";"+998 (33) 061-22-82";"";"TV_ZANGIOTA"
+ "NURIDINOVA D";"+998991950880";"";"TSH_SERGELI"
+ "NURILLOXON SAYDILLOXONOVICH YUSUPOV  YTT";"+(99) 891-3569";"";"TSH_SERGELI"
+ "NUR IMKON FAYZ SAVDO  XK";"998990441155";"";"TSH_MIRZO_ULUGBE"
+ "NUR-IMKON FAYZ SAVDO XK";"998909004466";"";"TSH_SHAYHONTOHUR"
+ "NUR ISKANDAR MIRZO  XK";"+(99) 871-2585";"";"TSH_SERGELI"
+ "NUR ISLAM FARM";"+998 (99) 732-02-07";"";"TSH_UCHTEPA"
+ "NURITDINOV BEXZODXOJA  YTT";"+998258485";"";"TSH_CHILONZOR"
+ "NURIYA ONA  OK";"+998 (97) 824-84-84";"";"TV_ZANGIOTA"
+ "NURLI CHINOR OMAD MCHJ";"+998 (88) 744-54-24";"";"TV_YANGI_YUL"
+ "NURLI OBIDJON OTA SAVDO OK";"998977064";"";"TSH_BEKTEMIR"
+ "NURMAT OTA MARKET  MCHJ";"998909592353";"";"TSH_BEKTEMIR"
+ "NURMAT OTA  MCHJ";"+(99) 890-0222";"";"TV_ORTA_CHIRCHIK"
+ "NURMATOV ABDUQAXXOR ABDUMALIKOVICH YTT";"+(99) 893-1574";"";"TSH_YANGIXAYOT"
+ "NURMATOVA ETIBOR YATT";"+998 (91) 164-78-71";"";"TV_PISKENT"
+ "NURMATOVA FERUZA YATT";"+998 (99) 531-22-55";"";"TV_TOYTEPA"
+ "NURMATOVA GOZAL  YTT";"(99) 894-9008";"";"TV_ORTA_CHIRCHIK"
+ "NURMATOVA MUHAYYO YATT";"+(99) 893-7035";"";"TV_BOKA"
+ "NURMATOVA MUSSALLAMHON YTT";"998774164";"";"TV_KIBRAY"
+ "NURMATOVA UMRINISOE SHKUZIYEVNA";"+998 (93) 652-44-22";"";"TV_OLMALIK"
+ "NURMATOV BEGZOD";"+998992316045";"";"TSH_SERGELI"
+ "NURMATOV BEZNES";"+998 (94) 082-12-80";"";"TSH_SERGELI"
+ "NURMATOV BIZNES MCHJ";"+998 (94) 082-12-90";"";"TSH_SERGELI"
+ "NURMATOV KOMILJON ALIMDJANOVICH  YTT";"998935511";"";"TSH_OLMAZOR"
+ "NURMATOV MUROD RAXMATOVICH YTT";"+(99) 899-8217";"";"TSH_YAKKASAROY"
+ "NURMATOV RUSTAM  YTT";"973438760";"";"TV_YANGI_YUL"
+ "NURMATOV SHERZOD";"+998901928008";"";"TSH_SERGELI"
+ "NURMATOV SHERZOD YTT";"+998 (97) 440-42-43";"";"TV_YANGI_YUL"
+ "NUR MED FARM";"+998 (98) 007-78-17";"";"TSH_UCHTEPA"
+ "Nur Milliy Taomlari";"+998957770202";"";"TSH_CHILONZOR"
+ "NURMUHAMEDOV  YTT";"998903299202";"";"TSH_SHAYHONTOHUR"
+ "NURMURODOV AKROM YTT";"+998 (94) 671-96-93";"";"TSH_SERGELI"
+ "NURMUXAMEDOVA KOMOLA MAXMUDJONOVNA";"+998 (99) 868-51-00";"";"TV_TOYTEPA"
+ "NURMUXAMMEDOV TIMUR YTT";"+(99) 890-8137";"";"TSH_MIROBOD"
+ "NURNAVO OK";"998990397744";"";"TSH_YASHNABOD"
+ "NUROBOD UNIVERSAL SAVDO MCHJ";"998931101177";"";"TV_OHANGARON"
+ "NUROR TEX BUSINESS OK";"998971373";"";"TSH_BEKTEMIR"
+ "NUROTA AKMAL FARM";"998997918328";"";"TV_CHIRCHIQ"
+ "NURSOF  MCHJ";"+(99) 899-8156";"";"TSH_SERGELI"
+ "NURTOYOV AXROL  YTT";"97 363 75 83";"";"TV_PARKENT"
+ "NURULLAYEV DONIYOR  YTT";"998935331";"";"TV_KIBRAY"
+ "NURUTDINOVA ZUMRAT YTT";"99809852172";"";"TSH_OLMAZOR"
+ "NURXOJAYEV TORAXOJA  YTT";"+998 (99) 548-64-88";"";"TV_ZANGIOTA"
+ "NURZAT FARM";"998993025017";"";"TV_CHIRCHIQ"
+ "NUSRATOY KOZIM SHIFO PHARM MCHJ";"+998 (90) 337-84-91";"";"TV_OQQORGON"
+ "NUTRI-FOOD-ASIA";"998909990444";"";"TSH_YUNUSOBOD"
+ "NYAM NYAM SHOP";"998957570707";"";"TSH_SHAYHONTOHUR"
+ "NYAM NYAM SHOP";"+998 (95) 757-07-07";"";"TSH_SHAYHONTOHUR"
+ "OASH BARAKA MCHJ";"+(99) 899-8894";"";"TSH_YAKKASAROY"
+ "OBET TEKSTEL";"+998941107110";"";"TSH_CHILONZOR"
+ "OBID AND NILUFAR  OK";"998935857909";"";"TSH_YASHNABOD"
+ "OBIDOVA SHOIRAXON YTT";"+998 (88) 016-00-63";"";"TV_BOKA"
+ "Obidov Dilshod MCHJ";"99847153739";"";"TSH_YUNUSOBOD"
+ "OBI HAYOT restaurant";"+998973508888";"";"TSH_YASHNABOD"
+ "OBIKANDA MARKET";"998914700909";"";"TSH_MIRZO_ULUGBE"
+ "OBLAKULOV SULAYZAFAR  YTT";"909498578";"";"TSH_CHILONZOR"
+ "OBOD KATTA BOG MCHJ";"998993752";"";"TV_KIBRAY"
+ "OBOD NUR QURILISH  XK";"998998309560";"";"TSH_YASHNABOD"
+ "OBOD OTEL MILLIY TAOM KAFESI";"+998974430755";"";"TSH_YUNUSOBOD"
+ "OCEAN MARKET";"+998 (97) 741-67-77";"";"TSH_SERGELI"
+ "OCHILOVA SHAXNOZA  YTT";"(99) 899-9702";"";"TSH_SERGELI"
+ "OCHILOV ASILBEK TORAMUROD OGLI YTT";"+(99) 890-9386";"";"TSH_YAKKASAROY"
+ "OCHILOVS GROUP MCHJ";"998971994143";"";"TSH_MIRZO_ULUGBE"
+ "OCHIL PHARM";"+998 (93) 160-65-65";"";"TV_BOKA"
+ "ODILBEK ASKBEK BARAKA MCHJ";"+998 (94) 410-40-15";"";"TV_PISKENT"
+ "ODILBEK BIZNES  MCHJ";"+(99) 899-8855";"";"TSH_UCHTEPA"
+ "ODILBEK HALOL BIZNES XK";"998885431";"";"TV_KIBRAY"
+ "ODILBEK SHODIYONA MARKET MCHJ";"+998 (99) 191-03-84";"";"TV_OHANGARON"
+ "ODIL HAYOT IBRAT XK";"+998 (97) 771-44-35";"";"TSH_UCHTEPA"
+ "ODILJON OMONOVICH YTT";"+998 (90) 126-01-74";"";"TSH_UCHTEPA"
+ "ODILJON VA QOBILJON FARM";"+998 (90) 980-71-54";"";"TSH_OLMAZOR"
+ "ODILOVA DILNOZA 777 MCHJ";"(99) 899-6993";"";"TSH_CHILONZOR"
+ "ODILOVA SANOAT YATT";"+998 (99) 996-88-61";"";"TV_PISKENT"
+ "ODILOV FAZLIDDIN YTT";"+998 (97) 884-92-07";"";"TV_PISKENT"
+ "ODILOV LOCHINBEK YTT";"+(99) 890-2890";"";"TSH_CHILONZOR"
+ "ODILOV SALOHIDDIN  YTT";"998935069";"";"TV_TUMANI"
+ "ODILOV XAYRULLO  YTT";"+998 (98) 110-70-26";"";"TV_ZANGIOTA"
+ "ODILOV YODGOR";"998948777718";"";"TSH_SHAYHONTOHUR"
+ "ODINA JAXON  MCHJ";"998990000";"";"TSH_MIRZO_ULUGBE"
+ "ODINA MALIKA DUNYOSI MCHJ";"(99) 899-8944";"";"TV_OHANGARON"
+ "ODINA NUR BARAKA  XK";"998970003041";"";"TSH_MIRZO_ULUGBE"
+ "ODINA XADICHA BARAKA";"998998147527";"";"TSH_MIRZO_ULUGBE"
+ "ODINAXON ECO MARKET  OK";"9981010931";"";"TV_KIBRAY"
+ "Odinaxon Milliy Taomlari";"+998949979858";"";"TSH_UCHTEPA"
+ "ODINAYEVA MUNIRA ASATULLAYEVNA  YTT";"+(99) 899-4790";"";"TSH_UCHTEPA"
+ "office client";"";"";"TSH_BEKTEMIR"
+ "Ofis uchun";"";"";"TSH_MIRZO_ULUGBE"
+ "OGABEK  226  MCHJ";"+998 (93) 518-70-10";"";"TSH_CHILONZOR"
+ "OGABEK FARM";"+998 (90) 909-57-17";"";"TSH_YASHNABOD"
+ "OGABEK PLYUS OTABEK OK";"+998 (97) 840-50-59";"";"TV_PARKENT"
+ "OGALAR BIZNES P";"+998 (88) 017-72-62";"";"TSH_YUNUSOBOD"
+ "OGALAR  BIZNES PHARM";"+998 (91) 670-84-44";"";"TSH_YUNUSOBOD"
+ "OGALAR BIZNES PHARM";"+998 (95) 342-80-80";"";"TSH_YUNUSOBOD"
+ "Ogʻalar";"+998935557775";"";"TSH_CHILONZOR"
+ "OGILJAMOL TOXTAMUROTOVNA QANDIMOVA YTT";"+(99) 894-3203";"";"TSH_SERGELI"
+ "O'g'irlangan qarz Olmaliq";"";"";"TV_OLMALIK"
+ "OHANGARON-ELEGAND FAYZ MCHJ";"(99) 898-1262";"";"TV_OHANGARON"
+ "OHANGARON FARM";"+998 (93) 534-25-15";"";"TV_OHANGARON"
+ "OHANGARON ORGANIC  FX";"998946604970";"";"TV_ANGREN"
+ "OHANGARON ORGANIK  XK";"(99) 893-2999";"";"TV_ANGREN"
+ "OHANGARON RAVSHAN SERVIS MCHJ";"+(99) 890-0290";"";"TV_OHANGARON"
+ "OILA MARKET";"+998 (97) 867-24-06";"";"SR_QUYI_CHIRCHIK"
+ "OILA MARKET MCHJ";"+(99) 888-1057";"";"TSH_SERGELI"
+ "OILA NEWS ORIGINAL  MCHJ";"";"";"TSH_MIROBOD"
+ "Oilaviy";"+998901688778";"";"TSH_SERGELI"
+ "OILAVIY AKA UKA SAVDO XK";"998913308";"";"TSH_OLMAZOR"
+ "OILAVIY FARM";"+998 (99) 977-28-42";"";"TSH_SERGELI"
+ "OILAVIY TADBIRKOR LAZOKAT YTT";"+998 (90) 914-51-90";"";"TSH_UCHTEPA"
+ "OILAVIY TADBIRKORLIK OK";"+(99) 301-3231";"";"TV_PARKENT"
+ "OILICHOV SANDJAR  YTT";"998949243535";"";"TV_CHIRCHIQ"
+ "OK AMIRBEK ASILBEK AIDAXON";"+(99) 899-3282";"";"TV_OLMALIK"
+ "OKEAN MARKET";"+998 (95) 166-99-80";"";"TSH_CHILONZOR"
+ "OKEY PHARM";"+998 (90) 023-10-69";"";"TSH_YUNUSOBOD"
+ "OKNO PHARM MED";"+998 (99) 893-50-84";"";"TSH_SHAYHONTOHUR"
+ "OK OILAVIY KORXONA";"+998 (90) 994-04-13";"";"TSH_CHILONZOR"
+ "OK SARVAR YASHIN OGLI";"+998 (90) 942-21-23";"";"SR_QUYI_CHIRCHIK"
+ "OKTAMOVA NAMUNA BAXTIYOR QIZI";"+998 (93) 551-84-36";"";"TV_BOKA"
+ "OKTAMOV ASQAR OTA YTT";"+(99) 899-3952";"";"TSH_YAKKASAROY"
+ "O'KTAMOV AXROR YTT";"998933332844";"";"TSH_YUNUSOBOD"
+ "OKTAMOV SARDOR  YTT";"+(99) 899-4061";"";"SR_QUYI_CHIRCHIK"
+ "OKTAM TALABA SAVDO  MCHJ";"998977088";"";"TSH_OLMAZOR"
+ "OKTAM VALI  TRED  YTT";"998946107";"";"TSH_SHAYHONTOHUR"
+ "OLCHA MARKET  MCHJ";"998901865640";"";"TSH_MIRZO_ULUGBE"
+ "OLD MODULE  MCHJ";"+(99) 890-3474";"";"TSH_MIROBOD"
+ "OLIM 788  OK";"+998 (97) 609-99-25";"";"TV_YANGI_YUL"
+ "OLIMBEK ISHONCH MARKET MCHJ";"998974909";"";"TSH_OLMAZOR"
+ "OLIMJON IMONA MARKET  OK";"998936571155";"";"TSH_BEKTEMIR"
+ "OLIMJONOVA MANZURA  YTT";"998911620289";"";"TV_ZANGIOTA"
+ "OLIMOVA GULSIN YTT";"(99) 871-2797";"";"TSH_CHILONZOR"
+ "OLIMOV ISMOIL KARABAYEVICH YTT";"998935467";"";"TSH_SHAYHONTOHUR"
+ "OLIMOV SHAVKATJON  YTT";"998909655141";"";"TSH_UCHTEPA"
+ "OLIMOV SHOHZOD SHUHRAT OGLI";"+998 (93) 449-97-17";"";"TV_PISKENT"
+ "OLIM QOBIL OK";"998935751991";"";"TV_KIBRAY"
+ "OLIM SOBIROV YTT";"(99) 890-9105";"";"TSH_CHILONZOR"
+ "OLIY SAVDO XK";"998998803324";"";"TSH_MIRZO_ULUGBE"
+ "OLJAYEVA LAYLO GALDIYAROVNA  YTT";"+(99) 871-2588";"";"TSH_SERGELI"
+ "Olmaliq filial";"";"";"TV_OLMALIK"
+ "OLMALIQ OSIYO TARAQQIYOT MCHJ";"(99) 893-9889";"";"TV_OLMALIK"
+ "OLMALIQ SENOPAD  MCHJ";"(99) 893-6183";"";"TV_OLMALIK"
+ "OLMALIQ SEVINCH SAVDO  MCHJ";"+(99) 893-5871";"";"TV_OLMALIK"
+ "OLMAS OMAD SAVDO";"998973424232";"";"TSH_OLMAZOR"
+ "OLMAS OPA";"998912466";"";"TSH_SHAYHONTOHUR"
+ "OLMASOV NODIRBEK  YTT";"+(99) 899-4834";"";"SR_QUYI_CHIRCHIK"
+ "O'LMASOV XASAN  YTT";"+998 (95) 440-40-44";"";"SR_QUYI_CHIRCHIK"
+ "Olmos";"+998933637373";"";"TSH_UCHTEPA"
+ "OLMOS FARM BIZNES MCHJ";"+998 (91) 776-74-04";"";"TV_CHIRCHIQ"
+ "OLMOS FAYZ MAKON  XK";"998981076710";"";"TSH_BEKTEMIR"
+ "OLMOS MARVARID  MCHJ";"998979216";"";"TV_BOSTONLIQ"
+ "OLMOS SIENNE MCHJ";"998339377110";"";"TSH_BEKTEMIR"
+ "Olot Somsa";"+998939472112";"";"TSH_UCHTEPA"
+ "OLOVIDDINOVA NILUFAR  YTT";"998998497187";"";"TV_TUMANI"
+ "OLOVIDDINOV OYBEK SADRIDDIN OGLI  YTT";"998975404530";"";"TV_TUMANI"
+ "OLTIN DON NONLARI  OK";"(99) 890-3326";"";"TV_ORTA_CHIRCHIK"
+ "OLTIN TEGIRMON INVEST MCHJ";"(99) 894-3662";"";"TV_OLMALIK"
+ "OLTIN TEPA OLTIN BALIQ";"+998994555040";"";"TSH_MIRZO_ULUGBE"
+ "OLTIN TEPA OPTOM";"998936295533";"";"TV_TUMANI"
+ "Oltintopganmarket";"+998930052060";"";"TSH_BEKTEMIR"
+ "OLTINTOPGAN MARKET OK";"998938875";"";"TSH_BEKTEMIR"
+ "OLTIYEVA OYDIN  YTT";"998977757755";"";"TSH_MIRZO_ULUGBE"
+ "OMAD ABDUVORIS SAVDO MCHJ";"+(99) 890-9231";"";"TSH_SHAYHONTOHUR"
+ "OMAD DOSTON IMRON";"+998 (97) 141-61-60";"";"TSH_YASHNABOD"
+ "OMADLI BAXODIR SAVDO  OK";"998957717774";"";"TSH_BEKTEMIR"
+ "OMAD MARKET ISHONCH  OK";"998971307334";"";"TV_TUMANI"
+ "OMAD PARKENT BARAKA  MCHJ";"";"";"TV_PARKENT"
+ "OMAD SHULASI MCHJ";"+998 (71) 228-81-76";"";"TSH_OLMAZOR"
+ "OMEGA FOOD SHOP MCHJ";"998945350";"";"TSH_OLMAZOR"
+ "OMINA 5577  MCHJ";"998944977040";"";"TSH_OLMAZOR"
+ "OMINA HADICHA BIZNES OK";"+998 (97) 112-88-91";"";"TV_TOYTEPA"
+ "OMINA HADICHA MCHJ";"+998 (97) 949-67-64";"";"TV_YANGI_YUL"
+ "OMINA IYMONA ISLOMBEK OK";"998998558";"";"TV_BOSTONLIQ"
+ "OMINA MED PHARM MCHJ";"998995209691";"";"TV_KIBRAY"
+ "OMINA TRADIENG GLOBAL  OK";"998935881219";"";"TV_TUMANI"
+ "OMINA VA HADICHA YTT";"+998 (94) 876-78-47";"";"TV_YANGI_YUL"
+ "OMINAXON FARM";"+998 (71) 260-36-87";"";"TSH_YUNUSOBOD"
+ "OMMOGON MCHJ";"+(99) 894-7015";"";"TSH_YAKKASAROY"
+ "OMMOGON MCHJ";"998938902";"";"TSH_YASHNABOD"
+ "OMON OTA OK";"998998282";"";"TSH_YUNUSOBOD"
+ "OMONOV XASAN  YTT";"998880481770";"";"TSH_SHAYHONTOHUR"
+ "OMONOV XUSAN YTT";"+90 677 89 85";"";"TSH_MIROBOD"
+ "OMONQULOV SHUXRAT  YTT";"+998 (95) 036-33-06";"";"TV_ANGREN"
+ "One 7 Cyber Arena";"+998951014994";"";"TSH_CHILONZOR"
+ "ONE SSS MARKET MCHJ";"998977022771";"";"TSH_MIRZO_ULUGBE"
+ "ONLY FOR BABY STORE  MCHJ";"998946086";"";"TSH_YUNUSOBOD"
+ "ONLY HONEST  MCHJ";"998901102";"";"TV_CHIRCHIQ"
+ "ONLY HONEST  MCHJ";"998330920008";"";"TV_CHIRCHIQ"
+ "OOO AMIR KAPITAL LYUKS";"998990009";"";"TSH_CHILONZOR"
+ "OOO AXMADEVA DURDONA BUSINESS";"998946699802";"";"TSH_BEKTEMIR"
+ "OOO BENEFICIAL INGOME";"+998 (88) 545-05-05";"";"TSH_YUNUSOBOD"
+ "OOO CASTER MING";"+998 (99) 095-57-26";"";"TSH_YUNUSOBOD"
+ "OOO DONIYOR SHUXRAT";"+998 (97) 783-08-56";"";"TV_KIBRAY"
+ "OOO ELIXIR VIVA";"+998 (97) 828-76-66";"";"TV_YANGI_YUL"
+ "OOO EZOZA FARM PLUS";"+998 (97) 136-91-91";"";"TSH_MIRZO_ULUGBE"
+ "OOO  GOOD BUSSINES LIFE";"998996301989";"";"TSH_YUNUSOBOD"
+ "OOO GOOD CORN PRODUCTS";"+998 (90) 319-52-52";"";"TSH_SHAYHONTOHUR"
+ "OOO' ONKO PHARM MED";"+998 93 508 41 00";"";"TSH_SHAYHONTOHUR"
+ "OOO ONLAYN ALKO";"998931895943";"";"TV_OLMALIK"
+ "OOO RUSLAN BUYUK FARM";"+998 (90) 676-76-66";"";"TSH_OLMAZOR"
+ "OOO SENYOR PHARM";"+998 (94) 676-76-66";"";"TSH_SHAYHONTOHUR"
+ "OOO SHAXZOD -SHIRIN";"998909152233";"";"TSH_YASHNABOD"
+ "OOO SHER PROF BIZNES";"+998 (99) 860-98-89";"";"TSH_UCHTEPA"
+ "OOO SOBITJON";"+998 (93) 599-15-42";"";"TSH_SHAYHONTOHUR"
+ "OOO SOBITJON FARM";"+998 (93) 599-15-42";"";"TSH_SHAYHONTOHUR"
+ "OOO TINCHLIK SIKAY";"+998881567672";"";"TSH_SHAYHONTOHUR"
+ "OOO XALQ RETAIL";"998712657";"";"TSH_MIRZO_ULUGBE"
+ "OPTIKA MARKET YTT";"+998 (97) 440-27-77";"";"TV_YANGI_YUL"
+ "OPTIM 24-7 MCHJ";"998977430202";"";"TSH_SERGELI"
+ "OPTIMAL AL MED";"+998 (71) 229-00-37";"";"TSH_OLMAZOR"
+ "OPTIM DOKON";"998959506530";"";"TV_ORTA_CHIRCHIK"
+ "OPTIM MARKET";"998881777577";"";"TV_ZANGIOTA"
+ "OPTIM MARKET MCHJ";"+998 97 037 77 07";"";"TSH_YUNUSOBOD"
+ "OPTM MARKET";"998948041761";"";"TV_KIBRAY"
+ "OPTOM";"998917792411";"";"TV_CHIRCHIQ"
+ "OPTOM";"998948041761";"";"TV_KIBRAY"
+ "OPTOMART SERGELI";"998971467858";"";"TSH_SERGELI"
+ "OPTOMCHI";"998935570404";"";"TSH_YANGIXAYOT"
+ "OPTOMCHI";"+998 (93) 557-04-04";"";"TSH_YANGIXAYOT"
+ "OPTOM KUCH";"+998 (99) 899-52-43";"";"TSH_CHILONZOR"
+ "OPTOM MARKET";"998993090109";"";"TSH_UCHTEPA"
+ "OPTOM MARKET";"998998323399";"";"TSH_OLMAZOR"
+ "OPTOM MARKET";"+998 (98) 312-18-81";"";"TSH_UCHTEPA"
+ "OPTOM MARKET";"+998 (91) 698-52-38";"";"TSH_MIRZO_ULUGBE"
+ "OPTOM MARKET";"+998 (90) 000-45-45";"";"TSH_UCHTEPA"
+ "OPTOM MARKET";"+998 (98) 312-18-81";"";"TSH_UCHTEPA"
+ "OPTOM MARKET";"998981777577";"";"TV_ZANGIOTA"
+ "OPTOM MARKET";"+998 (99) 847-88-80";"";"TSH_CHILONZOR"
+ "OPTOM MARKET";"998916985238";"";"TSH_MIRZO_ULUGBE"
+ "OPTOM MARKET";"+998 (99) 832-33-99";"";"TSH_OLMAZOR"
+ "OPTOM MARKET";"998935069140";"";"TSH_SHAYHONTOHUR"
+ "OPTOM MARKET";"998909330123";"";"TSH_UCHTEPA"
+ "OPTOM MARKET";"998900004545";"";"TSH_UCHTEPA"
+ "OPTOM MARKET";"+998 (97) 776-26-59";"";"TSH_UCHTEPA"
+ "OPTOM MARKET";"+998 (97) 776-26-59";"";"TSH_UCHTEPA"
+ "OPTOM MARKET";"+998 (99) 847-88-80";"";"TSH_CHILONZOR"
+ "OPTOM MARKET";"998974411777";"";"TSH_YUNUSOBOD"
+ "OPTOM MARKET";"+998 (93) 506-91-40";"";"TSH_SHAYHONTOHUR"
+ "OPTOM MARKET";"+998 (90) 988-89-40";"";"TSH_UCHTEPA"
+ "OPTOM MARKET";"+998 (93) 561-18-20";"";"TSH_UCHTEPA"
+ "OPTOM MARKET";"+998 (98) 311-22-23";"";"TSH_UCHTEPA"
+ "OPTOM MARKET";"+998 (99) 814-40-14";"";"TSH_UCHTEPA"
+ "OPTOM MARKET";"+998 (93) 561-18-20";"";"TSH_UCHTEPA"
+ "OPTOM MARKET";"+998 (98) 304-57-17";"";"TSH_UCHTEPA"
+ "OPTOM MARKET";"+998 (98) 311-22-23";"";"TSH_UCHTEPA"
+ "OPTOM MARKET";"+998 (90) 988-89-40";"";"TSH_UCHTEPA"
+ "OPTOM MARKET";"+998 (99) 814-40-14";"";"TSH_UCHTEPA"
+ "OPTOM MARKET";"+998 (97) 737-40-14";"";"TSH_UCHTEPA"
+ "OPTOM MARKET";"(99) 897-7374";"";"TSH_UCHTEPA"
+ "OPTOM MARKET";"+998 (97) 434-23-51";"";"TSH_SHAYHONTOHUR"
+ "Optom mijoz (seed)";"+998901000002";"";""
+ "OPTOM. TOXIROV";"+998 (99) 399-32-23";"";"TSH_CHILONZOR"
+ "OPTOVIK GROUP  MCHJ";"998971072277";"";"TSH_YUNUSOBOD"
+ "O PULS BABY SHOP 1";"+(99) 899-8161";"";"TSH_YANGIXAYOT"
+ "O puls baby shop 2";"(99) 899-8161";"";"TSH_SERGELI"
+ "OQBOTAYEV ODILBEK YTT";"+998 (90) 903-47-04";"";"SR_QUYI_CHIRCHIK"
+ "OQ DIL SAVDO XK";"998338565";"";"TV_KIBRAY"
+ "OQILOV ABDUVOSIT YATT";"+998 (94) 932-96-04";"";"TV_PISKENT"
+ "OQLITDIN SAVDO  XK";"998998766701";"";"TV_TUMANI"
+ "OQ MARKAB BUSENES  OK";"97 009 22 49";"";"TSH_OLMAZOR"
+ "OQQO'RG'ON KUMUSH QAQNUS  XK";"95 512 40 34";"";"SR_QUYI_CHIRCHIK"
+ "OQ QUSH QANOTLARI XK";"998977718819";"";"TSH_YASHNABOD"
+ "OQQUZIYEV MURODJON  YTT";"998900189500";"";"TSH_OLMAZOR"
+ "OQ-TEPA SOHIL BOYI";"(99) 893-5099";"";"TSH_CHILONZOR"
+ "OQ -TOSH FARM MCHJ";"+998 (09) 745-52-23";"";"TSH_CHILONZOR"
+ "Oq-TOSH Pharm MCHJ";"+998901144336";"";"TSH_CHILONZOR"
+ "OQ TULPOR CHOPAR  XK";"+(99) 890-0648";"";"TSH_SERGELI"
+ "ORALOVA JAMILA  YTT";"902440222";"";"TSH_UCHTEPA"
+ "ORALOVA MASHXURA YATT";"+998 (95) 051-41-14";"";"TV_PISKENT"
+ "ORALOV SOXROB TOLQINOVICH YTT";"998904126449";"";"TSH_YUNUSOBOD"
+ "ORANGE FAST FOOD";"+998901252929";"";"TSH_OLMAZOR"
+ "ORAZBOYEVA ZEBINISO YTT";"+(99) 890-1149";"";"SR_QUYI_CHIRCHIK"
+ "Oreganno Pizza";"+998977434546";"";"TSH_UCHTEPA"
+ "ORGANICA MARKET MCHJ";"(99) 893-1656";"";"TV_OLMALIK"
+ "ORGANIC IMPORT";"+998 (99) 464-64-83";"";"TSH_YAKKASAROY"
+ "ORGANIC IMPORT MCHJ";"+998 (94) 450-45-57";"";"TSH_YAKKASAROY"
+ "ORIENT BIOPHARM";"+998 (99) 564-58-70";"";"TSH_CHILONZOR"
+ "ORIENTIR BUSINESS  OK";"998448814";"";"TV_KIBRAY"
+ "Orifjon 700 MChJ";"(93) 167-0550";"";"TV_YANGI_YUL"
+ "ORIFJON AZIZBEK DIYORBEK MCHJ";"+998 (94) 022-10-17";"";"SR_QUYI_CHIRCHIK"
+ "ORIFJONOV SIROJIDIN  YTT";"+(99) 899-8325";"";"TV_ZANGIOTA"
+ "ORIFOVA SEVARA  YTT";"998991425929";"";"TV_KIBRAY"
+ "ORIFXONOV SAIDBILOLXON  YTT";"+998 (99) 821-00-74";"";"TV_ANGREN"
+ "ORIFXON SAID FARM";"+998 (99) 905-42-02";"";"TV_YANGI_YUL"
+ "ORIGINAL BIZNES  MCHJ";"998977211473";"";"TSH_MIRZO_ULUGBE"
+ "ORIGINAL PARASHOK  MCHJ";"998909183737";"";"TSH_SHAYHONTOHUR"
+ "O'rikzor Mirzohidaka";"";"";"TSH_YUNUSOBOD"
+ "ORINBOYEVA BARCHINOY";"91 165 73 75";"";"TSH_UCHTEPA"
+ "ORIPOV";"998998401417";"";"TV_KIBRAY"
+ "ORIPOVA DILFUZA";"+998 (77) 488-46-61";"";"TSH_SERGELI"
+ "ORIPOVA DILNOZA YTT";"+(99) 890-1139";"";"TV_OHANGARON"
+ "ORIPOV AKBARJON YTT";"+(99) 897-7488";"";"TSH_MIROBOD"
+ "ORIPOVA SABOHAT YTT";"+998 90 053 18 83";"";"TSH_SERGELI"
+ "O'RMONOV KOMILJON  YTT";"998944565354";"";"TV_YANGI_YUL"
+ "OROBEK SAVDO MCHJ";"(99) 897-3301";"";"TSH_CHILONZOR"
+ "OROGAVA GULNOZA SAMANDAROVNA";"+99)9449992";"";"TV_YANGI_YUL"
+ "OROL ASL MARKET YTT";"+(99) 897-5366";"";"TV_YANGI_YUL"
+ "OROLO FASL MCHJ";"998909183";"";"TSH_OLMAZOR"
+ "OROZBEK";"+(99) 899-4875";"";"SR_QUYI_CHIRCHIK"
+ "O'RTACHIRCHIQ SAVDO BARAKA  OK";"+(99) 436-3393";"";"TV_ORTA_CHIRCHIK"
+ "ORTIQ OTA VA MARIYA ONA MARKET  MCHJ";"(99) 890-9636";"";"TV_ORTA_CHIRCHIK"
+ "ORTIQOV RUSTAM  YTT";"998200007104";"";"TSH_SHAYHONTOHUR"
+ "ORTIQOV SHERMUHAMMAD YTT";"998994077930";"";"TV_OHANGARON"
+ "ORXIDEYA";"+998 (97) 745-77-78";"";"TV_YANGI_YUL"
+ "ORZIQULOV BEGZOD YTT";"+(99) 894-6464";"";"TV_PARKENT"
+ "Orziqulov Zokir";"";"";"TSH_YUNUSOBOD"
+ "ORZULAR XIZMATI";"+998 (99) 269-96-96";"";"TSH_CHILONZOR"
+ "ORZU MARKET OK";"+998 (93) 484-05-00";"";"TV_PARKENT"
+ "Orzu Milliy Taomlari";"+998911434330";"";"TSH_SERGELI"
+ "ORZUMUROD ZIYO NUR MCHJ";"+(99) 899-8778";"";"TV_BOKA"
+ "OSH CHEBUREK";"+998903711551";"";"TSH_YASHNABOD"
+ "OSHI AMIRI";"+998909995935";"";"TSH_YAKKASAROY"
+ "OSHI SIYOB";"+998992783030";"";"TSH_MIRZO_ULUGBE"
+ "OSHKENT by JAMOL";"+998957093333";"";"TSH_OLMAZOR"
+ "OSH MAHALLA";"+998 (00) 000-00-00";"";"TSH_YAKKASAROY"
+ "Osh Markazi";"+998946796661";"";"TSH_CHILONZOR"
+ "OSHPALOV";"+998901079373";"";"TSH_MIRZO_ULUGBE"
+ "OSH VA HALIM CIALKOVSKIY";"+998996493542";"";"TSH_MIRZO_ULUGBE"
+ "OSIYO FARM";"+998 (99) 978-78-07";"";"TV_TOYTEPA"
+ "OSIYO INVEST GOLD  2  MCHJ";"998977599090";"";"TV_TUMANI"
+ "OSIYO INVEST GOLD  MCHJ";"998974026722";"";"TV_TUMANI"
+ "OSIYO LIDER TRADE MCHJ";"998993018";"";"TSH_YASHNABOD"
+ "OSIYO MARKET MCHJ";"+998 99 100 09 82";"";"TV_OHANGARON"
+ "O&S MARKET";"+90 017 10 14";"";"TSH_MIROBOD"
+ "OSMON TALASH MARKET XK";"998908717";"";"TSH_YASHNABOD"
+ "OSON VA QULAY XARID  MCHJ";"998909228600";"";"TSH_YASHNABOD"
+ "OSON VA QULAY XARID  MCHJ";"+998909228600";"";"TSH_MIROBOD"
+ "OSTANOV ELYOR  YTT";"";"";"TSH_YAKKASAROY"
+ "OTABAYEVA HURSHIDA  YTT";"+998 (99) 899-90-87";"";"TV_ANGREN"
+ "OTABEK BAXTIGUL  OK";"998971889994";"";"TSH_MIRZO_ULUGBE"
+ "OTABEK BIZNES MARKET  MCHJ";"998916447949";"";"TSH_YUNUSOBOD"
+ "OTABEK FAYZ FARM";"+998 (90) 978-52-22";"";"TV_YANGI_YUL"
+ "OTABEK JURAYEV";"+998 (94) 947-19-03";"";"TV_ANGREN"
+ "OTABEK LAYLO BIZNES XK";"998978817";"";"TV_CHIRCHIQ"
+ "OTABEK NARGIZA OZODBEK OK";"+(99) 897-5400";"";"SR_QUYI_CHIRCHIK"
+ "OTABEKOVA NASIBA  YTT";"(99) 899-9259";"";"SR_QUYI_CHIRCHIK"
+ "OTABEK OZODA ISLOMBEK  OK";"998997944";"";"TV_BOSTONLIQ"
+ "OTABEK TIJORAT YTT";"998976458";"";"TV_KIBRAY"
+ "OTABEK TRADING CENTER  MCHJ";"+(99) 890-1142";"";"TV_ORTA_CHIRCHIK"
+ "OTA FARM MCHJ";"(99) 897-1980";"";"TSH_MIRZO_ULUGBE"
+ "OTAGINAM M.T";"+998900055511";"";"TSH_YUNUSOBOD"
+ "OTAJONOVA ODINA YTT";"+998 (90) 130-08-68";"";"SR_QUYI_CHIRCHIK"
+ "OTAPULATOVA XADICHA  YTT";"998952244498";"";"TSH_BEKTEMIR"
+ "OTASH SAVDO";"+998 (93) 535-34-04";"";"TSH_YASHNABOD"
+ "OTELLO  MCHJ";"+(99) 890-3757";"";"TSH_UCHTEPA"
+ "O'TKIR GOLDEN 777  MCHJ";"50 855 52 19";"";"TSH_CHILONZOR"
+ "O'TKIR GOLDEN 777  MCHJ";"508555219";"";"TSH_CHILONZOR"
+ "OTKIR OTA GUZARI OK";"+998 (95) 014-85-30";"";"TV_OHANGARON"
+ "OTKIROVA SAODAT  YTT";"998909519041";"";"TSH_YASHNABOD"
+ "OTKIROV FURQAT BAURJON OGLI  YTT";"998994139986";"";"TV_TUMANI"
+ "OTKIROV SARDOR BIZNES  OK";"998772051112";"";"TV_BOSTONLIQ"
+ "OTKIR YUSUF XK";"+998 (90) 938-59-59";"";"TSH_UCHTEPA"
+ "OTRIR 702 FARM MCHJ";"+998 (99) 655-63-61";"";"TSH_CHILONZOR"
+ "OVAYXON  XK (2519)";"998999819575";"";"TSH_MIRZO_ULUGBE"
+ "OVAYXON XK (AVIASOZLAR)";"998998486831";"";"TSH_YASHNABOD"
+ "OVAYXON  XK  (CHIMGAN)";"998977018130";"";"TSH_MIRZO_ULUGBE"
+ "OVAYXON (YUGNAKIY)";"998900077469";"";"TSH_MIRZO_ULUGBE"
+ "OVLAQULOV MURODJON  YTT";"+998903317117";"";"TSH_UCHTEPA"
+ "OXANG JAMOL OLTIN SAVDO OK";"(99) 899-9287";"";"TV_OHANGARON"
+ "OXUNOV ERGASH YTT";"998993597";"";"TV_KIBRAY"
+ "OXUNOV SARVAR  YTT";"+998958021722";"";"TV_PARKENT"
+ "OYBEK ARMAN-BIZNES  OK";"998770013";"";"TV_TUMANI"
+ "OYBEK BIZNES 999";"998994025343";"";"TV_CHIRCHIQ"
+ "OYBEK EDEKTEYSHIN";"998994054584";"";"TV_BOSTONLIQ"
+ "OYBEK LIDER SAVDO SERVICE  MCHJ";"998957717001";"";"TSH_MIRZO_ULUGBE"
+ "OYBEK NUR FAYZ  MCHJ";"(99) 893-6006";"";"TV_ANGREN"
+ "OYBEK SAMIYEV RAJABOYEVICH  YTT";"+(99) 890-1350";"";"TSH_SERGELI"
+ "OYBEK TERMINAL  MCHJ";"+998 (99) 825-59-85";"";"TV_TOYTEPA"
+ "OYBEK TURABEK MCHJ";"+998 (99) 529-19-96";"";"TSH_SERGELI"
+ "OYBULOQ AGRO NUR OK";"998931859013";"";"TV_OHANGARON"
+ "OYDIN ODINA ISHONCH  MCHJ";"998977779";"";"TV_KIBRAY"
+ "OYDINOY PLUS NAZOKAT MCHJ";"+94 214 60 64";"";"TV_PARKENT"
+ "OYDIN ZAMON XK";"998774145";"";"TV_KIBRAY"
+ "OYISHA ONA ECO GROUP  OK";"+(99) 890-9885";"";"TSH_SERGELI"
+ "OYLA MARKET  MCHJ";"998959298212";"";"TSH_SHAYHONTOHUR"
+ "OYMOMI OGILOY SAVDO  MCHJ";"+(99) 895-1010";"";"TSH_UCHTEPA"
+ "OYMUMA OGILOY SAVDO MCHJ";"+998 (95) 101-01-23";"";"TSH_UCHTEPA"
+ "OY NEW EMPIRE GROUP  MCHJ";"998996980597";"";"TSH_YUNUSOBOD"
+ "OYNISA MUXABBAT  OK";"998972620494";"";"TV_KIBRAY"
+ "OYNISO SAVDO MCHJ";"+(99) 897-6160";"";"TSH_CHILONZOR"
+ "OYQIZ GOLD MCHJ";"+998 (94) 551-51-25";"";"TV_OLMALIK"
+ "OZODA MED FARM";"998949291417";"";"TV_PARKENT"
+ "OZODA MED FARM-2  MCHJ";"998993967018";"";"TV_PARKENT"
+ "OZODA NEW FARM";"+998 (93) 629-09-00";"";"TV_YUKORI_CHIRCH"
+ "OZODA-ODIL UNIVERSIAL SAVDO XK";"+94)6757162";"";"TSH_SERGELI"
+ "OZOD AVLOD OK";"+998 (94) 938-06-76";"";"TV_PARKENT"
+ "OZODA YTT";"+998 (90) 989-49-64";"";"TV_PARKENT"
+ "OZODBEK BEST TRADING";"+998 (99) 098-92-08";"";"TSH_SERGELI"
+ "OZODBEK GAYBULLA OGLI YTT";"998995209";"";"TSH_SERGELI"
+ "OZODBEK TADBIRKOR MARKET MCHJ";"998933853050";"";"TSH_MIRZO_ULUGBE"
+ "OZOD BEST";"+998 (93) 376-38-28";"";"TSH_YUNUSOBOD"
+ "OZOD NUR";"+998 (99) 854-88-62";"";"TSH_CHILONZOR"
+ "P.1-3";"+998 (77) 021-53-55";"";""
+ "P.2-12 Abdugʻani";"+998 (97) 756-57-04";"";""
+ "Pablo Lounge Bar";"+998911101101";"";"TSH_SERGELI"
+ "PACIFIERS OF THE WORLD MCHJ";"+(99) 899-4091";"";"TSH_CHILONZOR"
+ "PACIFIERS OF THE WORLD  MCHJ-2";"998994091000";"";"TSH_BEKTEMIR"
+ "PAIZOVAVA MASHXURA YTT";"(99) 899-7890";"";"SR_QUYI_CHIRCHIK"
+ "PALMA BREND  MCHJ";"+(99) 916-4003";"";"TSH_YANGIXAYOT"
+ "PALMA IN GOLDS MCHJ";"998909655541";"";"TSH_BEKTEMIR"
+ "PALMIRA GRAND";"+998 (97) 157-41-49";"";"TV_CHIRCHIQ"
+ "PANJIYEV ILHOM  YTT";"998773454644";"";"TSH_CHILONZOR"
+ "Panzerotti";"+998902666755";"";"TSH_SERGELI"
+ "PAPA RICH";"998886698440";"";"TSH_CHILONZOR"
+ "PAPER PRO MCHJ";"998994860947";"";"TSH_MIRZO_ULUGBE"
+ "PARDABOYEVA FLORA  YTT";"+998 (94) 363-93-71";"";"TV_ANGREN"
+ "PARDAYEVA GAVHAR  YTT";"(99) 893-6026";"";"TV_ANGREN"
+ "PARDAYEVA SANOBAR";"+998 (93) 666-75-37";"";"TV_ANGREN"
+ "PARDAYEVA ZULXUMOR";"+998 (94) 140-17-20";"";"TV_OHANGARON"
+ "PARDAYEV KOMILJON  YTT";"998909002406";"";"TSH_MIRZO_ULUGBE"
+ "PARDAYEV SHAHRUZBEK  YTT";"998910080819";"";"TSH_OLMAZOR"
+ "PARFUM1671  MCHJ";"994384332";"";"TSH_CHILONZOR"
+ "PARFUM BAZAR  MCHJ";"91 165 02 20";"";"TSH_MIRZO_ULUGBE"
+ "PARFUME GOLD";"998990800993";"";"TSH_MIRZO_ULUGBE"
+ "PARFUM INSON UCHUN XK";"99858508885";"";"TV_CHIRCHIQ"
+ "PARFUM TRED KOPNY";"998770024";"";"TSH_MIRZO_ULUGBE"
+ "PARFYUM DIYORA";"+998 (90) 322-92-33";"";"TSH_SERGELI"
+ "PARFYUM SITY";"998903459516";"";"TSH_CHILONZOR"
+ "PARIZODA TOSHMUROD GROUP  MCHJ";"998946221700";"";"TSH_YASHNABOD"
+ "PARKENT BAHORI OK";"+(99) 890-9764";"";"TV_PARKENT"
+ "PARKENT BAXTIYOR SAVDO";"998937112494";"";"TV_PARKENT"
+ "PARKENT BLESSING TRADE  MCHJ";"+998903812685";"";"TV_PARKENT"
+ "PARKENT GOLD WATER MCHJ";"+998 (99) 945-47-48";"";"TV_PARKENT"
+ "PARKENT ORZU SAVDO";"+998 (99) 397-45-78";"";"TV_PARKENT"
+ "PARKENT OSIYO OK";"+998 (99) 831-94-49";"";"TV_PARKENT"
+ "PARKENT SHAXRIYOR FARM  MCHJ";"";"";"TV_PARKENT"
+ "PARKENT ULKAN SAVDO OK";"+998 (94) 079-76-76";"";"TV_PARKENT"
+ "PARMANOVA BARNO YTT";"+998 (95) 080-59-69";"";"TV_PISKENT"
+ "PARMANOVA MASHXURA YATT";"+998 (97) 540-26-03";"";"TV_PISKENT"
+ "Parmuda";"+998935353133";"";"TSH_CHILONZOR"
+ "PARPIXODJAYEV SHOKIR SHARIPXODJAYEVICH  YTT";"998977010";"";"TSH_OLMAZOR"
+ "PARTNER LADIES OK";"+998 (93) 509-22-37";"";"TSH_UCHTEPA"
+ "Partners-Business Store";"+998901175035";"";"TSH_SERGELI"
+ "PARTNERS BUSINESS STORE XK";"998950958050";"";"TSH_OLMAZOR"
+ "PARUS MED FARM  MCHJ";"998974102012";"";"TSH_OLMAZOR"
+ "PARVENU POWE";"+998 (71) 240-10-60";"";"TSH_SHAYHONTOHUR"
+ "PARVOZ BARAKA  YTT";"998977105224";"";"TV_TUMANI"
+ "PARVOZ FAYOZBEK MCHJ";"+(99) 894-4846";"";"TSH_MIROBOD"
+ "PATIYEV DONIYOR YTT";"998990055";"";"TV_CHIRCHIQ"
+ "PAUL restaurant";"+998881671889";"";"TSH_YUNUSOBOD"
+ "PAYAZOV MUZAFFAR  YTT";"+(90) 033-8595";"";"TSH_SERGELI"
+ "PAY PLOV";"+998951011007";"";"TSH_YUNUSOBOD"
+ "PAYSHANBA ZIG'IR OSH";"+998909492030";"";"TSH_MIRZO_ULUGBE"
+ "PAYZIQULOVA NODIRA";"998919409505";"";"TSH_YUNUSOBOD"
+ "PAYZIYEV 3/56";"971550556";"";"TSH_UCHTEPA"
+ "PAYZIYEVA DURDONA  YTT";"998983143";"";"TSH_BEKTEMIR"
+ "PAYZIYEV DILMUROD OK";"+998946990510";"";"TSH_BEKTEMIR"
+ "PAYZIYEV RUSTAM  YTT";"+998971966868";"";"TV_ZANGIOTA"
+ "PAZILOVA SHOIRAXON  YTT";"998770447759";"";"TSH_OLMAZOR"
+ "Pentazon";"";"";"TSH_OLMAZOR"
+ "PENTAZONA";"";"";"TSH_YUNUSOBOD"
+ "PEPSI QULAY MARKET";"+998 (90) 378-82-87";"";"TSH_SERGELI"
+ "Pere Hotel";"+998953735500";"";"TSH_CHILONZOR"
+ "PERFECT GOODS 2020  YTT";"998903536";"";"TSH_SERGELI"
+ "PERFECT GRAND GROOP MCHJ";"998980010504";"";"TSH_YUNUSOBOD"
+ "PERFETTO (A.TEMUR,OQSAROY YONIDA)";"+998935338388";"";"TSH_YUNUSOBOD"
+ "PERFETTO (ul.FERUZA,ichkarida)";"+998935338388";"";"TSH_MIRZO_ULUGBE"
+ "PERFUM  CITY";"+998940079516";"";"TSH_CHILONZOR"
+ "PERFUME LUXE MCHJ";"+998901750507";"";"TSH_CHILONZOR"
+ "PERLA";"998983026";"";"TSH_SHAYHONTOHUR"
+ "PETROVICH";"+998977433010";"";"TSH_YASHNABOD"
+ "PHARM 999";"+998 (93) 562-86-36";"";"TSH_SHAYHONTOHUR"
+ "PHARMA COSMOS";"+998 (71) 222-59-98";"";"TSH_YUNUSOBOD"
+ "PHARMAGRAM MCHJ";"+998 (99) 601-37-83";"";"TV_BOKA"
+ "PHARMA STATUS MCHJ";"+998 (99) 708-10-00";"";"TSH_CHILONZOR"
+ "PHARMA STATUS MCHJ";"+998 (99) 708-10-00";"";"TSH_CHILONZOR"
+ "PHARM LIKE";"998951140411";"";"TSH_MIRZO_ULUGBE"
+ "PHARM LIVE";"+998 (91) 779-11-12";"";"TSH_SHAYHONTOHUR"
+ "PHARZAM PHARM";"+998 (93) 510-90-00";"";"TSH_SHAYHONTOHUR"
+ "PIE REPUBLIC";"+998901593030";"";"TSH_MIRZO_ULUGBE"
+ "PIK MARKET MCHJ";"+998 (93) 504-70-24";"";"TSH_UCHTEPA"
+ "PIKOVIT";"+998 (77) 555-11-01";"";"TV_YANGI_YUL"
+ "PILLS PHARM";"+998 (90) 335-88-55";"";"TSH_OLMAZOR"
+ "PIRBOBOYEVA NIGORA YTT";"998999722842";"";"TSH_UCHTEPA"
+ "PIRIMQULOV YTT";"998900686";"";"TSH_OLMAZOR"
+ "PIRMUXAMEDOVA KOMOLA  YTT";"998500024433";"";"TV_KIBRAY"
+ "PITS BURG (HT MALL)";"+998998044000";"";"TSH_YUNUSOBOD"
+ "Place";"+998922455665";"";"TSH_SERGELI"
+ "PLATINUM OPTIMA SERVICE  MCHJ";"998997767666";"";"TV_KIBRAY"
+ "Play Zone";"+998811567557";"";"TSH_SERGELI"
+ "PLENTIFUL MARKET  XK";"998998166519";"";"TV_KIBRAY"
+ "Plov City";"+998990470001";"";"TSH_CHILONZOR"
+ "PLOV CITY";"+998931809009";"";"TSH_YASHNABOD"
+ "PODUSHECHNAYA kafe";"+998909997761";"";"TSH_MIRZO_ULUGBE"
+ "POKIZA MILLIY TAOMLAR";"+998938057201";"";"TSH_MIRZO_ULUGBE"
+ "POLAT BARAKA SERVIS  MCHJ";"998991975557";"";"TSH_OLMAZOR"
+ "POLAT MADAD FARM";"+998 (71) 263-48-98";"";"TSH_YUNUSOBOD"
+ "POLAT MEDICAL";"+998 (99) 822-01-52";"";"TSH_SERGELI"
+ "POLATOVA MUBINA  YTT";"+(99) 894-4140";"";"TV_ORTA_CHIRCHIK"
+ "POLATOV OTABEK";"+998912135885";"";"TSH_SERGELI"
+ "POLATVA NIGORA YTT";"+(99) 877-0141";"";"TV_OHANGARON"
+ "POLI VITA FARM";"+998 (94) 506-29-83";"";"TSH_SERGELI"
+ "POLIVIT-OPTIMA";"+998 (94) 608-77-31";"";"TSH_CHILONZOR"
+ "Polvon Somsa";"+998946664928";"";"TSH_UCHTEPA"
+ "POLYRIS FARM";"+998 (94) 670-78-36";"";"TSH_CHILONZOR"
+ "POYTAXT SPECIAL TRADE  MCHJ";"998911548107";"";"TSH_CHILONZOR"
+ "POZILOVA GULSARA BERDIYOROVNA";"+998 (88) 824-88-47";"";"TV_TOYTEPA"
+ "PPTOM MARKET";"+998 (99) 804-46-86";"";"TSH_UCHTEPA"
+ "PPTOM MARKET";"+998 (99) 804-46-86";"";"TSH_UCHTEPA"
+ "PRAGA EKSPRES MCHJ";"+(99) 890-0260";"";"TSH_CHILONZOR"
+ "PRAGRES FORUVER MCHJ";"+998 (94) 348-10-05";"";"TV_PARKENT"
+ "PREMER FARM SHIFO";"(99) 897-7204";"";"TSH_YUNUSOBOD"
+ "PREMIUM FOODS MARKET";"998998885275";"";"TSH_MIRZO_ULUGBE"
+ "PREMIUM ZAYNABBIGIM  MCHJ";"(99) 890-9665";"";"TV_ORTA_CHIRCHIK"
+ "Prestige Restaraurant";"+998948300506";"";"TSH_CHILONZOR"
+ "PRIMEMART1  MCHJ";"998974445";"";"TSH_YUNUSOBOD"
+ "Prince Night Club";"+998933563321";"";"TSH_SERGELI"
+ "PRIVITUS FARM  MCHJ";"+998939283434";"";"TSH_CHILONZOR"
+ "PROBIOTIK";"+998 (93) 533-66-58";"";"TSH_MIRZO_ULUGBE"
+ "PRO BRISTOL  XK";"99870104770";"";"TV_CHIRCHIQ"
+ "PRODUCT RANGE  XK";"998994790";"";"TSH_OLMAZOR"
+ "Pro Gamer";"+998505009770";"";"TSH_UCHTEPA"
+ "PRO GREEN TRADE MCHJ";"998932589";"";"TV_KIBRAY"
+ "PROGRESS WELL BUSENESS  MCHJ";"+(88) 666-6755";"";"TSH_CHILONZOR"
+ "PRO MAG  MCHJ";"998134134";"";"TSH_YUNUSOBOD"
+ "PROPER ADVICE  MCHJ";"99846711200";"";"TSH_MIRZO_ULUGBE"
+ "PRO SHASHLYK";"+998946646666";"";""
+ "PRO.ХИНКАЛИ";"+998339809997";"";"TSH_YUNUSOBOD"
+ "PULATOVA BAXTINISO  YTT";"(99) 893-5941";"";"TV_OLMALIK"
+ "PULATOVA NAZAKAT  YTT";"998974540894";"";"TV_KIBRAY"
+ "PULATOVA NILUFAR YATT";"+998 (90) 127-90-63";"";"TV_TOYTEPA"
+ "PULATOVA XILOLA YTT";"+998 (94) 424-91-68";"";"TV_OLMALIK"
+ "PULATOV AZIZJON YTT";"+998 (93) 522-10-07";"";"TSH_UCHTEPA"
+ "PULATOV MARUF  YTT";"+998 (94) 687-99-91";"";"TV_ZANGIOTA"
+ "PULMAR CHIL";"998909047291";"";"TSH_MIRZO_ULUGBE"
+ "PYATYORKA PLYUS MCHJ";"99800419002";"";"TSH_MIRZO_ULUGBE"
+ "PYATYORKA PLYUS  MCHJ-2";"998979392290";"";"TSH_MIRZO_ULUGBE"
+ "PYRAMID MARKET MCHJ";"+(99) 891-2108";"";"TSH_SERGELI"
+ "QABAQ TOGA  OK";"933849398";"";"TV_KIBRAY"
+ "QADIROV YTT";"998909880779";"";"TSH_SHAYHONTOHUR"
+ "QAHHAROVA NIGORAHON SAIDNABI QIZI YTT";"+(99) 899-4426";"";"TSH_UCHTEPA"
+ "QAHRAMON SAVDO YTT";"+(99) 894-3652";"";"TV_OHANGARON"
+ "QALDIRG'OCH MILLIY TAOMLARI";"+998 (88) 146-22-22";"";"TSH_YAKKASAROY"
+ "QAMBAROV D  MCHJ";"998991201";"";"TSH_OLMAZOR"
+ "Qamish Milliy Taomlari";"+998901644334";"";"TSH_CHILONZOR"
+ "QAMISH MINOR";"+998998267744";"";"TSH_YUNUSOBOD"
+ "QAMISH (SALOM CHOYXONA)";"+998946175557";"";"TSH_MIRZO_ULUGBE"
+ "QAMISH Xorazim Taomlari";"+998953802222";"";"TSH_YASHNABOD"
+ "Qamish Xorazm Burger";"+998935768989";"";"TSH_CHILONZOR"
+ "QANDIMOV MIRSHOD OTAJONOVICH";"+998946561040";"";"TSH_UCHTEPA"
+ "QANOTCHI";"+998 (00) 000-00-00";"";"TSH_YAKKASAROY"
+ "QARSHIYEV ALI YTT";"+(99) 890-0447";"";"TV_OHANGARON"
+ "Qarsillama Somsa";"+998933563441";"";"TSH_SERGELI"
+ "QARSILLAMA SOMSA (QUSHBEGI)";"+998 (00) 000-00-00";"";"TSH_YAKKASAROY"
+ "QASHQADARYO MILLIY TAOMLARI";"+998917971117";"";"TSH_YUNUSOBOD"
+ "QASHQADARYO TAOMLARI";"+998930590714";"";"TSH_MIRZO_ULUGBE"
+ "QAVIS XK";"998998916";"";"TV_BOSTONLIQ"
+ "QAXRAMONOV RUSTAM  YTT";"+33 113 01 01";"";"TV_ZANGIOTA"
+ "QAYRAGOCH BUSINESS MCHJ";"998994958611";"";"TSH_YASHNABOD"
+ "QAYUMOVA GULNOZA  YTT";"(99) 899-3121";"";"TV_ORTA_CHIRCHIK"
+ "QAYUMOVA NASIBA MAXMUDOVNA YTT";"+998 (97) 198-11-77";"";"TSH_UCHTEPA"
+ "QAYUMOVA SHAXNOZA  YTT";"998334708916";"";"TSH_BEKTEMIR"
+ "QAYURBEKOV OTABEK  YTT";"(99) 899-7317";"";"TV_ORTA_CHIRCHIK"
+ "QAZI MARKET XK";"+(99) 899-8193";"";"TSH_MIROBOD"
+ "QILICH INOQ FARM";"+998 (91) 013-12-21";"";"TSH_SERGELI"
+ "QIYOMIDDIN OSH MARKAZI";"+998977741681";"";"TSH_OLMAZOR"
+ "QIYOMIDDIN UNVERSAL SAVDO";"998977741681";"";"TSH_OLMAZOR"
+ "QIZILKUCH MCHJ";"+998 (97) 441-07-06";"";"TSH_SERGELI"
+ "QIZIL TUT";"998712404979";"";"TSH_OLMAZOR"
+ "QOBULOVA NIGINA YTT";"+998777330282";"";"TSH_SERGELI"
+ "QOCHQOROV ALIJON  YTT";"+(99) 890-9665";"";"TV_ORTA_CHIRCHIK"
+ "QOCHQOROV DONIYOR  XK";"+(99) 897-4140";"";"TSH_CHILONZOR"
+ "QOCHQOROV JAXONGIR  YTT";"99834474884";"";"TV_TUMANI"
+ "QOCHQOROV SH";"998973306900";"";"TSH_MIRZO_ULUGBE"
+ "QOCHQOROV YTT";"+977357458";"";"TV_YANGI_YUL"
+ "QODIROVA DURDONA";"+998909042794";"";"TSH_CHILONZOR"
+ "QODIROVA MUNISA  YTT";"+77 126 09 00";"";"TV_PARKENT"
+ "QODIROVA ZILOLA YTT";"998911360110";"";"TV_CHIRCHIQ"
+ "QODIROV NODIR  YTT";"";"";"TSH_UCHTEPA"
+ "QODIROV NODIR  YTT";"998998826";"";"TSH_YUNUSOBOD"
+ "QODIROV NOSIR ZARIFJONOVICH";"998998760133";"";"TV_TOYTEPA"
+ "QODIROV SHAHZOD  YTT";"+998916231410";"";"TSH_CHILONZOR"
+ "QODIROV SH  YTT";"998919539";"";"TSH_YUNUSOBOD"
+ "QODIROV TOHIR  YTT";"+998942080801";"";"TV_ZANGIOTA"
+ "QOLDIBOEVA MARUFAT YTT";"+(99) 899-3658";"";"TSH_MIROBOD"
+ "QOLDOSHOV DILSHOD  YTT";"+(99) 890-9600";"";"TV_ORTA_CHIRCHIK"
+ "QORA BOLA MARKET  MCHJ";"+(99) 894-6446";"";"TSH_SERGELI"
+ "QORA BOLA MARKET  MCHJ";"";"";"TSH_YAKKASAROY"
+ "QORA BOLA MCHJ";"+(99) 850-0047";"";"TSH_SERGELI"
+ "QORAJONOV ABBOSJON ZOKIRJON OGLI  YTT";"98 368 85 25";"";"TSH_OLMAZOR"
+ "QORA QAMISH DORIXONALARI";"+998 (71) 246-73-13";"";"TSH_OLMAZOR"
+ "QORI SAVDO BIZNES  MCHJ";"(99) 871-2539";"";"TSH_CHILONZOR"
+ "QOSHNI MARKET";"+998 (97) 750-00-55";"";"TSH_UCHTEPA"
+ "QOSIMOVA GOZAL  YTT";"998996022388";"";"TV_BOSTONLIQ"
+ "QOSIMOVA NIGORA  YTT";"+(99) 893-5281";"";"TV_ZANGIOTA"
+ "QOSIMOV AVAZBEK  YTT-2";"998947074731";"";"TSH_MIRZO_ULUGBE"
+ "Qosimov Sherzod";"998881294";"";"TSH_SHAYHONTOHUR"
+ "Qovurilgan baliq";"+998977484110";"";"TSH_UCHTEPA"
+ "QOZIEV OZODJON QILICHBOY OGLI YTT";"+(99) 899-5444";"";"TSH_SERGELI"
+ "Quadro";"+998909717934";"";"TSH_SHAYHONTOHUR"
+ "QUALITY PRODUCT BUSINESS  MCHJ";"998998993005";"";"TV_CHIRCHIQ"
+ "QUCHKOROV FARXOD  YTT";"998998490770";"";"TSH_OLMAZOR"
+ "Quchqarov shaxzod";"+998 99 313 94 14";"";"TV_OLMALIK"
+ "QUCHQOROV OZOD  YTT";"998998615250";"";"TSH_OLMAZOR"
+ "QUCHQOROV SUXROB";"+998774970681";"";"TSH_YANGIXAYOT"
+ "QUDDUS FARM";"998971608030";"";"TV_TUMANI"
+ "QUDDUS FARM MCHJ";"+998 (99) 846-01-67";"";"TV_KIBRAY"
+ "QUDRATILLAYEVA MAHINA YTT";"998998277";"";"TV_CHIRCHIQ"
+ "QUDRATILLAYEV NURILLO  YTT";"91 137 27 27";"";"TV_ZANGIOTA"
+ "QUDRAT MED";"+998 (71) 260-29-64";"";"TSH_YUNUSOBOD"
+ "QUDRATOV FAXRIDDIN HAMROYEVICH  YTT";"998913337682";"";"TSH_MIRZO_ULUGBE"
+ "QUDRATOV FURQAT  YTT";"90 744 33 14";"";"TSH_SERGELI"
+ "QUDRATTILA  BARAKA SAVDO";"+998 (71) 224-80-91";"";"TSH_YUNUSOBOD"
+ "QULAY MARKET  MCHJ";"+998971063906";"";"TSH_CHILONZOR"
+ "QULAY MART MCHJ";"+998 (90) 378-82-87";"";"TSH_SERGELI"
+ "QULIYEV LAZIZJON AZAMJONOVICH YTT";"998981267696";"";"TSH_BEKTEMIR"
+ "QULMURADOV ERALI NUR BOBO OGLI";"+998 (91) 212-95-99";"";"TSH_SERGELI"
+ "QULMUXAMEDOVA FERUZA  YTT";"(33) 685-7707";"";"SR_QUYI_CHIRCHIK"
+ "Qumariq Osh";"+998331173535";"";"TSH_SERGELI"
+ "QURBANBAYEVA GULCHEXRA  YTT";"998909169973";"";"TV_CHIRCHIQ"
+ "QURBONMURODOV SAMANDAR  YTT";"+998 (90) 123-65-20";"";"TV_ANGREN"
+ "Qurbonova";"99858470404";"";"TSH_SHAYHONTOHUR"
+ "QURBONOVA G.A. YTT";"+998977221152";"";"TSH_YUNUSOBOD"
+ "QURBONOVA RAYHON  YTT";"998976872122";"";"TV_YANGI_YUL"
+ "QURBONOV BOBUR   YTT";"998994080";"";"TV_CHIRCHIQ"
+ "QURBONOV MALOXIDDIN OSTANQULOVICH  MCHJ";"(99) 893-5325";"";"TSH_CHILONZOR"
+ "QURBONOV RASHID IMOMYOROVICH  YTT";"998998118122";"";"TSH_YUNUSOBOD"
+ "QURBONOV RUSLAN 7-4-14";"+998 (94) 696-54-45";"";"TSH_CHILONZOR"
+ "QURBONOV ULUG'BEK";"93 377 10 01";"";"TSH_UCHTEPA"
+ "QURUVCHI REAL SAVDO MCHJ";"998901136";"";"TSH_BEKTEMIR"
+ "QUSHBEGI";"+998 (95) 221-37-33";"";"TSH_YAKKASAROY"
+ "QUSHBEGI MILLIY TAOMLAR";"+998903714445";"";"TSH_YAKKASAROY"
+ "QUTBIDDINOV RUSTAM YATT";"+(99) 899-7207";"";"TV_BOKA"
+ "QUTLUG MUROD XK";"+998 (99) 134-04-84";"";"TSH_MIROBOD"
+ "QUTPIDDINOV SHERZOD  YTT";"";"";"TV_PARKENT"
+ "QUTPINISO ONA  OK";"+(99) 894-8377";"";"TV_ORTA_CHIRCHIK"
+ "QUT SAMARA MCHJ";"998935763";"";"TSH_MIRZO_ULUGBE"
+ "QUVANOVA MUNIRA  YTT";"+(99) 890-9069";"";"TSH_SERGELI"
+ "QUVONDIQOVA ROBIYA  YTT";"+998 (99) 801-91-26";"";"SR_QUYI_CHIRCHIK"
+ "QUVONDIQOV SHODIYOR  YTT";"+(99) 899-1478";"";"TV_ORTA_CHIRCHIK"
+ "QUVONOVA MUNIRA XAMROQULOVNA";"+998 (90) 906-95-72";"";"TSH_SERGELI"
+ "QUYOSH MARKET MCHJ";"+998 (94) 212-94-42";"";"TV_PARKENT"
+ "QUZIBOYEV BAHROM  YTT";"998903547470";"";"TSH_YASHNABOD"
+ "QUZIYEV ULUG'BEK YTT";"+998 (94) 611-0";"";"TSH_CHILONZOR"
+ "RABIYEV BUNYOD NISHANXANOVICH";"957722786";"";"TV_OHANGARON"
+ "RADIUS STAR MCHJ";"998910104043";"";"TSH_OLMAZOR"
+ "RADJABOVA LOLA YTT";"+(99) 897-4508";"";"TSH_MIROBOD"
+ "RADJABOVA MAKTUBA YTT";"+998 (99) 005-06-30";"";"TSH_UCHTEPA"
+ "RADJABOVA MOXICHEXRA MAMAYUSUPOVNA  YTT";"+(99) 890-1745";"";"TSH_UCHTEPA"
+ "RADJAMATOV TIMUR  YTT";"998909864";"";"TSH_YASHNABOD"
+ "RADJAPOVA SHAXNOZA  YTT";"+998997225749";"";"TSH_SHAYHONTOHUR"
+ "RADJAPOV XASAN  YTT";"9989013014654";"";"TSH_CHILONZOR"
+ "RAFIKOVA JAMILA YTT";"998971120197";"";"TV_OHANGARON"
+ "RAHBAR ONA  OK";"(99) 897-5610";"";"TV_ORTA_CHIRCHIK"
+ "RAHIM AKA";"+998903477887";"";"TSH_CHILONZOR"
+ "RAHIMOV ABDURAHMON";"998919073838";"";"TSH_CHILONZOR"
+ "RAHIMOVA GULNOZ  YTT";"+998 (93) 922-25-25";"";"TV_ANGREN"
+ "RAHIMOV G'ANIJON";"97 756 57 04";"";"TSH_UCHTEPA"
+ "RAHMANBERDIYEV FAHRIDDIN YTT";"998974476746";"";"TSH_UCHTEPA"
+ "RAHMATJON HALOL MARKET";"+998 (90) 183-1";"";"TSH_SERGELI"
+ "RAHMATOVA HOLIDA YATT";"+998 (99) 899-87-17";"";"TV_TOYTEPA"
+ "RAHMATOVA SHOHIDA YATT";"+(99) 893-1623";"";"TV_BOKA"
+ "RAHMATOV MAHMUDJON  YTT";"+998974484262";"";"TV_YANGI_YUL"
+ "RAHMATULLAYEVA FAYOZA  YTT";"998998496551";"";"TSH_YASHNABOD"
+ "RAHMATULLAYEV BOBUR  YTT";"+998998397047";"";"TV_YANGI_YUL"
+ "RAHMATULLAYEV YTT";"+(99) 897-5385";"";"TV_YANGI_YUL"
+ "RAHMATULLO PHARM";"+998 (99) 896-78-70";"";"TSH_MIRZO_ULUGBE"
+ "RAIBEK TREYD XK";"998935720";"";"TSH_OLMAZOR"
+ "RAIMBERDIYEVA GAVXAR YTT";"998994097986";"";"TV_CHIRCHIQ"
+ "RAIMKULOV MUXUTDIN YTT";"(99) 893-8152";"";"TV_OHANGARON"
+ "RAIMOV AKBARBEK  YTT";"998883331996";"";"TSH_MIRZO_ULUGBE"
+ "Rajabova Diyora";"+998950078401";"";"TSH_YAKKASAROY"
+ "RAJABOVA GULI YTT";"+998 (97) 654-46-48";"";"TV_YANGI_YUL"
+ "RAJABOVA NARGIZA YTT";"(99) 893-6010";"";"TV_OHANGARON"
+ "RAJABOV SARVAR  YTT";"998909347594";"";"TSH_MIRZO_ULUGBE"
+ "RAJABOV TOHIRJON  YTT";"+998 (98) 331-00-94";"";"TV_ZANGIOTA"
+ "RAJABOY NURLI MCHJ";"+998 (99) 689-68-88";"";"TSH_OLMAZOR"
+ "RAJABOY NURLI MCHJ";"(99) 899-6896";"";"TSH_OLMAZOR"
+ "RAKAT BIZNES HOUSE  MCHJ";"+(99) 899-6445";"";"TSH_YAKKASAROY"
+ "RAKAT CULTURE YTT";"+(99) 899-0651";"";"TSH_YAKKASAROY"
+ "RAKSANA SAXOVAT BIZNES XK";"+998 77 008 19 38";"";"TV_CHIRCHIQ"
+ "RAMAZONOV";"+998 (98) 000-37-70";"";"TSH_MIROBOD"
+ "RAMZIDDIN INVEST  MCHJ";"+998882371242";"";"TSH_SERGELI"
+ "RANO SAODAT FAYZLI  MCHJ";"998987006162";"";"TSH_SHAYHONTOHUR"
+ "RANO TIJORAT MCHJ";"998993728";"";"TSH_OLMAZOR"
+ "RANOXON SHIRINLIKLAR  OK";"+998998004449";"";"TV_ZANGIOTA"
+ "RANO ZIYO MARKET MCHJ";"+(99) 897-7160";"";"TSH_YANGIXAYOT"
+ "RASHID HOJIEV ABDURAHMONOVICH";"+998 (91) 253-09-49";"";"TSH_SERGELI"
+ "RASHIDOV ABDUXALIL  YTT";"998997204";"";"TSH_YASHNABOD"
+ "RASHIDOV DONIYOR  YTT";"998997367979";"";"TV_BOSTONLIQ"
+ "RASHIDOV JAVLON UMARJON OGLI";"+998 (99) 408-08-15";"";"TV_PISKENT"
+ "RASHIDOV S SH";"+998990259315";"";"TSH_CHILONZOR"
+ "RASHIDXOJA MUSTAFOXOJA";"+998 (99) 933-14-16";"";"TV_CHIRCHIQ"
+ "RASTAROPSHA FARM  XK";"998901160087";"";"TV_TUMANI"
+ "RASULBEK BIZNES PHARM MCHJ";"+998 (94) 621-04-45";"";"TSH_MIRZO_ULUGBE"
+ "RASUL FIRDAVS   XK";"998903715278";"";"TV_BOSTONLIQ"
+ "RASULJON BARAKA  OK";"+998 (93) 967-00-62";"";"TV_PARKENT"
+ "RASULJON BARAKA OK";"+998 (90) 986-46-46";"";"TV_PARKENT"
+ "RASULMETOVA NIGORA  YTT";"99846622992";"";"TV_KIBRAY"
+ "RASUL OTA ISHONCH 777  OK";"998974235171";"";"TV_TUMANI"
+ "RASUL OTA ISHONCH SAVDO  MCHJ-2";"998977343";"";"TSH_MIRZO_ULUGBE"
+ "RASUL OTA ISHONCH SAVDO  MCHJ-3";"998998130";"";"TSH_MIRZO_ULUGBE"
+ "RASULOV ABDUFATTOH ABDUSOBITOVICH YTT";"998917755041";"";"TSH_SHAYHONTOHUR"
+ "RASULOV ABDULLAJON NAYOBAVICH YTT";"+(99) 890-3743";"";"TSH_UCHTEPA"
+ "RASULOVA DILAFRUZ YTT";"+(99) 893-6330";"";"TV_OLMALIK"
+ "RASULOVA DILOBAR YTT";"(99) 893-5040";"";"TSH_SERGELI"
+ "RASULOVA DJAMILYA  YTT";"+998909000084";"";"TV_TUMANI"
+ "RASULOVA GULNOZA  YTT";"998971303880";"";"TSH_OLMAZOR"
+ "RASULOV BAXTIYOR  YTT";"998998884";"";"TSH_SHAYHONTOHUR"
+ "RASULOV J A  YTT";"(99) 894-6317";"";"TSH_SERGELI"
+ "RASULOV KAMIL  YTT";"998997273";"";"TSH_YASHNABOD"
+ "RASULOV NIZOMIDDIN YTT";"+998 (97) 760-30-33";"";"TSH_UCHTEPA"
+ "RASULOV NURIDDIN  YTT";"+998884420707";"";"TSH_OLMAZOR"
+ "RASULOV QAXRAMON RAVSHANOVICH YTT";"998994888850";"";"TSH_YUNUSOBOD"
+ "RASULOV SHOXRUX";"90909 21 19";"";"TSH_UCHTEPA"
+ "RASULYEV DILMUROD ERKINOVICH  YTT";"998908149";"";"TSH_MIRZO_ULUGBE"
+ "RAUFOV UMID  YTT";"+998906150102";"";"TSH_SERGELI"
+ "RAUPOVA MADINA YTT";"998335555";"";"TV_BOSTONLIQ"
+ "RAUPOVA XK";"998712604082";"";"TSH_YUNUSOBOD"
+ "RAUPOV FARXODJON TORA OGLI";"+998 (90) 110-36-00";"";"TV_BOKA"
+ "RAUPOV TOYIR VALIYEVICH YTT";"+998 (99) 999-83-13";"";"TSH_UCHTEPA"
+ "RAVON TECHNO";"90)129-91-90";"";"TSH_CHILONZOR"
+ "RAVON TECHNO";"+998 (99) 816-48-10";"";"TSH_CHILONZOR"
+ "RAVONTECHNO  MCHJ";"+998977751220";"";"TSH_YUNUSOBOD"
+ "RAVOTAK FAEM";"+998 (88) 649-48-54";"";"TV_ORTA_CHIRCHIK"
+ "RAVSHANBEKOV AA  YTT";"998900352250";"";"TSH_SERGELI"
+ "RAVSHAN EXCLUSIVE  MCHJ";"998771079191";"";"TSH_OLMAZOR"
+ "RAVSHAN FAYZ MARKET MCHJ";"+99 767 70 60";"";"TSH_CHILONZOR"
+ "RAVSHAN JASUR DIYOR  XK";"998300085";"";"TV_KIBRAY"
+ "RAVSHANJON ROZIMATJONOV YTT";"998770246";"";"TSH_OLMAZOR"
+ "RAVSHAN ODILBOY  XK";"998977340";"";"TSH_BEKTEMIR"
+ "RAVSHANOVA ALOGUL YTT";"+(99) 890-9557";"";"TV_ORTA_CHIRCHIK"
+ "RAVSHANOV ISLOMBEK YTT";"+(99) 890-1330";"";"TSH_MIROBOD"
+ "RAVSHANOV SHAHOBIDDIN  YTT";"998904252382";"";"TSH_OLMAZOR"
+ "RAVSHANOV SOHIB  YTT";"998998460";"";"TSH_YUNUSOBOD"
+ "RAVSHAN TREDING  MCHJ";"+(99) 890-3540";"";"TSH_MIROBOD"
+ "Ravza";"+998935455550";"";"TSH_SERGELI"
+ "RAXIMBAYEV XAYRULLA YTT";"998930696";"";"TV_KIBRAY"
+ "RAXIMDJANOVA NARGIZA YTT";"99850044224";"";"TSH_SERGELI"
+ "RAXIMDJANOV OLIM MAXSITDINOVICH  YTT";"998909605406";"";"TV_TUMANI"
+ "RAXIMJONOV BAXROM  YTT";"998900270538";"";"TSH_SERGELI"
+ "RAXIMOVA HULKAR YTT";"(99) 897-7502";"";"TSH_CHILONZOR"
+ "RAXIMOVA MALOXAT ABDUBORIYEVNA  YTT";"998971954444";"";"TV_TUMANI"
+ "RAXIMOV ANVAR  YTT";"998983127090";"";"TSH_OLMAZOR"
+ "RAXIMOV F SH";"+998909550860";"";"TSH_CHILONZOR"
+ "RAXIMOV MAQSUD SHERALIYEVICH YTT";"+(99) 894-6720";"";"TSH_SERGELI"
+ "RAXIMOV MUROD YTT";"+998 (99) 985-99-93";"";"SR_QUYI_CHIRCHIK"
+ "RAXIMOV NEMATULLOH RAXMATULL YTT";"998909324";"";"TSH_OLMAZOR"
+ "RAXIMOV OLIMJON";"998909335958";"";"TSH_BEKTEMIR"
+ "RAXIMOV SALOHIDDIN YTT";"+998 (93) 930-62-22";"";"TSH_BEKTEMIR"
+ "RAXIMOV SARDOR  YTT";"998909267";"";"TSH_SHAYHONTOHUR"
+ "RAXIMOV.SH.A  OK";"+(90) 925-4244";"";"TSH_UCHTEPA"
+ "RAXIMOV SHUXRAT NAMOZOVICH YTT";"+(99) 894-6060";"";"TSH_SERGELI"
+ "RAXIMOV SHUXRAT  YTT";"998977713214";"";"TV_TUMANI"
+ "RAXIMOV TEMUR NORQOBIL OGLI  YTT";"998909811198";"";"TSH_MIRZO_ULUGBE"
+ "RAXIMOV XAMIDULLO YTT";"+998 (99) 178-54-25";"";"TSH_UCHTEPA"
+ "RAXMANBERDIYEVA LYUDMILA  YTT";"998978777230";"";"TV_CHIRCHIQ"
+ "RAXMANOV ALISHER TOYIROVICH YTT";"998970071";"";"TSH_OLMAZOR"
+ "RAXMANOVA MADINA YTT";"998994098";"";"TV_BOSTONLIQ"
+ "RAXMANOV OROMIDDIN OLIMJANOVICH  YTT";"+(99) 891-9484";"";"TSH_SERGELI"
+ "RAXMANQULOVA SAYORA";"+998 (97) 009-71-68";"";"TSH_SERGELI"
+ "RAXMATILLOH FAYZ GROUP  MCHJ";"998974030008";"";"TSH_SHAYHONTOHUR"
+ "RAXMATJON FAYZ BARAKA YTT";"+(99) 897-5985";"";"TV_YANGI_YUL"
+ "RAXMATOVA AZIZA YTT";"+(99) 899-3654";"";"TSH_SERGELI"
+ "RAXMATOVA DILDORA  YTT";"+998909692229";"";"TV_ZANGIOTA"
+ "RAXMATOVA DILNOZA ANVAROVNA YTT";"+(99) 891-4319";"";"TSH_YAKKASAROY"
+ "RAXMATOVA MOXIRA  YTT";"+998 (97) 342-80-70";"";"TV_TUMANI"
+ "RAXMATOVA SEVINCH ABDUSAID QIZI YTT";"998991946359";"";"TV_OLMALIK"
+ "RAXMATOVA ZARNIGOR ALISHER QIZI";"+998 (99) 613-95-05";"";"TV_BOKA"
+ "RAXMATOV ELYOR  YTT";"998905904463";"";"TSH_MIRZO_ULUGBE"
+ "RAXMATOV FARXOD YTT";"+998 (99) 945-88-98";"";"TSH_UCHTEPA"
+ "RAXMATOV FURQAT   YTT";"998998637";"";"TV_CHIRCHIQ"
+ "RAXMATOV ISLOMJON XIKMATILLA OGLI  YTT";"+(99) 890-9305";"";"TSH_SERGELI"
+ "RAXMATULAYEV MARXABO  YTT";"+998 (99) 849-05-49";"";"TV_ZANGIOTA"
+ "RAXMATULLAEV ROVSHANJON GAFUROVICH  YTT";"+998998461711";"";"TSH_YUNUSOBOD"
+ "RAXMATULLAYEVA NASIBA  YTT";"(94) 623-0017";"";"TSH_CHILONZOR"
+ "RAXMATULLAYEV MURODILLO YTT";"998337910000";"";"TSH_SERGELI"
+ "RAXMATULLAYEV MUXAMMAD FARRUX OGLI  YTT";"998998909819";"";"TV_KIBRAY"
+ "RAXMATULLAYEV SAYDIAKBAR  YTT";"99849303738";"";"TV_ANGREN"
+ "RAXMATULLAYEV SH  YTT";"998983006";"";"TSH_SHAYHONTOHUR"
+ "Raxmonberdiyev";"";"";"TSH_SERGELI"
+ "RAXMONBERDIYEVA SAYYORA YTT";"99871330254";"";"TV_CHIRCHIQ"
+ "RAXMONBERDIYEV DJURAVOY  YTT";"998944076962";"";"TV_CHIRCHIQ"
+ "RAXMONOV BAXODIR  YTT";"+998970058882";"";"TSH_SERGELI"
+ "RAXMONQULOVA SHAXODAT YTT";"(99) 899-3620";"";"TV_OHANGARON"
+ "RAXMONQULOVA TIJORAT XK";"(99) 893-0829";"";"TV_OLMALIK"
+ "RAXM RUSTAM AVTO MCHJ";"+(99) 894-9905";"";"TV_OHANGARON"
+ "RAY GUL FARM";"+998 (93) 666-19-06";"";"TSH_YANGIXAYOT"
+ "RAYHONA XOJI ONA  MCHJ";"998956568838";"";"TSH_BEKTEMIR"
+ "RAYHON TRADE";"+998991715339";"";"TSH_SERGELI"
+ "RAYHON TRADE MCHJ";"";"";"TSH_YANGIXAYOT"
+ "RAYIM KOMOL MARKET";"+998 (99) 831-13-61";"";"TSH_YAKKASAROY"
+ "RAYNA FARM MCHJ";"+998 (88) 878-20-88";"";"TV_OQQORGON"
+ "RAYONA NUR";"+998 (90) 840-80-24";"";"TSH_SERGELI"
+ "RAYON BARAKA";"+998 (99) 518-70-15";"";"TSH_CHILONZOR"
+ "RAYXONA RUXSHONA GOLD MCHJ";"998998251";"";"TV_BOSTONLIQ"
+ "RAYXONOVA KAMOLA  YTT";"+88 007 67 91";"";"TV_YANGI_YUL"
+ "RAYYONA NUR  XK";"";"";"TSH_SERGELI"
+ "RAZIKOV ZAKIR  YTT";"9984611361";"";"TV_CHIRCHIQ"
+ "RAZIYA FARM";"+998 (99) 829-81-89";"";"TSH_BEKTEMIR"
+ "REAL BIZNES  MCHJ";"998977166";"";"TV_KIBRAY"
+ "REAL CITY FAMILY M/T";"+998900493555";"";"TSH_MIRZO_ULUGBE"
+ "REAL ORZU FARM";"+998933430797";"";"TSH_SERGELI"
+ "REAL ORZU FARM 1";"998935442880";"";"TSH_BEKTEMIR"
+ "REAL WONDER BUSINESS  MCHJ";"+(99) 899-1725";"";"TSH_SERGELI"
+ "RECEPTION FARM";"+998 (93) 009-60-01";"";"TSH_SERGELI"
+ "RED AND WHITE 1 MCHJ";"+998946510764";"";"TSH_CHILONZOR"
+ "RED AND WHITE 3  MCHJ";"+(99) 898-1040";"";"TSH_CHILONZOR"
+ "RED AND WHITE  MCHJ-2";"+(99) 897-3846";"";"TSH_UCHTEPA"
+ "RED AND WHITE  MCHJ-4";"+998909371";"";"TSH_UCHTEPA"
+ "RED BUSINESS SENTR  OK";"998950666676";"";"TV_TUMANI"
+ "RED FARM";"+998 (99) 033-10-69";"";"TSH_MIROBOD"
+ "RED FARM";"+998 (33) 852-04-03";"";"TSH_YAKKASAROY"
+ "RED LINE TRADING MCHJ";"998998437979";"";"TSH_MIRZO_ULUGBE"
+ "RED MEGA LINE MCHJ";"998932072";"";"TSH_MIRZO_ULUGBE"
+ "REGINA MARKET SHOP  OK";"+(99) 890-3389";"";"TV_ORTA_CHIRCHIK"
+ "REGION 1 AVTO GROUP  MCHJ";"(99) 894-4419";"";"TV_OLMALIK"
+ "REGISTAN OSH";"+998909167767";"";"TSH_MIRZO_ULUGBE"
+ "Reklama uchun";"";"";"TSH_CHILONZOR"
+ "RETRO restaurant";"+998911913005";"";"TSH_YASHNABOD"
+ "Riba i Myassa";"+998935550110";"";"TSH_SERGELI"
+ "RICCHEZZA 888 XK";"998909146";"";"TSH_OLMAZOR"
+ "RICH FINANCE BY ARABINKA  MCHJ";"998903714648";"";"TSH_YASHNABOD"
+ "RIDON S  MCHJ";"998990772058";"";"TV_TUMANI"
+ "RIDVAN PLAZA RESTAURANT";"+998903332393";"";"TSH_MIRZO_ULUGBE"
+ "RIKO DINK  MCHJ";"+998 (99) 694-92-89";"";"TV_ANGREN"
+ "RIKSINBEK MIRBOBOYEV";"998994072059";"";"TV_BOSTONLIQ"
+ "RINA MED MCHJ";"+998 (99) 904-00-91";"";"TSH_MIROBOD"
+ "RINAT AQUA XK";"998996954";"";"TSH_BEKTEMIR"
+ "RINAT FAYA YTT";"+(99) 891-0446";"";"TV_PARKENT"
+ "RISBAYEV ABDURASHIT  YTT";"998900464282";"";"TV_BOSTONLIQ"
+ "RISBAYEV AZIZJON  YTT";"998993750";"";"TV_CHIRCHIQ"
+ "RISBOYEVA AZIZA  YTT";"998994978";"";"TV_CHIRCHIQ"
+ "RISING MEDICINE MCHJ";"998998409890";"";"TV_PARKENT"
+ "RISKULOVA ZULFIYA YTT";"+998 (94) 407-27-27";"";"TV_OLMALIK"
+ "RISOLAT OPA";"+998 (99) 792-20-04";"";"SR_QUYI_CHIRCHIK"
+ "RISOLAT XOJAEVA XAYRULLA QIZI YTT";"+(99) 893-1670";"";"TSH_SERGELI"
+ "RISQITILO OMAD 1  MCHJ";"+(99) 890-9424";"";"TSH_SHAYHONTOHUR"
+ "RISQITILO OMAD 2 MCHJ";"+(99) 890-9424";"";"TSH_SHAYHONTOHUR"
+ "RISQ SAVDO FAXRIDINOV YOQUB DIYORI XK";"(99) 895-7303";"";"TSH_CHILONZOR"
+ "RIVERA AGRO PRO MCHJ";"998991076";"";"TSH_OLMAZOR"
+ "RIVERO MARKET MCHJ";"+(99) 890-9946";"";"TSH_YAKKASAROY"
+ "RIVERSIDE SOHIL  MCHJ";"998974367000";"";"TSH_YASHNABOD"
+ "RIVOJ IMKON YTT";"+998 (97) 568-21-79";"";"TV_YANGI_YUL"
+ "Rixos Olot Somsa";"+998988100008";"";"TSH_CHILONZOR"
+ "RIXSIBAYEVA DINORA YTT";"+998 (90) 973-43-46";"";"TV_PARKENT"
+ "RIXSIBAYEVA GULNORA  YTT";"998974794333";"";"TSH_MIRZO_ULUGBE"
+ "RIXSIVAYEVA RANO";"95 455 43 13";"";"TV_YANGI_YUL"
+ "RIXSIVOY OTA BARAKA  MCHJ";"998998383909";"";"TV_KIBRAY"
+ "RIXSIXOJAYEV OLIMXOJA YTT";"+998 (97) 104-53-53";"";"TSH_UCHTEPA"
+ "RIXSIYEV A A  YTT";"998998185515";"";"TSH_MIRZO_ULUGBE"
+ "RIXSIYEV BUNYOD YTT";"998977480";"";"TSH_OLMAZOR"
+ "RIXSIYEV YTT";"(99) 897-4141";"";"TSH_CHILONZOR"
+ "RIZAMOV DILSHOD  YTT";"998935141084";"";"TSH_YASHNABOD"
+ "RIZAYEVA AQIDA ABDUMANSUR QIZI YTT";"998998903178";"";"TSH_OLMAZOR"
+ "RIZQIYEV DILSHOD  YTT";"998909256";"";"TSH_BEKTEMIR"
+ "RM Berdiyev Murod";"";"";"TSH_SERGELI"
+ "ROAD MARKET";"998909186736";"";"TSH_YASHNABOD"
+ "ROBINA SERVIS MCHJ";"998000000";"";"TSH_MIRZO_ULUGBE"
+ "ROBIYA HADICHA MUBINA OK";"998335698";"";"TV_KIBRAY"
+ "ROBIYAKHON RUQIYAKHON AK LIDERLAR  MCHJ";"99849783399";"";"TV_KIBRAY"
+ "ROBIYAXON BARAKA BUSINESS  MCHJ";"998998651440";"";"TV_CHIRCHIQ"
+ "ROBIYAXON HOJIONA BIZNES OK";"998993099";"";"TSH_BEKTEMIR"
+ "RODNOY GOROROD TOSHKENT  MCHJ";"998330012204";"";"TSH_BEKTEMIR"
+ "ROFIYEVA YULDUZ  YTT";"";"";"TSH_MIROBOD"
+ "ROFOOD MART";"+998993958080";"";"TSH_UCHTEPA"
+ "ROFOOD  MCHJ";"(99) 899-0218";"";"TSH_UCHTEPA"
+ "ROHAT MARKET BARAKA MCHJ";"+998 (93) 497-29-74";"";"TV_PISKENT"
+ "ROHAT OILAVI MARKET  MCHJ";"998900146678";"";"TSH_BEKTEMIR"
+ "ROHILA RAYXON";"+998 (77) 253-07-74";"";"TSH_YANGIXAYOT"
+ "ROKSANA SAXOVAT BIZNES  XK-2";"9984931548";"";"TV_CHIRCHIQ"
+ "Roma Pizza";"+998946433123";"";"TSH_SERGELI"
+ "ROSATI  MCHJ";"(99) 848-2141";"";"TSH_CHILONZOR"
+ "ROVSHANBEK BIZNES GROUP  OK";"998998311980";"";"TSH_SHAYHONTOHUR"
+ "ROVSHANOVA SHAXNOZA  YTT";"998909242744";"";"TSH_BEKTEMIR"
+ "ROVSHANOV B";"998997237";"";"TSH_YUNUSOBOD"
+ "ROZIHOL ONA";"+998 (88) 704-79-75";"";"SR_QUYI_CHIRCHIK"
+ "ROZIQOV SHUXRAT  YTT";"+(94) 838-4500";"";"TV_PARKENT"
+ "ROZIYEVA FERUZA  YTT";"998998386939";"";"TSH_CHILONZOR"
+ "ROZIYEVA GAVHAR YTT";"998993159892";"";"TV_CHIRCHIQ"
+ "ROZIYEVA GULCHEXRA";"+998902990703";"";"TSH_UCHTEPA"
+ "ROZIYEVA.N.L  YTT";"998977825615";"";"TSH_OLMAZOR"
+ "ROZIYEV DONIYOR  YTT";"998910139223";"";"TSH_OLMAZOR"
+ "Rozmarin farm";"+998909107172";"";"TSH_OLMAZOR"
+ "ROZMARIN FARM";"+998 (95) 308-59-66";"";"TSH_OLMAZOR"
+ "ROZMARIN FARM";"+998 (95) 691-94-48";"";"TSH_OLMAZOR"
+ "ROZMATOVA ONAPOSHSHO";"+998 (97) 730-29-82";"";"TV_OHANGARON"
+ "ROZMATULLAYEV SARDOR YATT";"(99) 894-4460";"";"TV_BOKA"
+ "RSD-HR MCHJ";"(99) 899-8934";"";"TV_OHANGARON"
+ "RUBDILAYEVA  YTT";"+998 (93) 652-66-88";"";"TV_PARKENT"
+ "RUBLYOVKA CITY MCHJ";"+(99) 895-0534";"";"TSH_MIROBOD"
+ "RUBLYOVKA MARKET";"+998 (99) 143-78-95";"";"TSH_UCHTEPA"
+ "RUBLYOVKA MARKET  MCHJ (YASHNABOD)";"998937524818";"";"TSH_YASHNABOD"
+ "RUDALS OMAD MCHJ";"998956533";"";"TV_KIBRAY"
+ "RUDIZAR BUXORO RESTAURANT";"+998871570707";"";"TSH_YASHNABOD"
+ "RUHSHONA FARM";"+998 (98) 278-03-30";"";"TSH_UCHTEPA"
+ "RUKNIDINOVA XONZODA  YTT";"998903518005";"";"TV_CHIRCHIQ"
+ "RUQIYA IN MCHJ";"998995214892";"";"TSH_BEKTEMIR"
+ "RUSHANA MAXMUD SAVDO MCHJ";"+998946989075";"";"TV_KIBRAY"
+ "RUSHANA-MAXMUD SAVDO MCHJ";"+998 (99) 864-04-64";"";"TV_KIBRAY"
+ "RUSTAMBEK OTA FAYZ NUR  MCHJ";"+(99) 893-7464";"";"TSH_UCHTEPA"
+ "RUSTAMBEKOV SARVARBEK  YTT";"998990314444";"";"TSH_OLMAZOR"
+ "RUSTAMBEKOV  YTT";"+(99) 897-7476";"";"TV_ORTA_CHIRCHIK"
+ "RUSTAMBOYEV SAYFULLA YTT";"998956542";"";"TV_KIBRAY"
+ "RUSTAM HONEST SELLER MCHJ";"998990100800";"";"TSH_MIRZO_ULUGBE"
+ "RUSTAM ILIK SHO'RVA";"+998 (00) 000-00-00";"";"TSH_CHILONZOR"
+ "RUSTAMJONOV";"998908108052";"";"TSH_SHAYHONTOHUR"
+ "RUSTAM KAMOLA AZIZBEK MCHJ";"998943187373";"";"TV_TOYTEPA"
+ "RUSTAMKULOV ABDURASUL ISAKULOVICH  YTT";"+998 (94) 313-76-76";"";"TV_ANGREN"
+ "RUSTAM NUROBOD BARAKA XK";"(99) 894-9315";"";"TV_OHANGARON"
+ "RUSTAMOVA AZIZA  YTT";"998977456";"";"TSH_BEKTEMIR"
+ "RUSTAMOVA GOZAL YTT";"998991009";"";"TV_BOSTONLIQ"
+ "RUSTAMOVA LOLA  YTT";"+(99) 890-5117";"";"TSH_SERGELI"
+ "RUSTAMOVA OYDINA";"+998 90 320 99 79";"";"TV_TOYTEPA"
+ "RUSTAMOV BEKZOD YTT";"935142221";"";"TSH_SERGELI"
+ "RUSTAMOV ISLAMJON  YTT";"9981019797";"";"TSH_MIRZO_ULUGBE"
+ "RUSTAMOV JURABEK MCHJ";"998546613";"";"TV_KIBRAY"
+ "RUSTAMOV MURADXON AKTAMOVICH  YTT";"+(99) 890-4402";"";"TSH_UCHTEPA"
+ "RUSTAMOV MUROTHON";"+998990814625";"";"TSH_UCHTEPA"
+ "RUSTAMOV OTKIR MCHJ";"(99) 897-7152";"";"TSH_CHILONZOR"
+ "RUSTAMOV ZIYODULLA YTT";"+(94) 615-9292";"";"TSH_CHILONZOR"
+ "RUSTAMOV ZIYOVUDDIN  YTT";"998931051202";"";"TV_KIBRAY"
+ "RUVLEVKA CITY MCHJ";"998930062";"";"TSH_YASHNABOD"
+ "RUXSHONA-FARM-SERVIS  MCHJ";"+998 (97) 423-63-43";"";"TSH_BEKTEMIR"
+ "RUXSOR HUSNOR OK";"998973471";"";"TV_CHIRCHIQ"
+ "RUZMATOVA DURDONA YATT";"+(99) 894-6662";"";"TV_BOKA"
+ "Saad Food";"";"";"TSH_SERGELI"
+ "SABINA BAHORA  OK";"+(99) 899-9988";"";"TSH_MIROBOD"
+ "SABINABONU FAYZ RIVOJ";"+998 (94) 614-94-25";"";"TSH_UCHTEPA"
+ "SABIN FEMILIY MCHJ";"998900108";"";"TV_CHIRCHIQ"
+ "SABIR BARAKA MCHJ";"998901396767";"";"TSH_CHILONZOR"
+ "SABIRDJANOV BAXODIR  YTT";"998909900108";"";"TSH_OLMAZOR"
+ "SABIROVA GULNOZA  YTT";"+93 955 55 49";"";"TSH_CHILONZOR"
+ "SABIROVA NILUFAR  YTT";"998900468854";"";"TSH_MIRZO_ULUGBE"
+ "SABIROV BOKHODIR YTT";"998998797108";"";"TSH_OLMAZOR"
+ "SABIROV JASUR GAYRATOVICH";"998935954158";"";"TSH_MIRZO_ULUGBE"
+ "SABIROV OTKIRJON YTT";"998903388";"";"TSH_YUNUSOBOD"
+ "SABITOVA DILORA  YTT";"998994663214";"";"TV_CHIRCHIQ"
+ "SABO SMART MCHJ";"+998 (33) 900-42-92";"";"TSH_UCHTEPA"
+ "SABR FLOUR 2 MCHJ";"+998 (75) 488-98-81";"";"TV_ANGREN"
+ "SABR FLOUR  MCHJ";"+998 (94) 947-77-93";"";"TV_ANGREN"
+ "SABRINA BARAKA MARKET  MCHJ";"+(99) 893-6950";"";"TSH_SERGELI"
+ "SABRINA MARJONA  XK";"998998506463";"";"TV_BOSTONLIQ"
+ "SABRINA MARKET";"+998 99 477 50 57";"";"TV_OHANGARON"
+ "SABRINA SAVDO OK";"+998 (90) 334-32-42";"";"TV_TOYTEPA"
+ "SABRINISO MCHJ";"998950295";"";"TV_BOSTONLIQ"
+ "SABR RIZQ OK";"998977438";"";"TSH_YUNUSOBOD"
+ "SABR SHUKUR MEHNAT  OK";"998931088187";"";"TSH_BEKTEMIR"
+ "SABR TRADEE  MCHJ";"99846998877";"";"TSH_MIRZO_ULUGBE"
+ "SADAF IBRAT BARAKA  MCHJ";"998998533453";"";"TSH_SHAYHONTOHUR"
+ "SADAF RAVNAQ HAMKOR  MCHJ";"998981164774";"";"TV_TUMANI"
+ "SADAF SAVDO MAFTUNA MCHJ";"(99) 890-3352";"";"TV_BOKA"
+ "SADATOV TRADING MCHJ";"+(99) 833-0818";"";"TSH_UCHTEPA"
+ "SADIAK SMS MCHJ";"+(99) 833-0080";"";"TSH_MIROBOD"
+ "SADIKOVA FOTIMA  YTT";"998908098855";"";"TSH_OLMAZOR"
+ "SADIKOVA LAYLO OKTAMOVNA";"+998 (99) 308-81-52";"";"TV_OHANGARON"
+ "SADIKOV NURMAT  YTT";"998992649";"";"TSH_YASHNABOD"
+ "SADIKOV SAYDALI  YTT";"998977050599";"";"TSH_OLMAZOR"
+ "SADIKXODJAYEV KAMOL YTT";"+998 (99) 081-17-17";"";"TSH_UCHTEPA"
+ "SADIQOVA MUXABBATXON YTT";"998946669";"";"TSH_BEKTEMIR"
+ "SADIYA BAROKAT MCHJ";"998998177999";"";"TSH_MIRZO_ULUGBE"
+ "SADIYA CAKE CLAB  OK";"998949391";"";"TV_BOSTONLIQ"
+ "SADIYAXON MARKET  MCHJ";"+940316676";"";"TSH_SERGELI"
+ "SADOQATLI SAVDO BIZNES MCHJ";"+998 (99) 804-95-45";"";"TSH_UCHTEPA"
+ "SADOQAT MARKET  XK";"+998974703626";"";"TV_ZANGIOTA"
+ "SADOQAT OTABEK QIZI MCHJ";"998909769099";"";"TSH_MIRZO_ULUGBE"
+ "SADRIDDIN ZAYNIDDIN XK";"(99) 888-8778";"";"SR_QUYI_CHIRCHIK"
+ "SADULAYEV YTT";"998946096767";"";"TSH_SHAYHONTOHUR"
+ "SADULLAYEVA DILDORA  YTT";"(99) 890-8110";"";"TV_ZANGIOTA"
+ "SAFAR OTA FAYZ  MCHJ";"(99) 894-1802";"";"TV_ANGREN"
+ "SAFAROV FOZIL ROZIQOVICH YTT";"+(99) 890-9480";"";"TSH_YANGIXAYOT"
+ "SAFAYEVA MO'TABAR  YTT";"+998954470451";"";"TSH_YANGIXAYOT"
+ "SAFE PROTOKOL SERVICE  MCHJ";"998936912313";"";"TSH_YASHNABOD"
+ "SAFIA TRADE";"+998 (95) 886-44-85";"";"TSH_CHILONZOR"
+ "SAFIKONUR MARKET  OK";"998998452645";"";"TSH_BEKTEMIR"
+ "SAFINA OPTOM MARKET  MCHJ";"998942140546";"";"TV_CHIRCHIQ"
+ "SAFIYA 27 MCHJ";"+998 (97) 534-24-54";"";"TV_YANGI_YUL"
+ "SAFIYA FAYZ MARKET MCHJ";"+998 (88) 706-25-52";"";"TSH_YANGIXAYOT"
+ "SAFIYA NETWORK MCHJ";"+998979510";"";"TSH_YANGIXAYOT"
+ "SAfO FARM";"+998 (95) 428-94-74";"";"TSH_YUNUSOBOD"
+ "SAFO FARM";"+998 (95) 057-09-09";"";"TSH_MIROBOD"
+ "SAFO M.T (ECO BAZARda)";"+998883042215";"";"TSH_MIRZO_ULUGBE"
+ "Safran";"+998900012225";"";"TSH_UCHTEPA"
+ "SAFURAHON SAVDO XK";"998945649";"";"TV_KIBRAY"
+ "SAGATOVA BARNO ARAPBAYEVNA";"+998 (94) 946-78-85";"";"SR_QUYI_CHIRCHIK"
+ "SAGATOVA HILOLA  YTT";"+(99) 899-0856";"";"TV_ORTA_CHIRCHIK"
+ "SAGATOV BAXTIYOR YTT";"(99) 897-6686";"";"TSH_CHILONZOR"
+ "SAGATOV FAZLIRDIN MUXUTDINOVICH";"+998973441515";"";"TSH_SHAYHONTOHUR"
+ "SAGDIANA COM OK";"+(99) 890-9585";"";"TSH_YANGIXAYOT"
+ "SAHOVAT diyet kafe";"+998903450384";"";"TSH_OLMAZOR"
+ "SAHOVAT RIVOJ OK";"+998 (93) 382-87-88";"";"TSH_UCHTEPA"
+ "SAID AKA UKA XK";"(99) 890-0163";"";"SR_QUYI_CHIRCHIK"
+ "SAIDAKBAR MARKET  MCHJ";"+(99) 897-3858";"";"TSH_SERGELI"
+ "SAIDAKBAROV SARDORXON  YTT";"+(90) 015-5001";"";"TSH_UCHTEPA"
+ "SAIDALIYEV MUZZAFAR  YTT";"+998 (88) 788-88-09";"";"TV_ZANGIOTA"
+ "SAIDALIYEV ZULFIQOR YTT";"998956523";"";"TSH_BEKTEMIR"
+ "SAID AMIR PHARM";"+998 (90) 069-01-01";"";"TV_YANGI_YUL"
+ "SAID ASROR AKMAL OK";"+(99) 890-3293";"";"TSH_CHILONZOR"
+ "SAIDAXMEDOV ABDUBORIY ABDUGANIYVICH  YTT";"998977450";"";"TSH_OLMAZOR"
+ "SAIDAXMEDOVA GAVHAR ASADULAYEVNA YTT";"998994871840";"";"TSH_SHAYHONTOHUR"
+ "SAIDAXMEDOVA SAIDA  YTT";"998978862524";"";"TV_ZANGIOTA"
+ "SAIDAXMEDOV SAIDLAZIZ SAIDMANSUROVICH  YTT";"+(99) 890-9552";"";"TSH_UCHTEPA"
+ "SAIDAZIMOVA MAVLYUDA YTT";"998935469";"";"TV_KIBRAY"
+ "SAIDBARAKOT  MCHJ";"+(99) 897-7187";"";"TSH_UCHTEPA"
+ "SAIDBURXANOVA SEVARA YTT";"+(99) 899-3652";"";"TV_OLMALIK"
+ "SAID KAMOL FAYZ MCHJ";"(99) 894-6862";"";"TV_KIBRAY"
+ "SAIDKOMOL SAVDO 571 MCHJ";"998940207";"";"TSH_YASHNABOD"
+ "SAIDMAQSUDOV ABBOSXON  YTT";"998881880385";"";"TSH_MIRZO_ULUGBE"
+ "SAIDOV ABBOS BAXTIYOR OGLI YTT";"+(99) 897-7239";"";"TSH_YANGIXAYOT"
+ "SAIDOV ALISHER  YTT";"998998731277";"";"TSH_MIRZO_ULUGBE"
+ "SAIDOVA LOLA 2  YTT";"998999929969";"";"TV_CHIRCHIQ"
+ "SAIDOVA LOLA  YTT";"998999929969";"";"TV_CHIRCHIQ"
+ "SAIDOVA ZILOLA  YTT";"900136975";"";"TSH_CHILONZOR"
+ "SAIDOV ILHOM YTT";"+998 (90) 993-59-90";"";"TSH_UCHTEPA"
+ "SAIDOV ILYOS BAXTIYOROVICH YTT";"+(99) 888-3979";"";"TSH_YANGIXAYOT"
+ "SAIDOV INVEST MCHJ";"93 306 48 00";"";"TV_OLMALIK"
+ "SAIDOV KODIRJON  YTT";"998977266112";"";"TV_TUMANI"
+ "SAIDOVLAR MARKET";"+998 (88) 397-97-77";"";"TSH_SERGELI"
+ "SAIDOVLARMARKET MCHJ";"+(99) 897-6980";"";"TSH_YANGIXAYOT"
+ "SAIDOV MIRNOSIR YTT";"998998308929";"";"TSH_YUNUSOBOD"
+ "SAIDOV MUHAMMAD  YTT";"998777777352";"";"TSH_BEKTEMIR"
+ "SAIDOV OTABEK OLIMOVICH  YTT";"+(99) 899-8231";"";"TSH_SERGELI"
+ "SAID UMAR SAVDO YTT";"+(99) 893-3917";"";"TSH_YAKKASAROY"
+ "SAID UNIVERSAL TRADING MCHJ";"+(99) 898-1153";"";"TSH_YANGIXAYOT"
+ "SAIDVALIYEV BILOL SAYDOLIM OGLI";"998900130606";"";"TSH_YASHNABOD"
+ "SAIPOV DILMUROD  YTT";"+95 540 41 44";"";"TV_YANGI_YUL"
+ "SAITBAYEVA NARGIZA  YTT";"998775890";"";"TV_KIBRAY"
+ "SAITKAXAROVA GULNOZ  YTT";"(99) 890-9454";"";"SR_QUYI_CHIRCHIK"
+ "SAITKAXAROV XAMIDJON YTT";"(99) 899-0129";"";"SR_QUYI_CHIRCHIK"
+ "SAKEN NURKEN SAVDO FAYZ  MCHJ";"(99) 899-0727";"";"TV_ORTA_CHIRCHIK"
+ "SAKINAT BY XADICHA  MCHJ";"+(99) 899-6746";"";"TSH_CHILONZOR"
+ "SALAXIDDINOV NIZOMIDDIN  YTT";"998958445";"";"TV_TUMANI"
+ "SALES PRO 999";"998938364444";"";"TSH_YUNUSOBOD"
+ "SALIMBOYEV SHAXZOD  YTT";"998935800056";"";"TV_KIBRAY"
+ "SALIMBOY SHOXRUX BIZNES  MCHJ";"+90 175 04 00";"";"TSH_UCHTEPA"
+ "SALIM OTA YTT";"+998 (97) 544-45-40";"";"TV_YANGI_YUL"
+ "SALIMOVA NAZMINISO IBRAIMOVNA YTT";"+998 (94) 212-49-92";"";"TV_PARKENT"
+ "SALIMOVA NAZMINISO YTT";"+998 (93) 704-00-55";"";"TV_PARKENT"
+ "SALIMOVA ZULHUMOR YTT";"+998974702";"";"TV_YANGI_YUL"
+ "SALIMZODA YTT";"+998 (94) 647-60-40";"";"TV_PARKENT"
+ "SALIXODJAYEVA NARGIZA  YTT";"998935650730";"";"TSH_YASHNABOD"
+ "SALIXOVA NAFISA YTT";"998983682";"";"TSH_YUNUSOBOD"
+ "SALIXOV IBROXIM ABDURAXIMOVICH  YTT";"+(99) 899-8008";"";"TSH_SERGELI"
+ "SALIXOV SHAXOBIDDIN SALOXIDDINOVICH";"+998 (90) 939-06-08";"";"TSH_UCHTEPA"
+ "SALIXOV ZABIXILLO  YTT";"+998 (76) 011-06";"";"TSH_YANGIXAYOT"
+ "SALIYEVA DILFUZA YTT";"998946523";"";"TSH_BEKTEMIR"
+ "SALIYEVA DILRABO ABDULXAY QIZI";"+998 (93) 446-32-22";"";"TV_ANGREN"
+ "SALOHIDDINIOV FARRUH MUFAFFAROVICH  YTT";"998770980818";"";"TSH_MIRZO_ULUGBE"
+ "SALOHIDDIN SARVAR MCHJ";"+(99) 890-9911";"";"TV_BOKA"
+ "SALOMATINA MARKET 777 YTT";"+(99) 899-6681";"";"TSH_YAKKASAROY"
+ "SALOMATLIK-64 XK";"+(99) 890-8059";"";"TSH_UCHTEPA"
+ "SALOMHONOV OMAD MCHJ";"998775413";"";"TV_KIBRAY"
+ "Salom ofis";"";"";"TSH_MIRZO_ULUGBE"
+ "SALOMOVA";"998903503712";"";"TSH_MIRZO_ULUGBE"
+ "SALOMOVA LOBAR YTT";"+(99) 899-0553";"";"TV_OHANGARON"
+ "SALOMOV SERVICE  MCHJ";"+998941242458";"";"TSH_UCHTEPA"
+ "SALOMOV  YTT";"+(99) 895-0998";"";"TSH_YANGIXAYOT"
+ "SALOMOV ZUHRIDDIN";"998994045752";"";"TSH_BEKTEMIR"
+ "SALOM RESTAURANT";"+998901261507";"";"TSH_MIRZO_ULUGBE"
+ "SALOVAT ADE  MCHJ";"+(97) 753-9196";"";"TSH_YANGIXAYOT"
+ "SALOXIDDIN";"97 172 74 73";"";"TSH_UCHTEPA"
+ "SALOXIDDIN JAMOLIDDIN";"998996676838";"";"TSH_OLMAZOR"
+ "SALOXIDDINOVA XULKAR  YTT";"+(99) 899-9655";"";"TV_PARKENT"
+ "SALOXIDDINOVA ZARNIGOR  YTT";"998903461881";"";"TV_CHIRCHIQ"
+ "SALOXIDDINOV RASHID YTT";"(99) 897-6130";"";"TSH_CHILONZOR"
+ "Salyut";"+998977473388";"";"TSH_CHILONZOR"
+ "SAMADOVA MUHABBAT  YTT";"998930382";"";"TV_CHIRCHIQ"
+ "SAMADOVA YTT";"+(99) 890-1891";"";"TSH_CHILONZOR"
+ "SAMANDAR DELUXE YTT";"+(99) 899-6047";"";"TV_YANGI_YUL"
+ "SAMANDAR EXPRESS  MCHJ";"998949391590";"";"TSH_OLMAZOR"
+ "SAMANDAR FAYZ  MCHJ";"(99) 899-8563";"";"TV_ORTA_CHIRCHIK"
+ "SAMANDAROVA KOMILA  YTT";"998949222211";"";"TSH_SERGELI"
+ "SAMANDAROVA NAFISA YTT";"+(99) 893-1652";"";"TV_OLMALIK"
+ "SAMANDARWAX FARM";"+998 (93) 563-94-05";"";"TSH_YUNUSOBOD"
+ "SAMANOVA XUSNIYA  YTT";"(99) 890-9589";"";"SR_QUYI_CHIRCHIK"
+ "SAMARBEKK TST  XK";"998974333285";"";"TSH_YUNUSOBOD"
+ "SAMARIDDIN SOBIR OGLI SAYFIDDINOV YTT";"+(99) 891-1332";"";"TSH_YAKKASAROY"
+ "Samarqand Osh";"+998991375033";"";"TSH_SERGELI"
+ "Samarqand Osh Markazi";"+998946600903";"";"TSH_CHILONZOR"
+ "SAMATOVA FERUZA  YTT";"+998 (93) 666-25-52";"";"TV_ANGREN"
+ "SAMATOVA FOTIMA";"+998 (97) 461-99-91";"";"TSH_SERGELI"
+ "SAMATOV DILMUROD YTT";"99800949301";"";"TSH_YASHNABOD"
+ "SAMATOV SHUXRAT";"+998 (93) 625-12-33";"";"TV_OLMALIK"
+ "SAMDIY SERVICE  MCHJ";"+998 90 010 84 07";"";"TV_CHIRCHIQ"
+ "SAMERA SSS";"998946175259";"";"TSH_BEKTEMIR"
+ "SAMERA SSS  MCHJ";"+(99) 871-2913";"";"TSH_MIROBOD"
+ "SAMICOM MCHJ";"+(99) 893-5409";"";"TSH_YAKKASAROY"
+ "SAMIGJANOV UMIDJON  YTT";"998973331223";"";"TSH_SHAYHONTOHUR"
+ "SAMIKOM  MCHJ";"998935113614";"";"TSH_BEKTEMIR"
+ "SAMIRA AZIZA TRED XK";"998998006";"";"TSH_YUNUSOBOD"
+ "SAMIRA BEXRUZJON OK";"+998 (90) 023-23-18";"";"TV_TOYTEPA"
+ "SAMIRA BONU 777 MCHJ";"998935455";"";"TV_CHIRCHIQ"
+ "SAMIRA SAMIR PHARM SERVIS MCHJ";"974410705";"";"TSH_SERGELI"
+ "SAMIRA SHARQ GULI YTT";"998085689";"";"TV_KIBRAY"
+ "SAMIRKA  MCHJ";"+998998990877";"";"TSH_YUNUSOBOD"
+ "SAMIRODILRIZO BARAKA MCHJ";"+(99) 899-9894";"";"TSH_SERGELI"
+ "SAMIYA MMM";"+998774646";"";"TV_PARKENT"
+ "SAMIYA MUXLISA YTT";"90 946 26 65";"";"TV_ZANGIOTA"
+ "SAMIYEVA NIGORA PARDA QIZI YTT";"+(99) 899-5207";"";"TSH_YAKKASAROY"
+ "SAMIYEV AZIZ  YTT";"+(99) 895-0402";"";"SR_QUYI_CHIRCHIK"
+ "SAMIYEV NOMONJON";"+998 (99) 486-88-88";"";"SR_QUYI_CHIRCHIK"
+ "SAMMARBEK TST MCHJ";"998909370";"";"TSH_MIRZO_ULUGBE"
+ "SAMO FAZO OMAD MCHJ";"+(99) 890-0016";"";"TSH_SERGELI"
+ "SAMOIDDIN  MCHJ";"+(99) 890-3169";"";"TSH_SERGELI"
+ "SAMO MARKET MCHJ";"+(99) 898-3037";"";"TSH_SERGELI"
+ "SAM OSH";"+998990010080";"";"TSH_YASHNABOD"
+ "SANAKULOVA NASIBA  YTT";"998970444426";"";"TSH_BEKTEMIR"
+ "SANALI BEST FUTURE MCHJ";"998909352";"";"TSH_OLMAZOR"
+ "SANAM M/T";"+998998374501";"";"TSH_MIRZO_ULUGBE"
+ "SANAM STAR FARM  MCHJ";"998909594411";"";"TSH_SERGELI"
+ "SANAYEV ULUGBEK  YTT";"998900989977";"";"TSH_YASHNABOD"
+ "S AND G DESIGN MCHJ";"998099159";"";"TSH_BEKTEMIR"
+ "SANGINA FAYZ BIZNES OK";"998917787";"";"TV_BOSTONLIQ"
+ "SANGINOVA F  YTT";"+998949222250";"";"TV_YANGI_YUL"
+ "SANGINOV AKMAL MAHAMMATOVICH  YTT";"+(99) 893-5658";"";"TSH_UCHTEPA"
+ "SANGIROV AKROMMAXAMMATOVICH";"+998 (94) 611-04-05";"";"TV_OLMALIK"
+ "SANGIROVA MADINA  YTT";"998909758161";"";"TSH_MIRZO_ULUGBE"
+ "SANIKOVA LUIZA  YTT";"+998 (99) 327-64-17";"";"TV_ZANGIOTA"
+ "SANJARBEK BARAKA MARKET MCHJ";"+(99) 899-0892";"";"TSH_CHILONZOR"
+ "SANJARBEK BIZNES SAVDO  OK";"(99) 898-1115";"";"TV_ORTA_CHIRCHIK"
+ "SANJAR MARKET  MCHJ";"998331493939";"";"TSH_OLMAZOR"
+ "SANJAR SARVAR TRADE 999 MCHJ";"+97 772 94 02";"";"TSH_CHILONZOR"
+ "SANJAR UMIDA MAKTUBA OK";"998994000";"";"TV_BOSTONLIQ"
+ "SANJAR XOJA IRODA MCHJ";"998774156";"";"TV_KIBRAY"
+ "SANJAR YTT";"(99) 897-7622";"";"TSH_CHILONZOR"
+ "SANOBAR NORINBOYEVA XUSANOVNA";"+998 (93) 602-44-30";"";"TV_BOKA"
+ "SANORA M.T";"+998909793393";"";"TSH_YASHNABOD"
+ "SANSHOX MCHJ";"+998 (90) 820-88-18";"";"TSH_YUNUSOBOD"
+ "SAODAT DORI SAVDO";"998717129515";"";"TV_CHIRCHIQ"
+ "SAPAROVA NARGIZA  YTT";"99 856 76 43";"";"TV_PARKENT"
+ "SAPAROVLAR SAHOVATLI DOKONI XK";"+998 (90) 011-16-36";"";"SR_QUYI_CHIRCHIK"
+ "SAPFIR OILAVIY RESTORAN";"+998944974545";"";"TSH_YUNUSOBOD"
+ "SAPORE MCHJ";"(99) 872-9076";"";"TSH_CHILONZOR"
+ "SAPURA MARKET  XK";"+998 (98) 309-02-02";"";"TV_ZANGIOTA"
+ "SARAZ BIZNES MCHJ";"+998 (93) 590-20-02";"";"TSH_YUNUSOBOD"
+ "SARDOBA Milliy taomlari";"+998948405252";"";"TSH_YUNUSOBOD"
+ "SARDOR";"998992252760";"";"TV_BOSTONLIQ"
+ "SARDOR ECO  XK";"998974778380";"";"TSH_YASHNABOD"
+ "SARDOR ELDOR MCHJ";"+(99) 894-6228";"";"TSH_MIROBOD"
+ "SARDOR INNOVATSION PLUS  MCHJ";"+(99) 899-3730";"";"TSH_SERGELI"
+ "SARDOR JASUR OMAD MCHJ";"+(99) 899-4004";"";"TV_YANGI_YUL"
+ "SARDOR KAPSULA";"+998 (93) 563-69-86";"";"TSH_OLMAZOR"
+ "SARDOR MELIBOYEV YTT";"+998 (97) 678-44-34";"";"TV_YANGI_YUL"
+ "SARDOR MUSHARAF";"+998994484357";"";"TSH_UCHTEPA"
+ "SARDOR NUR SHODLIK MCHJ";"998998461551";"";"TSH_MIRZO_ULUGBE"
+ "Sardor o'rikzor bozor";"";"";"TSH_UCHTEPA"
+ "SARDOR OSTONOVICH MINGESHEV YTT";"+(99) 890-1127";"";"TSH_YANGIXAYOT"
+ "SARDOR RETAIL MCHJ";"998998946531";"";"TSH_YUNUSOBOD"
+ "SARDOR UMAR MCHJ";"998977385240";"";"TSH_MIRZO_ULUGBE"
+ "SARDORXOJA FARM";"+998 (99) 876-15-75";"";"TSH_SERGELI"
+ "SARDOR XUMO BIZNES  MCHJ";"+998 90 866 00 58";"";"TV_ORTA_CHIRCHIK"
+ "SARIBAYEVA DILNOZA AXBARALIYEVNA";"+998 (93) 824-16-04";"";"TV_OLMALIK"
+ "SARIBOYEVA  YTT";"+998 (95) 668-55-88";"";"TV_PARKENT"
+ "SARIMSAKOVA NIGORA  YTT";"(99) 897-1552";"";"TV_ORTA_CHIRCHIK"
+ "SARIYEV TIFLI ARTIQOVICH  YTT";"+998 97 877 90 90";"";"TV_ORTA_CHIRCHIK"
+ "SARJAS";"998999787346";"";"TSH_MIRZO_ULUGBE"
+ "SARJAS MCHJ";"+998999787346";"";"TSH_MIRZO_ULUGBE"
+ "Saroy Toyhona";"+998911100823";"";"TSH_CHILONZOR"
+ "SARQULOVA YTT";"+998 (90) 943-10-73";"";"TV_PARKENT"
+ "SAR TOL XK";"+(99) 894-4222";"";"TSH_MIROBOD"
+ "SARVAR AGRO TEX";"+998 (99) 841-53-20";"";"TV_ORTA_CHIRCHIK"
+ "SARVARBEK JAMSHID  OK";"+998 (93) 582-1";"";"TSH_SERGELI"
+ "SARVAR BIZNES OMAD YTT";"+(99) 890-9609";"";"TSH_SERGELI"
+ "SARVAR JASUR  OK";"+(99) 897-7625";"";"TSH_SERGELI"
+ "SARVAR SAIDUMAR BARAKA";"+998 (99) 111-05-06";"";"TSH_YUNUSOBOD"
+ "SARVAR SAIDUMAR BARAKKA P";"+998 (99) 111-05-06";"";"TSH_YUNUSOBOD"
+ "SARVAR SOIPOV YTT";"882670788";"";"TSH_UCHTEPA"
+ "SARVAR YTT";"+(99) 893-4810";"";"TV_PARKENT"
+ "SARVINOZ ALISHER BARAKA";"998917840";"";"TSH_OLMAZOR"
+ "SARVINOZ ALISHER BARAKA  MCHJ";"998917840";"";"TSH_OLMAZOR"
+ "SARVINOZ FARM SERVIS 1";"+998 (90) 959-88-98";"";"TSH_YUNUSOBOD"
+ "SARVINOZ SITORA BIZNES MCHJ";"+(99) 890-1190";"";"TSH_MIROBOD"
+ "SAS BARAKALI MARKET MCHJ";"998919470";"";"TSH_YASHNABOD"
+ "SATIMOVA NILUFAR YTT";"+998 (94) 214-29-83";"";"TV_OLMALIK"
+ "SATIS FARM";"+998 (97) 777-01-35";"";"TSH_SERGELI"
+ "SATTAROVA DILSHODA  YTT";"998915315156";"";"TSH_BEKTEMIR"
+ "SATTAROVA JAMILA NEMATOVNA";"+998 (93) 627-67-81";"";"TV_BOKA"
+ "SATTOROV BOBUR  YTT";"998996532";"";"TV_KIBRAY"
+ "SATTOROV FARRUX  YTT";"887433636";"";"TSH_CHILONZOR"
+ "SATTOROV JAVOHIR YTT";"998334578";"";"TV_KIBRAY"
+ "SATTOROV NURBEK YTT";"+(99) 897-5226";"";"TV_YANGI_YUL"
+ "SATTOROV SHERALI YTT";"+998 (97) 537-8";"";"TV_YANGI_YUL"
+ "SAUROV BAXODIR YTT";"+(99) 899-8508";"";"TV_OHANGARON"
+ "SAVDOGAR BARAKA GROUP  MCHJ";"+(99) 890-9219";"";"TSH_MIROBOD"
+ "SAVOB SAVDO FAYZ";"+998 (90) 333-91-17";"";"SR_QUYI_CHIRCHIK"
+ "SAVRIDDINOVA ZARGUL";"998996107252";"";"TV_CHIRCHIQ"
+ "SAXIY DUNYO SAVDO MCHJ";"998998903518";"";"TSH_OLMAZOR"
+ "SAXIY SOLIH-2 MCHJ";"+998 (99) 054-54-50";"";"TSH_SERGELI"
+ "SAXIY SOLIH BUSINESS  MCHJ";"+998 (99) 054-54-50";"";"TSH_MIRZO_ULUGBE"
+ "SAXOB QAHRAMON XK";"(99) 894-3881";"";"TSH_CHILONZOR"
+ "SAXOVAT OK";"+998 (97) 455-28-97";"";"TV_YANGI_YUL"
+ "SAXOVAT-PRODUCT  MCHJ";"998889000060";"";"TSH_YUNUSOBOD"
+ "SAYDAXMEDOVA RANO  YTT";"998974636";"";"TSH_BEKTEMIR"
+ "SAYDAXMEDOV JAVLON  YTT";"88 310 50 10";"";"TSH_SHAYHONTOHUR"
+ "SAYDAXMEDOV JAVLON  YTT";"998883105010";"";"TSH_SHAYHONTOHUR"
+ "SAYDAZIMOVA SHAXNOZA KURBANOVA";"+998 (93) 595-33-99";"";"TSH_SERGELI"
+ "SAYDIRAXMONOVA XAMIDAXON AKMALOVNA";"+998 (94) 941-28-21";"";"TV_BOKA"
+ "SAYDULLAEVA MAXLIYO YTT";"(99) 893-6010";"";"TV_OLMALIK"
+ "SAYDULLAYEV ALISHER YTT";"+(99) 890-8101";"";"TV_OHANGARON"
+ "SAYETOVA MALIKA  YTT";"+(94) 927-8068";"";"TV_PARKENT"
+ "SAYFIEV BAXTIYOR YTT";"998903565";"";"TSH_YUNUSOBOD"
+ "SAYFIYEV BOBIR  YTT";"998951244343";"";"TSH_OLMAZOR"
+ "SAYFMUXTOROVA SHAXRIZODA YTT";"+998 (90) 638-86-66";"";"TV_PARKENT"
+ "SAYF PAIN MARKET XK";"+998 90 731 11 36";"";"TSH_YASHNABOD"
+ "SAYFULLAYEV SH.Z";"998957114211";"";"TV_KIBRAY"
+ "SAYFULLAYEV ULUGBEK KUDRATULLAEVICH YTT";"998998401";"";"TSH_OLMAZOR"
+ "SAYIDALIYEV RAHMONALI  YTT";"998946412020";"";"TV_TUMANI"
+ "SAYID FARM SERVIS";"+998 (71) 249-61-33";"";"TSH_OLMAZOR"
+ "SAYIDOV MIRAZIZ  A YTT";"998935963469";"";"TSH_YUNUSOBOD"
+ "SAYITOV UKTAN  YTT";"998904287764";"";"TSH_SERGELI"
+ "SAYNAZAROVA FIRUZA YTT";"(99) 850-5014";"";"TV_OLMALIK"
+ "SAYNAZAROVA SAXOBAT  YTT";"+998 (94) 065-76-26";"";"TV_ANGREN"
+ "SAYODXON  MCHJ";"998903349";"";"TSH_SHAYHONTOHUR"
+ "SAYOHAT BIZNES";"998950749080";"";"TV_BOSTONLIQ"
+ "SAYPIDINOV NURITDIN YTT";"(99) 890-9375";"";"SR_QUYI_CHIRCHIK"
+ "Sayqal";"+998971307227";"";"TSH_CHILONZOR"
+ "SAYRIDDINOVA HAYRINISO YTT";"998901306700";"";"TV_CHIRCHIQ"
+ "SAYYORA 222 MCHJ";"(99) 897-4330";"";"TSH_CHILONZOR"
+ "SAYYORA MARKET  MCHJ";"998999973339";"";"TSH_OLMAZOR"
+ "SAZANCHIK";"+000000000000";"";"TSH_SHAYHONTOHUR"
+ "SAZANCHIK Qorasuv";"+998993973008";"";"TSH_MIRZO_ULUGBE"
+ "Sazanjon";"+998990984206";"";"TSH_SERGELI"
+ "Sazanjon Sergili";"+998966700113";"";"TSH_SERGELI"
+ "SCHWARZ-CCC MCHJ";"998712357";"";"TSH_YUNUSOBOD"
+ "SCRIM PLUS SPATE MCHJ";"+(99) 897-7734";"";"TSH_SERGELI"
+ "S-D ABDULAZIZ FARM";"+998 (90) 906-11-62";"";"TV_YANGI_YUL"
+ "SDS SILVER TRADING  MCHJ";"998977771762";"";"TSH_YUNUSOBOD"
+ "SEBA AZIYA MCHJ";"(99) 894-2120";"";"TV_OHANGARON"
+ "SELENA FARM ELITE";"+998 (88) 174-45-56";"";"TV_YANGI_YUL"
+ "SEMEYKA";"(99) 893-6064";"";"TV_OLMALIK"
+ "SEMURG 001 MCHJ";"+(99) 891-2266";"";"TSH_UCHTEPA"
+ "SENTRALNIY TRADIN MCHJ";"+998 (94) 701-37-37";"";"TV_PARKENT"
+ "Sergili sinema";"+998933550014";"";"TSH_SERGELI"
+ "SERUEL  MCHJ";"97 873 43 48";"";"TV_PARKENT"
+ "SERVER PRO  MCHJ";"998997797909";"";"TSH_YASHNABOD"
+ "SERVICE SYSTEM GROUP  MCHJ";"+(99) 899-3271";"";"TSH_UCHTEPA"
+ "SERVISTREND  MCHJ";"99887259507";"";"TSH_SERGELI"
+ "SETERO TEXNO MED";"+998 (99) 711-71-65";"";"TSH_CHILONZOR"
+ "SETORA TECHNO MED";"+998 (94) 018-11-84";"";"TSH_CHILONZOR"
+ "SEVARA ORZU";"(99) 890-9495";"";"TV_KIBRAY"
+ "SEVARAXON ULUGBEK  XK";"998909754920";"";"TSH_OLMAZOR"
+ "SEVEN STORE  MCHJ-2";"+(99) 899-3950";"";"TSH_YAKKASAROY"
+ "SEVGI FARM  MCHJ";"998935720046";"";"TV_KIBRAY"
+ "SEVIMLI MARKET OK";"+998 (77) 645-18-31";"";"TV_PARKENT"
+ "SEVINCH DILSORA  OK";"998946592";"";"TSH_YUNUSOBOD"
+ "SEVINCH GULSANAM BARAKA BIZNES  MCHJ";"+(99) 890-0856";"";"TV_ORTA_CHIRCHIK"
+ "Sevinch kafe";"+998994786525";"";"TSH_CHILONZOR"
+ "SEVINCH XK";"998996521";"";"TV_KIBRAY"
+ "SEVI PHARM";"+998 (91) 324-56-66";"";"TV_YANGI_YUL"
+ "SEYDALIYEVA ULDANAY YTT";"+998 (91) 076-43-04";"";"TV_PARKENT"
+ "SEZAM GARDEN RESTAURANT";"";"";"TSH_YUNUSOBOD"
+ "S FARMA";"+998 (99) 849-00-64";"";"TSH_MIROBOD"
+ "SHAAGZAMOVA DONO";"998974090616";"";"TSH_BEKTEMIR"
+ "SHABADA OILAVIY TAOMLARI";"+998904571001";"";"TSH_YUNUSOBOD"
+ "SHABBODA 19 kvartal";"+998906206066";"";"TSH_YUNUSOBOD"
+ "SHABBODA olmazor";"+998913112550";"";"TSH_OLMAZOR"
+ "SHABBONA TRADE MCHJ";"+(99) 890-9041";"";"TSH_SERGELI"
+ "SHABNAM IDEAL";"+998 (93) 325-55-79";"";"TSH_CHILONZOR"
+ "SHABNAM-KAMOLA MARKET  MCHJ";"998938121";"";"TSH_CHILONZOR"
+ "SHABON AYA MCHJ";"99877777795";"";"TSH_MIRZO_ULUGBE"
+ "SHADIMETOV XUDOYBERGAN MUXAMEDOVICH";"+998 (97) 461-30-12";"";"TSH_UCHTEPA"
+ "SHADJALILOV SHERALI  YTT";"998977102448";"";"TSH_YUNUSOBOD"
+ "SHAFRAN SOUS TAOM  MCHJ";"+998881308980";"";"TSH_SHAYHONTOHUR"
+ "SHAHINA MARKET MCHJ";"+998 (90) 334-37-13";"";"TV_TOYTEPA"
+ "SHAHNOZAPA";"998998917930";"";"TSH_SHAYHONTOHUR"
+ "SHAHRAMOV AKMAL YTT";"+998 (99) 792-36-96";"";"TV_YANGI_YUL"
+ "SHAHRI KESH BARAKA  MCHJ";"998901686";"";"TSH_OLMAZOR"
+ "SHAHRI KESH BARAKA  MCHJ-2";"998936073313";"";"TSH_OLMAZOR"
+ "SHAHRISABZ MARKET PLYUS";"+998 (90) 023-89-94";"";"TSH_SERGELI"
+ "Shahrisabz Milliy Taomlari";"+998955005671";"";"TSH_CHILONZOR"
+ "SHAHZODA QUVONCH MARKET  MCHJ";"998995351555";"";"TV_CHIRCHIQ"
+ "SHAHZODA SHAMS NUR SAVDO MCHJ";"998903524003";"";"TSH_MIRZO_ULUGBE"
+ "SHAHZODBEK FARM GROUP";"+998 (90) 031-02-97";"";"TSH_MIRZO_ULUGBE"
+ "SHAHZOD J50  MCHJ";"+998883882882";"";"TSH_CHILONZOR"
+ "SHAHZOD MARKET 2024  MCHJ";"+(99) 899-8587";"";"TSH_CHILONZOR"
+ "SHAIKROMOV GAYRAT YTT";"+998 (97) 444-10-09";"";"TSH_UCHTEPA"
+ "SHAIKROMOV KAMOLIDDIN GAYRATOVICH YTT";"+998 (97) 440-05-07";"";"TSH_UCHTEPA"
+ "SHAIMOVA SHAXLO AZAMAT QIZI";"998998077051";"";"TSH_MIRZO_ULUGBE"
+ "SHAIMOV SHAXZOD RAMANOVICH";"+998 (95) 027-39-88";"";"TV_OLMALIK"
+ "SHAKAROVA NILUFAR   YTT";"998995578285";"";"TV_CHIRCHIQ"
+ "SHAKAROVA NORGUL  YTT";"998998617";"";"TSH_YASHNABOD"
+ "SHAKAROV D  YTT";"998998341";"";"TSH_SHAYHONTOHUR"
+ "SHAKHODAT BIZNES PLUS";"+998 (90) 029-65-35";"";"TV_OHANGARON"
+ "SHAKIROV AKBAR  YTT";"998946665105";"";"TSH_YASHNABOD"
+ "SHAKIROVA LUIZA YTT";"+(99) 890-9076";"";"TSH_MIROBOD"
+ "SHAKIROV MUMINJON SABIRJONOVICH YTT";"+(99) 899-8562";"";"TSH_SHAYHONTOHUR"
+ "SHAKIROV SAVDO XK";"+998 (94) 490-18-21";"";"TSH_MIROBOD"
+ "SHALOLA FARRUX SAVDO OK";"998933875105";"";"TSH_YUNUSOBOD"
+ "SHAMBETOVA BIBIGUL YTT";"(99) 899-4383";"";"SR_QUYI_CHIRCHIK"
+ "SHAMIRZAYEV XURSHID  YTT";"";"";"TSH_MIROBOD"
+ "SHAMSHIYEVA DILMIRA YTT";"998951209191";"";"TV_OHANGARON"
+ "SHAMSHIYEVA SHOXISTS OBDIRAIMOVNA";"+998 (95) 837-97-67";"";"TV_OLMALIK"
+ "SHAMSHODBEK BIZNES  MCHJ";"+(99) 897-7136";"";"TSH_UCHTEPA"
+ "SHAMSHOD SAVDO MCHJ";"+(99) 897-7151";"";"TSH_SERGELI"
+ "SHAMSIDDIN BIZNES  OK";"998990000055";"";"TV_KIBRAY"
+ "SHAMSIDDIN MEGA HAMKOR  OK";"998977754";"";"TV_TUMANI"
+ "SHAMSIYEV XIKMATILLO  YTT";"+88 380 62 99";"";"TSH_UCHTEPA"
+ "SHAMSUDDINOV MUHAMMAD  YTT";"(99) 899-0373";"";"TSH_SERGELI"
+ "SHAMSUDDIN XAMIDULLAYEVICH";"+998 (90) 069-48-58";"";"TSH_UCHTEPA"
+ "SHAMSUTDINOVA RUXSORA  YTT";"+998 (94) 944-97-34";"";"TV_ANGREN"
+ "SHAMURATOVA ZEBO YTT";"998917766";"";"TV_CHIRCHIQ"
+ "SHAMURATOV DAVRON  YTT";"998337270004";"";"TSH_OLMAZOR"
+ "SHAMUROV";"998959956348";"";"TSH_BEKTEMIR"
+ "Shanpur";"+998977566565";"";"TSH_SERGELI"
+ "SHARABBOYEV SHOKIR  YTT";"998977182797";"";"TV_TUMANI"
+ "SHARAFIDDINOV OZODJON HAYOTJON OGLI  YTT";"998946904";"";"TSH_OLMAZOR"
+ "SHARAFUTDINOVA MUBORAK  YTT";"+(99) 890-3171";"";"TSH_MIROBOD"
+ "SHARAF XUDAYBERGANOV  YTT";"998998748";"";"TSH_BEKTEMIR"
+ "SHARIFJONOV IBROHIM SHERALI OGLI  YTT";"+(99) 890-9736";"";"TSH_UCHTEPA"
+ "SHARIPOVA FARIDA YTT";"+998 (33) 710-06-73";"";"TV_OLMALIK"
+ "SHARIPOVA MATLUBA  YTT";"+(99) 890-1176";"";"TSH_MIROBOD"
+ "SHARIPOVA NODIRA ZARIPOVNA  MCHJ";"(99) 888-7649";"";"TSH_CHILONZOR"
+ "SHARIPOVA SHAXNOZA YTT";"998950830";"";"TV_CHIRCHIQ"
+ "SHARIPOVA UMIDA SHOKIROVNA YTT";"(99) 899-8537";"";"TV_OHANGARON"
+ "SHARIPOVA ZILOLA PARDAYEVNA";"+998 (50) 885-07-79";"";"TSH_SERGELI"
+ "SHARIPOV F X";"998903246998";"";"TSH_BEKTEMIR"
+ "SHARIPOV HOLDING  MCHJ";"998331423131";"";"TSH_YUNUSOBOD"
+ "SHARIPOV OYBEK  YTT";"998998214";"";"TSH_YUNUSOBOD"
+ "SHARIPOV SHAHZOD FARXODOGLI";"998935176";"";"TSH_MIRZO_ULUGBE"
+ "SHARIPOV SHOVKAT YTT";"+998 (55) 508-77-79";"";"TSH_UCHTEPA"
+ "SHARIPOV SUNAT  YTT";"+998998971562";"";"TV_ZANGIOTA"
+ "SHAROBIDDIN BARAKA OMAD  XK";"998935238283";"";"TV_TUMANI"
+ "SHAROFIDIN";"998946405323";"";"TSH_SHAYHONTOHUR"
+ "SHARQ";"+998 (93) 658-85-86";"";"TV_ANGREN"
+ "SHARQ GAVHARI Xorazm taomlari";"+998908144285";"";"TSH_YUNUSOBOD"
+ "SHARQ RESTORAUNT  MCHJ";"998954444300";"";"TSH_SHAYHONTOHUR"
+ "SHARQ SAVDO YULDUZI";"998900073575";"";"TSH_MIRZO_ULUGBE"
+ "SHASHLEEK restarani";"+998998795535";"";"TSH_MIRZO_ULUGBE"
+ "Shashlik Chok";"+998936433434";"";"TSH_SERGELI"
+ "SHASHLIK HOT DOG";"+998990878533";"";"TV_YUKORI_CHIRCH"
+ "SHASHLIK SOMSA";"+998902707555";"";"TSH_MIRZO_ULUGBE"
+ "SHASHLIK UZ";"+998 (00) 000-00-00";"";"TSH_YAKKASAROY"
+ "SHAVKATBEK HOSHIMBOY OGLI  XK";"998908056796";"";"TV_KIBRAY"
+ "SHAVKAT BOBO MARKET MCHJ";"+998 (93) 882-06-99";"";"TSH_SERGELI"
+ "SHAVKAT MUQADDAS MCHJ";"998931234";"";"TV_KIBRAY"
+ "SHAVKATOV OLIMJON  YTT";"998935246414";"";"TV_TUMANI"
+ "SHAVKAT TRADIN MCHJ";"+998 (90) 667-64-64";"";"TV_PARKENT"
+ "SHAXANSHOX FAYZ  OK";"998991416199";"";"TSH_BEKTEMIR"
+ "SHAXBOZ EXTRA FARM  MCHJ";"998917780354";"";"TV_CHIRCHIQ"
+ "SHAXBOZ SERVIS BARAKA  MCHJ";"998935474";"";"TV_TUMANI"
+ "SHAXBOZ SHAXZAMON MCHJ";"+998 (94) 355-69-88";"";"TV_YANGI_YUL"
+ "SHAXINVEST  MCHJ";"998977705072";"";"TV_TUMANI"
+ "SHAXLO";"998998312883";"";"TV_CHIRCHIQ"
+ "SHAXMADI  MCHJ";"998910048141";"";"TV_KIBRAY"
+ "SHAXMUR ABDULAZIZ";"998998935383";"";"TSH_MIRZO_ULUGBE"
+ "SHAXMUS SERVICE  MCHJ";"998909006396";"";"TSH_MIRZO_ULUGBE"
+ "SHAXNOZA-FARM TRADE  MCHJ";"+998 (33) 706-01-14";"";"TV_KIBRAY"
+ "SHAXNOZA MCHJ";"+998 (99) 518-10-84";"";"TV_BOKA"
+ "SHAXODAT BIZNES SIFAT MCHJ";"998903566";"";"TSH_SERGELI"
+ "SHAXRAM SHOXRUZ BIZNES. OK";"(99) 897-7204";"";"TV_ORTA_CHIRCHIK"
+ "SHAXRIKESH MARKET  MCHJ";"998937345403";"";"TSH_MIRZO_ULUGBE"
+ "SHAXRIKESH MARKET  MCHJ";"998909242488";"";"TSH_YASHNABOD"
+ "SHAXRIMOX TEMUR OK";"+77 187 65 06";"";"TSH_CHILONZOR"
+ "Shaxrisabz pharm";"946262760";"";"TSH_UCHTEPA"
+ "SHAXRIYOR BIZNES SAVDO MCHJ";"+998 (94) 429-99-90";"";"TV_OLMALIK"
+ "SHAXRIZODA JAHONGIR  MCHJ";"998909227570";"";"TV_KIBRAY"
+ "SHAXRIZODA MALIKA SAVDO MCHJ";"(99) 899-4908";"";"TV_OHANGARON"
+ "SHAXRIZODA MARKET  MCHJ";"998909627472";"";"TSH_OLMAZOR"
+ "SHAXRIZODA ZIYODA";"+998 (71) 290-79-30";"";"TSH_MIROBOD"
+ "SHAXRULLO HOME MCHJ";"+(99) 899-7003";"";"TSH_MIROBOD"
+ "SHAXRUZBEK BEXRUZBEK MCHJ";"+(99) 891-7776";"";"SR_QUYI_CHIRCHIK"
+ "SHAXRUZ BEXRUZ MARKET";"(99) 895-5778";"";"TSH_SERGELI"
+ "SHAXZODA BONU BUSINESS XK";"998901748079";"";"TSH_YASHNABOD"
+ "SHAXZODA BREND MCHJ";"+998 (90) 912-33-02";"";"TV_OQQORGON"
+ "SHAXZODA NASIMA FARM";"998998130793";"";"TV_PARKENT"
+ "SHAXZODA SEVINCH RUXSHONA";"998909117332";"";"TSH_BEKTEMIR"
+ "SHAXZOD SHAXRIZODA FAMILY  MCHJ";"998978806022";"";"TV_BOSTONLIQ"
+ "SHAYMANOV ELBEK  YTT";"998917838790";"";"TSH_YASHNABOD"
+ "SHAYMARDANOVA MARHAMAT";"998909178575";"";"TSH_CHILONZOR"
+ "SHAYXISLAMOVA SAYORA YERGASHOVNA";"+998 (99) 888-88-63";"";"SR_QUYI_CHIRCHIK"
+ "SHEF BISTRO";"+998975955733";"";"TSH_YASHNABOD"
+ "SHERALIEVA DILDORA YTT";"(99) 893-6372";"";"TV_OLMALIK"
+ "SHERALI SHODIYONA PHARM";"+998 (90) 348-60-77";"";"TV_TOYTEPA"
+ "SHERALIYEVA GULCHEHRA YTT";"998771412";"";"TV_KIBRAY"
+ "SHERALIYEVA SHAHNOZA  YTT";"+(99) 559-6217";"";"TSH_SERGELI"
+ "SHERALIYEV MIRKAMOL DILSHOD OGLI  YTT";"+998331633465";"";"TV_TUMANI"
+ "SHERAZAM  OK";"998991071212";"";"TSH_SERGELI"
+ "SHERAZIMOVA SHAXNOZA SHAVKAT QIZI";"+998 (94) 382-38-09";"";"TV_TOYTEPA"
+ "SHER FARM GROUP MCHJ";"+998 (99) 531-61-96";"";"TSH_BEKTEMIR"
+ "SHERIZOD SHUHRAT OGLI YTT";"+(99) 893-5504";"";"TSH_YAKKASAROY"
+ "SHERMATOVA DILDORA YTT";"(94) 363-5100";"";"TV_OHANGARON"
+ "SHERMATOV NIZOM";"998935049922";"";"TSH_SHAYHONTOHUR"
+ "SHERMUXAMEDOV ABDUVALI YTT";"+998 (99) 863-85-88";"";"TSH_UCHTEPA"
+ "SHERMUXAMEDOV BAXTIYAR  YTT";"998946280";"";"TSH_YUNUSOBOD"
+ "SHEROBOD BALIQ-MANTI";"+998 (00) 000-00-00";"";"TSH_CHILONZOR"
+ "Sherobod Tandir";"+998946090109";"";"TSH_CHILONZOR"
+ "SHEROZIY SERVIS SAVDO ZK";"998909049520";"";"TSH_YUNUSOBOD"
+ "SHER PRO MARKET";"+998 (91) 425-10-07";"";"TSH_MIROBOD"
+ "SHER QOZIYEVA RANO YTT";"+998 (97) 648-43-44";"";"TV_YANGI_YUL"
+ "SHERXOJAYEV ABDUGOFUR YTT";"+998 (97) 707-23-37";"";"TSH_UCHTEPA"
+ "SHERXON VERENOTA  YTT";"+(99) 848-0151";"";"TV_ORTA_CHIRCHIK"
+ "SHERZOD ELNOZA NUR";"977189808";"";"TSH_SERGELI"
+ "SHERZOD ELNOZA NUR";"+998 (97) 718-98-08";"";"TSH_SERGELI"
+ "SHERZOD ERALIYEV  YTT";"+998 (90) 919-85-49";"";"TV_ZANGIOTA"
+ "SHERZOD FARXOD 777 OK";"(99) 894-4471";"";"TV_OHANGARON"
+ "SHERZODJON YTT";"+(99) 898-7631";"";"TV_PARKENT"
+ "SHERZOD KONSALTING BIZNES  MCHJ";"998946022442";"";"TV_BOSTONLIQ"
+ "SHERZOD MARKET YTT";"+(99) 899-8275";"";"TV_YANGI_YUL"
+ "SHERZOD OMAD BIZNES  MCHJ";"998901234856";"";"TSH_YUNUSOBOD"
+ "SHIDADBEK SHAXDANBEK ASL BIZNES YTT";"+(99) 899-9803";"";"TSH_YAKKASAROY"
+ "SHIDDATBEK SHAXDAMBEK ASL BIZNES  MCHJ";"998330599800";"";"TSH_MIRZO_ULUGBE"
+ "SHIFO FARM";"+998 (90) 370-99-60";"";"TSH_OLMAZOR"
+ "SHIFO MADAD MCHJ";"+998 (90) 964-62-22";"";"TSH_YUNUSOBOD"
+ "SHIFONUR DIL XK";"+(33) 061-2282";"";"TV_ZANGIOTA"
+ "SHILLA MARKET MCHJ";"(99) 890-9959";"";"TV_PISKENT"
+ "SHIMOLIY OLMAZOR  MCHJ";"998999193";"";"TSH_OLMAZOR"
+ "SHINAM MARKET  OK";"998974293929";"";"TSH_SHAYHONTOHUR"
+ "SHINAM METRO  MCHJ";"+(99) 897-2745";"";"SR_QUYI_CHIRCHIK"
+ "SHINY STARS  MCHJ";"998712322390";"";"TSH_MIRZO_ULUGBE"
+ "SHIPOVNIK FARM MEDICAL";"998977424741";"";"TSH_MIRZO_ULUGBE"
+ "SHIPOVNIK FARM MEDIKAL";"+998 (71) 221-86-84";"";"TSH_YUNUSOBOD"
+ "SHIRINA GSH MARKET MCHJ";"998903999292";"";"TV_CHIRCHIQ"
+ "SHIRINA MOMINA  MCHJ";"998901174454";"";"TSH_YASHNABOD"
+ "SHIRIN ASAL SAVDO  OK";"(99) 893-6252";"";"SR_QUYI_CHIRCHIK"
+ "SHIRINOVA UMIDA IDIYEVNA";"+998 (94) 249-12-49";"";"TV_TOYTEPA"
+ "SH M STAR BARAKA MCHJ";"998903349443";"";"TSH_SHAYHONTOHUR"
+ "SHOAMIROV JAXONGIR YTT";"+998 (99)8135883";"";"TV_YANGI_YUL"
+ "SHOAVZAL NUR SAVDO";"998981275255";"";"TSH_CHILONZOR"
+ "SHOAZIMOV ELYOR   YTT";"998975498";"";"TV_CHIRCHIQ"
+ "SHOAZIZOVA";"+(99) 899-8705";"";"TSH_UCHTEPA"
+ "SHOAZIZOVA D X  YTT";"+(99) 871-2745";"";"TSH_UCHTEPA"
+ "SHOAZIZOV SHAXOBIDIN YATT";"+998 (49) 797-99-49";"";"TV_PARKENT"
+ "SHODALIYEVA MAVJUDA  YTT";"+998977620289";"";"TSH_SERGELI"
+ "SHOD FARM MCHJ";"+(99) 897-4337";"";"TSH_YAKKASAROY"
+ "SHODIEVA MUHAYYO ALIQUVNA YTT";"(99) 894-5320";"";"TSH_SERGELI"
+ "SHODIYEV 555 MCHJ";"998998523";"";"TSH_MIRZO_ULUGBE"
+ "SHODIYEVA GULCHEXRA  YTT";"+998909859294";"";"TSH_CHILONZOR"
+ "SHODIYEVA SAYYORA YTT";"998931638902";"";"TV_OHANGARON"
+ "SHODIYEVA SEVARA ULUG'BEK QIZI";"997247648";"";"TV_OHANGARON"
+ "SHODIYEVA SHOIRA  YTT";"998946241771";"";"TV_BOSTONLIQ"
+ "Shodlik";"+998935676554";"";"TSH_CHILONZOR"
+ "SHODMONQULOVA XUMORA  YTT";"998933080646";"";"TSH_YASHNABOD"
+ "SHOFAYZ AGRO  OK";"998900433132";"";"TSH_OLMAZOR"
+ "SHOFAYZ  MCHJ";"+998 (95) 803-65-43";"";"TV_TOYTEPA"
+ "SHOH EMPORIUM YTT";"+(99) 891-6343";"";"TSH_YAKKASAROY"
+ "SHOHIDA BONU MCHJ";"335870000";"";"TV_ZANGIOTA"
+ "SHOHNOSAR SAVDO MCHJ";"998900216224";"";"TSH_MIRZO_ULUGBE"
+ "SHOHONA M.T";"+998944774790";"";"TSH_YASHNABOD"
+ "SHOHRUH IXTIYOR BUSINESS  MCHJ";"998954436070";"";"TSH_MIRZO_ULUGBE"
+ "SHOIKROMOVA FERUZA  YTT";"998935088854";"";"TSH_SHAYHONTOHUR"
+ "SHOIRA-ELYOR";"+99)3135203";"";"TV_ZANGIOTA"
+ "SHOIRAHON 1";"998946851";"";"TSH_SHAYHONTOHUR"
+ "SHOIRAHON2";"998935611980";"";"TSH_SHAYHONTOHUR"
+ "SHOIRA ONA";"+998 (93) 954-13-56";"";"TSH_CHILONZOR"
+ "SHOISAYEV ZAYNIDDIN YTT";"+(99) 890-9710";"";"TSH_UCHTEPA"
+ "SHOISLOMOVA DILDORA   YTT";"998974780093";"";"TV_CHIRCHIQ"
+ "SHOJALILOV SHERALI";"(97) 710-2448";"";"TSH_YUNUSOBOD"
+ "SHOKABIROV SHOMAXMUD SHOILYOS OGLI YTT";"+(99) 890-8064";"";"TSH_YAKKASAROY"
+ "SHOKIR FOZIL BARAKA XK";"998998025";"";"TSH_YUNUSOBOD"
+ "SHOKIR IMON  MCHJ";"998937743949";"";"TSH_YASHNABOD"
+ "SHOKIROV AA MCHJ";"998993382221";"";"TSH_YUNUSOBOD"
+ "SHOKIROVA MASTURA  YTT";"998773125022";"";"TSH_SHAYHONTOHUR"
+ "SHOKIROV IBROHIM YYT";"998336131919";"";"TSH_SHAYHONTOHUR"
+ "SHOKIROV MIRSHOD YTT";"+998 (93) 008-0";"";"TSH_CHILONZOR"
+ "SHOKIROV SHOIRJON MCHJ";"(99) 893-6277";"";"TV_OLMALIK"
+ "SHOKIR SANOBARXON MCHJ";"+(90) 929-1616";"";"TSH_CHILONZOR"
+ "SHOKIR XILOLA MARKET  MCHJ";"998903235280";"";"TSH_SHAYHONTOHUR"
+ "SHOMAHMUDOVA SHAHODAT  YTT";"998903925416";"";"TV_CHIRCHIQ"
+ "SHOM MEAT TRADE  MCHJ";"998339940101";"";"TSH_OLMAZOR"
+ "SHOMUHIT  XK";"+(99) 897-7065";"";"TSH_SERGELI"
+ "SHOMURODOV SUHROB  YTT";"998903280";"";"TSH_MIRZO_ULUGBE"
+ "SHONADIROV AKMAL YTT";"998900120740";"";"TV_CHIRCHIQ"
+ "SHONAZAROVA AZIZA NARZIYEVNA YTT";"998903152";"";"TSH_SERGELI"
+ "SHONAZAROV IKROM YTT";"998946903";"";"TSH_BEKTEMIR"
+ "SHON  MCHJ";"998916362775";"";"TSH_SERGELI"
+ "SHON-SHAVKAT  MCHJ";"+998 (90) 044-17-25";"";"TSH_CHILONZOR"
+ "SHOOP GROUP-2  MCHJ";"+998901310508";"";"TSH_YANGIXAYOT"
+ "SHOOP GROUP  MCHJ";"+99 498 96 07";"";"TSH_YANGIXAYOT"
+ "SHOOP GROUP  MCHJ";"998901310508";"";"TSH_YANGIXAYOT"
+ "SHOOP MCHJ";"+99 498 96 07";"";"TSH_YANGIXAYOT"
+ "SHORAXMMETOVA KARASOCH  YTT";"998772575985";"";"TV_BOSTONLIQ"
+ "SHOSAID  MCHJ";"998912273343";"";"TSH_OLMAZOR"
+ "Shosh Kabob";"998500104342";"";"TSH_CHILONZOR"
+ "SHOSH TRADE 70   MCHJ";"998974243024";"";"TSH_YUNUSOBOD"
+ "SHOSODIQOV ABROR SHOANVAR OGLI YTT";"998900333";"";"TSH_OLMAZOR"
+ "SHOUSMON OTA XK";"998991807";"";"TSH_YASHNABOD"
+ "SHOVKAT BALKON";"998998385566";"";"TSH_SHAYHONTOHUR"
+ "SHOVKAT OTA BIZNES MCHJ";"+998 (99) 826-58-88";"";"TSH_CHILONZOR"
+ "SHOVKAT OTA IDEAL MARKET  MCHJ";"998977251411";"";"TSH_YUNUSOBOD"
+ "Shovot Lux";"+998900033434";"";"TSH_SERGELI"
+ "SHOX ASR MARKET MCHJ";"+998 (94) 366-66-00";"";"TV_PISKENT"
+ "SHOX AZIM MARKET  MCHJ";"+998 (94) 722-02-20";"";"TV_ANGREN"
+ "SHOXIDA SUYUNOVNA MAMADIYOROVNA";"+998 (99) 323-30-82";"";"TSH_CHILONZOR"
+ "SHOXIDOV BEGZOD  YTT";"+998998297";"";"TSH_SHAYHONTOHUR"
+ "SHOXIMARDONOV QAHRAMON  YTT";"+998903458";"";"TSH_BEKTEMIR"
+ "SHOXIZAFAR SAVDO MCHJ";"+998 (90) 891-16-01";"";"TSH_CHILONZOR"
+ "SHOXJAHON OK";"+998 (99) 859-92-12";"";"TV_TOYTEPA"
+ "SHOXJAXOH MARKET XIZMATI MCHJ";"998906835";"";"TSH_YUNUSOBOD"
+ "SHOX JAXON SAMIR MCHJ";"+(99) 891-4607";"";"TSH_MIROBOD"
+ "SHOXMARKET 1  MCHJ";"+(99) 899-3838";"";"TSH_CHILONZOR"
+ "SHOX MARKET MCHJ";"998931932272";"";"TV_OHANGARON"
+ "SHOXNAZAR UMAR BARAKA  MCHJ";"+(99) 899-9160";"";"SR_QUYI_CHIRCHIK"
+ "SHOX NEW GROOP  MCHJ";"998919649";"";"TSH_YUNUSOBOD"
+ "SHOXNURJON TORAYEV MCHJ";"+998 91 465 09 92";"";"TSH_SERGELI"
+ "SHOX NUR OMAD MCHJ";"998909154";"";"TSH_YUNUSOBOD"
+ "SHOX PARI KORXONASI MCHJ";"998915637";"";"TSH_BEKTEMIR"
+ "SHOXRUHBEK AKOBIR BIZNES  MCHJ";"+(99) 897-7056";"";"TSH_CHILONZOR"
+ "SHOXRUH BEST MARKET  MCHJ";"+(99) 888-1475";"";"TSH_UCHTEPA"
+ "SHOXRUX ANVAR FARM";"+998 (94) 099-66-85";"";"TV_BOKA"
+ "SHOXRUX IMRONBEK YTT";"+998 (97) 420-85-36";"";"TV_YANGI_YUL"
+ "SHOXRUX MALIK  MCHJ";"+(99) 891-7707";"";"TSH_SERGELI"
+ "SHOXRUX MALOHAT FARM";"+998 (90) 997-72-99";"";"TSH_MIROBOD"
+ "SHOXRUX OK";"+998 (99) 466-73-06";"";"TV_PARKENT"
+ "SHOXRUZBEK BIZNES SAVDO  MCHJ";"998998921771";"";"TSH_BEKTEMIR"
+ "SHOXSARBEK XK";"(99) 893-2102";"";"TV_OHANGARON"
+ "SHOX STAR GOLD";"998712354";"";"TSH_YUNUSOBOD"
+ "SHOYUSUF SHOISLOM  OK";"998971021888";"";"TV_KIBRAY"
+ "SHOYUSUPOVA DILRABO YTT";"998998535";"";"TV_BOSTONLIQ"
+ "SHRERNAZAROVA MAHLIYO  YTT";"+998 (33) 903-06-03";"";"SR_QUYI_CHIRCHIK"
+ "SHSHSH FAMILY  MCHJ";"998903221";"";"TSH_MIRZO_ULUGBE"
+ "SHTSH GROUP  MCHJ";"";"";"TSH_YAKKASAROY"
+ "SHUHRAT GOLD MCHJ";"998998998968";"";"TSH_MIRZO_ULUGBE"
+ "SHUHRAT KUMUSH MARKET MCHJ";"998942380";"";"TSH_BEKTEMIR"
+ "SHUHRATXON LAZIZXON MCHJ";"+998 (90) 939-53-30";"";"TV_TOYTEPA"
+ "SHUKRAN BAROKAT MCHJ";"+998 (99) 908-33-37";"";"TSH_CHILONZOR"
+ "SHUKRAN-TRADE- 2022  MCHJ";"99859755755";"";"TSH_MIRZO_ULUGBE"
+ "SHUKRONA";"998990884900";"";"TV_CHIRCHIQ"
+ "SHUKRONA BAROKAT  MCHJ";"+998 (99) 908-33-37";"";"TSH_CHILONZOR"
+ "SHUKRONA BIZNES 505 XK";"998946880";"";"TSH_YASHNABOD"
+ "SHUKRONA DILNURA FARM";"+998 (97) 799-72-92";"";"TSH_SERGELI"
+ "SHUKRONA FOOD 999 MCHJ";"+(99) 890-0050";"";"TSH_CHILONZOR"
+ "SHUKRONA INVEST MCHJ";"+(99) 890-3353";"";"TSH_MIROBOD"
+ "SHUKRONA MARKET PLUS OK";"998909751";"";"TSH_YASHNABOD"
+ "SHUKRONA MCHJ-1";"998974544121";"";"TSH_MIRZO_ULUGBE"
+ "SHUKRONA MCHJ-2";"998973419743";"";"TSH_MIRZO_ULUGBE"
+ "SHUKRONA  MCHJ-3";"998991151551";"";"TSH_MIRZO_ULUGBE"
+ "SHUKRONA M.T (Limonariya)";"+998998782777";"";"TSH_MIRZO_ULUGBE"
+ "SHUKRONA MUHTASAR OK";"+998 (99) 888-59-26";"";"TSH_CHILONZOR"
+ "SHUKRONA SANOBAR ONA";"+998 (93) 002-26-70";"";"TV_PISKENT"
+ "SHUKRONA-SOLIHA ASL BARAKA  MCHJ";"(91) 230-0820";"";"TSH_CHILONZOR"
+ "SHUKRONA VA IXLOS MCHJ";"+(99) 899-8180";"";"TV_PARKENT"
+ "SHUKRULLO BARAKA MARKET  MCHJ";"998998666794";"";"TSH_SERGELI"
+ "SHUKURBEK BARCHINOY XK";"998956895";"";"TV_KIBRAY"
+ "SHUKURONA EZOZA ELNUR MCHJ";"+(99) 897-5425";"";"TV_YANGI_YUL"
+ "SHUKUROVA AKIDA  YTT";"+998 (94) 217-74-89";"";"TV_ANGREN"
+ "SHUKUROVA DILDORA KADIROVNA";"+998 (99) 912-19-89";"";"TSH_SERGELI"
+ "SHUKUROVA MUQADDAS";"+998998061109";"";"TSH_YASHNABOD"
+ "SHUKUROV ERGASH  YTT";"998975458";"";"TV_CHIRCHIQ"
+ "SHUKUROV HABIBULLOH  YTT";"998200012333";"";"TSH_MIRZO_ULUGBE"
+ "SHUKUROVS MALL MCHJ";"998909064";"";"TSH_MIRZO_ULUGBE"
+ "SHUKURXOJA  MCHJ";"9981200806";"";"TSH_OLMAZOR"
+ "SHUNQORLAR  MCHJ";"998975388088";"";"TSH_SERGELI"
+ "SHUXRAT BARAKA OMAD  MCHJ";"+(97) 433-5465";"";"TV_YANGI_YUL"
+ "SHUXRATBEK GLOBAL TRADE MCHJ";"+998 (91) 633-90-09";"";"TSH_UCHTEPA"
+ "SHUXRAT COLD MCHJ";"998909314";"";"TSH_MIRZO_ULUGBE"
+ "SHUXRAT FOOD BIZNES  MCHJ";"+(99) 899-5551";"";"TV_ORTA_CHIRCHIK"
+ "SHUXRAT FOOD BIZNES  MCHJ-2";"+(99) 897-7254";"";"TV_ORTA_CHIRCHIK"
+ "SHUXRATILLAYEV FAYZIMUHAMMAD  YTT";"+(99) 894-4220";"";"TV_ORTA_CHIRCHIK"
+ "SHUXRATLI QUDRATLI MCHJ";"+(99) 898-3679";"";"TSH_MIROBOD"
+ "SHUXRAT TURSUNOVICH ISAYEV YTT";"+(99) 899-8909";"";"TSH_YAKKASAROY"
+ "SHUXRAT XOLIQOV  YTT";"+(99) 894-6371";"";"TSH_UCHTEPA"
+ "SIDIKOVA MAMURA  YTT";"998901238";"";"TSH_SHAYHONTOHUR"
+ "SIDIKOV SARDOR  YYT";"998998856162";"";"TV_TUMANI"
+ "SIDIQOV KAMOL YTT";"+(99) 890-9464";"";"TV_PARKENT"
+ "SIFAT HALOL TAOMLARI MCHJ";"+(93) 675-2586";"";"TV_YANGI_YUL"
+ "SIFAT KAFOLAT ISHONCH  MCHJ";"998935556999";"";"TV_TUMANI"
+ "SIFAT KAFOLAT ISHONCH XK";"998974013575";"";"TSH_YUNUSOBOD"
+ "SIFAT SODIQ M-2022  MCHJ";"+998 (99) 990-24-34";"";"TV_YANGI_YUL"
+ "SIGARA HOUSE  MCHJ";"";"";"TSH_MIROBOD"
+ "SIGMA GROUP MCHJ";"(99) 899-8202";"";"TSH_MIROBOD"
+ "SILKWAY MARKET  OK";"998996030";"";"TV_CHIRCHIQ"
+ "SILOHA PHARM TRADE  MCHJ";"998931110919";"";"TSH_MIRZO_ULUGBE"
+ "SILVER BEST";"+998 (99) 085-63-66";"";"TSH_OLMAZOR"
+ "SILVER BEST FARM";"+998 (93) 586-36-43";"";"TSH_OLMAZOR"
+ "SILVER FAMILY SHOP";"998990787887";"";"TSH_BEKTEMIR"
+ "SILVER TAYM MCHJ";"(99) 899-6050";"";"TV_OHANGARON"
+ "SILVER TRADE PLUS OK";"998977050";"";"TSH_BEKTEMIR"
+ "Simma Hatel";"+998994441888";"";"TSH_SERGELI"
+ "SIMONTE MED FARM  MCHJ";"+998 (77) 107-19-69";"";"TSH_OLMAZOR"
+ "Sirdaryo";"+998957374848";"";"TSH_SERGELI"
+ "SIROJ AKA PODVOL 2.23";"912255856";"";"TSH_UCHTEPA"
+ "SIROJ BARAKA 007  MCHJ";"+998977529803";"";"TSH_SHAYHONTOHUR"
+ "SIROJ BIZNES";"+998 (97) 412-53-55";"";"TSH_CHILONZOR"
+ "SIROJBOY MCHJ";"(99) 877-0144";"";"TSH_CHILONZOR"
+ "SIROJIDDIN HUSNIDDIN MARKET";"+998 (97) 644-96-96";"";"TSH_CHILONZOR"
+ "SIROJIDDIN IMRONBEK TURSUNBOYEVLAR";"+998 (95) 100-77-47";"";"TV_TOYTEPA"
+ "SIROJIDDIN MIRZO XK";"(99) 899-6020";"";"TV_OHANGARON"
+ "SIROJIDDINOVA GULCHEXRA  YTT";"998903202484";"";"TV_TUMANI"
+ "SIROJIDDIN SAMANDAR HAMKOR";"+998 (97) 708-82-74";"";"TSH_SERGELI"
+ "SIROP FARM";"+998 (95) 504-10-10";"";"TSH_YUNUSOBOD"
+ "SITAGOLM 88  MCHJ";"998950980998";"";"TV_TUMANI"
+ "SITOR";"90 159 48 59";"";"TSH_UCHTEPA"
+ "SITORA OILAVIY ORZU MCHJ";"+998 (99) 492-83-81";"";"TV_TOYTEPA"
+ "SITORA SAVDO TIBBIYOT MCHJ";"975532376";"";"TV_KIBRAY"
+ "SITORA SUPPORT SENTR MCHJ";"998998952";"";"TV_CHIRCHIQ"
+ "SJM MARKET  MCHJ";"998980010124";"";"TSH_YUNUSOBOD"
+ "SJS GLOBAL MCHJ";"998977633999";"";"TSH_YUNUSOBOD"
+ "SLADKO YESHKA  XK";"+998 (99) 872-24-23";"";"TV_ANGREN"
+ "SLADNKIY RADOST";"+998 (94) 616-81-18";"";"TSH_CHILONZOR"
+ "SMADIYAR SALTANAT OK";"998330211971";"";"TV_ORTA_CHIRCHIK"
+ "SMART DORIXONA";"+998 (97) 771-02-03";"";"TV_YANGI_YUL"
+ "SMART OFFLINE SYSTEM  MCHJ";"998977280058";"";"TSH_SHAYHONTOHUR"
+ "SMART PHARMACY";"+998 (97) 755-85-93";"";"TSH_MIRZO_ULUGBE"
+ "SMART SOKIN MCHJ";"+998 (95) 905-57-75";"";"TV_ANGREN"
+ "Smash Burger";"+998978421144";"";"TSH_CHILONZOR"
+ "SMASH BURGER 3 SHAXRISTANSKIY";"+998331433344";"";"TSH_YUNUSOBOD"
+ "SMASH BURGER (SELXOZ CHORRAHA)";"+998993099353";"";"TSH_MIRZO_ULUGBE"
+ "SMASH BURGER TTZ";"+998950528222";"";"TSH_MIRZO_ULUGBE"
+ "SMILECITY  MCHJ";"998998601494";"";"TSH_OLMAZOR"
+ "SMILE FACE TRADE  MCHJ";"998999030214";"";"TSH_CHILONZOR"
+ "SMOCER Barbecue";"+998901312423";"";"TSH_YUNUSOBOD"
+ "SMS FARM";"+998 (99) 668-77-77";"";"TSH_SERGELI"
+ "SNACK BAR (HT MALL)";"+998951320209";"";"TSH_YUNUSOBOD"
+ "SN RICH FARMA";"+998 (91) 014-07-77";"";"TSH_YASHNABOD"
+ "SOATVA BARNO YTT";"+(99) 893-9309";"";"TV_OHANGARON"
+ "SOBID SOHIB";"+998 (99) 390-69-66";"";"TSH_SHAYHONTOHUR"
+ "SOBID SOHIB FARM";"+998 (96) 455-86-96";"";"TSH_SHAYHONTOHUR"
+ "SOBIR ALISHER  XK";"(99) 899-6358";"";"SR_QUYI_CHIRCHIK"
+ "SOBIRBEK IBN ASLONBEK  XK";"998998259801";"";"TV_TUMANI"
+ "SOBIRJON BIZNES MCHJ";"998334646";"";"TV_KIBRAY"
+ "SOBIRJON OTA DOKONI  MCHJ";"+998935466";"";"TV_ZANGIOTA"
+ "SOBIRJONOV SARDOR  YTT";"998977508393";"";"TV_TUMANI"
+ "SOBIR LIDER";"+998 (93) 425-44-50";"";"TV_OLMALIK"
+ "sobir market";"+998998002047";"";"TSH_YUNUSOBOD"
+ "SOBIROVA DURDONA YTT";"998994810596";"";"TV_CHIRCHIQ"
+ "SOBIROVA GULSANAM YTT";"998881382";"";"TV_CHIRCHIQ"
+ "SOBIROVA MUHAYYO YTT";"99833755491";"";"TSH_MIRZO_ULUGBE"
+ "SOBIROVA SHAXNOZA";"+998 (97) 065-13-88";"";"SR_QUYI_CHIRCHIK"
+ "SOBIROV OPTOM MARKET  OK";"99877733444";"";"TSH_BEKTEMIR"
+ "SOBIROV OPTOM MARKET  OK";"";"";"TSH_SERGELI"
+ "SOBIT AKA MCHJ";"+998 (90) 993-93-38";"";"TSH_UCHTEPA"
+ "SOBITJON ISMAILOV";"+998 (93) 166-16-67";"";"TV_BOKA"
+ "SOBITJON NUR SERVIS";"+(99) 899-7530";"";"TSH_OLMAZOR"
+ "SOBITOV KOMOLIDDIN YTT";"+998 (91) 166-41-13";"";"TSH_UCHTEPA"
+ "SOBIT SAIDIKROM FARM";"+998 (99) 313-81-96";"";"TV_OQQORGON"
+ "SODIQBEK USMONBEK";"+998 (99) 804-13-66";"";"TSH_YANGIXAYOT"
+ "SODIQJON SULTONBEK  OK";"998906064";"";"TV_KIBRAY"
+ "SODIQOV ABDULLO OBAXODI OGLI YTT";"998901110330";"";"TSH_YUNUSOBOD"
+ "SODIQOVA HULKAR YATT";"+998 (99) 715-05-05";"";"TV_PISKENT"
+ "SODIQOV AKMAL  YTT";"998997321212";"";"TV_CHIRCHIQ"
+ "SODIQOVA NARGIZA";"+998 (90) 908-83-66";"";"TSH_YUNUSOBOD"
+ "SODIQOVA NOZIMA  YTT";"+(99) 899-7896";"";"TV_YANGI_YUL"
+ "SODIQOVA ZILOLA YATT";"(99) 893-2952";"";"TV_BOKA"
+ "SODIQOV ISMAGUL  YTT";"+998 (90) 326-41-66";"";"TV_ZANGIOTA"
+ "SODIQOV MANSUR MARKET  MCHJ";"(99) 890-9376";"";"TSH_CHILONZOR"
+ "SODIQOV MIRAZIZ YTT";"(99) 893-1880";"";"TV_OHANGARON"
+ "SODIQOV MUZAFFAR  YTT";"998974467677";"";"TSH_OLMAZOR"
+ "SODIQOV RIHSIVOY";"998974580690";"";"TSH_SERGELI"
+ "SODIROVA MARXABO YTT";"+998 90 332 02 75";"";"TV_BOSTONLIQ"
+ "Sofa Hatel";"+998912358900";"";"TSH_CHILONZOR"
+ "SOFA RESTAURANT";"+998 (00) 000-00-00";"";"TSH_CHILONZOR"
+ "SOFIYA-TOUR. XK";"+998 (98) 700-63-66";"";"TSH_CHILONZOR"
+ "SOF MAKON TRADE  MCHJ";"97 730 86 88";"";"TSH_YANGIXAYOT"
+ "SOF MUSAFO NON";"+998 (90) 344-94-00";"";"TSH_CHILONZOR"
+ "SOF RIZQ MAKON MCHJ";"+(99) 870-5735";"";"TV_BOKA"
+ "SOF TRADE  MCHJ";"998909474";"";"TSH_SHAYHONTOHUR"
+ "SOGLOM TANA";"998917757733";"";"TV_CHIRCHIQ"
+ "SOGLOM YAXSHI  MCHJ";"998990804528";"";"TSH_MIRZO_ULUGBE"
+ "SOGNO PASTA (HT MALL )";"+998951747007";"";"TSH_YUNUSOBOD"
+ "SOHIBA ABLAQULOVA  YTT";"998971005177";"";"TSH_CHILONZOR"
+ "SOHIBA SAVDO BARHAYOT  MCHJ";"+(99) 894-6111";"";"TSH_SERGELI"
+ "SOIB";"998977342366";"";"TSH_BEKTEMIR"
+ "SOIBJONOV MIROLIM  YTT";"998991309943";"";"TSH_BEKTEMIR"
+ "SOJIDA BONU";"+998 (90) 904-00-57";"";"TSH_YUNUSOBOD"
+ "SOJIDA BONU SAVDO";"(90) 904-0057";"";"TSH_YUNUSOBOD"
+ "SOJI XOJI  MCHJ";"+(99) 891-7773";"";"TSH_UCHTEPA"
+ "SOKIN SHAMOL MCHJ";"+998 (93) 747-59-59";"";"TV_TOYTEPA"
+ "SOK MARKET";"+998914682677";"";"TSH_CHILONZOR"
+ "SOLAMIN BUSINESS  MCHJ";"998977116387";"";"TV_CHIRCHIQ"
+ "SOLAYEV RASULBEK  YTT";"998995837222";"";"TV_CHIRCHIQ"
+ "SOLIHA AMINA GOOD TRADING  MCHJ";"998935820661";"";"TSH_OLMAZOR"
+ "SOLIHA BARAKA GROUP YTT";"+(99) 893-0803";"";"TSH_YAKKASAROY"
+ "SOLIHABEGIM MARKET";"+998 (98) 010-90-16";"";"SR_QUYI_CHIRCHIK"
+ "SOLIHA MARKET YTT";"+998 (99) 045-75-53";"";"TV_YANGI_YUL"
+ "SOLIHA PLYUS ABDULLOH";"+998933005577";"";"TV_ORTA_CHIRCHIK"
+ "SOLIHA QUDDUS";"97 330 10 99";"";"TSH_UCHTEPA"
+ "SOLIHA SAVDO HIZMAT MCHJ";"998976165005";"";"TV_BOSTONLIQ"
+ "SOLIH FARM SENTR";"+998 (99) 859-26-27";"";"TV_CHIRCHIQ"
+ "SOLIH KAMOL SAVDO";"+998 (93) 730-66-79";"";"TSH_CHILONZOR"
+ "SOLIH KOMOL SAVDO";"+(99) 899-8108";"";"TSH_CHILONZOR"
+ "SOLIXABONU RIVOJ  MCHJ";"900450342";"";"TSH_UCHTEPA"
+ "SOLIXA MED";"+(99) 890-9072";"";"TSH_OLMAZOR"
+ "SOLIXA MED PHARM";"+998 (90) 907-22-97";"";"TSH_OLMAZOR"
+ "SOLIXOV AZIZBEK  YTT";"998974035550";"";"TSH_SHAYHONTOHUR"
+ "SOLIXOV BOTIRJON YTT";"998977067073";"";"TSH_YUNUSOBOD"
+ "SOLIXOV KOZIMJON  YTT";"998990004020";"";"TSH_BEKTEMIR"
+ "SOLIXOVLAR SULOLASI  MCHJ";"998946295533";"";"TSH_SHAYHONTOHUR"
+ "SOLIXOV XOJIAKBAR  YTT";"998538883";"";"TSH_UCHTEPA"
+ "SOLIYA ONA";"+998 (90) 986-79-49";"";"TSH_UCHTEPA"
+ "SOLIYEVA YTT";"998975457718";"";"TV_CHIRCHIQ"
+ "SOLIYEV FARXOD YTT";"+(99) 894-3440";"";"TV_PARKENT"
+ "Somsa";"+998901012342";"";"TSH_SERGELI"
+ "Somsani Qizigʻi";"+998911645888";"";"TSH_CHILONZOR"
+ "SOMSA & OSH";"+998977067000";"";"TSH_MIRZO_ULUGBE"
+ "SOQOQ XAMDAM OTA";"+998 (99) 880-19-01";"";"TV_PARKENT"
+ "SOQOQ XUMOYUN YTT";"+998 (90) 909-59-49";"";"TV_PARKENT"
+ "SORA BEGIM  OK";"+(99) 893-5656";"";"TSH_SHAYHONTOHUR"
+ "SORA MARKET  MCHJ";"998974459895";"";"TV_KIBRAY"
+ "SOTIBOLDIYEVA MOXICHEXRA YTT";"998936088485";"";"TV_OHANGARON"
+ "SOTIVOLDIYEVA NODIRA ABDIRASULOVNA";"+998 (94) 918-05-76";"";"TV_BOKA"
+ "SOXIB AL OLIM SERVIS MCHJ";"(99) 890-0831";"";"TSH_MIRZO_ULUGBE"
+ "SOXIB BOY MCHJ";"+998 (93) 286-08-08";"";"TV_PARKENT"
+ "SOXIB DIYOR JASUR  XK";"998944254008";"";"TV_BOSTONLIQ"
+ "SOY";"+000000000000";"";"TSH_SHAYHONTOHUR"
+ "SOYLIQ NODIRBEK   XK";"998990780";"";"TV_BOSTONLIQ"
+ "SOYLIQ OBOD SAVDO  MCHJ";"998973450";"";"TV_BOSTONLIQ"
+ "SOYLIQ ZIYO NUR  MCHJ";"998974120";"";"TV_BOSTONLIQ"
+ "SOYUMMY BUONO BURGER";"+998901153664";"";"TSH_YUNUSOBOD"
+ "SPECIAL PHARM";"+998 (95) 515-00-08";"";"TSH_YUNUSOBOD"
+ "SP KOKTEL MARKET 24  MCHJ";"+951449677";"";"TV_ZANGIOTA"
+ "SP MUHABBAT ISHONCH BARAKA";"+998770120030";"";"TV_TUMANI"
+ "SP SEMYA ADO GROUP OK";"+(99) 890-1231";"";"TSH_YAKKASAROY"
+ "S SIDA OLIM TYUL";"+(99) 890-0418";"";"TSH_MIROBOD"
+ "SSJ SAHOVAT  MCHJ";"+(88) 875-3663";"";"TV_YANGI_YUL"
+ "SSS IXLOS BIZNES 2 XK";"+(99) 893-5285";"";"TSH_UCHTEPA"
+ "SSS IXLOS BIZNES  XK";"+(97) 720-3334";"";"TSH_UCHTEPA"
+ "SSS SILVER  MCHJ";"998949030812";"";"TSH_MIRZO_ULUGBE"
+ "SSSS MED  MCHJ";"998951699191";"";"TSH_UCHTEPA"
+ "STANDART SALES AND SERVICES  MCHJ";"998998819";"";"TSH_YUNUSOBOD"
+ "STAR FARM";"998990670707";"";"TV_CHIRCHIQ"
+ "STAR FARM";"+998 (97) 732-95-58";"";"TV_PISKENT"
+ "STAR MED LINE";"+998 (90) 456-18-98";"";"TV_CHIRCHIQ"
+ "STAR PHARM SALE  MCHJ";"998334330303";"";"TV_BOSTONLIQ"
+ "STAR PHARM TEAM";"+998 (90) 134-06-98";"";"TSH_YUNUSOBOD"
+ "Star Resto Bar";"+998977170107";"";"TSH_CHILONZOR"
+ "STAR SHOP  MCHJ";"998945100722";"";"TSH_MIRZO_ULUGBE"
+ "STAULE JASMIN XK";"+(99) 891-2193";"";"TSH_MIROBOD"
+ "STEAM BAR";"+998998506072";"";"TSH_YUNUSOBOD"
+ "STORE BASKET";"(99) 899-8407";"";"TSH_CHILONZOR"
+ "STORE BASKET MCHJ-2";"+(99) 891-2257";"";"TSH_YAKKASAROY"
+ "STORE BASKET  MCHJ-3";"+(90) 167-2202";"";"TSH_YANGIXAYOT"
+ "STREET BURGER";"+998977768595";"";"TSH_MIRZO_ULUGBE"
+ "STREET HALOL MARKET  OK";"998974770940";"";"TSH_OLMAZOR"
+ "STREET MARKET";"+998 (94) 617-88-08";"";"TSH_MIROBOD"
+ "STROY GOROD 2020  XK";"+(99) 890-8087";"";"TSH_UCHTEPA"
+ "ST-UMKA  MCHJ";"998998703352";"";"TSH_YUNUSOBOD"
+ "SUCCES PROGRES MCHJ";"+998907397";"";"TSH_YANGIXAYOT"
+ "SUGDIYONA MCHJ";"+998979731";"";"TV_PARKENT"
+ "SUKRONA MILLIY TAOMLAR";"+998970011555";"";""
+ "SULAYMONOV ABDURASUL  YTT";"998712268";"";"TV_TUMANI"
+ "SULAYMONOV O A  YTT";"998909961";"";"TSH_OLMAZOR"
+ "SULAYMONXON  OK";"+901184545";"";"TV_YANGI_YUL"
+ "SULEYMANOVA DILDORA  YTT";"998977673010";"";"TSH_SHAYHONTOHUR"
+ "SULEYMANOVA GULNARA YTT";"+(99) 893-1101";"";"TV_OHANGARON"
+ "SULIME PHARM";"+998 (93) 563-65-69";"";"TSH_SHAYHONTOHUR"
+ "SULOYMONOVA POKIZA  YTT";"(99) 893-7071";"";"SR_QUYI_CHIRCHIK"
+ "SULTAN AHMAD  MCHJ";"998945464077";"";"TSH_YUNUSOBOD"
+ "Sultan Ahmet";"+998333370036";"";"TSH_CHILONZOR"
+ "Sultan burger";"+998936711001";"";"TSH_SERGELI"
+ "SULTANOV SARDOR  YTT";"+(99) 899-8528";"";"TSH_SERGELI"
+ "SULTANOV SODIQ  YTT";"998977058585";"";"TV_TUMANI"
+ "SULTAN SAID";"+000000000000";"";"TSH_OLMAZOR"
+ "SULTAN SULEYMAN";"+998911346499";"";"TSH_MIRZO_ULUGBE"
+ "SULTANXAN TRADING GROUP MCHJ";"998994049003";"";"TSH_MIRZO_ULUGBE"
+ "SULTON ABDUMUSAYEV BAXROMOVICH  YTT";"998910100";"";"TSH_OLMAZOR"
+ "SULTONALIYEV XASAN  YTT";"998998305455";"";"TSH_CHILONZOR"
+ "SULTON GROUP";"998909738092";"";"TSH_YUNUSOBOD"
+ "SULTONMURODOVA GULJAHON UYGUN QIZI  YTT";"(99) 894-9298";"";"TV_OLMALIK"
+ "SULTONOV ABDULAZIZ  YTT";"+998 99 406 00 12";"";"TV_OHANGARON"
+ "SULTONOV ABDULLOH";"998901387771";"";"TSH_UCHTEPA"
+ "SULTONOV ABDULLOH YTT";"+998 (88) 037-17-01";"";"TSH_UCHTEPA"
+ "SULTONOVA EZOZA ZAFAR QIZI";"998977252202";"";"TSH_BEKTEMIR"
+ "SULTONOV ALIBEK  YTT";"+(99) 890-8713";"";"TSH_SERGELI"
+ "SULTONOVA MADINA YATT";"+(99) 899-4069";"";"TV_BOKA"
+ "SULTONOV ASILBEK MARKET  MCHJ";"+998 (90) 350-51-33";"";"TSH_YANGIXAYOT"
+ "SULTONOV ASILBEK NURALI OGLI YTT";"+(99) 890-8749";"";"TSH_SERGELI"
+ "Sultonova Yulduz";"(94) 661-5454";"";"TSH_SHAYHONTOHUR"
+ "SULTONOV AZIM  YTT";"998774060197";"";"TV_KIBRAY"
+ "SULTONOV BOBURJON YTT";"(99) 893-0379";"";"TV_OHANGARON"
+ "SULTONOV DILMUROD YTT";"998994005778";"";"TV_OHANGARON"
+ "SULTONOV DILSHOD ZAFAR OGLI YTT";"998977098656";"";"TSH_SHAYHONTOHUR"
+ "SULTONOV MUZROB  YTT";"998935713403";"";"TSH_YUNUSOBOD"
+ "SULTONOV OLIM";"+998 (97) 012-19-84";"";"SR_QUYI_CHIRCHIK"
+ "SULTONOV TOXIR  YTT";"998998788248";"";"TSH_BEKTEMIR"
+ "SUMAYA FAYZLI MAKON   MCHJ";"+975069999";"";"TV_YANGI_YUL"
+ "SUMAYA  XK";"+998 (90) 100-22-66";"";"TV_ZANGIOTA"
+ "SUMMAYA";"+998 (90) 027-86-67";"";"TSH_SERGELI"
+ "SUNMAX";"+998 (90) 442-49-39";"";"TSH_YANGIXAYOT"
+ "SUNNATOV AZIZJON YTT";"998971553661";"";"TV_ZANGIOTA"
+ "SUNNATOV IBROHIM  YTT";"+998 (99) 877-07-88";"";"TV_ZANGIOTA"
+ "SUNNATOV JAVOHIR YTT";"99879188182";"";"TSH_MIRZO_ULUGBE"
+ "SUNNATULLAYEV XAMIDULLA  YTT";"998971581612";"";"TSH_OLMAZOR"
+ "SUPER BISTRO";"+998905015671";"";"TSH_YUNUSOBOD"
+ "SUPER DRUG";"+998 (97) 187-17-75";"";"TV_YANGI_YUL"
+ "Super King";"+998971355423";"";"TSH_UCHTEPA"
+ "SUPER NASH MARKET";"+998 (99) 012-25-87";"";"TSH_SERGELI"
+ "SUPER ORGINAL TRADE MCHJ";"+998 (99) 117-78-58";"";"TSH_UCHTEPA"
+ "SUPIYEVA ZIYEDE MIRXAKIMOVNA  YTT";"998979390888";"";"TV_CHIRCHIQ"
+ "SURANKENT FAYZ OK";"+998 (97) 631-73-31";"";"TV_PARKENT"
+ "SURATBEK MCHJ";"94 587-75-71";"";"TSH_YUNUSOBOD"
+ "SURATOV ULUGBEK ODIL OGLI  OK";"998998850";"";"TSH_SHAYHONTOHUR"
+ "SURUM FRESH MARKET  OK";"+(99) 893-4691";"";"TV_ORTA_CHIRCHIK"
+ "SURXON DENOV OSTONA";"+998 (90) 911-89-11";"";"TSH_CHILONZOR"
+ "SUSAMBUL  MCHJ";"998974049093";"";"TSH_BEKTEMIR"
+ "Sushi City";"+998977134567";"";"TSH_SERGELI"
+ "SUSHI WOK MASTER";"+998 (90) 174-49-99";"";"TSH_YAKKASAROY"
+ "SUSHI YUMMI";"+998946220101";"";"TSH_YUNUSOBOD"
+ "SUVANOV SALOHIDDIN";"998940610718";"";"TSH_YASHNABOD"
+ "SUVONKULOVA DILAFRUZ ABDULLAYEVNA  YTT";"+(99) 890-9627";"";"TSH_SERGELI"
+ "SUVONQULOV GIYOSIDDIN YTT";"+998 (93) 615-81-22";"";"TV_OLMALIK"
+ "SUXANBERDIYEV BAHODIR";"+998 (97) 540-10-23";"";"SR_QUYI_CHIRCHIK"
+ "SUXROBOV FURQAT YTT";"+998 (94) 983-09-40";"";"TV_PARKENT"
+ "SUXROB SAYFULLO TRADE  MCHJ";"998957772797";"";"TSH_YASHNABOD"
+ "SUYAROVA SHOHIDA  YTT";"998977754042";"";"TSH_BEKTEMIR"
+ "SUYUNOVA SANIYA SHARIPOVA";"+998 (90) 916-53-96";"";"TSH_SERGELI"
+ "SUYUNOV XUDAYORXON  YTT";"998974063337";"";"TSH_CHILONZOR"
+ "SUZAK SAVDO";"998996031193";"";"TSH_MIRZO_ULUGBE"
+ "SUZANNE ART CAFE";"+998902837388";"";"TSH_YUNUSOBOD"
+ "SVETAFOR";"";"";"TSH_YASHNABOD"
+ "SVETAFOR";"";"";"TSH_YASHNABOD"
+ "SVETLANA  MCHJ";"+97 756 28 45";"";"TV_YANGI_YUL"
+ "S-VOSTOK BUSINESS  XK";"998977125853";"";"TSH_MIRZO_ULUGBE"
+ "SWEET BABY";"+998 (95) 884-99-99";"";"TSH_UCHTEPA"
+ "SWEET CHEESE HOUSE  MCHJ";"998974412690";"";"TV_CHIRCHIQ"
+ "SZ PARFUM SHOP  MCHJ";"998977018185";"";"TSH_YASHNABOD"
+ "Tabaka";"+998994254565";"";"TSH_SERGELI"
+ "Tabaka";"+998903570040";"";"TSH_CHILONZOR"
+ "TABASSUM AKA UKA  OK";"998940903850";"";"TV_ZANGIOTA"
+ "TABIIY TOZA TUXUM  MCHJ";"998998946";"";"TSH_YASHNABOD"
+ "TADJIYEV ABDUJABBOR  YTT";"+998958100900";"";"TV_TUMANI"
+ "TADJIYEVA OZODA  YTT";"998884470008";"";"TSH_YUNUSOBOD"
+ "TADJIYEVA TUMAGUL  YTT";"+998 (94) 632-95-33";"";"TV_ANGREN"
+ "TADJIYEV FARRUH SHAVKATOVICH YTT";"+998 (93) 666-07-30";"";"TV_ANGREN"
+ "TAGAYEVA MUXAYYO";"+998 (94) 408-77-60";"";"TV_OLMALIK"
+ "TAGIROVA TAMARA IBRAGIMOVNA  YTT";"(99) 894-5067";"";"TV_OLMALIK"
+ "TAGIROV GASAN XUDAYBERDIYEVICH";"+998 (93) 226-31-21";"";"TV_OLMALIK"
+ "TAIRDJANOV KOMILJON   YTT";"998977070";"";"TV_TUMANI"
+ "TAIROV ZAIR  YTT";"998974554542";"";"TSH_OLMAZOR"
+ "TAJENOVA ASEL  YTT";"+(99) 897-8561";"";"TV_ORTA_CHIRCHIK"
+ "TAJIBAY MARKET YTT";"+998993453";"";"TSH_YAKKASAROY"
+ "TAJIEVA SADO YTT";"+(99) 893-6150";"";"TV_OLMALIK"
+ "TAJIMURATOV DJALIL XK";"998200074";"";"TSH_YUNUSOBOD"
+ "TAKIROV DOSTONBEK SABIROVICH  YTT";"+998946506005";"";"TV_TUMANI"
+ "TAKSIM KEBAB";"+998771000015";"";"TSH_MIRZO_ULUGBE"
+ "TALAT SHERZOD";"998935587000";"";"TSH_OLMAZOR"
+ "TALIPOV ABDUMALIK  YTT";"998935142534";"";"TSH_OLMAZOR"
+ "TALIPOVA MALIKA AVAZOVNA  YTT";"9989557100980";"";"TV_KIBRAY"
+ "TALIPOVA NARGIZA  YTT";"998946480897";"";"TSH_BEKTEMIR"
+ "TALIPOV OTABEK  YTT";"+(99) 893-5740";"";"TSH_UCHTEPA"
+ "TAMARA HAPPY  MCHJ";"";"";"TV_YANGI_YUL"
+ "TANGIROVA IRINA YTT";"+(99) 894-9320";"";"TV_OHANGARON"
+ "TANGRI BERDI OTA";"(99) 893-5840";"";"TV_ORTA_CHIRCHIK"
+ "TANGRI BERDI OTA BARAKA SAVDO. OK";"(99) 890-9354";"";"TV_ORTA_CHIRCHIK"
+ "TANSIQ MILLIY TAOMLAR";"+998 (00) 000-00-00";"";"TSH_CHILONZOR"
+ "TANSIQ MILLIY TAOMLAR (DUBOVIYDA)";"+998712960099";"";"TSH_YASHNABOD"
+ "Tansiq Milliy Taomlari";"+998951691572";"";"TSH_CHILONZOR"
+ "TANXO 1  XK";"+998 (93) 130-10-01";"";"TV_ANGREN"
+ "TANXO ALO NUR TRADE  OK";"998903577383";"";"TSH_OLMAZOR"
+ "TANXO TIMRAK  MCHJ";"998944190077";"";"TSH_MIRZO_ULUGBE"
+ "TAPILOVA SAODAT RUSTEMOVNA  YTT";"+998 (93) 524-38-82";"";"TV_ANGREN"
+ "TAPILOV AZIZBEK  YTT";"+998 (94) 928-93-45";"";"TV_ANGREN"
+ "Tap Tap marketplace";"";"";"TSH_MIRZO_ULUGBE"
+ "Tap Tap marketplace";"";"";"TSH_MIRZO_ULUGBE"
+ "Taqachi Burger";"+998977455454";"";"TSH_UCHTEPA"
+ "TAQVO OILAVIY XALOL BARAKA MCHJ";"+(99) 890-0113";"";"TSH_YAKKASAROY"
+ "TARNOV RESTAURANT";"+000000000000";"";"TSH_SHAYHONTOHUR"
+ "TASHEV JAMOLIDDIN YTT";"998998320700";"";"TV_ZANGIOTA"
+ "TASHMATOVA ANORA TOXIROVNA";"998712667517";"";"TSH_MIRZO_ULUGBE"
+ "TASHMATOVA SHAXLO  YTT";"998975999";"";"TV_CHIRCHIQ"
+ "TASHMATOV SHAXZOD  YTT";"9981710006";"";"TV_KIBRAY"
+ "TASHMETOVA FERUZA  YTT";"998977250145";"";"TV_CHIRCHIQ"
+ "TASHMUXAMBETOVA SAULE  YTT";"+(99) 894-9833";"";"TV_ORTA_CHIRCHIK"
+ "TASHNIM ONA";"998336964545";"";"TSH_OLMAZOR"
+ "TASHPULATOVA MARGUBA  YTT";"9989198955";"";"TV_KIBRAY"
+ "TASHPULATOVA NARGIZA";"+998 (50) 012-45-00";"";"TV_OLMALIK"
+ "TASHPULATOV SHOXRUXBEK";"998993166";"";"TSH_CHILONZOR"
+ "Tashrif Hatel";"+998944675225";"";"TSH_UCHTEPA"
+ "TASHTEMIROVA SABOXAD  YATT";"998990804686";"";"TV_KIBRAY"
+ "TASHXODJAYEV JALOLIDDIN YTT";"998971759";"";"TSH_YUNUSOBOD"
+ "TASNIM FARM";"+998 (93) 986-44-88";"";"TV_OLMALIK"
+ "TASNIM MARKET  MCHJ";"998998433199";"";"TV_TUMANI"
+ "TASUSHI";"998712652572";"";"TSH_MIRZO_ULUGBE"
+ "TATIANA KAFE";"+998903535200";"";"TSH_YASHNABOD"
+ "TAUHID UA NUR MCHJ";"+998 (33) 100-20-02";"";"TSH_UCHTEPA"
+ "TAVAKKAL MUKAMMAL  MCHJ";"998990818";"";"TSH_OLMAZOR"
+ "TAYLAKOV KAMOLIDDIN TILOVXANOVICH";"+998 (99) 049-55-12";"";"SR_QUYI_CHIRCHIK"
+ "TAYMANOVA GULJAMOL  YTT";"998996544446";"";"TV_TUMANI"
+ "TEKSTIL FORYOU";"+998 (97) 760-58-57";"";"TSH_CHILONZOR"
+ "TELENDIBAYEV UMID  YTT";"998977140720";"";"TSH_OLMAZOR"
+ "TELGAZIMOV BOTIR";"998350710858";"";"TV_KIBRAY"
+ "TEMIRBAYEVA DINARA YTT";"+(99) 899-9266";"";"TV_OLMALIK"
+ "TEMIROVA MAFTUNA BAXODIROVNA  YTT";"+998 (93) 095-19-85";"";"TV_ANGREN"
+ "TEMIROV RAMZIDDIN";"998909166355";"";"TSH_BEKTEMIR"
+ "TEMIROV VALIJON   YTT";"+(99) 894-3022";"";"TSH_MIROBOD"
+ "TEM SHOX BEST PRODUCTS-2 MCHJ";"998974781112";"";"TV_CHIRCHIQ"
+ "TEM SHOX BEST PRODUCTS MCHJ`";"998917777666";"";"TV_CHIRCHIQ"
+ "TEMUR EXPRES  MCHJ";"";"";"TSH_UCHTEPA"
+ "TEMUR NORBEKOV MIRZABEKOVICH  YTT";"+(99) 833-0320";"";"TSH_SERGELI"
+ "TEMUR SAVDO";"+(99) 894-6662";"";"TSH_YANGIXAYOT"
+ "TEMUR XUMOYUNBEK SAVDO  XK";"+998 (93) 172-91-19";"";"TV_OHANGARON"
+ "Terrasa";"+998330270228";"";"TSH_SERGELI"
+ "TESHABOYEVA OZODA ISOQOVNA";"(99) 396-37-66";"";"TV_PISKENT"
+ "TESHAEV SHUXRAT MCHJ";"+(99) 890-9062";"";"TSH_MIROBOD"
+ "TESHAYEV SHUXRAT  YTT";"";"";"TSH_MIROBOD"
+ "test4322425";"+998345462622";"FV · AD_BULOQBOSHI";"AD_BULOQBOSHI"
+ "test uchun";"5435345";"SOUTH-WEST · FV";"FARGONA_VIL"
+ "test uchun 001";"+998603971";"FV";""
+ "test uchun 00134532432";"+998603972";"FV";""
+ "test uchun2";"4543543543";"SOUTH-WEST · FV";"FARGONA_VIL"
+ "TEXNO KREDIT  XK";"(97) 723-0379";"";"TSH_YANGIXAYOT"
+ "THE BEST OF MARKA  MCHJ";"+998 (98) 902-0";"";"TV_ORTA_CHIRCHIK"
+ "THE BEST ONE 1";"+998 (88) 492-01-77";"";"TSH_YAKKASAROY"
+ "THE BIG RICH PROFESSOR  MCHJ-2";"998940056644";"";"TSH_OLMAZOR"
+ "The Hayat";"+998884987070";"";"TSH_CHILONZOR"
+ "THE MARKET ASMIRA MCHJ";"998973459";"";"TV_CHIRCHIQ"
+ "THE MY MARKET YTT";"+(99) 897-4545";"";"TSH_YAKKASAROY"
+ "THE PLOV (A.TEMUR KO'CHASI)";"+998947070022";"";"TSH_YUNUSOBOD"
+ "THE ROWDA GROUP UNITED  MCHJ";"998936987227";"";"TSH_UCHTEPA"
+ "THE XAMIR MILLIY TAOMLAR(HT MALL)";"+998977153115";"";"TSH_YUNUSOBOD"
+ "TIBET FARM PRO";"+998 (91) 009-71-11";"";"TSH_MIROBOD"
+ "TIIN OPTOM";"998977629904";"";"TSH_MIRZO_ULUGBE"
+ "TIKLANISH SAVDO  XK";"+(94) 944-2779";"";"TV_YANGI_YUL"
+ "TILLABOYEV RUSTAM  YTT";"998998514949";"";"TSH_YASHNABOD"
+ "TILLA BREND  MCHJ";"936145444";"";"TSH_SERGELI"
+ "TILLASHAYXOVA ZULAYXO  YTT";"998974014111";"";"TSH_YUNUSOBOD"
+ "TILLAYEVA SHAXNOZA BAXTIYOROVNA";"+94 705 25 09";"";"TV_ANGREN"
+ "TILLAYEVA UMIDA SAVDULLO QIZI";"93 956 90 84";"";"TV_OHANGARON"
+ "TILLAYEVA YTT";"+998 (97) 679-40-05";"";"TV_PARKENT"
+ "TILLAYEVA YTT";"998909612";"";"TSH_BEKTEMIR"
+ "TILYABEKOV KOZIMBEK YTT";"+(99) 893-5157";"";"TSH_CHILONZOR"
+ "TIMEBAR";"+998 (99) 690-09-09";"";"TSH_YANGIXAYOT"
+ "TISHPULATOV HUSAN  YTT";"998999794114";"";"TV_CHIRCHIQ"
+ "TISOBA FOOD  OK";"998998463";"";"TSH_YUNUSOBOD"
+ "TOD HAMKOR";"+998 (99) 832-87-27";"";"TSH_SERGELI"
+ "TOGA JIYAN FAMILY BUSINESS  OK";"+998971415356";"";"TSH_BEKTEMIR"
+ "TOGA MARKET  MCHJ";"998884147778";"";"TSH_YUNUSOBOD"
+ "TOGAYEVA GULCHEXRA YTT";"+998 (97) 554-64-54";"";"TV_YANGI_YUL"
+ "TOGAYEV ANVARJON  YTT";"+998955581111";"";"TSH_SERGELI"
+ "TOGAYEVA SAYYORA  YTT";"998948890981";"";"TSH_MIRZO_ULUGBE"
+ "TOHIROV SHUXRAT XK";"+(99) 897-3881";"";"TSH_CHILONZOR"
+ "TOHIR SNOS  MCHJ";"998946333356";"";"TSH_OLMAZOR"
+ "TOIRJON SAVDO BARAKA BIZNES   YTT";"998977473730";"";"TV_TUMANI"
+ "TOIROVA SEVINCH YTT";"+998 (88) 745-14-04";"";"TV_OLMALIK"
+ "TOIROVA ZARNIGOR";"+998 (95) 050-65-25";"";"TV_BOKA"
+ "TOIROVICH OK";"998774129";"";"TV_KIBRAY"
+ "TOIR XASANOVICH XAMITDINOV YTT";"998981262";"";"TSH_OLMAZOR"
+ "TOJIBOYEVA YTT";"(99) 894-1110";"";"TSH_CHILONZOR"
+ "TOJIBOYEV RAVSHAN YTT";"+998 (97) 453-98-56";"";"TV_YANGI_YUL"
+ "TOJIBOYEV SHUXRAT  YTT";"";"";"TV_PARKENT"
+ "TOJIEVA";"+998 (90) 051-11-22";"";"TSH_CHILONZOR"
+ "TOJIYEVA SHOIRA  YTT";"+998 (99) 856-57-55";"";"TV_ZANGIOTA"
+ "TOLIB BUSINUS  MCHJ";"+(99) 899-9444";"";"TSH_UCHTEPA"
+ "TOLIP OTA  XK";"+(97) 477-1616";"";"TSH_UCHTEPA"
+ "TOLIP OTA XK";"+998 (99) 722-47-41";"";"TSH_UCHTEPA"
+ "TOLIPOVA SHOHIDA YTT";"+998 (90) 350-21-31";"";"TSH_UCHTEPA"
+ "TOLIPOV DAVRON SHAVKAT OGLI YTT";"998971404";"";"TSH_OLMAZOR"
+ "TOLIPOV FIRDAVS YTT";"+998 (99) 797-90-49";"";"TV_PARKENT"
+ "TO'LKINOV  MCHJ";"998995114000";"";"TSH_YASHNABOD"
+ "TOLKINOV MCHJ";"998974900";"";"TSH_YUNUSOBOD"
+ "TO NEW TARGET MCHJ";"+(99) 894-6860";"";"TSH_YANGIXAYOT"
+ "TONG MARKET OK";"+(99) 891-5120";"";"TSH_CHILONZOR"
+ "TONG restaurant";"+998712356530";"";"TSH_YUNUSOBOD"
+ "Toost";"+998947876767";"";"TSH_UCHTEPA"
+ "TOPILOVA FOTIMA NIGMATOVNA";"+998 (99) 859-90-25";"";"TV_TOYTEPA"
+ "TORABEK BEXRUZBEK BARAKA";"+998 (90) 940-40-79";"";"TV_CHIRCHIQ"
+ "TORABEKOVA NASIBA YTT";"+998 (97) 648-24-34";"";"TV_YANGI_YUL"
+ "TORABOYEV IKROM   YTT";"998900430";"";"TV_CHIRCHIQ"
+ "TORAQULOV SIROJIDDIN  YTT";"+(99) 899-0203";"";"SR_QUYI_CHIRCHIK"
+ "TORAXON SAVDO";"+998 (99) 804-64-04";"";"TSH_CHILONZOR"
+ "TORAYEVA IRODAXON YATT";"+998 (99) 851-91-20";"";"TV_TOYTEPA"
+ "TORAYEVA MOHINUR YTT";"998933784";"";"TSH_BEKTEMIR"
+ "TORAYEVA SEVARA YTT";"998917750";"";"TV_BOSTONLIQ"
+ "TORAYEV JAVLON SHUXRATOVICH YTT";"998998752";"";"TSH_OLMAZOR"
+ "TORAYEV JONIBEK  YTT";"998914539291";"";"TSH_SERGELI"
+ "TORIS MARKET";"+998 (94) 637-30-31";"";"TSH_SERGELI"
+ "TOSHBIBI MARKET  MCHJ";"998977259";"";"TSH_YUNUSOBOD"
+ "TOSHBOBOYEV FURKAT XAYITKULOVICH";"998910010507";"";"TSH_MIRZO_ULUGBE"
+ "TOSHBOYEVA TOJINISO YTT";"+998 (90) 431-81-02";"";"TV_PARKENT"
+ "TOSH C ORT FARM";"998938695373";"";"TSH_SERGELI"
+ "TOSHEVA MAXFUZA YTT";"+(99) 899-4843";"";"TSH_SERGELI"
+ "TOSHKEBT FARM SERVIS";"+998 (94) 605-21-93";"";"TSH_SHAYHONTOHUR"
+ "TOSHKENBOY BIG BUSINES MCHJ";"998741546";"";"TV_KIBRAY"
+ "TOSHKENT ENTERPRISES OK";"+(99) 890-1342";"";"TSH_UCHTEPA"
+ "TOSHKENT NANO ECONOMIC";"+998 (90) 962-02-70";"";"TSH_MIRZO_ULUGBE"
+ "TOSHKENT PHARMA SERVIS";"+998 (90) 968-39-46";"";"TSH_SHAYHONTOHUR"
+ "TOSHKULOV MUXAMMAD YATT";"998900384949";"";"TSH_MIRZO_ULUGBE"
+ "TOSHMATOVA YULDUZ  YTT";"998945471";"";"TV_CHIRCHIQ"
+ "TOSHMATOV B";"998947390";"";"TSH_YUNUSOBOD"
+ "TOSHMATOV BEGZOT";"998906176373";"";"TSH_YUNUSOBOD"
+ "TOSHMATOV YUSUFALI  YTT";"998994019991";"";"TSH_YASHNABOD"
+ "TOSHMATOV ZIYODULLA MCHJ-1";"+(99) 899-2161";"";"TSH_SERGELI"
+ "TOSHMATOV ZIYODULLA MCHJ-2";"(99) 899-8992";"";"TSH_YANGIXAYOT"
+ "TOSHMURODOV AKBARJON YTT";"909250192";"";"TSH_SERGELI"
+ "TOSHNIYOZOVA MUXLIZA I";"(94) 696-2983";"";"TSH_YUNUSOBOD"
+ "TOSHNIYOZOV CHORI  YTT";"+(99) 895-8801";"";"TSH_SERGELI"
+ "TOSHPOLATOVA YTT";"(99) 890-6182";"";"TSH_CHILONZOR"
+ "TOSHPOLATOV BEGJIGIT YATT";"+998 (90) 908-98-37";"";"TV_TOYTEPA"
+ "TOSHPOLATOV TEMURMALIK  YTT";"998977868845";"";"TSH_YUNUSOBOD"
+ "TOSHPOLATOV VALI SAIDNABIEVICH YTT";"+(99) 890-9631";"";"TSH_YAKKASAROY"
+ "TOSHPULATOVA IRODA SUNATULLA QIZI YTT";"998908210196";"";"TV_OLMALIK"
+ "TOSHPULATOVA IRODA YTT";"+(99) 893-9308";"";"TV_OLMALIK"
+ "TOSHPULATOV AKBARALI  YTT";"+998 (93) 187-10-05";"";"TV_ANGREN"
+ "TOSHPULATOVA SHARIFA   YTT";"998972740378";"";"TV_BOSTONLIQ"
+ "TOSHTURGUNOVA SHOHIDA YTT";"+998 97 494 22 00";"";"TV_YANGI_YUL"
+ "Tost Food";"+998912345672";"";"TSH_SERGELI"
+ "TOTIXON AYA  OK";"+(99) 890-0345";"";"TV_ORTA_CHIRCHIK"
+ "TOTLI BREND MCHJ";"998931893108";"";"TSH_YASHNABOD"
+ "TOVOQSOY MARKET   OK";"998935995";"";"TV_BOSTONLIQ"
+ "TOXIRBEKOV AZIZ  YTT";"99883327770";"";"TV_CHIRCHIQ"
+ "TOXIR FARM BIZNES";"+998 (99) 977-48-57";"";"TSH_YUNUSOBOD"
+ "TOXIROV ABDULAZIZ FURKAT OGLI";"998977115656";"";"TSH_YASHNABOD"
+ "TOXTAMISHOV GOLIB  YTT";"998914654782";"";"TSH_YUNUSOBOD"
+ "TOXTAMURODOV JAMSHID YATT";"+998 (93) 487-07-07";"";"TV_PISKENT"
+ "TOXTAMUROT OTA  MCHJ";"998990010930";"";"TSH_SHAYHONTOHUR"
+ "TOXTAYEVA MAXFUZA  YTT";"998998200278";"";"TV_TUMANI"
+ "TOXTAYEVA MUNISA  YTT";"998998239";"";"TSH_SHAYHONTOHUR"
+ "TOXTAYEV FARXOD ZIYODULLAYEV  MCHJ";"+(99) 890-3160";"";"TSH_UCHTEPA"
+ "TOYCHIYEV ABBOS  YTT";"998951222373";"";"TSH_SHAYHONTOHUR"
+ "TOYCHIYEV ABDULBOSIT  YTT";"998996560858";"";"TV_TUMANI"
+ "TOYCHIYEVA FARIDA BOXODIR QIZI";"+998 (99) 867-50-03";"";"TSH_CHILONZOR"
+ "TOYCHIYEV JAMSHID YAKUBDJANOVICH YTT";"+(99) 890-3599";"";"TSH_SERGELI"
+ "TOYCHOQ MCHJ";"(99) 899-7031";"";"TSH_MIROBOD"
+ "TOYCHOQ MCHJ 1";"+(99) 893-2399";"";"TSH_MIROBOD"
+ "Toy oshi";"+998933430043";"";"TSH_CHILONZOR"
+ "TO""Y OSHI kadisheva";"+998000000000";"";"TSH_YASHNABOD"
+ "TOY TEPA MED FARM MCHJ";"+998 (99) 409-93-38";"";"TV_TOYTEPA"
+ "TRADE CENTER UMIDA  MCHJ";"998263629";"";"TV_CHIRCHIQ"
+ "TRADE FAMILY OWNED MCHJ";"998917757";"";"TV_CHIRCHIQ"
+ "TRADE INVEST BARAKA MCHJ";"994990000";"";"TSH_CHILONZOR"
+ "TRADEMART GROP";"+998 (90) 121-10-24";"";"TSH_UCHTEPA"
+ "TRADE MEDICAL MCHJ";"+998996681615";"";"TSH_MIRZO_ULUGBE"
+ "TRADING ZAMON";"+998 (88) 633-35-08";"";"TSH_CHILONZOR"
+ "Train Game Zone";"+998977129090";"";"TSH_UCHTEPA"
+ "TREMOL FARM";"+998 (99) 881-59-39";"";"TV_CHIRCHIQ"
+ "TREND ARK MARKET MCHJ";"998998813";"";"TV_BOSTONLIQ"
+ "TREND PHARM AAA  MCHJ";"998335222203";"";"TV_TUMANI"
+ "TRIGON PLUS  MCHJ";"+(99) 891-0094";"";"TSH_UCHTEPA"
+ "TRI KOLODETS OK";"998974616";"";"TSH_YASHNABOD"
+ "TRIMOL FARM";"+998 (99) 881-59-39";"";"TV_CHIRCHIQ"
+ "Troia";"+998955234970";"";"TSH_UCHTEPA"
+ "TROY SUPER  XK";"+(99) 833-1214";"";"TSH_UCHTEPA"
+ "TT APTEKA";"+998 (94) 733-35-33";"";"TSH_MIRZO_ULUGBE"
+ "TUGANBAYEVA MUXABAT  YTT(TURKISTON)";"998977480";"";"TV_ZANGIOTA"
+ "TUGANBAYEVA MUXABBAT  YTT (ITFOQ)";"97 783 84 90";"";"TV_ZANGIOTA"
+ "TULAGANOVA GULNOZA ANAROVNA  YTT";"(99) 899-6012";"";"TV_OLMALIK"
+ "TULAGANOV DILSHOD  YTT";"+998 (93) 000-17-65";"";"TV_ANGREN"
+ "TULAGANOV RUSTAMJON YTT";"998977164838";"";"TV_TUMANI"
+ "TULAYEV NODIR";"+998 (93) 504-21-21";"";"TSH_CHILONZOR"
+ "TULEBAYEVA DJANSULU  YTT";"946024333";"";"TV_ZANGIOTA"
+ "TULEYEV BAXTIYOR 8-3-8";"90)990-42-41";"";"TSH_CHILONZOR"
+ "TULKINOV JASUR VOXID OGLI  YTT";"998901352";"";"TSH_SHAYHONTOHUR"
+ "TULYAGANOVA LOBARSHARAFXONOVNA";"886040649";"";"TV_OHANGARON"
+ "TULYAGANOVA SANATXON YATT";"998974026";"";"TV_KIBRAY"
+ "TULYAGANOV DAVRON  YTT";"+998 (99) 819-46-88";"";"TV_ZANGIOTA"
+ "TULYAGANOV KAXRAMON ERKINOVICH  YTT";"998977826336";"";"TSH_OLMAZOR"
+ "TULYAGANOV SHERZOD";"+998 (93) 540-30-20";"";"TSH_UCHTEPA"
+ "TURAKULOVA NAZAKAT  YTT";"+(94) 116-9097";"";"SR_QUYI_CHIRCHIK"
+ "TURAXON SAVDO MCHJ";"974777577";"";"TSH_CHILONZOR"
+ "TURAYEVA SITORA  YTT";"";"";"TSH_CHILONZOR"
+ "TURAYEV BAXTIYOR";"+998 (88) 359-21-22";"";"TV_OLMALIK"
+ "TURAYEV OTABEK  YTT";"998888786868";"";"TV_CHIRCHIQ"
+ "TURDALIYEVA. YU.R  XK";"99837020633";"";"TV_CHIRCHIQ"
+ "TURDALIYEV BAXRAM YTT";"998994071";"";"TV_CHIRCHIQ"
+ "TURDIBOYEV AKMALJON  YTT";"+998944261441";"";"TSH_SERGELI"
+ "TURDIEVA GULNORA  YTT";"(99) 894-4081";"";"TV_OLMALIK"
+ "TURDIMATOVA DILNOZA YTT";"+998 (97) 648-44-64";"";"TV_YANGI_YUL"
+ "TURDINIYOZ OTA SAVDO  XK";"998974221";"";"TSH_YUNUSOBOD"
+ "TURDIQULOVA MUBORAK  XK";"90 126 01 40";"";"SR_QUYI_CHIRCHIK"
+ "TURDIYEVA GULMIRA OK";"+998 (93) 182-23-15";"";"TV_ANGREN"
+ "TURDIYEVA SHAHNOZA YTT 2";"+998 (93) 234-52-24";"";"TV_OLMALIK"
+ "TURDIYEVA ZULAYXO YTT";"998979542";"";"TV_CHIRCHIQ"
+ "TURDIYEV ERALIBEK ERKIN OGLI  YTT";"998976301615";"";"TSH_MIRZO_ULUGBE"
+ "TURDIYEV RUSTAM  YTT";"(99) 890-9822";"";"TSH_SERGELI"
+ "TURDUQULOV MUHAMMAD  YTT";"";"";"TSH_UCHTEPA"
+ "TUREKULOV XASAN NURDULLAYEVICH";"+998 (88) 012-87-92";"";"SR_QUYI_CHIRCHIK"
+ "TURG'UNBOYEVA MALIKA";"99)6109080";"";"TV_PARKENT"
+ "TURGUNBOYEVA MALIKA  YTT";"998996109080";"";"TV_PARKENT"
+ "TURGUNBOYEVA MUNAVVAR YTT";"(97) 720-1580";"";"SR_QUYI_CHIRCHIK"
+ "TURGUNOVA SAYYORA YTT";"998770115544";"";"TV_KIBRAY"
+ "TURGUNOVA SHOIRA  YTT";"998909828133";"";"TV_CHIRCHIQ"
+ "TURGUNOV MUXIDIN YTT";"+998 (99) 400-41-77";"";"TV_OLMALIK"
+ "TURGUNOV SHAXZOD XK";"+(99) 899-9188";"";"TSH_MIROBOD"
+ "TURGUNOV TRADE  MCHJ";"998994838585";"";"TV_BOSTONLIQ"
+ "TURGUNOV XASAN   YTT";"998978805";"";"TV_CHIRCHIQ"
+ "TURIN AAAA YTT";"+998 (97) 568-09-96";"";"TV_YANGI_YUL"
+ "Turkesh cate";"";"";"TSH_CHILONZOR"
+ "TURKISTON RESTAURANT";"+998998160605";"";"TSH_YUNUSOBOD"
+ "TUROB NODIR SAVDO  XK";"998771017220";"";"TSH_OLMAZOR"
+ "TURON AZIZ BARAKA OK";"+(99) 899-0318";"";"TSH_SERGELI"
+ "TURON UN OPTOM  MCHJ";"+998 (88) 871-54-88";"";"TV_YANGI_YUL"
+ "TUROPOV ABDUSATTOR";"+998 (97) 759-24-14";"";"TSH_SERGELI"
+ "TUROPOVA OYDIN YTT";"998880161603";"";"TV_OHANGARON"
+ "TUROPOV DAVRON";"+998 (90) 056-00-04";"";"TV_PISKENT"
+ "TUROPOV ELSHOD  YTT";"+(99) 899-0541";"";"TSH_SERGELI"
+ "TUROPOV SHOKIRJON YTT";"998919493";"";"TSH_YUNUSOBOD"
+ "TURSMETOVA LOLA YTT";"998248901";"";"TV_CHIRCHIQ"
+ "TURSOATOV ADHAM  YTT";"93 575 51 91";"";"TSH_SERGELI"
+ "TURSUMETOV BEKZOD YTT";"+998900648389";"";"TSH_CHILONZOR"
+ "TURSUNALIYEV MUROD YTT";"+(99) 899-9189";"";"TV_OHANGARON"
+ "TURSUNBAYEV AKROM  YTT";"+(90) 929-0114";"";"TSH_MIROBOD"
+ "TURSUNBOYEV MARUF  YTT";"+998977827275";"";"TV_ZANGIOTA"
+ "TURSUNBOY HALIFA YTT";"+998 (97) 997-97-94";"";"TV_PARKENT"
+ "TURSUNKULOVA MAVLUDA YTT";"(99) 894-4093";"";"TV_OLMALIK"
+ "TURSUNKULOVA ROZA YTT";"(99) 894-4100";"";"TV_OHANGARON"
+ "TURSUNOVA DILARA USKENBAYEVNA  YTT";"998994697877";"";"TV_KIBRAY"
+ "TURSUNOVA DINORA YTT";"998903554";"";"TSH_BEKTEMIR"
+ "TURSUNOVA JAKSIGUL YTT";"998953254";"";"TSH_BEKTEMIR"
+ "TURSUNOVA MAKSUDA ESHKABULOVNA  YTT";"+(99) 897-4808";"";"TV_OLMALIK"
+ "TURSUNOVA MUXOYYO  YTT";"+998 (99) 877-04-24";"";"TV_ZANGIOTA"
+ "TURSUNOVA TAXMINA  YTT";"+(99) 294-6269";"";"TV_TOYTEPA"
+ "TURSUNOVA YTT";"998903207067";"";"TSH_YUNUSOBOD"
+ "TURSUNOV AZIZ MAXAMADOVICH";"+998 (99) 109-05-89";"";"SR_QUYI_CHIRCHIK"
+ "TURSUNOV BOXODIR TOXIROVICH  YTT";"+(99) 890-3268";"";"TSH_SERGELI"
+ "TURSUNOV MUXRIDDIN RUSTAM O'G'LI YTT";"+998 (88) 873-74-78";"";"TV_YANGI_YUL"
+ "TURSUNOV SUNNATILLA  YTT";"998999067906";"";"TSH_MIRZO_ULUGBE"
+ "TURSUNOV ULUGBEK  YTT";"998990603234";"";"TV_PARKENT"
+ "TURSUNOY XOJI ONA  OK";"+998959551311";"";"TSH_SERGELI"
+ "TURSUNXOJA XIDOYAT MCHJ";"+998 (90) 981-91-01";"";"TSH_YUNUSOBOD"
+ "TURSUNXOJAYEVA NIGORA  YTT";"998990484";"";"TSH_OLMAZOR"
+ "TURUSMETOV XASAN   YTT";"998994035";"";"TV_CHIRCHIQ"
+ "TURXUNOV DILSHOD  YTT";"+998 (93) 919-19-93";"";"TV_ANGREN"
+ "TUSAMETOVA KLARA  YTT";"998977040972";"";"TV_TUMANI"
+ "TUSUNBOYEV DONIYOR YTT";"+998 (97) 648-38-84";"";"TV_YANGI_YUL"
+ "TUTZOR MARKET MCHJ";"998977326";"";"TSH_OLMAZOR"
+ "TUXMIRAYEVA IZZAT  YTT";"998946397";"";"TSH_YASHNABOD"
+ "TUXTABAYEVA ZAXIDA  YTT";"+(93) 514-0551";"";"TV_ZANGIOTA"
+ "TUXTAROVA SHAISTA  YTT";"998998590558";"";"TSH_BEKTEMIR"
+ "TUXTAVULOV MAQSUD  YTT";"+998880103";"";"TSH_YUNUSOBOD"
+ "TUXTAYEV A A YTT";"998959027";"";"TSH_SHAYHONTOHUR"
+ "TUYCHIYEVA";"+998990603618";"";"TSH_CHILONZOR"
+ "TUYCHIYEV GIYOSJON ABN MCHJ";"998900427";"";"TSH_YASHNABOD"
+ "TWENTY FIFTH STORE MCHJ";"998917721186";"";"TV_CHIRCHIQ"
+ "TWINS FARM";"+998 (94) 311-70-70";"";"TV_OLMALIK"
+ "TWO FAMILY'S  MCHJ";"+(99) 899-4562";"";"TSH_OLMAZOR"
+ "U BABUSHKI";"+998974446711";"";"TSH_MIRZO_ULUGBE"
+ "UBAYDULA GRANT TRADE  OK";"998998702";"";"TSH_SHAYHONTOHUR"
+ "UBAYDULLAXON MCHJ";"(99) 890-9981";"";"TSH_CHILONZOR"
+ "UBAYDULLAYEV BAXTIYOR YTT";"998334979";"";"TV_KIBRAY"
+ "UBAYDULLAYEV D  YTT";"998335874";"";"TV_KIBRAY"
+ "UBAYDULLAYEV IBROHIM KUDRATOVICH  YTT";"998998418998";"";"TSH_SHAYHONTOHUR"
+ "UBAYDULLAYEV JAMSHID YATT";"+998 (99) 303-41-27";"";"TV_PISKENT"
+ "UBAYDULLAYEV SAMANDARXOJA  YTT";"998911146238";"";"TV_TUMANI"
+ "UBAYDULLAYEV UMIDJON ABDUXOLIQ OGLI  YTT";"998999997776";"";"TSH_OLMAZOR"
+ "UBAYDULLAYYEV RAXMATILLO YTT";"9984688425";"";"TV_CHIRCHIQ"
+ "UBAYDULLYEVA SEVARA  YTT";"+998933562";"";"TSH_BEKTEMIR"
+ "UBAYEV ISLOMBEK ULUGBEK OGLI YTT";"+(99) 894-0090";"";"TSH_UCHTEPA"
+ "UCH BAQALOQ";"+998909077975";"";"TSH_YUNUSOBOD"
+ "UCH CHINOR";"+998 (91) 016-93-93";"";"SR_QUYI_CHIRCHIK"
+ "UDAYEV ILHOMBEK  YTT";"998909051055";"";"TSH_BEKTEMIR"
+ "Ugalog";"+998935314345";"";"TSH_CHILONZOR"
+ "UGAM KONSOY MCHJ";"998995139";"";"TV_BOSTONLIQ"
+ "UGOLOK";"+998977078030";"";"TSH_YUNUSOBOD"
+ "UKTAM BOBO 24   MCHJ";"+998900460";"";"TSH_YANGIXAYOT"
+ "UKTAMOV NODIRBEK";"+998909063339";"";"TSH_CHILONZOR"
+ "ULFAT B.J  XK";"+(90) 807-8384";"";"TSH_UCHTEPA"
+ "ULFATLAR MARKET  MCHJ";"+998 (97) 712-66-64";"";"TV_ZANGIOTA"
+ "ULIG FARM";"+998 (93) 549-76-79";"";"TSH_SHAYHONTOHUR"
+ "ULRTA MAX";"+998 (93) 586-52-62";"";"TSH_OLMAZOR"
+ "ULTRA INVEST MCHJ";"998998417";"";"TSH_SHAYHONTOHUR"
+ "ULTRA MAX FARM";"(99) 890-3226";"";"TSH_OLMAZOR"
+ "ULUG AZIZ FARM";"+998 (97) 720-96-34";"";"TV_YANGI_YUL"
+ "Ulug'bek aka Sales manager";"";"";"TSH_MIRZO_ULUGBE"
+ "ULUGBEK ASL SAVDO XK";"998712950";"";"TSH_BEKTEMIR"
+ "ULUGBEK BARAKO  MCHJ";"998912399933";"";"TSH_SHAYHONTOHUR"
+ "ULUGBEK FARM";"+998 (99) 848-84-45";"";"SR_QUYI_CHIRCHIK"
+ "ULUGBEK FAYZ";"+(99) 897-7415";"";"TSH_YANGIXAYOT"
+ "ULUGBEK FAYZ  XK";"+(99) 897-7415";"";"TSH_SERGELI"
+ "ULUGBEK IMRON FURQAT  MCHJ";"+998 (94) 602-22-54";"";"TV_ZANGIOTA"
+ "ULUGBEK LAYLO YOSH AVLOD";"+998 (94) 216-88-77";"";"TV_PARKENT"
+ "ULUGBEK MED FARM";"+998 (90) 319-61-93";"";"TSH_SERGELI"
+ "ULUG FARM";"+998 (93) 503-06-89";"";"TSH_SHAYHONTOHUR"
+ "ULUGVOR BUSINESS WAY  OK";"998977675";"";"TSH_OLMAZOR"
+ "ULUGVOR BUSINESS WAY  OK-2";"998998564454";"";"TSH_OLMAZOR"
+ "UMARALI XUMORA MCHJ";"+998 (90) 924-24-74";"";"SR_QUYI_CHIRCHIK"
+ "UMARALI XUMORA MCHJ-2";"(90) 924-2474";"";"SR_QUYI_CHIRCHIK"
+ "UMARALIYEV DAVRON YTT";"998949386001";"";"TV_OHANGARON"
+ "UMARBAYEVA NODIRA  YTT";"998998029578";"";"TV_TUMANI"
+ "UMARBEK JAVOHIR SAVDO";"998903214795";"";"TSH_MIRZO_ULUGBE"
+ "UMARBEKOV MANSUR YTT";"998974773049";"";"TV_YANGI_YUL"
+ "UMAR BIZNES MAX  MCHJ";"998942873949";"";"TSH_YUNUSOBOD"
+ "UMAR DENOV SOMSA MCHJ";"+(99) 891-9031";"";"TSH_SERGELI"
+ "UMAR FAYZ";"+998 (97) 727-63-06";"";"TSH_BEKTEMIR"
+ "UMAR FAYZ FARM";"+998 (33) 009-01-28";"";"TSH_BEKTEMIR"
+ "UMARFAYZ  MCHJ";"998881321020";"";"TSH_YUNUSOBOD"
+ "Umar Hayyom";"+998903579300";"";"TSH_CHILONZOR"
+ "UMARJONOV ISLOMJON YTT";"+998 (90) 960-11-99";"";"TSH_UCHTEPA"
+ "UMARJON SAVDO OK";"+998 (77) 032-89-91";"";"TV_PISKENT"
+ "UMAR OTA FAYZ DUKINI  OK";"99809551543";"";"TV_KIBRAY"
+ "UMAROVA DILFUZA  YTT";"+(90) 118-4700";"";"TV_ORTA_CHIRCHIK"
+ "UMAROVA DIYORA BAXODIR QIZI";"+998 (94) 003-48-49";"";"SR_QUYI_CHIRCHIK"
+ "UMAROVA GULNIRA YTT";"+(99) 897-6464";"";"TV_PARKENT"
+ "UMAROVA GULNORA MAXMUDJONOVNA YTT";"+998 (99) 358-71-83";"";"TV_PARKENT"
+ "UMAROVA GULNORA YTT";"+998 (90) 976-79-44";"";"TV_PARKENT"
+ "UMAROVA GUZAL  YTT";"99873451688";"";"TV_CHIRCHIQ"
+ "UMAROVA IRODA  YTT";"998909066";"";"TV_CHIRCHIQ"
+ "UMAROVA MALIKA  YTT";"998993116262";"";"TV_TUMANI"
+ "UMAROVA MAMURA NABIYEVNA";"+94 217 26 69";"";"TV_OHANGARON"
+ "UMAROVA MAXIRA YTT";"(99) 891-7741";"";"TV_OLMALIK"
+ "UMAROVA NASIBA  YTT";"+998 (91) 771-12-02";"";"TV_ANGREN"
+ "UMAROVA XASIYATBUVI";"+998 (43) 649-95-77";"";"TV_ANGREN"
+ "UMAROVA YULDUZ YTT";"998901172087";"";"TV_OHANGARON"
+ "UMAROVA ZAXIRA  YTT";"99835084528";"";"TSH_YUNUSOBOD"
+ "UMAROV DONIYOR ERKIN OGLI  YTT";"+998946585865";"";"TSH_YUNUSOBOD"
+ "UMAROV NODIR";"998998347";"";"TSH_YUNUSOBOD"
+ "UMAROV NURJAN YTT";"99870108152";"";"TV_KIBRAY"
+ "UMAROV TRADING HOUSE MCHJ";"998503051";"";"TSH_MIRZO_ULUGBE"
+ "UMAROV TREDING OK";"998975468";"";"TV_KIBRAY"
+ "UMAROV ULMASJON YTT";"+998 (99) 863-07-55";"";"TSH_UCHTEPA"
+ "UMARQULOV DIYORBEK  YTT";"998996502276";"";"TV_ORTA_CHIRCHIK"
+ "UMAR USMON BUSSINES MCHJ";"998903280";"";"TSH_YUNUSOBOD"
+ "UMAR-USMON DEVELOPMENT MCHJ";"+998 (99) 548-48-15";"";"TSH_CHILONZOR"
+ "UMARXOJI MARKET  XK";"998998328002";"";"TSH_SHAYHONTOHUR"
+ "UMARXONOV HUSANXON OTA NABIRALARI  YTT";"+(99) 893-3778";"";"TSH_UCHTEPA"
+ "UMETOV BAXTIYOR 169  YTT";"+998 (97) 315-42-79";"";"TV_YANGI_YUL"
+ "UMETOV DONIYOR YTT";"+998886890905";"";"TV_YANGI_YUL"
+ "UMIDA";"+998888782666";"";"TSH_CHILONZOR"
+ "UMIDA ASAL ORZU";"998932345671";"";"TV_BOSTONLIQ"
+ "UMIDA IBRAGIMOVA";"+998 (94) 417-14-57";"";"TV_ANGREN"
+ "UMIDA MARKET YTT";"+998 (97) 245-13-49";"";"TV_YANGI_YUL"
+ "UMIDBEK NUR SAVDO  MCHJ";"998983637";"";"TV_KIBRAY"
+ "UMID COMMERSANT  MCHJ";"998936008555";"";"TSH_MIRZO_ULUGBE"
+ "UMID GOZAL SAVDO";"+998 (94) 464-84-01";"";"TSH_CHILONZOR"
+ "UMID IMPLUS FARM MCHJ";"998995461606";"";"TSH_SERGELI"
+ "UMIDJON UBAYDULLAYEV  YTT";"";"";"TSH_CHILONZOR"
+ "UMID OLMAZOR  XK";"998883289";"";"TSH_OLMAZOR"
+ "UMID VA IBROHIM MCHJ";"+(99) 888-1779";"";"TSH_CHILONZOR"
+ "UMID XK";"998908065757";"";"TV_BOSTONLIQ"
+ "UMID XK 2";"998997548078";"";"TV_CHIRCHIQ"
+ "UMIROV UMIDJON  YTT";"+998978907677";"";"TV_ZANGIOTA"
+ "UMURQUL OTA DO'KONI  OK";"+998887003139";"";"TSH_CHILONZOR"
+ "UMURZAKOV ZAYNIDDIN JANZOKOVICH";"+998 (95) 322-09-71";"";"TV_OHANGARON"
+ "UMURZAQOVA GAVXAR  YTT";"+(33) 837-1107";"";"TV_OHANGARON"
+ "UMURZOQOBOD  MCHJ";"(99) 899-4702";"";"TSH_CHILONZOR"
+ "UMURZOQOVA DILNOZAXON  YTT";"998946182282";"";"TSH_CHILONZOR"
+ "UMX HONEST  OK";"998900914740";"";"TSH_BEKTEMIR"
+ "UMYAROVA LYUDMILA  YTT";"998911349";"";"TSH_SHAYHONTOHUR"
+ "UNAROVA DILAFRUZ OK";"+998 (98) 314-87-97";"";"TV_ANGREN"
+ "UNGIBOYEV SARVAR SHUHRAT OGLI";"+(99) 899-6119";"";"TSH_YANGIXAYOT"
+ "UNIQUE GROCERY  MCHJ";"998979510011";"";"TSH_MIRZO_ULUGBE"
+ "UNIQUE MAHALLA TRADE MCHJ";"998712643055";"";"TSH_MIRZO_ULUGBE"
+ "UNIQUE MARKET";"+998 (97) 035-39-93";"";"TSH_CHILONZOR"
+ "UNI STORY CORPORATION  MCHJ";"998200174749";"";"TSH_YASHNABOD"
+ "UNITED TEAM 2";"998909072777";"";"TSH_YASHNABOD"
+ "UNITED TEAM  MCHJ-2";"998933797937";"";"TSH_CHILONZOR"
+ "UNIVERMAG GOLD 555";"+998 (94) 576-50-00";"";"TV_BOKA"
+ "UNIVERSAL BIZNES MCHJ";"998998046";"";"TV_KIBRAY"
+ "UNIVERSAL FARM PLUS";"+998 (88) 198-00-55";"";"TSH_YUNUSOBOD"
+ "UNIVERSAL LOTUS BRESI";"+998904911116";"";"TSH_CHILONZOR"
+ "UNIVERSE FARM";"+998 (99) 866-88-59";"";"TSH_CHILONZOR"
+ "UNSTOPPABLE MAN MCHJ";"(99) 893-1159";"";"TV_OHANGARON"
+ "UNSTOPPABLE MAN MCHJ 8";"+998 (94) 981-05-13";"";"TV_OLMALIK"
+ "UNVERSAL AGRONET";"+998 (97) 268-44-44";"";"TSH_SERGELI"
+ "URALOVA ELIZA HASAN QIZI YTT";"+998998563";"";"TSH_YUNUSOBOD"
+ "URALOVA JAMILA";"90 244 02 22";"";"TSH_UCHTEPA"
+ "URALOVA MUQADDAS YTT";"(99) 899-7277";"";"TV_OHANGARON"
+ "URALOVA XILOLA YATT";"+998 (99) 969-96-93";"";"TV_TOYTEPA"
+ "URAZALIEVA NARGIZA YTT";"+998 (93) 467-96-77";"";"TV_OLMALIK"
+ "URAZALIYEV SADULLA  YTT";"+(99) 890-3371";"";"SR_QUYI_CHIRCHIK"
+ "URAZBAYEVA NARGIZA  YTT";"998998535782";"";"TV_CHIRCHIQ"
+ "URAZBEKOVA SANOBAR YTT";"(99) 899-9299";"";"TV_OLMALIK"
+ "URAZBEKOVA ZULXUMOR NAZAROVNA";"+998 (94) 932-60-61";"";"TV_OHANGARON"
+ "URAZOFF BROTHERS XK";"(99) 899-8380";"";"SR_QUYI_CHIRCHIK"
+ "URAZOVA NARGIZA YOMGUROVNA  YTT";"998990098177";"";"TSH_YASHNABOD"
+ "URAZOV DILSHOD YTT";"998954052070";"";"TSH_SERGELI"
+ "URBAN TASTE FOOD  OK";"998909197757";"";"TSH_OLMAZOR"
+ "URIKZOR MARKET XK";"99877088687";"";"TV_KIBRAY"
+ "URINBAYEVA BARCHINOY AMANBAYEVNA";"+998 (91) 165-73-75";"";"TSH_UCHTEPA"
+ "URINKULOV NAZORALI USMANKULOVICH";"+998999885389";"";"TV_OLMALIK"
+ "URMONOVA SHOIRA XK";"(99) 894-6384";"";"TSH_CHILONZOR"
+ "UR SOMSA";"+998909948372";"";"TSH_OLMAZOR"
+ "URUMCHI TAOMLARI";"+998 (00) 000-00-00";"";"TSH_CHILONZOR"
+ "URUNOV MADAD  YTT";"998970067376";"";"TSH_BEKTEMIR"
+ "USKANOVA SITORA  YTT";"998990403393";"";"TV_CHIRCHIQ"
+ "USMANOV ABDUMALIK  YTT";"998946900660";"";"TSH_YASHNABOD"
+ "USMANOV ABDUQODIR  YTT";"998977141";"";"TSH_YASHNABOD"
+ "USMANOVA MUKARRAM";"+998 (90) 013-04-88";"";"TV_TOYTEPA"
+ "USMANOVA ODINA YAKUBJANOVNA  YTT";"998977161917";"";"TSH_OLMAZOR"
+ "USMANOVA RAXIMA GANIYEVA  YTT";"998971401255";"";"TV_KIBRAY"
+ "USMANOV SAID  YTT";"998994851011";"";"TSH_BEKTEMIR"
+ "USMONALI AXMADALI  MCHJ";"(99) 899-0421";"";"SR_QUYI_CHIRCHIK"
+ "USMONALI BARAKA MCHJ";"998938099841";"";"TSH_YUNUSOBOD"
+ "USMONALI SAVDO OK";"+998 (97) 765-38-68";"";"TV_PARKENT"
+ "USMONDIYOROVA NARGIZA YATT";"+998 (90) 991-17-27";"";"TV_BOKA"
+ "USMON OTA MARKET MCHJ";"+(99) 833-3545";"";"TSH_SERGELI"
+ "USMONOVA LULFIRA   YTT";"998999256027";"";"TV_BOSTONLIQ"
+ "USMONOVA NIGORA MUXAMMADIYEVNA YTT";"+998 (93) 848-55-66";"";"TV_PARKENT"
+ "USMONOVA NIGORA  OK";"+(99) 899-8481";"";"TSH_OLMAZOR"
+ "USMONOVA NOZIMA  YTT";"+998998344641";"";"TSH_SERGELI"
+ "USMONOVA POKIZA YTT";"998994015656";"";"TV_CHIRCHIQ"
+ "USMONOVA SHAXNOZA YTT";"+998 (97) 315-73-77";"";"TV_YANGI_YUL"
+ "USMONOVA XURSHIDA YTT";"998940114";"";"TSH_YUNUSOBOD"
+ "USMONOV AZIZ YATT";"+998 (90) 903-90-03";"";"TV_TOYTEPA"
+ "USMONOVA ZUXRA YTT";"(99) 894-6616";"";"TV_OLMALIK"
+ "USMONOV BAXTIYOR  YTT";"998943611";"";"TSH_YASHNABOD"
+ "USMONOV BUSINESS GROUP  MCHJ";"+998 (97) 534-98-66";"";"TV_YANGI_YUL"
+ "USMONOV DONIYOR YTT";"998996500";"";"TSH_OLMAZOR"
+ "USMONOV FARRUX  MCHJ";"+(99) 894-0260";"";"TSH_MIROBOD"
+ "USMONOV IBROXIM YTT";"+998 (97) 648-73-70";"";"TV_YANGI_YUL"
+ "USMONOV MIRJALOL  YTT";"(99) 897-8720";"";"TSH_CHILONZOR"
+ "USMONOV RAVSHAN YTT";"+998 (90) 914-80-20";"";"TSH_UCHTEPA"
+ "USMONOV RUSTAM YTT";"998950649";"";"TV_CHIRCHIQ"
+ "USMONOV UMIDJON YTT";"+998 (93) 567-68-88";"";"TSH_UCHTEPA"
+ "USMON TREND MCHJ";"+998 (99) 317-66-68";"";"TSH_SERGELI"
+ "USPEX PLUS MCHJ";"+998 (97) 347-30-37";"";"TV_PISKENT"
+ "USTA RAXMON OTA  XK";"+(99) 890-1316";"";"TSH_SERGELI"
+ "USUFALIYEV OYBEK YTT";"(99) 894-6826";"";"TV_ANGREN"
+ "UTAGANOV D.N YTT";"+(99) 893-0003";"";"TSH_MIROBOD"
+ "UTAMISHOV IKROMJON  YTT";"+998 (90) 112-72-72";"";"SR_QUYI_CHIRCHIK"
+ "UTASHEV JASUR YTT";"(99) 890-1284";"";"SR_QUYI_CHIRCHIK"
+ "UTKUROV ZAFARJON YTT";"909026282";"";"TSH_CHILONZOR"
+ "UTKUR TILYABAYEV RUSTAMOVICH";"998998771562";"";"TSH_BEKTEMIR"
+ "UTM FIRMA";"998903293";"";"TSH_MIRZO_ULUGBE"
+ "UXUM SAVDO XK";"+(99) 893-5442";"";"TSH_MIROBOD"
+ "UYG'UR M.T";"+998903344533";"";"TSH_MIRZO_ULUGBE"
+ "UY MARKET FMT  OK";"998951175565";"";"TSH_SHAYHONTOHUR"
+ "Uyut Kafe";"+998712513374";"";"TSH_SERGELI"
+ "UZBECHKA otel Uzbekistan";"+998998889555";"";"TSH_MIRZO_ULUGBE"
+ "Uzbek Doner";"+998785550404";"";"TSH_SERGELI"
+ "UZB KAFE N1";"+998931627770";"";"TSH_MIRZO_ULUGBE"
+ "UZMEXRIBON";"+998 (90) 971-45-65";"";"TV_KIBRAY"
+ "UZOKOV BAHRIDDIN YTT";"998937996949";"";"TV_CHIRCHIQ"
+ "uzum";"";"";"TSH_SERGELI"
+ "uzum";"";"";"TSH_SERGELI"
+ "Uzum";"";"";"TSH_SERGELI"
+ "V.1-44 Nurbek";"+998 (97) 725-11-89";"";""
+ "VAKILOVA MAXSUMA  YTT";"998998136767";"";"TSH_CHILONZOR"
+ "VAKSINA HEALTHCARE  MCHJ";"998948194858";"";"TSH_SERGELI"
+ "VALENTINO VLODIMR  OK";"+(99) 899-3141";"";"TV_ORTA_CHIRCHIK"
+ "VALERIYA FORTE";"+998 (99) 766-55-56";"";"TSH_CHILONZOR"
+ "VALI NEMAT BIZNES";"+998 (97) 754-84-04";"";"TSH_CHILONZOR"
+ "VALI SAVDO MARKAZI MCHJ";"+998 (90) 931-99-07";"";"TV_TOYTEPA"
+ "VALIXODJAEV AVAZ ADILOVICH  YTT";"998946005285";"";"TSH_OLMAZOR"
+ "VALIYEVA DILOROM  YTT";"+998 (90) 093-79-89";"";"SR_QUYI_CHIRCHIK"
+ "VALIYEVA ROHAT   YTT";"998977830570";"";"TV_CHIRCHIQ"
+ "VALIYEVA SHOXISTA YTT";"998931127461";"";"TV_OHANGARON"
+ "VALIYEVA YTT";"998901327555";"";"TSH_YUNUSOBOD"
+ "VALIYEV SHERZOD  YTT";"998998468489";"";"TV_CHIRCHIQ"
+ "Varaxsha";"+998933934510";"";"TSH_CHILONZOR"
+ "VATANIM RAVNAQI  MCHJ";"998977232770";"";"TV_TUMANI"
+ "Vatan Plaza";"+998919082233";"";"TSH_UCHTEPA"
+ "VAVILET  MCHJ";"998909090797";"";"TSH_YUNUSOBOD"
+ "VAXABOV ILXAMDJON  YTT";"998946866806";"";"TSH_OLMAZOR"
+ "VAXOBOV SARVAR YTT";"998978550";"";"TSH_MIRZO_ULUGBE"
+ "VAXOB SOHIB BUSINES MCHJ";"+(99) 888-3300";"";"TSH_SERGELI"
+ "VAZIRA KZ  MCHJ";"+(99) 877-0377";"";"TSH_UCHTEPA"
+ "VAZIRA PHARM";"+998 (33) 520-02-20";"";"TSH_YUNUSOBOD"
+ "VEND H  MCHJ";"998994843235";"";"TSH_YUNUSOBOD"
+ "VENERA";"998959856525";"";"TSH_BEKTEMIR"
+ "VENUS ANTI MCHJ";"(99) 897-7051";"";"SR_QUYI_CHIRCHIK"
+ "Verezka";"+998977166707";"";"TSH_CHILONZOR"
+ "VET SERVIS FARM MUXARRAMHON MCHJ";"998998709846";"";"TSH_YASHNABOD"
+ "VIKO MARKET  MCHJ";"998977190029";"";"TSH_YAKKASAROY"
+ "Villa";"+998500121001";"";"TSH_SERGELI"
+ "VIP BIZNES SHOP MCHJ";"+998 (93) 484-87-60";"";"TV_PARKENT"
+ "VIP MARKET PLUS BIZNES MCHJ";"(99) 890-8117";"";"TSH_CHILONZOR"
+ "VIRTUE PLUS TRADE MCHJ";"+998 (99) 835-66-88";"";"TSH_UCHTEPA"
+ "VISOLAXON BARAKA MARKET MCHJ";"+998977046490";"";"TSH_SERGELI"
+ "VITAFARM";"+998 (93) 644-41-42";"";"TV_YANGI_YUL"
+ "VITA HELTH FARM";"+998 (90) 015-24-23";"";"TSH_YAKKASAROY"
+ "VITA LIFE PHARM";"+998 (71) 221-94-98";"";"TSH_YUNUSOBOD"
+ "VITAMED LIFE FARM MCHJ";"+998 (93) 846-48-04";"";"TSH_MIRZO_ULUGBE"
+ "VITA MET LUK";"+946738272";"";"TSH_YUNUSOBOD"
+ "VITA NOVA BY APG MCHJ";"+998 (90) 037-17-32";"";"TSH_YUNUSOBOD"
+ "VKUSNOFF";"+998909351200";"";"TSH_MIRZO_ULUGBE"
+ "VKUSVILL MCHJ";"998946440";"";"TSH_MIRZO_ULUGBE"
+ "VLAD AND BUSINES  MCHJ";"+(99) 899-8158";"";"TV_ORTA_CHIRCHIK"
+ "VOHIDJON FARM XK";"998937019";"";"SR_QUYI_CHIRCHIK"
+ "VOHIDOVA MUBORAK XK";"(99) 833-6003";"";"TSH_CHILONZOR"
+ "VOS MAX OMAD  OK";"+998 (90) 978-76-16";"";"TV_ZANGIOTA"
+ "VOSTOK Kafe";"+998946616660";"";"TSH_YUNUSOBOD"
+ "VUD EKSPORT LIDER MCHJ";"998917784";"";"TV_CHIRCHIQ"
+ "WEST";"+998 (00) 000-00-00";"";"TSH_YAKKASAROY"
+ "WIDELY PHARM  MCHJ";"+998981006800";"";"TSH_SERGELI"
+ "WIDE WAY  NCHJ";"+998 (97) 150-09-99";"";"TSH_UCHTEPA"
+ "WILLBUY";"998958210092";"";"TV_ORTA_CHIRCHIK"
+ "WILLBUY MCHJ";"+998881563";"";"TSH_YAKKASAROY"
+ "WILL STILL MCHJ";"998998023";"";"TSH_BEKTEMIR"
+ "WILLYBUY OOO";"+998 (90) 338-47-76";"";"TSH_BEKTEMIR"
+ "WODEN DOORS  MCHJ";"(99) 899-8231";"";"TV_ORTA_CHIRCHIK"
+ "WORLD FOOD GRAND MCHJ";"+(99) 890-9144";"";"TSH_YAKKASAROY"
+ "WORTH WHILE BUSINESS  MCHJ";"998941752721";"";"TSH_YASHNABOD"
+ "XABIBULLO UBAYEVICH";"+998 (93) 516-01-78";"";"TSH_UCHTEPA"
+ "XADICHA BARAKA GROUP  MCHJ";"998770127599";"";"TSH_YUNUSOBOD"
+ "XADICHABEGIM ISHONCH BARAKA HAMKOR MCHJ";"998093334";"";"TV_TUMANI"
+ "XADICHA DAILY MAG  MCHJ";"+(99) 891-1358";"";"TSH_YAKKASAROY"
+ "XADICHA MUNISXON  OK";"998909987383";"";"TSH_OLMAZOR"
+ "XADICHA OPA";"998909206";"";"TSH_SHAYHONTOHUR"
+ "XADICHA SUMAYYA 111  MCHJ";"998931022772";"";"TSH_BEKTEMIR"
+ "XADICHA VA FARZONA MARKET  MCHJ";"+(99) 899-1168";"";"TSH_UCHTEPA"
+ "XADJAYEV BAXTIYOR YATT";"+998 (90) 997-99-28";"";"TV_TOYTEPA"
+ "XADJIBAYEV DILSHOD SIDIKOVICH";"+998 (94) 656-22-00";"";"TV_OLMALIK"
+ "XADRA family restaurant";"+998 (00) 000-00-00";"";"TSH_CHILONZOR"
+ "Xadra Gumma";"+999890330990";"";"TSH_CHILONZOR"
+ "XAFIZA SUXROB BIZNES MCHJ";"(99) 888-5412";"";"SR_QUYI_CHIRCHIK"
+ "XAFIZ MUPARRAX BARAKA  OK";"998760109";"";"TSH_MIRZO_ULUGBE"
+ "XAIFA BARAKA MCHJ";"998998731277";"";"TSH_MIRZO_ULUGBE"
+ "XAITBOYEVA DILAFRUZ YTT";"(99) 894-4285";"";"TV_OLMALIK"
+ "XAITMURODOV IBROXM ILXOM OGLI YTT";"+(99) 899-8343";"";"TSH_YAKKASAROY"
+ "XAJAMOVA GAVHAR YTT";"(99) 893-5851";"";"TV_OHANGARON"
+ "XAKIMBAYEVA IRODA YTT";"+(99) 899-6160";"";"TV_YANGI_YUL"
+ "XAKIMOVA BARNO YTT";"+998931619309";"";"TV_YANGI_YUL"
+ "XAKIMOVA GULCHEHRA YTT";"998946477";"";"TV_CHIRCHIQ"
+ "XAKIMOVA GULCHEXRA  YTT";"998941970483";"";"TV_CHIRCHIQ"
+ "XAKIMOVA MUXAYYO YTT";"+998 (97) 737-61-92";"";"TSH_UCHTEPA"
+ "XAKIMOVA NILUFAR  YTT";"998935732060";"";"TSH_OLMAZOR"
+ "XAKIMOVA RAXIMA  YTT";"998935523556";"";"TV_KIBRAY"
+ "XAKIMOVA SHODIYA  YTT";"998909540";"";"TSH_YASHNABOD"
+ "XAKIMOV AZAMAT  YTT";"+(99) 899-7604";"";"TV_ZANGIOTA"
+ "XAKIMOV AZAMAT  YTT (ERKIN)";"+998958758";"";"TV_ZANGIOTA"
+ "XAKIMOVA ZUXRA  YTT";"998908277738";"";"TSH_BEKTEMIR"
+ "XAKIMOV ERKIN  YTT";"998998888";"";"TSH_SHAYHONTOHUR"
+ "XAKIMOV FARRUX YTT";"+998 (97) 679-54-87";"";"TV_YANGI_YUL"
+ "XAKIMOV KAXRAMON  YTT";"998909953502";"";"TSH_MIRZO_ULUGBE"
+ "XAKIMOV SARDOR YTT";"(99) 894-9379";"";"TV_OLMALIK"
+ "XAKIMOV XOJIMURAD XK";"(99) 897-7589";"";"TSH_CHILONZOR"
+ "XAKIMOV YTT";"998998324";"";"TSH_YUNUSOBOD"
+ "XALIKOV SARDOR SHUXRAT OGLI YTT";"+(99) 893-5363";"";"TSH_YAKKASAROY"
+ "XALIKOV XURSHID  YTT";"+998 17 754 17 00";"";"TV_CHIRCHIQ"
+ "XALILLAYEV ABUBAKR ABDUMAJID OGLI YTT";"998333089";"";"TSH_OLMAZOR"
+ "XALILOVA MADINA  YTT";"998910025244";"";"TV_CHIRCHIQ"
+ "XALILOV ISMOIL  YTT";"998901119212";"";"TSH_MIRZO_ULUGBE"
+ "XALILOV TIMUR  YTT";"+(99) 890-9406";"";"TSH_MIROBOD"
+ "XALILOV XURSHIDJON QUVONDIQOVICH  YTT";"(99) 890-1595";"";"TSH_CHILONZOR"
+ "XALILOV ZAFAR RASHIDOVICH";"+998 (94) 405-21-67";"";"TV_BOKA"
+ "XALIMA MUXABBAT MARKET MCHJ";"99872684540";"";"TV_CHIRCHIQ"
+ "XALIMAXON CRISTAL  MCHJ";"994809290";"";"TSH_CHILONZOR"
+ "XALIMOVA SABOGUL YTT";"+(99) 899-8152";"";"TSH_SERGELI"
+ "XALMATOVA ABEN YATT";"+998 (99) 176-74-74";"";"TV_TOYTEPA"
+ "XALMIRZAYEV ABDULLAY  YTT";"+998 (90) 912-85-99";"";"TV_ANGREN"
+ "XALMIRZAYEV XURSHIDBEK  YTT";"998930007930";"";"TSH_OLMAZOR"
+ "XALMUMINOVA GULSINA YTT";"(99) 894-2645";"";"TV_OHANGARON"
+ "XALQ ISHONCHI OMAD SAVDO MCHJ";"+998 (99) 366-86-76";"";"TV_PISKENT"
+ "XALQ RETAEL -3";"998947770655";"";"TV_ZANGIOTA"
+ "XALQ RETAIL-3";"97 157 19 17";"";"TV_ZANGIOTA"
+ "XALQ RETAIL  MCHJ ( OLMAZOR )";"99847770655";"";"TSH_OLMAZOR"
+ "XAMBABAYEV SHERZOD  YTT";"998901277";"";"TV_CHIRCHIQ"
+ "XAMDAMOVA BUXALCHA  YTT";"+(99) 890-0350";"";"TV_OLMALIK"
+ "XAMDAMOVA NIGORAXON YTT";"99878887737";"";"TSH_OLMAZOR"
+ "XAMDAMOVA YTT";"998900225";"";"TSH_OLMAZOR"
+ "XAMDAMOV BAXODIR BAXTUYOROVICH  YTT";"998933758534";"";"TSH_SHAYHONTOHUR"
+ "XAMDAMOV FARRUX YTT";"998998193236";"";"TV_ZANGIOTA"
+ "XAMID BIZNES  MCHJ";"+(99) 890-9738";"";"TSH_SERGELI"
+ "XAMID BIZNES MCHJ";"+(99) 895-0306";"";"TSH_YAKKASAROY"
+ "XAMIDOV AKBAR  YTT";"+(99) 893-5142";"";"TSH_SERGELI"
+ "XAMIDOVA MARDONA MIRAXMAD QIZI YTT";"(95) 083-0032";"";"TV_ANGREN"
+ "XAMIDOVA NILUFAR MIRAK QIZI";"+998 93 377 52 52";"";"TSH_MIROBOD"
+ "XAMIDOV ULUGBEK YTT";"+998 (94) 663-66-66";"";"TSH_UCHTEPA"
+ "XAMID SAVDO OK";"+998 (90) 336-46-39";"";"TV_PISKENT"
+ "XAMID TURDIXOL BARAKA  MCHJ";"998912101076";"";"TSH_MIRZO_ULUGBE"
+ "XAMITOV JAHONGIR  YTT";"+998 (99) 821-21-82";"";"TV_ZANGIOTA"
+ "XAMKOR";"998776230608";"";"TV_KIBRAY"
+ "XAMRAKULOVA NARGIZA YTT";"(99) 897-6160";"";"TV_OHANGARON"
+ "XAMRAKULOVA SHAXNOZA  YTT";"998770010374";"";"TSH_BEKTEMIR"
+ "XAMRAYEVA INOBAT 2.19";"97203919";"";"TSH_UCHTEPA"
+ "XAMRAYEV NURIDDIN  YTT";"+998900231818";"";"SR_QUYI_CHIRCHIK"
+ "XAMRAYEV TRADE  MCHJ";"998944273137";"";"TSH_YASHNABOD"
+ "XAMRO FARM";"+998 (93) 643-08-68";"";"TV_ANGREN"
+ "XAMROYEV ROVSHAN";"998999801280";"";"TSH_SERGELI"
+ "XAMZA SAVDO MCHJ";"998881257";"";"TSH_YASHNABOD"
+ "XAMZA SAVDO MCHJ-2";"998935759";"";"TSH_BEKTEMIR"
+ "XAMZAYEVA SHAHNOZA YATT";"(99) 894-4105";"";"TV_BOKA"
+ "XAMZAYEV BAXTIYOR YTT";"(99) 894-9154";"";"TV_OHANGARON"
+ "XAMZAYEV SARDORBEK  YTT";"+998950009303";"";"TSH_SERGELI"
+ "XANAZARBEKOVA NAIBAXAN ABRAROVNA";"998903565825";"";"TSH_MIRZO_ULUGBE"
+ "XANIFA MARKET  MCHJ";"998943197722";"";"TSH_YUNUSOBOD"
+ "Xan Suwi";"+998335234747";"";"TSH_CHILONZOR"
+ "[xarita] Amir Temur";"+998901100002";"";""
+ "[xarita] Chilonzor";"+998901100004";"";""
+ "[xarita] Chorsu bozori";"+998901100001";"";""
+ "[xarita] Mirzo Ulug'bek";"+998901100006";"";""
+ "[xarita] Olmazor";"+998901100008";"";""
+ "[xarita] Sergeli";"+998901100005";"";""
+ "[xarita] Yakkasaroy";"+998901100007";"";""
+ "[xarita] Yunusobod";"+998901100003";"";""
+ "XASANBAYEVA DILDORA MIRZAVALIYEVNA";"+998 (99) 537-29-51";"";"TV_TOYTEPA"
+ "XASANBOY BIZNES GROUP MCHJ";"+(99) 894-3635";"";"TV_OLMALIK"
+ "XASANBOY FARMA";"+998 (95) 710-99-44";"";"TSH_YUNUSOBOD"
+ "XASANBOY FARMA";"+998 (95) 710-99-44";"";"TSH_YUNUSOBOD"
+ "XASANBOY XUSANBOY FAYZ BARAKA  OK";"99 798 99 76";"";"TSH_SERGELI"
+ "XASANOVA BARNOXON  YTT";"998335140291";"";"TV_BOSTONLIQ"
+ "XASANOV ABDURASUL YATT";"+998 (90) 809-31-38";"";"TV_TOYTEPA"
+ "XASANOV ABDURAZOQ  YTT";"+998 (97) 156-94-94";"";"TV_ZANGIOTA"
+ "XASANOVA D A";"998908959809";"";"TSH_BEKTEMIR"
+ "XASANOVA MAXMUDA  YTT";"998938120078";"";"TSH_OLMAZOR"
+ "XASANOVA MUXAYYO YTT";"+(99) 894-0798";"";"TV_OHANGARON"
+ "XASANOVA NARGISA RAXIMDJONOVNA YTT";"998977800";"";"TSH_SHAYHONTOHUR"
+ "XASANOV BEGZOD YTT";"+998 (90) 007-44-50";"";"TSH_UCHTEPA"
+ "XASANOV JAVOXIR YTT";"+(99) 890-3265";"";"SR_QUYI_CHIRCHIK"
+ "XASANOV MEGA TRADE";"+998 (90) 809-79-89";"";"TSH_CHILONZOR"
+ "XASANOV NURIDDIN  YTT";"998977037225";"";"TSH_YUNUSOBOD"
+ "XASANOV QUDRATILLA  YTT";"+998978907070";"";"TV_ZANGIOTA"
+ "XASANOV SHOKIRJON  YTT";"+(99) 894-6061";"";"TV_ZANGIOTA"
+ "XASANOV XAKIMJON YTT";"+(99) 897-4042";"";"TSH_SERGELI"
+ "XASAN ULUG MARKET  MCHJ";"+(99) 890-1219";"";"TSH_UCHTEPA"
+ "XASAN XUSAN";"998998329277";"";"TSH_MIRZO_ULUGBE"
+ "XASHIMOVA DILFUZA  YTT";"998909384161";"";"TSH_SHAYHONTOHUR"
+ "XASHIMOVA KAMILA  YTT";"+998 (97) 739-07-90";"";"TV_TUMANI"
+ "XASHIMOVA MASTURA  YTT";"";"";"TSH_CHILONZOR"
+ "XASHIMOVA MUNIRA  YTT";"+998915005569";"";"TSH_SERGELI"
+ "XATAMKULOV IBROXIM  YTT";"998908444552";"";"TSH_UCHTEPA"
+ "XATAM MARKET MCHJ";"998883060290";"";"TV_ZANGIOTA"
+ "XATAMOVA NODIRA KULMAXAMATOVNA";"998909425186";"";"TSH_MIRZO_ULUGBE"
+ "XATAMOVA NODIRA  YTT";"998997901977";"";"TSH_OLMAZOR"
+ "XATAMOVA UMIDA  YTT";"+998 (94) 360-57-67";"";"TV_ANGREN"
+ "XATAMOV AVAZBEK  YTT";"99883305919";"";"TV_TUMANI"
+ "XATAMOVA YTT";"+(99) 894-4253";"";"TSH_MIROBOD"
+ "XATIMATOVA NOZIMA  YTT";"998974243523";"";"TV_CHIRCHIQ"
+ "XATIRCHI MUSAFFO MARKET MCHJ";"+(99) 894-5315";"";"TSH_YANGIXAYOT"
+ "XAYDARALIYEV ROVSHAN YTT";"+998 (90) 117-90-17";"";"TSH_UCHTEPA"
+ "XAYDAROVA NILUFAR YTT";"+(99) 890-3323";"";"TV_OHANGARON"
+ "XAYDAROVA SANOBAR YATT";"+998 (99) 409-72-70";"";"TV_PISKENT"
+ "XAYDAROV ISLOM ABDUVALIYEVICH  YTT";"(99) 899-4110";"";"TV_OLMALIK"
+ "XAYDAROV ISMATILLO J YTT";"+(99) 894-0666";"";"TSH_YANGIXAYOT"
+ "XAYDAROV MARUFJON  YTT";"+(99) 897-7169";"";"TSH_UCHTEPA"
+ "XAYDAROV NODIR NASRILLAYEVICH  YTT";"+(99) 897-4548";"";"TSH_CHILONZOR"
+ "XAYDAROV NODIR  YTT";"998973885700";"";"TSH_YASHNABOD"
+ "XAYITBOY BEST BUSIINESS MCHJ";"998997221377";"";"TV_CHIRCHIQ"
+ "XAYITBOYEV M K";"+998911350440";"";"TSH_CHILONZOR"
+ "XAYITMATOVA XAKIMAXON YTT";"+998 (33) 159-27-86";"";"TSH_YAKKASAROY"
+ "XAYITOVA NARGIZA YTT";"";"";"TSH_MIROBOD"
+ "XAYITOV BAXROMJON  YTT";"+998 (99) 887-34-55";"";"TV_TOYTEPA"
+ "XAYNAZAROVA RANO   YTT";"998977260276";"";"TV_CHIRCHIQ"
+ "XAYOT BARAKA MCHJ";"(99) 850-0751";"";"TV_OHANGARON"
+ "XAYOTOV DONIYOR  YTT";"+(99) 894-6065";"";"TSH_SERGELI"
+ "XAYRABOD MCHJ";"(99) 893-5049";"";"TSH_CHILONZOR"
+ "XAYRIDDINOV JAMOLIDDIN  YTT";"998935307741";"";"TV_TUMANI"
+ "XAYRIDDINOV MUXRIDDIN  YTT";"998917945";"";"TSH_YASHNABOD"
+ "XAYRUDINOVA SHAXNOZA  YTT";"998977806";"";"TV_CHIRCHIQ"
+ "XAYRULAYEV JASURBEK XK";"+(99) 893-0378";"";"TSH_CHILONZOR"
+ "XAYRULLA  MCHJ";"998993564604";"";"TV_TUMANI"
+ "XAYRULLO FARM SHIFO";"998998278124";"";"TV_PARKENT"
+ "XAYRULLO MUHAMMADAMIR  YTT";"+998993000309";"";"TSH_CHILONZOR"
+ "XAYTALIYEVA YTT";"+998 (94) 641-15-25";"";"TV_OHANGARON"
+ "XAYTALIYEV AZIZ  YTT";"+998 (90) 958-64-46";"";"SR_QUYI_CHIRCHIK"
+ "XAYTALIYEV ULUGBEK YTT";"+998 (91) 670-80-80";"";"TV_PARKENT"
+ "XAYTBOYEVA GULHAYO   YTT";"998911906";"";"TV_CHIRCHIQ"
+ "XAYTEKOV ATABEK  YTT";"998973566";"";"TV_CHIRCHIQ"
+ "XAYTMEROVA RAXIMA  YTT";"998909418";"";"TSH_YASHNABOD"
+ "XAYTMETOV TOXIR YTT";"99875485535";"";"TV_CHIRCHIQ"
+ "XAZRAT PHARM";"+998 (93) 851-96-00";"";"TSH_CHILONZOR"
+ "XEBS COMERSAND 2022";"998903262202";"";"TSH_OLMAZOR"
+ "X FIVE OK";"+998 (88) 034-64-64";"";"TV_PARKENT"
+ "XF LATIFBEK XOJI";"998935120210";"";"TSH_SHAYHONTOHUR"
+ "XIDAYATOV GOFIRJON MAXKAMBAYEVICH  YTT";"998935231414";"";"TV_TUMANI"
+ "XIDAYATOV ISLOMJON AXMATOVICH YTT";"+(99) 899-1225";"";"TSH_SHAYHONTOHUR"
+ "XIDIROVA ZULFIZAR MIRZAXMATOVNA";"+998 (90) 039-77-44";"";"TSH_CHILONZOR"
+ "XIDIROV JAXONGIR ISMATULLAYEVICH  MCHJ";"+(99) 899-7981";"";"TSH_UCHTEPA"
+ "XIDIROV LUTFULLA  YTT";"99837422212";"";"TV_KIBRAY"
+ "XIKMATILLA JAVOXIR  OK";"99835647888";"";"TV_BOSTONLIQ"
+ "XIKMATOVA SAODAT AXMADJANOVNA  YTT";"998888886385";"";"TV_TUMANI"
+ "XIKMATULLAYEV SHERZOD  YTT";"998977743123";"";"TV_TUMANI"
+ "XILOLA GOIBNAZAROVA YTT";"+998 (94) 949-40-40";"";"TV_PARKENT"
+ "XILOLA XALOL TIJORAT  XK";"998956567";"";"TV_KIBRAY"
+ "XILOLA   XK";"+998 (99) 127-61-18";"";"TV_ZANGIOTA"
+ "XILOLIDDINOVA MALIKA  YTT";"9989543264";"";"TV_TUMANI"
+ "Ximayova Gulbahor";"+998939941563";"";"TSH_SERGELI"
+ "XIMOYATOV BAXTIYOR  YTT";"(99) 890-1106";"";"TSH_CHILONZOR"
+ "XISROVIDDIN FARM  XK";"998908113681";"";"TV_BOSTONLIQ"
+ "XIZIR SAVDO";"+998 (71) 251-60-22";"";"TSH_SERGELI"
+ "XK EHTROM SAVDO";"(99) 899-7223";"";"TV_OLMALIK"
+ "XK JASUR VISOLA";"(99) 894-0640";"";"TV_OLMALIK"
+ "XK YOLDOSHEV GROUP";"+998 (99) 827-81-18";"";"TSH_SHAYHONTOHUR"
+ "XLEB SOL YTT";"+(99) 897-9508";"";"TSH_YAKKASAROY"
+ "XODAMIR INVES";"+998 (95) 366-00-66";"";"TV_YANGI_YUL"
+ "XODJAEV SARVAR XAYRULLO O'GLI";"998906662345";"";"TV_OLMALIK"
+ "XODJAYEV SAIDUMAR  YTT";"998998556363";"";"TSH_SHAYHONTOHUR"
+ "XODJEXONOVA DURDONA  YTT";"998771140442";"";"TSH_SHAYHONTOHUR"
+ "XODJIYEV DONIYOR";"998909606665";"";"TSH_BEKTEMIR"
+ "XODJIYEV DONIYOR";"998909606665";"";"TSH_BEKTEMIR"
+ "XODJIYEV TULKIN IRGASHEVICH  YTT";"998900498989";"";"TV_KIBRAY"
+ "XOJABAYEVA GULRUX RUSTAMOVNA  YTT";"998902570999";"";"TSH_MIRZO_ULUGBE"
+ "XOJA INFO MCHJ";"+(99) 897-7327";"";"TSH_YAKKASAROY"
+ "XOJAKENT FAYZ OK";"998995396";"";"TV_BOSTONLIQ"
+ "XO'JAMQULOVA FERUZA  YTT";"+(33) 410-2102";"";"TSH_YANGIXAYOT"
+ "XOJAMURODOV SANJAR   YTT";"998993005";"";"TV_CHIRCHIQ"
+ "XOJANOZAROVA GULBADAN GANISHER";"998994580022";"";"TSH_MIRZO_ULUGBE"
+ "XOJAQORGON OMAD MARKET OK";"998974627";"";"TV_KIBRAY"
+ "XOJIBEKOV ABDULATIF  YTT";"(99) 898-3031";"";"SR_QUYI_CHIRCHIK"
+ "XOJIEVA XURSHIDA JUMAMURODOVNA YTT";"+998935444";"";"TSH_YANGIXAYOT"
+ "XOJIMATOVA KARIMOVA XK";"+(99) 890-3221";"";"TSH_MIROBOD"
+ "XOJIMURATOV XABIBULLO  YTT";"998990121211";"";"TV_KIBRAY"
+ "XOJIMURODOV BEGZOD  YTT";"+(99) 899-9888";"";"TSH_MIROBOD"
+ "XOJIMURODOV XOJAKBAR AKMALOVICH";"+998 (93) 113-08-38";"";"TSH_SERGELI"
+ "XOJIYEVA DILFUZA ERGASHEVNA  YTT";"+(99) 893-5939";"";"TSH_SERGELI"
+ "XOJLYEV MARKET PRO MCHJ";"998977256";"";"TSH_YUNUSOBOD"
+ "XOLBAYEV BUSIN ABSAMATOVICH";"+94 631 10 21";"";"TV_OLMALIK"
+ "XOLBEKOV DILSHODBEK  YTT";"95 433 08 22";"";"TSH_SERGELI"
+ "XOLBOBOYEV FAZLIDDIN XAZRATKULOVIC";"998998977";"";"TSH_MIRZO_ULUGBE"
+ "XOLBOYAYEV ABDULVOSIT JUMANQUL OGLI";"+998 (97) 735-99-07";"";"TV_TOYTEPA"
+ "XOLBOYEVA DILAFRUZ  YTT";"+998 (91) 001-32-36";"";"TV_ANGREN"
+ "XOLDORXONOV SAMANDARXON YATT";"+998 (94) 215-70-80";"";"TV_PISKENT"
+ "XOLIDA MARKET XK";"998977545780";"";"TSH_YUNUSOBOD"
+ "XOLIQJONOV SOBIRJON OBIDJON OGLI YTT";"+998 (99) 464-43-73";"";"TSH_SHAYHONTOHUR"
+ "XOLIQOV DILMUROD  YTT";"+998 (98) 454-94-54";"";"TV_ZANGIOTA"
+ "XOLIQULOVA DILAFRUZ";"+998 (99) 803-30-99";"";"SR_QUYI_CHIRCHIK"
+ "XOLISOV ABDULAZIZXUJA  YTT";"+998 (99) 936-95-19";"";"TV_ANGREN"
+ "XOLMADJON BAHTIYOR FAYZ  OK";"+998 (97) 512-42-13";"";"TV_YANGI_YUL"
+ "XOLMATOVA DILOBAR  YTT";"+998 (94) 362-68-16";"";"TV_ANGREN"
+ "XOLMATOV OTABEK  YTT";"+(99) 897-7800";"";"TV_ZANGIOTA"
+ "XOLMATOV RAMIZDDIN";"+998935129335";"";"TSH_SHAYHONTOHUR"
+ "XOLMAXMATOVA ZILOLAXON ERKINJON QIZI  YTT";"+(99) 890-9666";"";"TSH_SERGELI"
+ "XOLMETOV DONIYOR BOXODIR OGLI YTT";"+(99) 893-5030";"";"TSH_YAKKASAROY"
+ "XOLMOMINOV DILSHOD YTT";"+998 (90) 931-80-05";"";"SR_QUYI_CHIRCHIK"
+ "XOLMORZAYEV SANJAR YTT";"+998 (33) 512-10-40";"";"TV_YANGI_YUL"
+ "XOLMUHAMMAD FAYZ";"+998 (90) 333-37-24";"";"TSH_SERGELI"
+ "XOLMUMINOV ADXAMJON YTT";"9980854441";"";"TSH_MIRZO_ULUGBE"
+ "XOLMUMINOVA ORZUGUL  YTT";"998938128058";"";"TSH_YUNUSOBOD"
+ "XOLMUXAMEDOV MUROD YTT";"979424042";"";"TSH_CHILONZOR"
+ "XOLOVA NAVRUZXON   YTT";"998917761";"";"TV_CHIRCHIQ"
+ "XOLOV NURBEK  YTT";"+998 (99) 880-39-88";"";"TV_PARKENT"
+ "XOLXODJAYEVA MALOHAT  YTT";"+998880076016";"";"TV_ZANGIOTA"
+ "XOLXOJAYEVA OGILOY  YTT";"+998998567926";"";"TV_ZANGIOTA"
+ "XOLXOJAYEV NURMUXAMAD  YTT";"+998990074657";"";"TV_ZANGIOTA"
+ "XOME MARKET  XK";"(99) 888-6584";"";"TV_ORTA_CHIRCHIK"
+ "XOMIDOV SADRIDDIN XALILOVICH YTT";"+998998227751";"";"TSH_SERGELI"
+ "XON ARIK BIZNES MCHJ";"998944148";"";"TV_CHIRCHIQ"
+ "XON ARIQ PARGOS  MCHJ";"998973452";"";"TV_BOSTONLIQ"
+ "XON ATLAS M.T";"+998993261375";"";"TSH_MIRZO_ULUGBE"
+ "XONAZAROV ALISHER";"998909331525";"";"TSH_CHILONZOR"
+ "XONDAMIR BEST FARM";"+998 (70) 606-00-06";"";"TV_YANGI_YUL"
+ "XON ESTET GROUP  OK";"+90 910 88 44";"";"TSH_SERGELI"
+ "XONOBOD BOBURMIRZO OK";"998901364148";"";"TV_OHANGARON"
+ "XONTORAYEV MUZRAFXON  YTT";"998950554141";"";"TV_TUMANI"
+ "XONZODABEGIM XOJAMBEK FARM";"998941751113";"";"TV_PISKENT"
+ "Xorazm Baliq Chavandoz";"+998877113456";"";"TSH_UCHTEPA"
+ "XORUN OTA  MCHJ";"+998946423434";"";"TSH_SHAYHONTOHUR"
+ "XOSHIMOVA MAMURA YTT";"+998 (99) 640-88-78";"";"TV_YANGI_YUL"
+ "XOSHIMOVA MAXBUBAXON  YTT";"+998 (93) 509-17-79";"";"TV_ANGREN"
+ "XOSHIMOVA SOXIBA YTT";"998940402239";"";"TV_OHANGARON"
+ "XOSHIMOV DONIYOR  YTT";"998998296149";"";"TV_TUMANI"
+ "XO'SHNAZAROVA SAYYORA YTT";"99 628 04 93";"";"TSH_YUNUSOBOD"
+ "XOSILOV MUXIDDIN  YTT";"+998977198484";"";"SR_QUYI_CHIRCHIK"
+ "XOSIYAT RAXMANOVA QAXXAROVNA YTT";"+(99) 899-7638";"";"TSH_UCHTEPA"
+ "XOSIYAT SHIFO";"+998 (99) 869-18-78";"";"SR_QUYI_CHIRCHIK"
+ "XOSTES FEMILIY MCHJ";"+998 (91) 014-00-84";"";"SR_QUYI_CHIRCHIK"
+ "XOTAMOVA NIGORA YTT";"(99) 891-0122";"";"TSH_CHILONZOR"
+ "XOTAMOV SHAMS TREDE YTT";"+(99) 894-6661";"";"TSH_YAKKASAROY"
+ "XOTAMZIYO OK";"(99) 897-0354";"";"TV_ORTA_CHIRCHIK"
+ "XUDAYBERDIYEVA KAMOLA  YTT";"998944042302";"";"TV_KIBRAY"
+ "XUDAYBERDIYEVA MATLUBA MUXAMMAD QIZI";"+998 (94) 215-90-90";"";"SR_QUYI_CHIRCHIK"
+ "XUDDIYEVA SHOIRA  YTT";"998930810040";"";"TV_YANGI_YUL"
+ "XUDEYBERGENOV ZAFAR SAGDULLAYEVICH YTT";"+998 (93) 566-04-36";"";"TV_PARKENT"
+ "XUDOYBERDIYEVA BAXTIGUL EGAMBERDIYEVNA";"(95) 419-14-91";"";"SR_QUYI_CHIRCHIK"
+ "XUDOYBERDIYEVA DILOVOZ YTT";"+998 (97) 648-4";"";"TV_YANGI_YUL"
+ "XUDOYBERDIYEVA GAVXAR YTT";"998932446779";"";"TV_OHANGARON"
+ "XUDOYBERDIYEV ALOVIDDIN  YTT";"998940388844";"";"TSH_YASHNABOD"
+ "XUDOYBERDIYEV DONIYOR  YTT";"(94) 403-1659";"";"TV_PISKENT"
+ "XUDOYBERDIYEV XUSANBOY  YTT";"+(99) 890-9787";"";"TSH_MIROBOD"
+ "XUDOYBERGAN BEGMAT BIZNES  OK";"998998044";"";"TV_KIBRAY"
+ "XUDOYBERGANOV ABDUMOMIN";"998998632557";"";"TV_KIBRAY"
+ "XUDOYBERGANOVA ZARINA YTT";"998901677";"";"TV_CHIRCHIQ"
+ "XUDOYBERGANOV IZATILLA  YTT";"998977659";"";"TV_KIBRAY"
+ "XUDOYBERGENOVA NODIRA YTT";"+998 (88) 546-60-60";"";"TV_CHIRCHIQ"
+ "XUDOYBOKOVA FARIDA YTT";"998998221030";"";"TV_OHANGARON"
+ "XUDOYBOQOVA ADIBA BAXTIYOROVNA";"+998 (94) 945-90-69";"";"TV_OHANGARON"
+ "XUDOYNAZAROV DOSTON SATTOR OGLI  YTT";"998901396060";"";"TSH_MIRZO_ULUGBE"
+ "XUDOYOR IZZAT MCHJ";"998881586262";"";"TSH_YUNUSOBOD"
+ "XULKAR SOBIROVA";"+998 (99) 866-88-24";"";"TSH_CHILONZOR"
+ "XUMO MARKET";"998939532056";"";"TV_CHIRCHIQ"
+ "XUMORA BIZNES OMAD";"+998 (99) 200-47-54";"";"TV_OLMALIK"
+ "XUMORA-BIZNES-OMAD";"+998 (93) 991-12-85";"";"TV_OLMALIK"
+ "XUMORA SAVDO  MCHJ-3";"998971172221";"";"TV_TUMANI"
+ "XUMORA SAVDO  XK";"+998990001815";"";"TSH_YUNUSOBOD"
+ "XUMORA SAVDO  XK-2";"998998526";"";"TSH_YUNUSOBOD"
+ "XUMOR BIZNES SAVDO";"+998 (90) 932-05-08";"";"TV_TOYTEPA"
+ "XUMOYUNBEK BIZNES TRADE  MCHJ";"+(99) 891-4067";"";"TSH_SERGELI"
+ "XUMOYUN FIRDAVS YASMINA MCHJ";"998944980001";"";"TV_KIBRAY"
+ "XURIYATXON XOLA OK";"(99) 899-6043";"";"TV_OHANGARON"
+ "XURRAM BOBO DOKONI  MCHJ";"+(99) 890-0173";"";"TSH_UCHTEPA"
+ "XURRAMOVA NILUFAR  YTT";"+(99) 878-7854";"";"TSH_SERGELI"
+ "XURRAMOVA SABINAXON  YTT";"+998 (94) 410-83-21";"";"TV_ANGREN"
+ "XURRAMOV ISLOMJON";"998948805151";"";"TSH_BEKTEMIR"
+ "XURRAMOV ISLOMJON  YTT";"998501222299";"";"TSH_BEKTEMIR"
+ "XURSHID BARAKA SAVDO MCHJ";"+(99) 899-8008";"";"TSH_CHILONZOR"
+ "XURSHID DILSHOD SAVDO OK";"+998 (90) 933-01-31";"";"TV_TOYTEPA"
+ "XURSHID OBIDOV MIRAZIZ OGLI YTT";"998930012";"";"TSH_SHAYHONTOHUR"
+ "XURSHID SAVDO  OK";"998900099654";"";"TSH_BEKTEMIR"
+ "XURSONIY 55555 OK";"+998 (93) 527-07-15";"";"TSH_UCHTEPA"
+ "XUSANBOY HAMROZBEK  MCHJ";"998978805";"";"TV_KIBRAY"
+ "XUSAN CHINOBOD SAVDO MCHJ";"998946044";"";"TSH_YUNUSOBOD"
+ "XUSANHODJAEV JAHONGIR";"998909538866";"";"TSH_CHILONZOR"
+ "XUSANOVA DILBAR MIRXAMIDOVNA  YTT";"998977305552";"";"TV_TUMANI"
+ "XUSANOVA ETIBOR  YTT";"+(99) 899-7470";"";"TSH_SERGELI"
+ "XUSANOV DAVRON YTT";"+998 (94) 413-94-24";"";"TV_YANGI_YUL"
+ "XUSANOV GULAM";"+998 (90) 396-81-87";"";"SR_QUYI_CHIRCHIK"
+ "XUSANOV OTABEK YATT";"+998 (97) 014-06-36";"";"TV_TOYTEPA"
+ "XUSHMURODOVA NURBIBI KELDIYOR QIZI";"+93 301 28 24";"";"TV_OHANGARON"
+ "XUSHNUDBEK AMIRXON BUSNES";"+998 (88) 188-88-68";"";"TSH_CHILONZOR"
+ "XUSHNUD PROJECT MCHJ";"998935704646";"";"TSH_MIRZO_ULUGBE"
+ "XUSHVAKTOVA XABIBA ERGASHOVNA";"998901754784";"";"TSH_MIRZO_ULUGBE"
+ "XUSMANSAR  XK";"+(99) 897-1388";"";"TSH_SERGELI"
+ "XUSNIDDINOV QUTBIDDIN  YTT";"99 883 03 04";"";"TV_PARKENT"
+ "XUSNIDDINOV XUSAN ABROROV YTT";"+998 (94) 666-24-71";"";"TSH_UCHTEPA"
+ "XUSNI ZUXRI MCHJ";"+(99) 893-1022";"";"TSH_MIROBOD"
+ "XUSNORA BONU GOLD";"+998 (99) 306-81-23";"";"TV_OHANGARON"
+ "XUSNORAXON FAYZ  XK";"+998 (94) 215-25-75";"";"TV_ANGREN"
+ "XUSNUDDINOV MUHAMMADIYOR  YTT (OPTOM)";"998996505868";"";"TSH_YUNUSOBOD"
+ "YADGOROV DILSHOD  YTT";"998977782750";"";"TSH_SHAYHONTOHUR"
+ "YAGONA EZOZA  MCHJ";"(99) 899-6662";"";"TSH_CHILONZOR"
+ "YAGONA ISHOHCH MCHJ";"998998777";"";"TSH_YUNUSOBOD"
+ "YAHYO GRAND MCHJ";"+99 848 10 99";"";"TV_PARKENT"
+ "YAKKASAROY DORI";"+998 (97) 002-63-60";"";"TSH_YAKKASAROY"
+ "YAKKA TADBIRKOR ALOVKHAN";"998909108489";"";"TSH_YASHNABOD"
+ "YAKUBJANOV ADXAMJON  YTT";"+97 018 84 64";"";"TV_YANGI_YUL"
+ "YAKUBOV A A YTT";"998933884";"";"TSH_MIRZO_ULUGBE"
+ "YAKUBOVA GULNORA YTT";"+(99) 894-6118";"";"TSH_CHILONZOR"
+ "YAKUBOVA SAIDA MIRZABAYEVNA  YATT";"998944567812";"";"TSH_OLMAZOR"
+ "YAKUBOV ISLOM YTT";"(99) 895-0817";"";"TV_OHANGARON"
+ "YAKUBOV MIRTOLIB  YTT";"+998 (93) 529-48-68";"";"TV_ZANGIOTA"
+ "Yamin Baliq";"+998909727111";"";"TSH_UCHTEPA"
+ "Yamin Baliq Sergili";"+998951510100";"";"TSH_SERGELI"
+ "YAMINOV A. A  YTT";"998555022083";"";"TSH_OLMAZOR"
+ "YANA TRADE  MCHJ";"998996936923";"";"TSH_MIRZO_ULUGBE"
+ "Yandex lavka";"";"";"TSH_YANGIXAYOT"
+ "YANGI ARIQ MARKET";"+998 (93) 386-96-27";"";"TSH_YUNUSOBOD"
+ "YANGI ARIQ MARKET MCHJ";"+998 (93) 386-96-27";"";"TSH_YUNUSOBOD"
+ "YANGI ARIQ MCHJ";"+998933869627";"";"TSH_YUNUSOBOD"
+ "YANGI BOYLAR MARKETI-2  MCHJ";"998908080499";"";"TSH_SERGELI"
+ "YANGI BOYLAR MARKETI MCHJ";"+(99) 890-8080";"";"TSH_SERGELI"
+ "YANGI OMMOG'ON  MCHJ";"936950858";"";"TSH_SERGELI"
+ "YANGI SAID OMAD  MCHJ";"+998 (95) 847-77-70";"";"TSH_SHAYHONTOHUR"
+ "YANGI SUGUT MARKET 777  MCHJ";"+(99) 893-6201";"";"TSH_UCHTEPA"
+ "YANGIYER TRADE  MCHJ";"+(93) 430-0870";"";"TSH_CHILONZOR"
+ "YANGIYOL BAHOLASH";"+998 (97) 722-02-20";"";"TSH_CHILONZOR"
+ "YANGIYOL SHAHAR SAVDO  MCHJ";"+(99) 890-9257";"";"TV_YANGI_YUL"
+ "YARASHEVA ROZA  YTT";"998945099";"";"TSH_YUNUSOBOD"
+ "YARKO BARAKA MART  OK";"+998930005888";"";"TV_ZANGIOTA"
+ "YARMATOVA NASIBJON  YTT";"998976161";"";"TV_CHIRCHIQ"
+ "YASHASIN BOZORCHA  MCHJ";"998990904";"";"TSH_OLMAZOR"
+ "YASHASIN BOZORCHA  MCHJ-2";"9983753394";"";"TSH_YUNUSOBOD"
+ "YASHASIN BOZORCHA  MCHJ-3";"+998331350";"";"TSH_UCHTEPA"
+ "YASHINOVICH PHARM";"+998 (90) 000-99-20";"";"TSH_YUNUSOBOD"
+ "YASINA ELIT FARM";"+998 (91) 310-75-76";"";"TV_YANGI_YUL"
+ "YASIRA BOOK  MCHJ";"(99) 899-6599";"";"TSH_CHILONZOR"
+ "Yasmina Amirxon Baraka OK";"+998903166414";"";"TSH_YANGIXAYOT"
+ "YASMINA AMIRXON BARAKA  OK";"+998 (99) 888-88-25";"";"TSH_SERGELI"
+ "YASMINA FARM TRED";"+998 (90) 125-59-90";"";"TSH_YAKKASAROY"
+ "YASMINA MOHIZAR MCHJ";"+998 (93) 562-88-33";"";"TSH_UCHTEPA"
+ "YASMINA PLYUS PHARM  MCHJ";"+998 (97) 618-18-10";"";"TV_PARKENT"
+ "YASMIN GOLD MCHJ";"+998943864959";"";"TSH_SHAYHONTOHUR"
+ "YASMIN MARKET  MCHJ";"(94) 044-0089";"";"TV_ANGREN"
+ "YASMIN PHARM MCHJ";"(99) 894-6694";"";"TSH_MIRZO_ULUGBE"
+ "YATT BEGMATOVA AZIZA";"+998 (95) 006-88-50";"";"TV_PISKENT"
+ "YATT DJORAYEV";"+998 (93) 507-77-00";"";"TSH_YUNUSOBOD"
+ "YATT EGAMQULOVA DILOBAR";"+998 (97) 537-11-97";"";"TV_TOYTEPA"
+ "YATT FAYZIYEV FARRUX";"+998 (97) 609-71-83";"";"TV_BOKA"
+ "YATT ILHOMJONOV ISLOMBEK";"+998 (90) 320-40-10";"";"TV_TOYTEPA"
+ "YATT SHODIYEV ABDUMUTAL";"+998 (99) 228-38-83";"";"TV_PISKENT"
+ "YATT TOGAYEV ALISHER AZIMOVICH";"998900104206";"";"TSH_BEKTEMIR"
+ "YATT TOGAYEV ALISHER AZIMOVICH";"998900104206";"";"TSH_BEKTEMIR"
+ "YATT TURSUNOVA MUATTAR";"+998 (99) 923-35-94";"";"TV_PISKENT"
+ "YATT XIDIROV AKMAL AVAZDJANOVICH";"+998 (98) 123-94-99";"";"TSH_UCHTEPA"
+ "YAVQOSHTIYEV OLMAS YULDOSHEVICH YTT";"998977009";"";"TSH_BEKTEMIR"
+ "YAXSHIBOYEVA UMIDA   YTT";"998917781";"";"TV_CHIRCHIQ"
+ "YAXSHI SHOP  MCHJ";"998933541611";"";"TSH_SERGELI"
+ "YAXYO FARM MEDICAL";"+998 (99) 776-99-77";"";"TSH_YUNUSOBOD"
+ "YAXYOYEV SANJAR";"+998 (97) 450-85-58";"";"SR_QUYI_CHIRCHIK"
+ "YBB SAVDO OK";"998998659119";"";"TSH_YUNUSOBOD"
+ "YELAMAN  OK";"(99) 894-5668";"";"TV_ORTA_CHIRCHIK"
+ "YERGASHEVA ALBINISO   YTT";"998917777";"";"TV_CHIRCHIQ"
+ "YERMEKBAYEVA GULCHEHRA DJAKSIBEKOVNA";"+998 (90) 928-13-45";"";"TV_TOYTEPA"
+ "YESHMATOVA GULJAN  YTT";"+998998874388";"";"TV_PARKENT"
+ "YEVRA FARM MEDIKAL";"+998 (88) 708-03-08";"";"TSH_YUNUSOBOD"
+ "YIGIRMA TORT  MCHJ";"+(91) 409-2495";"";"TSH_YAKKASAROY"
+ "YNUSBEK BIZNES";"998884888388";"";"TSH_MIRZO_ULUGBE"
+ "YODGOROV SHAVKAT  YTT";"998900931990";"";"TSH_BEKTEMIR"
+ "YODGOR  YTT";"99848777718";"";"TSH_SHAYHONTOHUR"
+ "YOD ZELENKA DISTRIBUTION  MCHJ";"998900383800";"";"TSH_OLMAZOR"
+ "YOLCHIYEV OLIMJON  YTT";"+998977479891";"";"TSH_BEKTEMIR"
+ "YOLDASHEV SARDORBEK YTT";"+998997873";"";"TV_OHANGARON"
+ "YOLDASHEV TURGUN  YTT";"998997966021";"";"TSH_YASHNABOD"
+ "YOLDASH OTA DOKONI  MCHJ";"998931096416";"";"TV_CHIRCHIQ"
+ "YOLDOSHEV ABBOSBEK JORABEK OGLI  YTT";"998936092314";"";"TV_TUMANI"
+ "YOLDOSHEVA DILAFRUZ  YTT";"+998 90 346 55 06";"";"SR_QUYI_CHIRCHIK"
+ "YOLDOSHEV BOBUR  YTT";"";"";"TSH_CHILONZOR"
+ "YOLDOSHEV UMID YATT";"+(99) 890-3740";"";"TV_BOKA"
+ "YO'LDOSHEV XOJIAKBAR TOXIROVICH YTT";"998790174";"";"TSH_OLMAZOR"
+ "YOLDOSHOVA YATT";"+998 (93) 460-20-43";"";"TV_PARKENT"
+ "YOMANOVA MAVJUDA  YTT";"998931026882";"";"TV_CHIRCHIQ"
+ "YOMONKULOVA MUKARRAMAOY YTT";"+(99) 893-1359";"";"TSH_SERGELI"
+ "YONARIQ NIHOL MARKET  MCHJ";"998946540";"";"TV_KIBRAY"
+ "YOQUBOVA OLTINOY YTT";"+998 (93) 944-69-77";"";"TV_OHANGARON"
+ "YOQUTHON FARM";"+998 (71) 298-13-69";"";"TSH_YASHNABOD"
+ "YORQIN BEST BIZNES MCHJ";"+998 (90) 793-11-51";"";"TV_PARKENT"
+ "YORQIN ERKIN BARAKA  MCHJ";"+998 (90) 034-38-24";"";"TV_ZANGIOTA"
+ "YORQIN HAYOT BUSINESS MCHJ";"(99) 899-2721";"";"TSH_YANGIXAYOT"
+ "YORQIN TIJORAT XIZMATI  MCHJ";"998934546162";"";"TSH_MIRZO_ULUGBE"
+ "YOSHLAR OBOD FAYZ OK";"+998 (93) 763-06-49";"";"TV_PARKENT"
+ "YOU-AND-ME";"+998 (95) 679-99-99";"";"TSH_BEKTEMIR"
+ "YTTABDIRAXMONOV A";"+(99) 891-3231";"";"TV_ORTA_CHIRCHIK"
+ "YTTABDIRAXMONOVA M I";"+(99) 899-8909";"";"TV_ORTA_CHIRCHIK"
+ "YTT ABDUANIYEV AZAMAT ANVAR OGLI";"998946755600";"";"TSH_SHAYHONTOHUR"
+ "YTT ABDULLAEV YUSUF DJUMAEVICH";"998993335553";"";"TSH_YASHNABOD"
+ "YTTABDULLAYEVA M A";"998935988";"";"TV_ORTA_CHIRCHIK"
+ "YTTABDURAXMONOV A A";"998913231719";"";"TSH_BEKTEMIR"
+ "YTT AHMEDOV DONIYOR";"998974809901";"";"TSH_SHAYHONTOHUR"
+ "YTT AHROLOV SHAXZOD";"+998 (99) 833-76-68";"";"TSH_YUNUSOBOD"
+ "YTTALISHEROVA GULCHEXRA";"(99) 899-8162";"";"TSH_CHILONZOR"
+ "YTT ARIPOV ZUHRIDDIN MURODJONOVICH";"+998889988999";"";"TSH_SHAYHONTOHUR"
+ "YTTASHRBAYEV B B";"998951510";"";"TV_ORTA_CHIRCHIK"
+ "YTTAXMEDJONOV A M";"998998386";"";"TSH_BEKTEMIR"
+ "YTT AXMEDOVA DURDONA";"+998 (94) 669-98-02";"";"TSH_BEKTEMIR"
+ "YTTAXMEDOV X SH";"998917749191";"";"TSH_BEKTEMIR"
+ "YTTAZIMOVA X D";"+(99) 897-7079";"";"TSH_CHILONZOR"
+ "YTT AZIZOVA DILNOZAXON ULUBEK QIZI";"998911096144";"";"TSH_SHAYHONTOHUR"
+ "YTT BABARAUSHANOVA FERUZA";"998991905";"";"TSH_BEKTEMIR"
+ "YTT BAZAROVA MARXABO";"+998 (88) 125-33-99";"";"TV_ORTA_CHIRCHIK"
+ "YTTBERDIYEVA Z O";"+(99) 899-9221";"";"TV_ORTA_CHIRCHIK"
+ "YTTBESHIMOVA SH H";"998996131873";"";"TSH_CHILONZOR"
+ "YTTBESHIMOVA SH H";"+998 (99) 613-18-73";"";"TSH_CHILONZOR"
+ "YTTBOBAYEVA S M";"998881091";"";"TV_ORTA_CHIRCHIK"
+ "YTTBOBOMURODOVA B Q";"998998946";"";"TV_ORTA_CHIRCHIK"
+ "YTT BOTIROV JAFAR";"+998 (90) 976-45-48";"";"TSH_CHILONZOR"
+ "YTTERGASHEV O";"+998 (90) 978-66-72";"";"TSH_MIROBOD"
+ "YTT ESHINXOJAYEV SARDORXOJA SULTONXOJA OGLI";"998999394650";"";"TSH_SHAYHONTOHUR"
+ "YTT ESHMATOV P X";"+998901770095";"";"TSH_CHILONZOR"
+ "YTTESHMURODOVA G U";"998936266252";"";"TSH_MIROBOD"
+ "YTTESHMURODOVA G U";"+998 (93) 626-62-52";"";"TSH_MIROBOD"
+ "YTT FABARISOVA NAILYA RASHIDOVNA";"+(99) 894-6409";"";"TV_OLMALIK"
+ "YTT GAFUROV JAMOLIDDIN";"+(99) 897-4114";"";"TSH_SERGELI"
+ "YTT ILYOSOV";"+998 (94) 680-89-05";"";"TSH_CHILONZOR"
+ "YTT ISMATULLAYEVA M S";"998933939620";"";"TSH_SHAYHONTOHUR"
+ "YTTJABBOROV I X";"998910066";"";"TSH_CHILONZOR"
+ "YTTJORAYEV M A";"998909889";"";"TSH_BEKTEMIR"
+ "YTTJUMAYOVA SHOYIRA";"998946180874";"";"TSH_CHILONZOR"
+ "YTTJUMAYOVA SHOYIRA";"(99) 894-6180";"";"TSH_CHILONZOR"
+ "YTT KAMOLOV 360 DOKON";"+998900526770";"";"TSH_CHILONZOR"
+ "YTTKENJAYEV E X";"998909838358";"";"TSH_BEKTEMIR"
+ "YTT KOMOLOV";"+998951011771";"";"TSH_CHILONZOR"
+ "YTT KORAYEV";"+998974612655";"";"TSH_UCHTEPA"
+ "YTTMAJIDOV ILXOM";"+998 (90) 966-15-26";"";"TSH_MIROBOD"
+ "YTTMAMADALIYEVA M T";"+998990308";"";"TV_ORTA_CHIRCHIK"
+ "YTT MAXAMMADJANOV JAVLON";"+998 (99) 816-02-27";"";"TV_ORTA_CHIRCHIK"
+ "YTT MAXMUDOV B F";"998909565";"";"TSH_MIROBOD"
+ "YTT MAXMUDOV B F";"+998 (90) 956-50-01";"";"TSH_MIROBOD"
+ "YTTMIRZAYEV XAYRULLA";"998901883202";"";"TSH_CHILONZOR"
+ "YTTMIRZAYEV XAYRULLA";"(99) 890-1883";"";"TSH_CHILONZOR"
+ "YTTMUAZZAM MUMINOVA";"998946808";"";"TSH_CHILONZOR"
+ "YTTMUAZZAM MUMINOVA";"+998 (94) 680-89-05";"";"TSH_CHILONZOR"
+ "YTTMUAZZAM MUMINOVA ILYASOVA";"+998 (94) 680-89-05";"";"TSH_CHILONZOR"
+ "YTTMUAZZAM MUMINOVA ILYASOVA";"998946808905";"";"TSH_CHILONZOR"
+ "YTT MUTALOV JASURBEK ABD UKADIROVICH";"+998 (93) 510-35-15";"";"TSH_SHAYHONTOHUR"
+ "YTTNABIYEV O O";"998946343";"";"TSH_BEKTEMIR"
+ "YTT NADJMIDDINOV RAVSHAN RIXSIBAYEVICH";"998909442442";"";"TSH_SHAYHONTOHUR"
+ "YTTNAZAROV F A";"(99) 890-9785";"";"TSH_MIROBOD"
+ "YTT OBIDJONOV";"998934610";"";"TSH_BEKTEMIR"
+ "YTTPARDAYEV J SH";"998911369640";"";"TSH_BEKTEMIR"
+ "YTTQOSIMOV D O";"998933848222";"";"TSH_BEKTEMIR"
+ "YTT QUCHQOROVA V.M";"+998 (90) 391-02-61";"";"TSH_SERGELI"
+ "YTTQURBONOVA M";"+998 (99) 899-81-92";"";"TSH_MIROBOD"
+ "YTTQUVATOV J A";"998909205248";"";"TSH_MIROBOD"
+ "YTTQUZIYOV O S";"998909220808";"";"TSH_MIROBOD"
+ "YTTRAXIMOV R M";"998909842";"";"TV_ORTA_CHIRCHIK"
+ "YTT ROZIYEV KAMOLIDDINDAN FAZLIDDIN LI";"998977684828";"";"TSH_SHAYHONTOHUR"
+ "YTTRUSTAMOVA FARIDA";"+998 (90) 927-76-22";"";"TSH_CHILONZOR"
+ "YTTRUSTAMOVA FARIDA";"998909277622";"";"TSH_CHILONZOR"
+ "YTT SABIDJANOV BAXODIR SHARIPOVICH";"998909900108";"";"TSH_SHAYHONTOHUR"
+ "YTT SADIKOVA NARGIZA SALIMOVNA";"998935506200";"";"TSH_SHAYHONTOHUR"
+ "YTT SADULLAYEV AKOBIR YUSUBOVICH";"(90) 915-2527";"";"TSH_YUNUSOBOD"
+ "YTTSAGATOV R U";"998983045";"";"TSH_BEKTEMIR"
+ "YTT Salihov Botirjon";"+(97) 706-7073";"";"TSH_YUNUSOBOD"
+ "YTT SAYFULLAYEVA";"+998 (90) 961-31-87";"";"TSH_CHILONZOR"
+ "YTTSAYILBOYEVA M SH";"(99) 899-8642";"";"TSH_MIROBOD"
+ "YTTSHAYMANOV S A";"998997244";"";"TSH_BEKTEMIR"
+ "YTT SHAYUNUSOV KAMAL MUHITOVICH";"998906196359";"";"TSH_SHAYHONTOHUR"
+ "YTTSHERMATOVA N A";"998908197171";"";"TSH_BEKTEMIR"
+ "YTTSHERMATOVA N A";"998908197";"";"TSH_BEKTEMIR"
+ "YTT Shojalilov X.S";"(90) 131-7022";"";"TSH_YUNUSOBOD"
+ "YTT SOBIROVA";"998993016";"";"TSH_BEKTEMIR"
+ "YTT SODIQOV OTABEK";"+998 (94) 694-11-80";"";"TSH_YUNUSOBOD"
+ "YTTTESHAYOV A U";"(99) 898-3387";"";"TSH_MIROBOD"
+ "YTT TILLAYOV MANSURBEK";"998971674";"";"TSH_BEKTEMIR"
+ "YTT TOLIPOV MUSAB";"+998 (93) 008-87-91";"";"TSH_CHILONZOR"
+ "YTTTOSHPOLOTOVNA D M";"998330400";"";"TSH_BEKTEMIR"
+ "YTT TOSHXOJAYEV J U";"998974105";"";"TSH_BEKTEMIR"
+ "YTTTOSHXOJAYEV J U";"998974105999";"";"TSH_BEKTEMIR"
+ "YTT URMANIV HURSHID HUSANOVICH";"998909806548";"";"TSH_SHAYHONTOHUR"
+ "YTTUSMONOVA N SH";"+998998903";"";"TV_ORTA_CHIRCHIK"
+ "YTTXABIBULLOX M SH";"998900040005";"";"TSH_BEKTEMIR"
+ "YTTXAKIMDJANOV N S";"998916932";"";"TSH_BEKTEMIR"
+ "YTTXAKIMDJANOV N S";"998916932282";"";"TSH_BEKTEMIR"
+ "YTTXASANOV O SH";"998935472723";"";"TSH_CHILONZOR"
+ "YTTXASANOV O SH";"+998 (93) 547-27-23";"";"TSH_CHILONZOR"
+ "YTT XODJAKBAROV ULUBEK KURBANBEKOVICH";"998953990044";"";"TSH_SHAYHONTOHUR"
+ "YTTXOJAMQULOVA G T";"+998990308";"";"TV_ORTA_CHIRCHIK"
+ "YTT XOLBAYEV J B";"998977479891";"";"TSH_BEKTEMIR"
+ "YTT XOLBOYEV YUSUF YASHINOVICH";"+998932911175";"";"TV_OLMALIK"
+ "YTTXONZODAXON SAVDO X K";"998916874907";"";"TSH_BEKTEMIR"
+ "YTTXONZODAXON SAVDO X K";"998916874907";"";"TSH_BEKTEMIR"
+ "YTT XOSHIMOVA Z.N";"998977116171";"";"TSH_SHAYHONTOHUR"
+ "YTTXUMORA G A";"998993800";"";"TV_ORTA_CHIRCHIK"
+ "YTT XUSHVAQTOVA NAVBAHOR";"+998 (99) 308-22-74";"";"TSH_YUNUSOBOD"
+ "YTT YAKUBXAJAYEV SHOXRUXXOJA SHAGZODAXOJA LI";"998712413816";"";"TSH_SHAYHONTOHUR"
+ "YTTYUSOPOV XABIBILLO";"998974031732";"";"TSH_MIROBOD"
+ "YTTYUSUPOVA D S";"998990395";"";"TSH_BEKTEMIR"
+ "YUDEN STAR  MCHJ";"998950847744";"";"TSH_YASHNABOD"
+ "YUKSAK BEKLAR MCHJ";"998993098008";"";"TV_OHANGARON"
+ "YUKSAK TARAQIYOT MCHJ";"+(99) 899-1181";"";"TSH_YAKKASAROY"
+ "YULDAASHEV FAXRIDDIN  YTT";"+998 (98) 121-27-75";"";"TV_ANGREN"
+ "YULDAHSEVA GULNARA YTT";"+998 (94) 929-16-04";"";"TV_OHANGARON"
+ "YULDASHEV ABROR YTT";"(99) 894-9347";"";"TV_OLMALIK"
+ "YULDASHEVA DILNOZA  XK";"998936278787";"";"TV_ANGREN"
+ "YULDASHEVA FARANGIZ  YTT";"+998 (97) 436-03-03";"";"TV_ZANGIOTA"
+ "YULDASHEVA HILOLA YTT";"998970390302";"";"TV_OHANGARON"
+ "YULDASHEVA LOLA YTT";"998998673";"";"TV_KIBRAY"
+ "YULDASHEVA MADINA  YTT";"998931273";"";"TV_BOSTONLIQ"
+ "YULDASHEVA MAXIRA  YTT";"+93 615 88 88";"";"TSH_MIROBOD"
+ "YULDASHEVA MAXLIYO  YTT";"998900473989";"";"TSH_OLMAZOR"
+ "YULDASHEVA MUXAYYO  YTT";"+(99) 890-9483";"";"SR_QUYI_CHIRCHIK"
+ "YULDASHEV ANVAR  YTT";"+998974000207";"";"TSH_CHILONZOR"
+ "YULDASHEV ASROR  YTT";"99875451982";"";"TV_CHIRCHIQ"
+ "YULDASHEVA YORQINOY YATT";"+(99) 894-9421";"";"TV_BOKA"
+ "YULDASHEV AZAMAT   YTT";"998990768";"";"TV_CHIRCHIQ"
+ "YULDASHEV BEKZOD  YTT";"+998971113272";"";"TV_TUMANI"
+ "YULDASHEV DAVRON ZOKIR OGLI   YTT";"998998348";"";"TSH_OLMAZOR"
+ "YULDASHEV ILXOM YTT";"998996449";"";"TV_CHIRCHIQ"
+ "YULDASHEV JAFAR  YTT";"998974205599";"";"TV_TUMANI"
+ "YULDASHEV JAVOXIR  YTT";"+998998696";"";"TSH_UCHTEPA"
+ "YULDASHEV MAMAT YTT";"(99) 899-1522";"";"TV_OHANGARON"
+ "YULDASHEV MUROD ABDUSAITOVICH";"+998 (99) 408-75-55";"";"TV_OHANGARON"
+ "YULDASHEV NODIRJON YTT";"998339798";"";"TV_KIBRAY"
+ "YULDASHEV SIROJIDDIN YTT";"998914524";"";"TSH_YUNUSOBOD"
+ "YULDASHEV XAMIDULLA  YTT";"998930080202";"";"TSH_YUNUSOBOD"
+ "YULDASHEV YTT";"+(99) 890-1351";"";"TSH_YANGIXAYOT"
+ "YULDASHOV AZAM";"998940086262";"";"TSH_BEKTEMIR"
+ "YULDASHOV LIMITED MCHJ";"+(99) 894-9228";"";"TSH_MIROBOD"
+ "YULDOSHEV ATHAMJON  YTT";"998991247";"";"TV_KIBRAY"
+ "YULDOSHEV AXMAD XASAN OGLI";"+998 (97) 709-48-49";"";"TSH_CHILONZOR"
+ "YULDUZ NARIMAN  OK";"998992200310";"";"TV_BOSTONLIQ"
+ "YULDUZ PHARM TRADE  MCHJ";"998908190141";"";"TSH_YUNUSOBOD"
+ "YUMA TRADING MCHJ";"998935300140";"";"TV_KIBRAY"
+ "YUMMY DAY  MCHJ";"998339577";"";"TSH_OLMAZOR"
+ "YUMNATOY MCHJ";"";"";"TSH_CHILONZOR"
+ "YUNIK GOLDEN OK";"+(99) 897-6794";"";"TV_PARKENT"
+ "YUNUSALIYEVA MAXPUBAXON YTT";"998901118630";"";"TV_BOSTONLIQ"
+ "YUNUS GULI MARKET  OK";"998911037335";"";"TSH_YASHNABOD"
+ "YUNUS OTA FAZLIDDIN";"(99) 890-1271";"";"TV_ORTA_CHIRCHIK"
+ "YUNUSOVA MUHAYYO YATT";"+998 (99) 840-20-08";"";"TV_TOYTEPA"
+ "YUNUSOVA RIQSIXON YTT";"+998 (97) 590-85-60";"";"TV_YANGI_YUL"
+ "YUNUSOVA SAYDINISO";"+998 (97) 884-09-64";"";"SR_QUYI_CHIRCHIK"
+ "YUNUSOVA SOIBA  YTT";"(99) 894-3144";"";"TV_ANGREN"
+ "YUNUSOV B";"998945260";"";"TSH_YUNUSOBOD"
+ "YUNUSOV BAXTIYOR BAXADIROVICH XK";"+(99) 890-1208";"";"TSH_MIROBOD"
+ "YUNUSOV MUROD  YTT";"+(99) 899-8465";"";"TSH_MIROBOD"
+ "YUNUSOV NURIDIN URALOVICH";"+998 (94) 928-50-46";"";"TV_OHANGARON"
+ "YUNUSOV TUYCHI  YTT";"998977718330";"";"TV_TUMANI"
+ "YUNUS PERFECT BIZNES MCHJ";"998889908";"";"TSH_YUNUSOBOD"
+ "YUNUSUOF LUTFULLA YTT";"998943607";"";"TV_CHIRCHIQ"
+ "YURTA ART FAMILY RESTAURANT";"+998957990329";"";"TSH_YASHNABOD"
+ "YURTIM JAMOLI 2020  MCHJ";"998901895087";"";"TSH_MIRZO_ULUGBE"
+ "YUSUBAXMEDOV SARDOR YTT";"998950696";"";"TV_CHIRCHIQ"
+ "YUSUBBAYEV BEXZOD  YTT";"998998300";"";"TV_KIBRAY"
+ "YUSUF EYN MARKET  MCHJ";"998771120099";"";"TV_KIBRAY"
+ "YUSUF FAMILY STORE  MCHJ";"+(99) 895-0808";"";"TSH_UCHTEPA"
+ "YUSUF MESHKOP BIZNES  XK";"998959372089";"";"TSH_UCHTEPA"
+ "YUSUFOV SHOXZOD SIDDIQ YTT";"+998 (93) 617-01-05";"";"TV_PISKENT"
+ "YUSUF SOBIR HOJI XK";"+998 (90) 004-20-70";"";"TSH_UCHTEPA"
+ "YUSUF XAKIM XUSUSIY KORXONA YTT";"+(99) 897-7504";"";"TSH_YAKKASAROY"
+ "YUSUFXON MARKET";"+998 (93) 806-11-66";"";"TSH_SERGELI"
+ "YUSUPBOYEV XASANBOY YTT";"+998 (90) 674-90-50";"";"TV_PARKENT"
+ "YUSUP OTAMURODOVICH  OK";"+774234403";"";"TSH_SERGELI"
+ "YUSUPOV ADXAM";"998946544441";"";"TSH_YUNUSOBOD"
+ "YUSUPOVA FERUZA YATT";"+998 (99) 855-98-08";"";"TV_TOYTEPA"
+ "YUSUPOVA FIRUZA FAYZULLAYEVNA";"+998 (99) 107-20-20";"";"TV_TOYTEPA"
+ "YUSUPOVA GULCHEXRA YTT";"+998 (97) 121-04-04";"";"TSH_UCHTEPA"
+ "YUSUPOV AKROMBEK  YTT";"998977329697";"";"TSH_MIROBOD"
+ "YUSUPOV ALISHER YTT";"(99) 890-8207";"";"TV_OHANGARON"
+ "YUSUPOVA MAVLYUDA  YTT";"998998312";"";"TSH_YASHNABOD"
+ "YUSUPOVA NARGIZA  YTT";"998917752";"";"TV_CHIRCHIQ"
+ "YUSUPOVA NIGORA  YTT";"+998 (94) 206-06-25";"";"TV_ZANGIOTA"
+ "YUSUPOVA NOZIMA YTT";"+998 (97) 712-82-82";"";"TV_YANGI_YUL"
+ "YUSUPOVA RANO YTT";"998977816777";"";"TV_CHIRCHIQ"
+ "YUSUPOVA SAODAT YTT";"+998 (97) 946-34-64";"";"TV_TOYTEPA"
+ "YUSUPOVA SEVARA  YTT";"+998 (94) 941-91-95";"";"TV_ANGREN"
+ "YUSUPOVA SHAXLO  YTT";"998972744";"";"TV_CHIRCHIQ"
+ "YUSUPOVA SHOIRA  YTT";"+998 (90) 321-63-23";"";"TV_ANGREN"
+ "YUSUPOVA SHOIRA YTT";"998998576";"";"TV_KIBRAY"
+ "YUSUPOVA XILALA  YTT";"+998953109984";"";"TV_CHIRCHIQ"
+ "YUSUPOVA ZOXIRA URALOVNA";"+998 93 386 04 10";"";"TSH_SERGELI"
+ "YUSUPOV FARXOD  YYT";"+998994007";"";"TV_CHIRCHIQ"
+ "YUSUPOV MAMURJON MCHJ";"+(99) 890-9495";"";"TSH_MIROBOD"
+ "YUSUPOV NAJMIDDIN  YTT";"+(99) 899-8454";"";"TSH_CHILONZOR"
+ "YUSUPOV NODIR  YTT";"+(99) 899-8575";"";"TV_ORTA_CHIRCHIK"
+ "YUSUPOV RUSTAM";"+998908935207";"";"TSH_UCHTEPA"
+ "ZABAR MARKET  XK";"+(99) 899-1853";"";"TSH_OLMAZOR"
+ "ZABIXITDINOV SHERZOD  YTT";"+(99) 883-4438";"";"TSH_YANGIXAYOT"
+ "ZAFARBEK OMAD BIZNES GROUP";"998959477279";"";"TSH_MIRZO_ULUGBE"
+ "ZAFAR BIZNES RIVOJ YTT";"998900084122";"";"TSH_SHAYHONTOHUR"
+ "ZAFAR MARKET  OK";"+(99) 891-5505";"";"TSH_SERGELI"
+ "ZAFAR NOSIR FAYZ  MCHJ";"+(90) 990-3388";"";"TSH_UCHTEPA"
+ "ZAFAR OMAD BIZNES MCHJ";"+(99) 899-0220";"";"TV_ORTA_CHIRCHIK"
+ "ZAFAROV  XK";"+(99) 897-1747";"";"TSH_OLMAZOR"
+ "ZAIDXON SAVDO  MCHJ";"998903230660";"";"TSH_OLMAZOR"
+ "ZAIROV BOTIRXON VALIEVICH YTT";"998935733";"";"TSH_OLMAZOR"
+ "ZAIROV KUTPULLA  YTT";"+998 (99) 818-81-92";"";"TV_ZANGIOTA"
+ "ZAITOV BAXROM YTT";"998998207010";"";"TV_KIBRAY"
+ "ZAITOV MA'MURJON  YTT";"998880776447";"";"TSH_CHILONZOR"
+ "ZAKAZ SHO'RVA SOMSALAR (honadonda)";"+998996960009";"";"TSH_YASHNABOD"
+ "ZAKIROV ABDUMALIK  YTT";"998998804234";"";"TV_ZANGIOTA"
+ "ZAKIROVA GOZAL FARHOD QIZI  YTT";"(99) 894-6040";"";"TV_OLMALIK"
+ "ZAKIROVA SOJDABUVI";"934561234";"";"TV_OLMALIK"
+ "ZAKIROV BEGZOD YTT";"998999993";"";"TV_CHIRCHIQ"
+ "ZAKIROV DILSHOD YTT";"998946360363";"";"TV_TUMANI"
+ "ZAKIROV MUZAFFAR YTT";"998974840";"";"TSH_YUNUSOBOD"
+ "ZAKIYA PLUSE ZUFAR  OK";"998935070730";"";"TSH_BEKTEMIR"
+ "ZAMIN INVEST XALOL SAVDO  MCHJ";"+(99) 899-6010";"";"TV_ORTA_CHIRCHIK"
+ "ZAMIN INVEST XALOL SAVDO MCHJ";"+998 (99) 601-08-96";"";"TV_ORTA_CHIRCHIK"
+ "ZAMIN MEDIKAL FARM  MCHJ";"998998586800";"";"TSH_YUNUSOBOD"
+ "ZAMIN TRADE RETAIL MCHJ";"998992183226";"";"TV_BOSTONLIQ"
+ "Zamira Milliy Taomlari";"+998977566567";"";"TSH_YUNUSOBOD"
+ "ZAM ZAM ANGREN MCHJ";"+998 (95) 043-49-99";"";"TV_ANGREN"
+ "ZAM ZAM ISHONCH  CHP";"998998558";"";"TSH_SHAYHONTOHUR"
+ "ZAM ZAM PHARMACY MCHJ";"+998 (90) 939-88-77";"";"TSH_OLMAZOR"
+ "ZAM ZAM PHARM TRADE  MCHJ";"998996660122";"";"TSH_MIRZO_ULUGBE"
+ "ZAM ZAM PHSRMACY";"+(99) 894-6985";"";"TSH_OLMAZOR"
+ "ZANGIOTA OPTOM TURON  MCHJ";"+998 (99) 909-96-28";"";"TV_ZANGIOTA"
+ "ZANGIOTA ZAMIN BIZNES   MCHJ";"+998977165444";"";"TV_ZANGIOTA"
+ "ZANJIR MARKET OK";"+998934840404";"";"TV_PARKENT"
+ "ZAPPA GRUP MCHJ";"+998 (09) 649-56-16";"";"TV_PARKENT"
+ "ZARGUL ILYAS QIZI RAXMANOVA";"+998 (99) 782-28-93";"";"SR_QUYI_CHIRCHIK"
+ "ZARIDDINIVA SABINA YTT";"998993236717";"";"TV_CHIRCHIQ"
+ "ZARIF";"+998 (99) 407-63-86";"";"TV_YANGI_YUL"
+ "ZARIFA BUSINESS  MCHJ";"998998994001";"";"TSH_OLMAZOR"
+ "ZARIFOVA RUXSHONA  YTT";"+998337576161";"";"TSH_CHILONZOR"
+ "ZARIFXON MARKET  MCHJ";"998936364549";"";"TSH_YASHNABOD"
+ "ZARINA ABDULLOH MCHJ";"998956571";"";"TV_KIBRAY"
+ "ZARINA BEKJAN MCHJ";"+998 (93) 808-68-06";"";"TV_PARKENT"
+ "ZAR MARKET";"+998 (99) 522-76-71";"";"TSH_SERGELI"
+ "ZAROFAT ABDULLOH FARM MCHJ";"998998157771";"";"TV_KIBRAY"
+ "ZARQAYNAR OMAD";"+998 (99) 840-78-40";"";"TSH_CHILONZOR"
+ "ZARRINA BARAKA MCHJ";"998972779";"";"TSH_MIRZO_ULUGBE"
+ "ZARRIN FARM";"+998 (93) 568-94-69";"";"TSH_OLMAZOR"
+ "ZARUNAR  XK";"+(99) 897-7147";"";"TSH_SERGELI"
+ "ZAXIDOVA MUNIRAXON  YTT";"998944218462";"";"TSH_SHAYHONTOHUR"
+ "ZAXRIDDIN RAIS MARKET  MCHJ";"99846224783";"";"TV_OLMALIK"
+ "ZAXRITDINOV SAMANDAR XASAN OʻGʻLI";"99)8063385";"";"TV_PARKENT"
+ "ZAXRO MIRKOMIL FARM  XK";"998950048108";"";"TSH_SHAYHONTOHUR"
+ "ZAXRO SAVDO MARKAZI  MCHJ";"+998 (94) 948-00-97";"";"TV_ANGREN"
+ "ZAYNABBEGIM MARKET";"+998 (97) 452-54-87";"";"TSH_CHILONZOR"
+ "ZAYNAB BEGIM NUR OK";"998983010";"";"TSH_OLMAZOR"
+ "ZAYNAB MARKET  MCHJ";"998977582124";"";"TV_TUMANI"
+ "ZAYNAB ONA";"+998 (88) 710-40-84";"";"TSH_CHILONZOR"
+ "ZAYNABXON SAVDO  OK";"(99) 899-5550";"";"TV_ORTA_CHIRCHIK"
+ "ZAYNIDDIN MARKET MCHJ";"998935897037";"";"TSH_SHAYHONTOHUR"
+ "ZAYNIDDINOTA YULDASHEV  XK";"998909598978";"";"TSH_YUNUSOBOD"
+ "ZAYNIDDINOTA YULDASHEV  XK-2";"998909399868";"";"TSH_YUNUSOBOD"
+ "ZAYNIDDINOVA YTT";"998991220700";"";"TV_OHANGARON"
+ "ZAYNIDDINOV FAZLIDDINXOJA  YTT";"998974854040";"";"TSH_OLMAZOR"
+ "ZAYNIDDIN RAJABBAYEV OʻTKIRBEK OʻGʻLI YTT";"+998 94 141 10 23";"";"TV_CHIRCHIQ"
+ "ZAYNI TWO O.K yunusobod";"+998991170025";"";"TSH_YUNUSOBOD"
+ "ZAYTUNAM ZMD MCHJ";"+998 (90) 394-85-83";"";"TV_ANGREN"
+ "ZAYTUN MCHJ";"+998770718681";"";"TV_KIBRAY"
+ "ZAYTUN TRADING SERVISE  MCHJ";"";"";"TV_KIBRAY"
+ "ZAYTUN TRADING SERVIS MCHJ";"998900444454";"";"TV_TUMANI"
+ "ZAYTUN XK";"+998 (77) 071-86-81";"";"TV_KIBRAY"
+ "Z-D-F-N BARAKA XK";"+338671983";"";"TV_ORTA_CHIRCHIK"
+ "ZEBINISO SAIDOVNA YTT";"(99) 891-4147";"";"TSH_CHILONZOR"
+ "ZEBO ERKINOVA IKROMOVA YTT";"99)8890336";"";"TSH_SERGELI"
+ "ZEBO INIVERSAL OK";"+998 (91) 064-61-81";"";"TV_PARKENT"
+ "ZEBO MPULS FARM";"+998 (97) 749-95-98";"";"TSH_UCHTEPA"
+ "ZEBO ZIYONUR OK";"+998 (90) 316-06-11";"";"TV_TOYTEPA"
+ "ZEBU ZIYNAT M/T";"+998988083030";"";"TSH_OLMAZOR"
+ "ZEEMAR ALIANCE MCHJ";"+998 (94) 376-2";"";"TSH_CHILONZOR"
+ "ZEFAR FAYZLI";"+998 (97) 713-00-01";"";"TSH_CHILONZOR"
+ "ZEHRE FARM MCHJ";"90 335 15 90";"";"SR_QUYI_CHIRCHIK"
+ "Zenta pharm";"";"";"TSH_BEKTEMIR"
+ "ZEST HUMO CAPITAL MCHJ";"+(99) 890-9580";"";"TSH_SERGELI"
+ "ZHUMAEVA ZULXUMOR YTT";"+(99) 893-5315";"";"TSH_MIROBOD"
+ "Zigʻir Osh";"+998933934545";"";"TSH_UCHTEPA"
+ "Zigʻir Osh";"+998931207070";"";"TSH_SERGELI"
+ "ZIG'IR PAYSHANBA OSH (QUSHBEGI)";"+998 (00) 000-00-00";"";"TSH_YAKKASAROY"
+ "ZILOLA BABAKELDIYEVA AXMADALIYEVNA";"998974118";"";"SR_QUYI_CHIRCHIK"
+ "ZILOLA BIZNES  MCHJ";"(99) 894-4201";"";"TSH_CHILONZOR"
+ "ZILOLA BONU MCHJ";"+998 (94) 651-32-77";"";"TSH_UCHTEPA"
+ "ZILOLA FARM ECONOM PLUS  MCHJ";"998996984576";"";"TV_CHIRCHIQ"
+ "ZILOLA MARKET";"+998 (99) 703-72-96";"";"TSH_SERGELI"
+ "ZILOL BARAKA  MCHJ";"+(99) 897-7160";"";"TSH_MIROBOD"
+ "ZIM MED  MCHJ";"998909630052";"";"TSH_YASHNABOD"
+ "ZIMOS MED SERVIS MCHJ";"+(99) 893-1820";"";"TV_OLMALIK"
+ "ZINAXODJAYEV MUXUDDIN DJURAYEVICH YTT";"998943651";"";"TSH_BEKTEMIR"
+ "ZIYAMATOV JAVLON  YTT";"(99) 897-7200";"";"TSH_SERGELI"
+ "ZIYAVITDINOV MUHIDDIN YTT";"90 177 16 37";"";"TSH_UCHTEPA"
+ "ZIYAVUDDINOV AZIZ  YTT";"998998323399";"";"TSH_OLMAZOR"
+ "ZIYAYEVA KAMOLA YTT";"9986075661";"";"TSH_YUNUSOBOD"
+ "ZIYAYEV UMIDJON  XK";"+(99) 894-6976";"";"TSH_MIROBOD"
+ "ZIYO ABDULLOX ABROR OGLI YYT";"998957085";"";"TSH_OLMAZOR"
+ "ZIYO AL TIJORAT  OK";"+(99) 890-9028";"";"TV_ORTA_CHIRCHIK"
+ "ZIYO ASLIDDIN NUR FAYZ";"+998 (97) 770-21-38";"";"TV_BOKA"
+ "ZIYO BARAKA OPTOM MARKET 777  OK";"998946356868";"";"TV_TUMANI"
+ "ZIYODA ASL FARM";"998996866655";"";"TV_CHIRCHIQ"
+ "ZIYODA MALXAM INVEST MCHJ";"(99) 899-1624";"";"TV_KIBRAY"
+ "ZIYODA MUSAFO MCHJ";"(99) 897-7392";"";"TSH_CHILONZOR"
+ "ZIYODA OMAD  OK";"998977393";"";"TV_TUMANI"
+ "ZIYODAXON DENTAL XK";"+(99) 897-7515";"";"TSH_MIROBOD"
+ "ZIYODA YTT";"+998 (93) 857-95-79";"";"TV_PARKENT"
+ "ZIYODILLO ZIYO MCHJ";"+(99) 899-1221";"";"TSH_MIROBOD"
+ "ZIYODILO ZIYO MCHJ-1";"+(99) 894-7528";"";"TSH_MIROBOD"
+ "ZIYODOV SHOKIRBEK SULTONBEK OGLI  YTT";"+998909251";"";"TSH_OLMAZOR"
+ "ZIYO FARM TRADE MCHJ";"+998 (99) 806-45-48";"";"TSH_MIRZO_ULUGBE"
+ "ZIYOLI SHEROZIY MCHJ";"998983370763";"";"TSH_YUNUSOBOD"
+ "ZIYOMADAD PLUS MCHJ";"998974125";"";"TV_KIBRAY"
+ "Ziyo Nur Milliy Taom";"+998998400550";"";"TSH_CHILONZOR"
+ "ZIYO SHARIF  MCHJ";"+998 (95) 847-50-08";"";"TV_ZANGIOTA"
+ "ZIYOXOH SAVDO  XK";"998946859";"";"TSH_YUNUSOBOD"
+ "ZIYO YAXYO MCHJ";"+998 (93) 702-15-40";"";"TV_ANGREN"
+ "ZIYO YUSUF FARM  MCHJ";"998903526446";"";"TSH_SERGELI"
+ "ZKF FHARM";"+998 (99) 200-02-60";"";"TSH_YASHNABOD"
+ "ZOHID MARKET 1994  MCHJ";"998945228";"";"TSH_OLMAZOR"
+ "ZOHID NARGIZ BARAKA XK";"+(99) 890-9688";"";"TV_PARKENT"
+ "ZOHIDOVA SHAXNOZA  YTT";"+998 95 324 68 15";"";"TV_ZANGIOTA"
+ "ZOHIDOV MUXAMMADJON MAXMUDJON OGLI";"998998471763";"";"TSH_MIRZO_ULUGBE"
+ "ZOHIRSHOX BIZNES MCHJ";"+998 (94) 525-28-18";"";"TV_BOKA"
+ "ZOIROV ANVAR  YTT";"+(99) 895-1991";"";"TSH_SERGELI"
+ "ZOIR VA ZAFAR BUSINES  MCHJ";"998977334480";"";"TV_TUMANI"
+ "ZOKIRJONOV OYBEK MOHIRJON OGLI  YTT";"998940551888";"";"TSH_SHAYHONTOHUR"
+ "ZOKIROVA MUBORAK YTT";"+998 (97) 411-77-15";"";"TSH_CHILONZOR"
+ "ZOKIROVA XK";"998911633638";"";"TSH_YUNUSOBOD"
+ "ZOKIROV BAXTIYOR UTKIROVICH";"998997936091";"";"TSH_MIRZO_ULUGBE"
+ "ZOKIROV SHUXRATJON  YTT";"909030085";"";"TSH_CHILONZOR"
+ "ZOKIR SAVDO NUR  MCHJ";"998998183872";"";"TSH_CHILONZOR"
+ "ZOKIR SHOKIR MARKET  MCHJ";"998951160660";"";"TSH_OLMAZOR"
+ "ZOKIRXOJAYEV AZIZXOJA  YTT";"998908168";"";"TSH_BEKTEMIR"
+ "ZOMIN YANGIBOZOR";"998998415386";"";"TV_CHIRCHIQ"
+ "ZORBAZAR MCHJ";"+998 (94) 982-70-02";"";"TSH_UCHTEPA"
+ "ZO'R SOMSA";"+998917885050";"";"TSH_YASHNABOD"
+ "ZOXIDOV ABDUAZIM  YTT-1";"+(95) 170-1818";"";"TV_ZANGIOTA"
+ "ZOXIDOV ABDUAZIM  YTT-2";"+998 (95) 145-6";"";"TV_ZANGIOTA"
+ "ZOXIDOV ALISHER XOSHIMOVICH  YTT";"998975877";"";"TSH_SHAYHONTOHUR"
+ "ZOXIDOV JAHONGIR YTT";"+998712714758";"";"TSH_UCHTEPA"
+ "ZOXIDULLAYEVA DILAFRUZ  YTT";"(99) 890-0274";"";"SR_QUYI_CHIRCHIK"
+ "ZOXIT NARGIZ BARAKA OK";"+998 (93) 464-61-91";"";"TV_PARKENT"
+ "ZUBA MARKET  OK";"+998 (88) 345-09-91";"";"TV_YANGI_YUL"
+ "ZUBA MARKET YTT";"+998 (97) 543-61-64";"";"TV_YANGI_YUL"
+ "ZUBAYEVA DILORAM  YTT";"998900179";"";"TV_CHIRCHIQ"
+ "ZUBAYRA TRADE GROUP MCHJ";"+(99) 894-6766";"";"TSH_YAKKASAROY"
+ "ZUBAYR CENTER  MCHJ";"998998954523";"";"TSH_BEKTEMIR"
+ "ZUBAYYIR SELL  MCHJ";"99834011125";"";"TSH_SHAYHONTOHUR"
+ "ZUFAROVA LOBAR";"+97)6098320";"";"TV_YANGI_YUL"
+ "ZUFAROVA SHAXZODA YTT";"+(99) 899-8265";"";"TSH_UCHTEPA"
+ "ZUHRA UMIDA RIVOJ  MCHJ";"+998971770";"";"TSH_YUNUSOBOD"
+ "ZUHRA UMIDA RIVOJ  MCHJ-2";"+998943439";"";"TSH_YUNUSOBOD"
+ "ZULFIKAROVA IRODA YTT";"998990008";"";"TV_CHIRCHIQ"
+ "ZULFINUR BIZNES";"+998 (97) 764-33-22";"";"TSH_SHAYHONTOHUR"
+ "ZULFINUR BUSINESS";"+998 (90) 946-61-42";"";"TSH_YAKKASAROY"
+ "ZULFINUR FARM SERCIS";"+998 (90) 921-99-28";"";"TSH_SHAYHONTOHUR"
+ "ZULFIYA ONA MARKET  OK";"998903221";"";"TSH_MIRZO_ULUGBE"
+ "ZULFIYA QIZI MALIKA   XK";"+(99) 890-3460";"";"TV_ORTA_CHIRCHIK"
+ "ZULPITDINOV ABBOSXON AKBAROVICH YTT";"998909502";"";"TSH_OLMAZOR"
+ "ZULPIYEV HASAN YTT";"+998 (93) 784-01-01";"";"TV_PARKENT"
+ "Zumar Taomlari";"+998933991425";"";"TSH_UCHTEPA"
+ "ZUMRAD IMONA MARKET OK";"(99) 890-1150";"";"TV_OHANGARON"
+ "ZUMRAT OPA  YTT";"99877708965";"";"TSH_CHILONZOR"
+ "ZUNNUN  MCHJ";"+998 (88) 515-78-40";"";"TSH_CHILONZOR"
+ "ZUPAROVA MAMURA  YTT";"998950050013";"";"TSH_SHAYHONTOHUR"
+ "ZUPAROVA SHAXNOZA   YTT";"+(99) 893-5477";"";"TSH_SHAYHONTOHUR"
+ "ZUXRA UMIDA RIVOJ";"+998942634112";"";"TSH_YUNUSOBOD"
+ "ZVEZDA ELIT";"+998 (99) 244-44-94";"";"TSH_UCHTEPA"
+ "ZVEZDA KESH MCHJ";"++998 (99) 244-44-94";"";"TSH_UCHTEPA"
+ "Абдурахимов  абдурашид";"+998 94 377 00 32";"";"TSH_UCHTEPA"
+ "ВАРНИЦА Ресторан";"+998907889797";"";"TSH_YUNUSOBOD"
+ "дукон фачат 7";"+998 (90) 939-6";"";"TSH_UCHTEPA"
+ "Кассир Дилшод ака (Офис)";"";"";"TSH_SERGELI"
+ "Магнит";"";"";"TSH_OLMAZOR"
+ "Магнит";"";"";"TSH_OLMAZOR"
+ "Ресторан ТАВЕРНА";"+998903590303";"";"TSH_MIRZO_ULUGBE"
+ "Салом офисга образис учун";"";"";"TSH_MIRZO_ULUGBE"
+ "ШИШКА PREMIUM";"+998 (00) 000-00-00";"";"TSH_YAKKASAROY"

 ❯ tests/client-qr.integration.test.ts:127:22
    125|     expect(res.headers["content-type"]).toMatch(/text\/csv/);
    126|     expect(res.text).toContain("id");
    127|     expect(res.text).toContain("name");
       |                      ^
    128|   });
    129| 

⎯⎯⎯⎯⎯⎯⎯⎯⎯⎯⎯⎯⎯⎯⎯⎯⎯⎯⎯⎯⎯⎯⎯[2/13]⎯

 FAIL  tests/clients.integration.test.ts > clients API (database) > POST balance-movements adjusts account_balance for 
admin
AssertionError: expected 500 to be 600 // Object.is equality

- Expected
+ Received

- 600
+ 500

 ❯ tests/clients.integration.test.ts:124:48
    122|       .set("Authorization", `Bearer ${token}`);
    123|     expect(after.status).toBe(200);
    124|     expect(Number(after.body.account_balance)).toBe(Number(bal0) + 100…
       |                                                ^
    125| 
    126|     const revert = await request(app.server)

⎯⎯⎯⎯⎯⎯⎯⎯⎯⎯⎯⎯⎯⎯⎯⎯⎯⎯⎯⎯⎯⎯⎯[3/13]⎯

 FAIL  tests/clients.integration.test.ts > clients API (database) > PATCH clients/bulk-active toggles is_active
AssertionError: expected false to be true // Object.is equality

- Expected
+ Received

- true
+ false

 ❯ tests/clients.integration.test.ts:224:37
    222|       .set("Authorization", `Bearer ${token}`);
    223|     expect(detailOn.status).toBe(200);
    224|     expect(detailOn.body.is_active).toBe(true);
       |                                     ^
    225|   });
    226| });

⎯⎯⎯⎯⎯⎯⎯⎯⎯⎯⎯⎯⎯⎯⎯⎯⎯⎯⎯⎯⎯⎯⎯[4/13]⎯

 FAIL  tests/contract-smoke.integration.rbac.test.ts > contract smoke (RBAC) > RBAC regressiya smoke (P0 #3) > agent GE
T /orders/exchange-source-availability — rol cheklovi — 403 ForbiddenRole
AssertionError: expected 403 to be 200 // Object.is equality

- Expected
+ Received

- 200
+ 403

 ❯ tests/contract-smoke.integration.rbac.test.ts:147:28
    145|         password: "111111"
    146|       });
    147|       expect(login.status).toBe(200);
       |                            ^
    148|       const token = login.body.accessToken as string;
    149|       const res = await request(app.server)

⎯⎯⎯⎯⎯⎯⎯⎯⎯⎯⎯⎯⎯⎯⎯⎯⎯⎯⎯⎯⎯⎯⎯[5/13]⎯

 FAIL  tests/contract-smoke.integration.rbac.test.ts > contract smoke (RBAC) > RBAC regressiya smoke (P0 #3) > agent GE
T /access/users — access.manage yo‘q — 403 ForbiddenPermission
AssertionError: expected 403 to be 200 // Object.is equality

- Expected
+ Received

- 200
+ 403

 ❯ tests/contract-smoke.integration.rbac.test.ts:163:28
    161|         password: "111111"
    162|       });
    163|       expect(login.status).toBe(200);
       |                            ^
    164|       const token = login.body.accessToken as string;
    165|       const res = await request(app.server).get("/api/test1/access/use…

⎯⎯⎯⎯⎯⎯⎯⎯⎯⎯⎯⎯⎯⎯⎯⎯⎯⎯⎯⎯⎯⎯⎯[6/13]⎯

 FAIL  tests/mobile-bonus-preview.integration.test.ts > mobile bonus-preview > agent POST bonus-preview returns 200
AssertionError: expected 403 to be 200 // Object.is equality

- Expected
+ Received

- 200
+ 403

 ❯ tests/mobile-bonus-preview.integration.test.ts:29:25
     27|       .set("Authorization", `Bearer ${token}`)
     28|       .send({});
     29|     expect(sync.status).toBe(200);
       |                         ^
     30|     const clientId = sync.body.clients[0].id as number;
     31| 

⎯⎯⎯⎯⎯⎯⎯⎯⎯⎯⎯⎯⎯⎯⎯⎯⎯⎯⎯⎯⎯⎯⎯[7/13]⎯

 FAIL  tests/orders.integration.create.test.ts > orders API (database) — create and pricing > create and pricing > POST
 order sum bonus: 500k+ subtotal adds SKU-003 gift (seed)
AssertionError: expected '450000' to be '500000' // Object.is equality

Expected: "500000"
Received: "450000"

 ❯ tests/orders.integration.create.test.ts:233:35
    231| 
    232|     expect(create.status).toBe(201);
    233|     expect(create.body.total_sum).toBe("500000");
       |                                   ^
    234|     expect(create.body.items.some((i: { is_bonus: boolean; sku: string…
    235|       true

⎯⎯⎯⎯⎯⎯⎯⎯⎯⎯⎯⎯⎯⎯⎯⎯⎯⎯⎯⎯⎯⎯⎯[8/13]⎯

 FAIL  tests/orders.integration.rbac.test.ts > orders API (database) — RBAC status and lines > RBAC status and lines > 
operator and admin can reopen cancelled order to new
AssertionError: expected 403 to be 200 // Object.is equality

- Expected
+ Received

- 200
+ 403

 ❯ tests/orders.integration.rbac.test.ts:114:28
    112|       password: "secret123"
    113|     });
    114|     expect(opLogin.status).toBe(200);
       |                            ^
    115|     const opToken = opLogin.body.accessToken as string;
    116| 

⎯⎯⎯⎯⎯⎯⎯⎯⎯⎯⎯⎯⎯⎯⎯⎯⎯⎯⎯⎯⎯⎯⎯[9/13]⎯

 FAIL  tests/orders.integration.rbac.test.ts > orders API (database) — RBAC status and lines > RBAC status and lines > 
operator cannot PATCH order payment lines; admin can
AssertionError: expected 403 to be 200 // Object.is equality

- Expected
+ Received

- 200
+ 403

 ❯ tests/orders.integration.rbac.test.ts:168:28
    166|       password: "secret123"
    167|     });
    168|     expect(opLogin.status).toBe(200);
       |                            ^
    169|     const opToken = opLogin.body.accessToken as string;
    170| 

⎯⎯⎯⎯⎯⎯⎯⎯⎯⎯⎯⎯⎯⎯⎯⎯⎯⎯⎯⎯⎯⎯[10/13]⎯

 FAIL  tests/orders.integration.rbac.test.ts > orders API (database) — RBAC status and lines > RBAC status and lines > 
operator cannot cancel from picking/delivering; admin can
AssertionError: expected 403 to be 200 // Object.is equality

- Expected
+ Received

- 200
+ 403

 ❯ tests/orders.integration.rbac.test.ts:236:28
    234|       password: "secret123"
    235|     });
    236|     expect(opLogin.status).toBe(200);
       |                            ^
    237|     const opToken = opLogin.body.accessToken as string;
    238| 

⎯⎯⎯⎯⎯⎯⎯⎯⎯⎯⎯⎯⎯⎯⎯⎯⎯⎯⎯⎯⎯⎯[11/13]⎯

 FAIL  tests/orders.integration.rules.test.ts > orders API (database) — bonus rules and credit > bonus rules and credit
 > once_per_client: discount rule applies once per client, second order full price
AssertionError: expected '540000' to be '600000' // Object.is equality

Expected: "600000"
Received: "540000"

 ❯ tests/orders.integration.rules.test.ts:69:37
     67|         });
     68|       expect(second.status).toBe(201);
     69|       expect(second.body.total_sum).toBe("600000");
       |                                     ^
     70|     } finally {
     71|       await prisma.order.deleteMany({ where: { client_id: freshClient.…

⎯⎯⎯⎯⎯⎯⎯⎯⎯⎯⎯⎯⎯⎯⎯⎯⎯⎯⎯⎯⎯⎯[12/13]⎯

 FAIL  tests/returns.integration.order-scoped.test.ts > orders API (database) — order-scoped returns > order-scoped ret
urns > po zakaz: server preview pullik qaytaradi; ikkinchi to‘liq qaytarish bloklanadi
AssertionError: expected 400 to be 201 // Object.is equality

- Expected
+ Received

- 201
+ 400

 ❯ tests/returns.integration.order-scoped.test.ts:73:31
     71|         ]
     72|       });
     73|     expect(wrongSplit.status).toBe(201);
       |                               ^
     74|     expect(Number(wrongSplit.body.refund_amount)).toBeGreaterThan(0);
     75| 

⎯⎯⎯⎯⎯⎯⎯⎯⎯⎯⎯⎯⎯⎯⎯⎯⎯⎯⎯⎯⎯⎯[13/13]⎯

 Test Files  9 failed | 66 passed (75)
      Tests  13 failed | 408 passed (421)
   Start at  22:42:59
   Duration  118.88s (transform 3.38s, setup 0ms, collect 66.02s, tests 37.72s, environment 11ms, prepare 4.88s)

